[2026-08-08T19:12:20.697+0000] {local_task_job_runner.py:123} INFO - ::group::Pre task execution logs
[2026-08-08T19:12:20.717+0000] {taskinstance.py:2603} INFO - Dependencies all met for dep_context=non-requeueable deps ti=<TaskInstance: stock_pipeline.transform manual__2026-08-08T19:12:10.684526+00:00 [queued]>
[2026-08-08T19:12:20.725+0000] {taskinstance.py:2603} INFO - Dependencies all met for dep_context=requeueable deps ti=<TaskInstance: stock_pipeline.transform manual__2026-08-08T19:12:10.684526+00:00 [queued]>
[2026-08-08T19:12:20.726+0000] {taskinstance.py:2856} INFO - Starting attempt 1 of 3
[2026-08-08T19:12:20.740+0000] {taskinstance.py:2879} INFO - Executing <Task(PythonOperator): transform> on 2026-08-08 19:12:10.684526+00:00
[2026-08-08T19:12:20.748+0000] {warnings.py:112} WARNING - /home/***/.local/lib/python3.12/site-packages/***/task/task_runner/standard_task_runner.py:70: DeprecationWarning: This process (pid=150) is multi-threaded, use of fork() may lead to deadlocks in the child.
  pid = os.fork()

[2026-08-08T19:12:20.750+0000] {standard_task_runner.py:72} INFO - Started process 154 to run task
[2026-08-08T19:12:20.751+0000] {standard_task_runner.py:104} INFO - Running: ['***', 'tasks', 'run', 'stock_pipeline', 'transform', 'manual__2026-08-08T19:12:10.684526+00:00', '--job-id', '40', '--raw', '--subdir', 'DAGS_FOLDER/stock_dag.py', '--cfg-path', '/tmp/tmps2rkwksq']
[2026-08-08T19:12:20.755+0000] {standard_task_runner.py:105} INFO - Job 40: Subtask transform
[2026-08-08T19:12:20.847+0000] {task_command.py:467} INFO - Running <TaskInstance: stock_pipeline.transform manual__2026-08-08T19:12:10.684526+00:00 [running]> on host 25bbd242d74d
[2026-08-08T19:12:20.921+0000] {taskinstance.py:3122} INFO - Exporting env vars: AIRFLOW_CTX_DAG_OWNER='chaima' AIRFLOW_CTX_DAG_ID='stock_pipeline' AIRFLOW_CTX_TASK_ID='transform' AIRFLOW_CTX_EXECUTION_DATE='2026-08-08T19:12:10.684526+00:00' AIRFLOW_CTX_TRY_NUMBER='1' AIRFLOW_CTX_DAG_RUN_ID='manual__2026-08-08T19:12:10.684526+00:00'
[2026-08-08T19:12:20.923+0000] {taskinstance.py:731} INFO - ::endgroup::
[2026-08-08T19:12:20.957+0000] {warnings.py:112} WARNING - /opt/***/dags/stock_dag.py:36: FutureWarning: Passing literal json to 'read_json' is deprecated and will be removed in a future version. To read from a literal string, wrap it in a 'StringIO' object.
  df_raw = pd.read_json(raw_json)

[2026-08-08T19:12:20.988+0000] {logging_mixin.py:190} INFO - Transformed 165 rows.
[2026-08-08T19:12:21.006+0000] {python.py:240} INFO - Done. Returned value was: None
[2026-08-08T19:12:21.016+0000] {taskinstance.py:340} INFO - ::group::Post task execution logs
[2026-08-08T19:12:21.017+0000] {taskinstance.py:352} INFO - Marking task as SUCCESS. dag_id=stock_pipeline, task_id=transform, run_id=manual__2026-08-08T19:12:10.684526+00:00, execution_date=20260808T191210, start_date=20260808T191220, end_date=20260808T191221
[2026-08-08T19:12:21.047+0000] {local_task_job_runner.py:261} INFO - Task exited with return code 0
[2026-08-08T19:12:21.066+0000] {taskinstance.py:3891} INFO - 1 downstream tasks scheduled from follow-on schedule check
[2026-08-08T19:12:21.070+0000] {local_task_job_runner.py:240} INFO - ::endgroup::
