[2026-08-08T18:32:18.923+0000] {local_task_job_runner.py:123} INFO - ::group::Pre task execution logs
[2026-08-08T18:32:18.943+0000] {taskinstance.py:2603} INFO - Dependencies all met for dep_context=non-requeueable deps ti=<TaskInstance: stock_pipeline.load scheduled__2026-08-07T00:00:00+00:00 [queued]>
[2026-08-08T18:32:18.952+0000] {taskinstance.py:2603} INFO - Dependencies all met for dep_context=requeueable deps ti=<TaskInstance: stock_pipeline.load scheduled__2026-08-07T00:00:00+00:00 [queued]>
[2026-08-08T18:32:18.954+0000] {taskinstance.py:2856} INFO - Starting attempt 1 of 3
[2026-08-08T18:32:18.970+0000] {taskinstance.py:2879} INFO - Executing <Task(PythonOperator): load> on 2026-08-07 00:00:00+00:00
[2026-08-08T18:32:18.980+0000] {warnings.py:112} WARNING - /home/***/.local/lib/python3.12/site-packages/***/task/task_runner/standard_task_runner.py:70: DeprecationWarning: This process (pid=194) is multi-threaded, use of fork() may lead to deadlocks in the child.
  pid = os.fork()

[2026-08-08T18:32:18.982+0000] {standard_task_runner.py:72} INFO - Started process 199 to run task
[2026-08-08T18:32:18.982+0000] {standard_task_runner.py:104} INFO - Running: ['***', 'tasks', 'run', 'stock_pipeline', 'load', 'scheduled__2026-08-07T00:00:00+00:00', '--job-id', '24', '--raw', '--subdir', 'DAGS_FOLDER/stock_dag.py', '--cfg-path', '/tmp/tmpqqwer03m']
[2026-08-08T18:32:18.986+0000] {standard_task_runner.py:105} INFO - Job 24: Subtask load
[2026-08-08T18:32:19.080+0000] {task_command.py:467} INFO - Running <TaskInstance: stock_pipeline.load scheduled__2026-08-07T00:00:00+00:00 [running]> on host b86cc619ddcb
[2026-08-08T18:32:19.166+0000] {taskinstance.py:3122} INFO - Exporting env vars: AIRFLOW_CTX_DAG_OWNER='chaima' AIRFLOW_CTX_DAG_ID='stock_pipeline' AIRFLOW_CTX_TASK_ID='load' AIRFLOW_CTX_EXECUTION_DATE='2026-08-07T00:00:00+00:00' AIRFLOW_CTX_TRY_NUMBER='1' AIRFLOW_CTX_DAG_RUN_ID='scheduled__2026-08-07T00:00:00+00:00'
[2026-08-08T18:32:19.168+0000] {taskinstance.py:731} INFO - ::endgroup::
[2026-08-08T18:32:19.206+0000] {warnings.py:112} WARNING - /opt/***/dags/stock_dag.py:43: FutureWarning: Passing literal json to 'read_json' is deprecated and will be removed in a future version. To read from a literal string, wrap it in a 'StringIO' object.
  df = pd.read_json(transformed_json)

[2026-08-08T18:32:19.231+0000] {logging_mixin.py:190} INFO - Error connecting to database: 2003 (HY000): Can't connect to MySQL server on 'localhost:3306' (111)
[2026-08-08T18:32:19.233+0000] {taskinstance.py:3303} ERROR - Task failed due to SystemExit(1)
[2026-08-08T18:32:19.246+0000] {taskinstance.py:1225} INFO - Marking task as UP_FOR_RETRY. dag_id=stock_pipeline, task_id=load, run_id=scheduled__2026-08-07T00:00:00+00:00, execution_date=20260807T000000, start_date=20260808T183218, end_date=20260808T183219
[2026-08-08T18:32:19.271+0000] {taskinstance.py:340} INFO - ::group::Post task execution logs
[2026-08-08T18:32:19.272+0000] {standard_task_runner.py:124} ERROR - Failed to execute job 24 for task load (Task failed due to SystemExit(1); 199)
Traceback (most recent call last):
  File "/home/airflow/.local/lib/python3.12/site-packages/mysql/connector/connection_cext.py", line 334, in _open_connection
    self._cmysql.connect(**cnx_kwargs)
_mysql_connector.MySQLInterfaceError: Can't connect to MySQL server on 'localhost:3306' (111)

The above exception was the direct cause of the following exception:

Traceback (most recent call last):
  File "/opt/airflow/scripts/load.py", line 11, in get_connection
    conn = mysql.connector.connect(**DB_CONFIG)
           ^^^^^^^^^^^^^^^^^^^^^^^^^^^^^^^^^^^^
  File "/home/airflow/.local/lib/python3.12/site-packages/mysql/connector/pooling.py", line 322, in connect
    return CMySQLConnection(*args, **kwargs)
           ^^^^^^^^^^^^^^^^^^^^^^^^^^^^^^^^^
  File "/home/airflow/.local/lib/python3.12/site-packages/mysql/connector/connection_cext.py", line 151, in __init__
    self.connect(**kwargs)
  File "/home/airflow/.local/lib/python3.12/site-packages/mysql/connector/abstracts.py", line 1399, in connect
    self._open_connection()
  File "/home/airflow/.local/lib/python3.12/site-packages/mysql/connector/connection_cext.py", line 339, in _open_connection
    raise get_mysql_exception(
mysql.connector.errors.DatabaseError: 2003 (HY000): Can't connect to MySQL server on 'localhost:3306' (111)

During handling of the above exception, another exception occurred:

Traceback (most recent call last):
  File "/home/airflow/.local/lib/python3.12/site-packages/airflow/models/taskinstance.py", line 273, in _run_raw_task
    TaskInstance._execute_task_with_callbacks(
  File "/home/airflow/.local/lib/python3.12/site-packages/airflow/models/taskinstance.py", line 3149, in _execute_task_with_callbacks
    result = self._execute_task(context, task_orig)
             ^^^^^^^^^^^^^^^^^^^^^^^^^^^^^^^^^^^^^^
  File "/home/airflow/.local/lib/python3.12/site-packages/airflow/models/taskinstance.py", line 3173, in _execute_task
    return _execute_task(self, context, task_orig)
           ^^^^^^^^^^^^^^^^^^^^^^^^^^^^^^^^^^^^^^^
  File "/home/airflow/.local/lib/python3.12/site-packages/airflow/models/taskinstance.py", line 767, in _execute_task
    result = _execute_callable(context=context, **execute_callable_kwargs)
             ^^^^^^^^^^^^^^^^^^^^^^^^^^^^^^^^^^^^^^^^^^^^^^^^^^^^^^^^^^^^^
  File "/home/airflow/.local/lib/python3.12/site-packages/airflow/models/taskinstance.py", line 733, in _execute_callable
    return ExecutionCallableRunner(
           ^^^^^^^^^^^^^^^^^^^^^^^^
  File "/home/airflow/.local/lib/python3.12/site-packages/airflow/utils/operator_helpers.py", line 252, in run
    return self.func(*args, **kwargs)
           ^^^^^^^^^^^^^^^^^^^^^^^^^^
  File "/home/airflow/.local/lib/python3.12/site-packages/airflow/models/baseoperator.py", line 406, in wrapper
    return func(self, *args, **kwargs)
           ^^^^^^^^^^^^^^^^^^^^^^^^^^^
  File "/home/airflow/.local/lib/python3.12/site-packages/airflow/operators/python.py", line 238, in execute
    return_value = self.execute_callable()
                   ^^^^^^^^^^^^^^^^^^^^^^^
  File "/home/airflow/.local/lib/python3.12/site-packages/airflow/operators/python.py", line 256, in execute_callable
    return runner.run(*self.op_args, **self.op_kwargs)
           ^^^^^^^^^^^^^^^^^^^^^^^^^^^^^^^^^^^^^^^^^^^
  File "/home/airflow/.local/lib/python3.12/site-packages/airflow/utils/operator_helpers.py", line 252, in run
    return self.func(*args, **kwargs)
           ^^^^^^^^^^^^^^^^^^^^^^^^^^
  File "/opt/airflow/dags/stock_dag.py", line 44, in load_task
    create_table()
  File "/opt/airflow/scripts/load.py", line 19, in create_table
    conn = get_connection()
           ^^^^^^^^^^^^^^^^
  File "/opt/airflow/scripts/load.py", line 16, in get_connection
    sys.exit(1)
  File "/home/airflow/.local/lib/python3.12/site-packages/billiard/pool.py", line 282, in exit
    return _exit(status)
           ^^^^^^^^^^^^^
SystemExit: 1

During handling of the above exception, another exception occurred:

Traceback (most recent call last):
  File "/home/airflow/.local/lib/python3.12/site-packages/airflow/task/task_runner/standard_task_runner.py", line 117, in _start_by_fork
    ret = args.func(args, dag=self.dag)
          ^^^^^^^^^^^^^^^^^^^^^^^^^^^^^
  File "/home/airflow/.local/lib/python3.12/site-packages/airflow/cli/cli_config.py", line 49, in command
    return func(*args, **kwargs)
           ^^^^^^^^^^^^^^^^^^^^^
  File "/home/airflow/.local/lib/python3.12/site-packages/airflow/utils/cli.py", line 115, in wrapper
    return f(*args, **kwargs)
           ^^^^^^^^^^^^^^^^^^
  File "/home/airflow/.local/lib/python3.12/site-packages/airflow/cli/commands/task_command.py", line 483, in task_run
    task_return_code = _run_task_by_selected_method(args, _dag, ti)
                       ^^^^^^^^^^^^^^^^^^^^^^^^^^^^^^^^^^^^^^^^^^^^
  File "/home/airflow/.local/lib/python3.12/site-packages/airflow/cli/commands/task_command.py", line 256, in _run_task_by_selected_method
    return _run_raw_task(args, ti)
           ^^^^^^^^^^^^^^^^^^^^^^^
  File "/home/airflow/.local/lib/python3.12/site-packages/airflow/cli/commands/task_command.py", line 341, in _run_raw_task
    return ti._run_raw_task(
           ^^^^^^^^^^^^^^^^^
  File "/home/airflow/.local/lib/python3.12/site-packages/airflow/utils/session.py", line 97, in wrapper
    return func(*args, session=session, **kwargs)
           ^^^^^^^^^^^^^^^^^^^^^^^^^^^^^^^^^^^^^^
  File "/home/airflow/.local/lib/python3.12/site-packages/airflow/models/taskinstance.py", line 2995, in _run_raw_task
    return _run_raw_task(
           ^^^^^^^^^^^^^^
  File "/home/airflow/.local/lib/python3.12/site-packages/airflow/models/taskinstance.py", line 334, in _run_raw_task
    raise AirflowException(msg)
airflow.exceptions.AirflowException: Task failed due to SystemExit(1)
[2026-08-08T18:32:19.320+0000] {local_task_job_runner.py:261} INFO - Task exited with return code 1
[2026-08-08T18:32:19.340+0000] {taskinstance.py:3891} INFO - 0 downstream tasks scheduled from follow-on schedule check
[2026-08-08T18:32:19.346+0000] {local_task_job_runner.py:240} INFO - ::endgroup::
[2026-08-08T19:12:23.144+0000] {local_task_job_runner.py:123} INFO - ::group::Pre task execution logs
[2026-08-08T19:12:23.177+0000] {taskinstance.py:2603} INFO - Dependencies all met for dep_context=non-requeueable deps ti=<TaskInstance: stock_pipeline.load scheduled__2026-08-07T00:00:00+00:00 [queued]>
[2026-08-08T19:12:23.186+0000] {taskinstance.py:2603} INFO - Dependencies all met for dep_context=requeueable deps ti=<TaskInstance: stock_pipeline.load scheduled__2026-08-07T00:00:00+00:00 [queued]>
[2026-08-08T19:12:23.187+0000] {taskinstance.py:2856} INFO - Starting attempt 1 of 3
[2026-08-08T19:12:23.202+0000] {taskinstance.py:2879} INFO - Executing <Task(PythonOperator): load> on 2026-08-07 00:00:00+00:00
[2026-08-08T19:12:23.210+0000] {warnings.py:112} WARNING - /home/***/.local/lib/python3.12/site-packages/***/task/task_runner/standard_task_runner.py:70: DeprecationWarning: This process (pid=159) is multi-threaded, use of fork() may lead to deadlocks in the child.
  pid = os.fork()

[2026-08-08T19:12:23.214+0000] {standard_task_runner.py:72} INFO - Started process 164 to run task
[2026-08-08T19:12:23.213+0000] {standard_task_runner.py:104} INFO - Running: ['***', 'tasks', 'run', 'stock_pipeline', 'load', 'scheduled__2026-08-07T00:00:00+00:00', '--job-id', '43', '--raw', '--subdir', 'DAGS_FOLDER/stock_dag.py', '--cfg-path', '/tmp/tmppmx05_w1']
[2026-08-08T19:12:23.218+0000] {standard_task_runner.py:105} INFO - Job 43: Subtask load
[2026-08-08T19:12:23.325+0000] {task_command.py:467} INFO - Running <TaskInstance: stock_pipeline.load scheduled__2026-08-07T00:00:00+00:00 [running]> on host 25bbd242d74d
[2026-08-08T19:12:23.419+0000] {taskinstance.py:3122} INFO - Exporting env vars: AIRFLOW_CTX_DAG_OWNER='chaima' AIRFLOW_CTX_DAG_ID='stock_pipeline' AIRFLOW_CTX_TASK_ID='load' AIRFLOW_CTX_EXECUTION_DATE='2026-08-07T00:00:00+00:00' AIRFLOW_CTX_TRY_NUMBER='1' AIRFLOW_CTX_DAG_RUN_ID='scheduled__2026-08-07T00:00:00+00:00'
[2026-08-08T19:12:23.421+0000] {taskinstance.py:731} INFO - ::endgroup::
[2026-08-08T19:12:23.474+0000] {warnings.py:112} WARNING - /opt/***/dags/stock_dag.py:43: FutureWarning: Passing literal json to 'read_json' is deprecated and will be removed in a future version. To read from a literal string, wrap it in a 'StringIO' object.
  df = pd.read_json(transformed_json)

[2026-08-08T19:12:23.611+0000] {logging_mixin.py:190} INFO - Database connection established.
[2026-08-08T19:12:23.627+0000] {logging_mixin.py:190} INFO - Table ready.
[2026-08-08T19:12:23.728+0000] {logging_mixin.py:190} INFO - Database connection established.
[2026-08-08T19:12:23.753+0000] {logging_mixin.py:190} INFO - 0 rows upserted.
[2026-08-08T19:12:23.757+0000] {python.py:240} INFO - Done. Returned value was: None
[2026-08-08T19:12:23.773+0000] {taskinstance.py:340} INFO - ::group::Post task execution logs
[2026-08-08T19:12:23.775+0000] {taskinstance.py:352} INFO - Marking task as SUCCESS. dag_id=stock_pipeline, task_id=load, run_id=scheduled__2026-08-07T00:00:00+00:00, execution_date=20260807T000000, start_date=20260808T191223, end_date=20260808T191223
[2026-08-08T19:12:23.834+0000] {local_task_job_runner.py:261} INFO - Task exited with return code 0
[2026-08-08T19:12:23.903+0000] {taskinstance.py:3891} INFO - 0 downstream tasks scheduled from follow-on schedule check
[2026-08-08T19:12:23.910+0000] {local_task_job_runner.py:240} INFO - ::endgroup::
