[2026-08-08T18:32:16.722+0000] {local_task_job_runner.py:123} INFO - ::group::Pre task execution logs
[2026-08-08T18:32:16.742+0000] {taskinstance.py:2603} INFO - Dependencies all met for dep_context=non-requeueable deps ti=<TaskInstance: stock_pipeline.transform scheduled__2026-08-07T00:00:00+00:00 [queued]>
[2026-08-08T18:32:16.750+0000] {taskinstance.py:2603} INFO - Dependencies all met for dep_context=requeueable deps ti=<TaskInstance: stock_pipeline.transform scheduled__2026-08-07T00:00:00+00:00 [queued]>
[2026-08-08T18:32:16.752+0000] {taskinstance.py:2856} INFO - Starting attempt 1 of 3
[2026-08-08T18:32:16.765+0000] {taskinstance.py:2879} INFO - Executing <Task(PythonOperator): transform> on 2026-08-07 00:00:00+00:00
[2026-08-08T18:32:16.772+0000] {warnings.py:112} WARNING - /home/***/.local/lib/python3.12/site-packages/***/task/task_runner/standard_task_runner.py:70: DeprecationWarning: This process (pid=186) is multi-threaded, use of fork() may lead to deadlocks in the child.
  pid = os.fork()

[2026-08-08T18:32:16.775+0000] {standard_task_runner.py:72} INFO - Started process 189 to run task
[2026-08-08T18:32:16.776+0000] {standard_task_runner.py:104} INFO - Running: ['***', 'tasks', 'run', 'stock_pipeline', 'transform', 'scheduled__2026-08-07T00:00:00+00:00', '--job-id', '21', '--raw', '--subdir', 'DAGS_FOLDER/stock_dag.py', '--cfg-path', '/tmp/tmpnn_kiv4j']
[2026-08-08T18:32:16.779+0000] {standard_task_runner.py:105} INFO - Job 21: Subtask transform
[2026-08-08T18:32:16.861+0000] {task_command.py:467} INFO - Running <TaskInstance: stock_pipeline.transform scheduled__2026-08-07T00:00:00+00:00 [running]> on host b86cc619ddcb
[2026-08-08T18:32:16.942+0000] {taskinstance.py:3122} INFO - Exporting env vars: AIRFLOW_CTX_DAG_OWNER='chaima' AIRFLOW_CTX_DAG_ID='stock_pipeline' AIRFLOW_CTX_TASK_ID='transform' AIRFLOW_CTX_EXECUTION_DATE='2026-08-07T00:00:00+00:00' AIRFLOW_CTX_TRY_NUMBER='1' AIRFLOW_CTX_DAG_RUN_ID='scheduled__2026-08-07T00:00:00+00:00'
[2026-08-08T18:32:16.944+0000] {taskinstance.py:731} INFO - ::endgroup::
[2026-08-08T18:32:16.991+0000] {warnings.py:112} WARNING - /opt/***/dags/stock_dag.py:36: FutureWarning: Passing literal json to 'read_json' is deprecated and will be removed in a future version. To read from a literal string, wrap it in a 'StringIO' object.
  df_raw = pd.read_json(raw_json)

[2026-08-08T18:32:17.025+0000] {logging_mixin.py:190} INFO - Transformed 165 rows.
[2026-08-08T18:32:17.046+0000] {python.py:240} INFO - Done. Returned value was: None
[2026-08-08T18:32:17.058+0000] {taskinstance.py:340} INFO - ::group::Post task execution logs
[2026-08-08T18:32:17.059+0000] {taskinstance.py:352} INFO - Marking task as SUCCESS. dag_id=stock_pipeline, task_id=transform, run_id=scheduled__2026-08-07T00:00:00+00:00, execution_date=20260807T000000, start_date=20260808T183216, end_date=20260808T183217
[2026-08-08T18:32:17.111+0000] {local_task_job_runner.py:261} INFO - Task exited with return code 0
[2026-08-08T18:32:17.138+0000] {taskinstance.py:3891} INFO - 1 downstream tasks scheduled from follow-on schedule check
[2026-08-08T18:32:17.143+0000] {local_task_job_runner.py:240} INFO - ::endgroup::
[2026-08-08T19:12:20.723+0000] {local_task_job_runner.py:123} INFO - ::group::Pre task execution logs
[2026-08-08T19:12:20.740+0000] {taskinstance.py:2603} INFO - Dependencies all met for dep_context=non-requeueable deps ti=<TaskInstance: stock_pipeline.transform scheduled__2026-08-07T00:00:00+00:00 [queued]>
[2026-08-08T19:12:20.749+0000] {taskinstance.py:2603} INFO - Dependencies all met for dep_context=requeueable deps ti=<TaskInstance: stock_pipeline.transform scheduled__2026-08-07T00:00:00+00:00 [queued]>
[2026-08-08T19:12:20.750+0000] {taskinstance.py:2856} INFO - Starting attempt 1 of 3
[2026-08-08T19:12:20.766+0000] {taskinstance.py:2879} INFO - Executing <Task(PythonOperator): transform> on 2026-08-07 00:00:00+00:00
[2026-08-08T19:12:20.774+0000] {warnings.py:112} WARNING - /home/***/.local/lib/python3.12/site-packages/***/task/task_runner/standard_task_runner.py:70: DeprecationWarning: This process (pid=151) is multi-threaded, use of fork() may lead to deadlocks in the child.
  pid = os.fork()

[2026-08-08T19:12:20.777+0000] {standard_task_runner.py:72} INFO - Started process 156 to run task
[2026-08-08T19:12:20.777+0000] {standard_task_runner.py:104} INFO - Running: ['***', 'tasks', 'run', 'stock_pipeline', 'transform', 'scheduled__2026-08-07T00:00:00+00:00', '--job-id', '41', '--raw', '--subdir', 'DAGS_FOLDER/stock_dag.py', '--cfg-path', '/tmp/tmppc_bpihk']
[2026-08-08T19:12:20.782+0000] {standard_task_runner.py:105} INFO - Job 41: Subtask transform
[2026-08-08T19:12:20.858+0000] {task_command.py:467} INFO - Running <TaskInstance: stock_pipeline.transform scheduled__2026-08-07T00:00:00+00:00 [running]> on host 25bbd242d74d
[2026-08-08T19:12:20.932+0000] {taskinstance.py:3122} INFO - Exporting env vars: AIRFLOW_CTX_DAG_OWNER='chaima' AIRFLOW_CTX_DAG_ID='stock_pipeline' AIRFLOW_CTX_TASK_ID='transform' AIRFLOW_CTX_EXECUTION_DATE='2026-08-07T00:00:00+00:00' AIRFLOW_CTX_TRY_NUMBER='1' AIRFLOW_CTX_DAG_RUN_ID='scheduled__2026-08-07T00:00:00+00:00'
[2026-08-08T19:12:20.934+0000] {taskinstance.py:731} INFO - ::endgroup::
[2026-08-08T19:12:20.965+0000] {warnings.py:112} WARNING - /opt/***/dags/stock_dag.py:36: FutureWarning: Passing literal json to 'read_json' is deprecated and will be removed in a future version. To read from a literal string, wrap it in a 'StringIO' object.
  df_raw = pd.read_json(raw_json)

[2026-08-08T19:12:20.989+0000] {logging_mixin.py:190} INFO - Transformed 165 rows.
[2026-08-08T19:12:21.009+0000] {python.py:240} INFO - Done. Returned value was: None
[2026-08-08T19:12:21.018+0000] {taskinstance.py:340} INFO - ::group::Post task execution logs
[2026-08-08T19:12:21.019+0000] {taskinstance.py:352} INFO - Marking task as SUCCESS. dag_id=stock_pipeline, task_id=transform, run_id=scheduled__2026-08-07T00:00:00+00:00, execution_date=20260807T000000, start_date=20260808T191220, end_date=20260808T191221
[2026-08-08T19:12:21.075+0000] {local_task_job_runner.py:261} INFO - Task exited with return code 0
[2026-08-08T19:12:21.094+0000] {taskinstance.py:3891} INFO - 1 downstream tasks scheduled from follow-on schedule check
[2026-08-08T19:12:21.099+0000] {local_task_job_runner.py:240} INFO - ::endgroup::
