[2026-08-08T18:45:15.194+0000] {local_task_job_runner.py:123} INFO - ::group::Pre task execution logs
[2026-08-08T18:45:15.213+0000] {taskinstance.py:2603} INFO - Dependencies all met for dep_context=non-requeueable deps ti=<TaskInstance: stock_pipeline.transform manual__2026-08-08T18:45:06.339931+00:00 [queued]>
[2026-08-08T18:45:15.222+0000] {taskinstance.py:2603} INFO - Dependencies all met for dep_context=requeueable deps ti=<TaskInstance: stock_pipeline.transform manual__2026-08-08T18:45:06.339931+00:00 [queued]>
[2026-08-08T18:45:15.224+0000] {taskinstance.py:2856} INFO - Starting attempt 1 of 3
[2026-08-08T18:45:15.240+0000] {taskinstance.py:2879} INFO - Executing <Task(PythonOperator): transform> on 2026-08-08 18:45:06.339931+00:00
[2026-08-08T18:45:15.248+0000] {warnings.py:112} WARNING - /home/***/.local/lib/python3.12/site-packages/***/task/task_runner/standard_task_runner.py:70: DeprecationWarning: This process (pid=120) is multi-threaded, use of fork() may lead to deadlocks in the child.
  pid = os.fork()

[2026-08-08T18:45:15.251+0000] {standard_task_runner.py:72} INFO - Started process 122 to run task
[2026-08-08T18:45:15.251+0000] {standard_task_runner.py:104} INFO - Running: ['***', 'tasks', 'run', 'stock_pipeline', 'transform', 'manual__2026-08-08T18:45:06.339931+00:00', '--job-id', '32', '--raw', '--subdir', 'DAGS_FOLDER/stock_dag.py', '--cfg-path', '/tmp/tmp0ikoj5p3']
[2026-08-08T18:45:15.255+0000] {standard_task_runner.py:105} INFO - Job 32: Subtask transform
[2026-08-08T18:45:15.363+0000] {task_command.py:467} INFO - Running <TaskInstance: stock_pipeline.transform manual__2026-08-08T18:45:06.339931+00:00 [running]> on host 7b4ae2fd78d0
[2026-08-08T18:45:15.460+0000] {taskinstance.py:3122} INFO - Exporting env vars: AIRFLOW_CTX_DAG_OWNER='chaima' AIRFLOW_CTX_DAG_ID='stock_pipeline' AIRFLOW_CTX_TASK_ID='transform' AIRFLOW_CTX_EXECUTION_DATE='2026-08-08T18:45:06.339931+00:00' AIRFLOW_CTX_TRY_NUMBER='1' AIRFLOW_CTX_DAG_RUN_ID='manual__2026-08-08T18:45:06.339931+00:00'
[2026-08-08T18:45:15.463+0000] {taskinstance.py:731} INFO - ::endgroup::
[2026-08-08T18:45:15.506+0000] {warnings.py:112} WARNING - /opt/***/dags/stock_dag.py:36: FutureWarning: Passing literal json to 'read_json' is deprecated and will be removed in a future version. To read from a literal string, wrap it in a 'StringIO' object.
  df_raw = pd.read_json(raw_json)

[2026-08-08T18:45:15.545+0000] {logging_mixin.py:190} INFO - Transformed 165 rows.
[2026-08-08T18:45:15.578+0000] {python.py:240} INFO - Done. Returned value was: None
[2026-08-08T18:45:15.594+0000] {taskinstance.py:340} INFO - ::group::Post task execution logs
[2026-08-08T18:45:15.595+0000] {taskinstance.py:352} INFO - Marking task as SUCCESS. dag_id=stock_pipeline, task_id=transform, run_id=manual__2026-08-08T18:45:06.339931+00:00, execution_date=20260808T184506, start_date=20260808T184515, end_date=20260808T184515
[2026-08-08T18:45:15.629+0000] {local_task_job_runner.py:261} INFO - Task exited with return code 0
[2026-08-08T18:45:15.660+0000] {taskinstance.py:3891} INFO - 1 downstream tasks scheduled from follow-on schedule check
[2026-08-08T18:45:15.665+0000] {local_task_job_runner.py:240} INFO - ::endgroup::
