[2026-08-08T18:32:16.724+0000] {local_task_job_runner.py:123} INFO - ::group::Pre task execution logs
[2026-08-08T18:32:16.743+0000] {taskinstance.py:2603} INFO - Dependencies all met for dep_context=non-requeueable deps ti=<TaskInstance: stock_pipeline.transform manual__2026-08-08T18:32:06.222019+00:00 [queued]>
[2026-08-08T18:32:16.751+0000] {taskinstance.py:2603} INFO - Dependencies all met for dep_context=requeueable deps ti=<TaskInstance: stock_pipeline.transform manual__2026-08-08T18:32:06.222019+00:00 [queued]>
[2026-08-08T18:32:16.753+0000] {taskinstance.py:2856} INFO - Starting attempt 1 of 3
[2026-08-08T18:32:16.768+0000] {taskinstance.py:2879} INFO - Executing <Task(PythonOperator): transform> on 2026-08-08 18:32:06.222019+00:00
[2026-08-08T18:32:16.775+0000] {warnings.py:112} WARNING - /home/***/.local/lib/python3.12/site-packages/***/task/task_runner/standard_task_runner.py:70: DeprecationWarning: This process (pid=185) is multi-threaded, use of fork() may lead to deadlocks in the child.
  pid = os.fork()

[2026-08-08T18:32:16.778+0000] {standard_task_runner.py:72} INFO - Started process 190 to run task
[2026-08-08T18:32:16.778+0000] {standard_task_runner.py:104} INFO - Running: ['***', 'tasks', 'run', 'stock_pipeline', 'transform', 'manual__2026-08-08T18:32:06.222019+00:00', '--job-id', '22', '--raw', '--subdir', 'DAGS_FOLDER/stock_dag.py', '--cfg-path', '/tmp/tmp8vlylhkk']
[2026-08-08T18:32:16.781+0000] {standard_task_runner.py:105} INFO - Job 22: Subtask transform
[2026-08-08T18:32:16.852+0000] {task_command.py:467} INFO - Running <TaskInstance: stock_pipeline.transform manual__2026-08-08T18:32:06.222019+00:00 [running]> on host b86cc619ddcb
[2026-08-08T18:32:16.930+0000] {taskinstance.py:3122} INFO - Exporting env vars: AIRFLOW_CTX_DAG_OWNER='chaima' AIRFLOW_CTX_DAG_ID='stock_pipeline' AIRFLOW_CTX_TASK_ID='transform' AIRFLOW_CTX_EXECUTION_DATE='2026-08-08T18:32:06.222019+00:00' AIRFLOW_CTX_TRY_NUMBER='1' AIRFLOW_CTX_DAG_RUN_ID='manual__2026-08-08T18:32:06.222019+00:00'
[2026-08-08T18:32:16.932+0000] {taskinstance.py:731} INFO - ::endgroup::
[2026-08-08T18:32:16.967+0000] {warnings.py:112} WARNING - /opt/***/dags/stock_dag.py:36: FutureWarning: Passing literal json to 'read_json' is deprecated and will be removed in a future version. To read from a literal string, wrap it in a 'StringIO' object.
  df_raw = pd.read_json(raw_json)

[2026-08-08T18:32:17.005+0000] {logging_mixin.py:190} INFO - Transformed 165 rows.
[2026-08-08T18:32:17.023+0000] {python.py:240} INFO - Done. Returned value was: None
[2026-08-08T18:32:17.036+0000] {taskinstance.py:340} INFO - ::group::Post task execution logs
[2026-08-08T18:32:17.037+0000] {taskinstance.py:352} INFO - Marking task as SUCCESS. dag_id=stock_pipeline, task_id=transform, run_id=manual__2026-08-08T18:32:06.222019+00:00, execution_date=20260808T183206, start_date=20260808T183216, end_date=20260808T183217
[2026-08-08T18:32:17.074+0000] {local_task_job_runner.py:261} INFO - Task exited with return code 0
[2026-08-08T18:32:17.096+0000] {taskinstance.py:3891} INFO - 1 downstream tasks scheduled from follow-on schedule check
[2026-08-08T18:32:17.101+0000] {local_task_job_runner.py:240} INFO - ::endgroup::
