[2026-08-08T19:12:15.656+0000] {local_task_job_runner.py:123} INFO - ::group::Pre task execution logs
[2026-08-08T19:12:15.674+0000] {taskinstance.py:2603} INFO - Dependencies all met for dep_context=non-requeueable deps ti=<TaskInstance: stock_pipeline.extract manual__2026-08-08T19:12:10.684526+00:00 [queued]>
[2026-08-08T19:12:15.683+0000] {taskinstance.py:2603} INFO - Dependencies all met for dep_context=requeueable deps ti=<TaskInstance: stock_pipeline.extract manual__2026-08-08T19:12:10.684526+00:00 [queued]>
[2026-08-08T19:12:15.684+0000] {taskinstance.py:2856} INFO - Starting attempt 1 of 3
[2026-08-08T19:12:15.699+0000] {taskinstance.py:2879} INFO - Executing <Task(PythonOperator): extract> on 2026-08-08 19:12:10.684526+00:00
[2026-08-08T19:12:15.710+0000] {warnings.py:112} WARNING - /home/***/.local/lib/python3.12/site-packages/***/task/task_runner/standard_task_runner.py:70: DeprecationWarning: This process (pid=104) is multi-threaded, use of fork() may lead to deadlocks in the child.
  pid = os.fork()

[2026-08-08T19:12:15.712+0000] {standard_task_runner.py:72} INFO - Started process 108 to run task
[2026-08-08T19:12:15.712+0000] {standard_task_runner.py:104} INFO - Running: ['***', 'tasks', 'run', 'stock_pipeline', 'extract', 'manual__2026-08-08T19:12:10.684526+00:00', '--job-id', '38', '--raw', '--subdir', 'DAGS_FOLDER/stock_dag.py', '--cfg-path', '/tmp/tmpdizvtxen']
[2026-08-08T19:12:15.715+0000] {standard_task_runner.py:105} INFO - Job 38: Subtask extract
[2026-08-08T19:12:15.820+0000] {task_command.py:467} INFO - Running <TaskInstance: stock_pipeline.extract manual__2026-08-08T19:12:10.684526+00:00 [running]> on host 25bbd242d74d
[2026-08-08T19:12:15.906+0000] {taskinstance.py:3122} INFO - Exporting env vars: AIRFLOW_CTX_DAG_OWNER='chaima' AIRFLOW_CTX_DAG_ID='stock_pipeline' AIRFLOW_CTX_TASK_ID='extract' AIRFLOW_CTX_EXECUTION_DATE='2026-08-08T19:12:10.684526+00:00' AIRFLOW_CTX_TRY_NUMBER='1' AIRFLOW_CTX_DAG_RUN_ID='manual__2026-08-08T19:12:10.684526+00:00'
[2026-08-08T19:12:15.908+0000] {taskinstance.py:731} INFO - ::endgroup::
[2026-08-08T19:12:15.938+0000] {logging_mixin.py:190} INFO - Extracting AAPL...
[2026-08-08T19:12:17.131+0000] {logging_mixin.py:190} WARNING - [*********************100%***********************]  1 of 1 completed
[2026-08-08T19:12:17.140+0000] {logging_mixin.py:190} INFO - Extracting MSFT...
[2026-08-08T19:12:17.583+0000] {logging_mixin.py:190} WARNING - [*********************100%***********************]  1 of 1 completed
[2026-08-08T19:12:17.599+0000] {logging_mixin.py:190} INFO - Extracting TSLA...
[2026-08-08T19:12:17.958+0000] {logging_mixin.py:190} WARNING - [*********************100%***********************]  1 of 1 completed
[2026-08-08T19:12:17.963+0000] {logging_mixin.py:190} INFO - Extracting AMZN...
[2026-08-08T19:12:18.343+0000] {logging_mixin.py:190} WARNING - [*********************100%***********************]  1 of 1 completed
[2026-08-08T19:12:18.349+0000] {logging_mixin.py:190} INFO - Extracting GOOGL...
[2026-08-08T19:12:18.728+0000] {logging_mixin.py:190} WARNING - [*********************100%***********************]  1 of 1 completed
[2026-08-08T19:12:18.735+0000] {logging_mixin.py:190} INFO - Extracted 310 rows total.
[2026-08-08T19:12:18.769+0000] {python.py:240} INFO - Done. Returned value was: None
[2026-08-08T19:12:18.784+0000] {taskinstance.py:340} INFO - ::group::Post task execution logs
[2026-08-08T19:12:18.788+0000] {taskinstance.py:352} INFO - Marking task as SUCCESS. dag_id=stock_pipeline, task_id=extract, run_id=manual__2026-08-08T19:12:10.684526+00:00, execution_date=20260808T191210, start_date=20260808T191215, end_date=20260808T191218
[2026-08-08T19:12:18.823+0000] {local_task_job_runner.py:261} INFO - Task exited with return code 0
[2026-08-08T19:12:18.853+0000] {taskinstance.py:3891} INFO - 1 downstream tasks scheduled from follow-on schedule check
[2026-08-08T19:12:18.858+0000] {local_task_job_runner.py:240} INFO - ::endgroup::
