[2026-08-08T17:25:02.772+0000] {processor.py:186} INFO - Started process (PID=85) to work on /home/airflow/.local/lib/python3.12/site-packages/airflow/example_dags/example_sensors.py
[2026-08-08T17:25:02.810+0000] {processor.py:914} INFO - Processing file /home/airflow/.local/lib/python3.12/site-packages/airflow/example_dags/example_sensors.py for tasks to queue
[2026-08-08T17:25:02.815+0000] {logging_mixin.py:190} INFO - [2026-08-08T17:25:02.814+0000] {dagbag.py:587} INFO - Filling up the DagBag from /home/airflow/.local/lib/python3.12/site-packages/airflow/example_dags/example_sensors.py
[2026-08-08T17:25:02.853+0000] {processor.py:925} INFO - DAG(s) 'example_sensors' retrieved from /home/airflow/.local/lib/python3.12/site-packages/airflow/example_dags/example_sensors.py
[2026-08-08T17:25:03.295+0000] {logging_mixin.py:190} INFO - [2026-08-08T17:25:03.294+0000] {override.py:1858} INFO - Created Permission View: can delete on DAG:example_sensors
[2026-08-08T17:25:03.431+0000] {logging_mixin.py:190} INFO - [2026-08-08T17:25:03.431+0000] {override.py:1858} INFO - Created Permission View: can edit on DAG:example_sensors
[2026-08-08T17:25:03.566+0000] {logging_mixin.py:190} INFO - [2026-08-08T17:25:03.566+0000] {override.py:1858} INFO - Created Permission View: can read on DAG:example_sensors
[2026-08-08T17:25:03.568+0000] {logging_mixin.py:190} INFO - [2026-08-08T17:25:03.568+0000] {dag.py:3211} INFO - Sync 1 DAGs
[2026-08-08T17:25:03.581+0000] {logging_mixin.py:190} INFO - [2026-08-08T17:25:03.581+0000] {dag.py:3234} INFO - Creating ORM DAG for example_sensors
[2026-08-08T17:25:03.583+0000] {logging_mixin.py:190} INFO - [2026-08-08T17:25:03.582+0000] {dag.py:4138} INFO - Setting next_dagrun for example_sensors to None, run_after=None
[2026-08-08T17:25:03.697+0000] {processor.py:208} INFO - Processing /home/airflow/.local/lib/python3.12/site-packages/airflow/example_dags/example_sensors.py took 0.933 seconds
[2026-08-08T17:25:34.576+0000] {processor.py:186} INFO - Started process (PID=148) to work on /home/airflow/.local/lib/python3.12/site-packages/airflow/example_dags/example_sensors.py
[2026-08-08T17:25:34.577+0000] {processor.py:914} INFO - Processing file /home/airflow/.local/lib/python3.12/site-packages/airflow/example_dags/example_sensors.py for tasks to queue
[2026-08-08T17:25:34.580+0000] {logging_mixin.py:190} INFO - [2026-08-08T17:25:34.579+0000] {dagbag.py:587} INFO - Filling up the DagBag from /home/airflow/.local/lib/python3.12/site-packages/airflow/example_dags/example_sensors.py
[2026-08-08T17:25:34.591+0000] {processor.py:925} INFO - DAG(s) 'example_sensors' retrieved from /home/airflow/.local/lib/python3.12/site-packages/airflow/example_dags/example_sensors.py
[2026-08-08T17:25:34.626+0000] {logging_mixin.py:190} INFO - [2026-08-08T17:25:34.626+0000] {dag.py:3211} INFO - Sync 1 DAGs
[2026-08-08T17:25:34.639+0000] {logging_mixin.py:190} INFO - [2026-08-08T17:25:34.639+0000] {dag.py:4138} INFO - Setting next_dagrun for example_sensors to None, run_after=None
[2026-08-08T17:25:34.661+0000] {processor.py:208} INFO - Processing /home/airflow/.local/lib/python3.12/site-packages/airflow/example_dags/example_sensors.py took 0.091 seconds
[2026-08-08T17:26:05.059+0000] {processor.py:186} INFO - Started process (PID=211) to work on /home/airflow/.local/lib/python3.12/site-packages/airflow/example_dags/example_sensors.py
[2026-08-08T17:26:05.060+0000] {processor.py:914} INFO - Processing file /home/airflow/.local/lib/python3.12/site-packages/airflow/example_dags/example_sensors.py for tasks to queue
[2026-08-08T17:26:05.063+0000] {logging_mixin.py:190} INFO - [2026-08-08T17:26:05.062+0000] {dagbag.py:587} INFO - Filling up the DagBag from /home/airflow/.local/lib/python3.12/site-packages/airflow/example_dags/example_sensors.py
[2026-08-08T17:26:05.071+0000] {processor.py:925} INFO - DAG(s) 'example_sensors' retrieved from /home/airflow/.local/lib/python3.12/site-packages/airflow/example_dags/example_sensors.py
[2026-08-08T17:26:05.098+0000] {logging_mixin.py:190} INFO - [2026-08-08T17:26:05.098+0000] {dag.py:3211} INFO - Sync 1 DAGs
[2026-08-08T17:26:05.109+0000] {logging_mixin.py:190} INFO - [2026-08-08T17:26:05.108+0000] {dag.py:4138} INFO - Setting next_dagrun for example_sensors to None, run_after=None
[2026-08-08T17:26:05.129+0000] {processor.py:208} INFO - Processing /home/airflow/.local/lib/python3.12/site-packages/airflow/example_dags/example_sensors.py took 0.075 seconds
[2026-08-08T17:26:36.031+0000] {processor.py:186} INFO - Started process (PID=274) to work on /home/airflow/.local/lib/python3.12/site-packages/airflow/example_dags/example_sensors.py
[2026-08-08T17:26:36.035+0000] {processor.py:914} INFO - Processing file /home/airflow/.local/lib/python3.12/site-packages/airflow/example_dags/example_sensors.py for tasks to queue
[2026-08-08T17:26:36.042+0000] {logging_mixin.py:190} INFO - [2026-08-08T17:26:36.041+0000] {dagbag.py:587} INFO - Filling up the DagBag from /home/airflow/.local/lib/python3.12/site-packages/airflow/example_dags/example_sensors.py
[2026-08-08T17:26:36.061+0000] {processor.py:925} INFO - DAG(s) 'example_sensors' retrieved from /home/airflow/.local/lib/python3.12/site-packages/airflow/example_dags/example_sensors.py
[2026-08-08T17:26:36.109+0000] {logging_mixin.py:190} INFO - [2026-08-08T17:26:36.109+0000] {dag.py:3211} INFO - Sync 1 DAGs
[2026-08-08T17:26:36.131+0000] {logging_mixin.py:190} INFO - [2026-08-08T17:26:36.131+0000] {dag.py:4138} INFO - Setting next_dagrun for example_sensors to None, run_after=None
[2026-08-08T17:26:36.166+0000] {processor.py:208} INFO - Processing /home/airflow/.local/lib/python3.12/site-packages/airflow/example_dags/example_sensors.py took 0.150 seconds
[2026-08-08T17:27:06.271+0000] {processor.py:186} INFO - Started process (PID=336) to work on /home/airflow/.local/lib/python3.12/site-packages/airflow/example_dags/example_sensors.py
[2026-08-08T17:27:06.273+0000] {processor.py:914} INFO - Processing file /home/airflow/.local/lib/python3.12/site-packages/airflow/example_dags/example_sensors.py for tasks to queue
[2026-08-08T17:27:06.278+0000] {logging_mixin.py:190} INFO - [2026-08-08T17:27:06.277+0000] {dagbag.py:587} INFO - Filling up the DagBag from /home/airflow/.local/lib/python3.12/site-packages/airflow/example_dags/example_sensors.py
[2026-08-08T17:27:06.293+0000] {processor.py:925} INFO - DAG(s) 'example_sensors' retrieved from /home/airflow/.local/lib/python3.12/site-packages/airflow/example_dags/example_sensors.py
[2026-08-08T17:27:06.323+0000] {logging_mixin.py:190} INFO - [2026-08-08T17:27:06.323+0000] {dag.py:3211} INFO - Sync 1 DAGs
[2026-08-08T17:27:06.340+0000] {logging_mixin.py:190} INFO - [2026-08-08T17:27:06.340+0000] {dag.py:4138} INFO - Setting next_dagrun for example_sensors to None, run_after=None
[2026-08-08T17:27:06.367+0000] {processor.py:208} INFO - Processing /home/airflow/.local/lib/python3.12/site-packages/airflow/example_dags/example_sensors.py took 0.103 seconds
[2026-08-08T17:27:36.543+0000] {processor.py:186} INFO - Started process (PID=399) to work on /home/airflow/.local/lib/python3.12/site-packages/airflow/example_dags/example_sensors.py
[2026-08-08T17:27:36.545+0000] {processor.py:914} INFO - Processing file /home/airflow/.local/lib/python3.12/site-packages/airflow/example_dags/example_sensors.py for tasks to queue
[2026-08-08T17:27:36.547+0000] {logging_mixin.py:190} INFO - [2026-08-08T17:27:36.547+0000] {dagbag.py:587} INFO - Filling up the DagBag from /home/airflow/.local/lib/python3.12/site-packages/airflow/example_dags/example_sensors.py
[2026-08-08T17:27:36.555+0000] {processor.py:925} INFO - DAG(s) 'example_sensors' retrieved from /home/airflow/.local/lib/python3.12/site-packages/airflow/example_dags/example_sensors.py
[2026-08-08T17:27:36.573+0000] {logging_mixin.py:190} INFO - [2026-08-08T17:27:36.573+0000] {dag.py:3211} INFO - Sync 1 DAGs
[2026-08-08T17:27:36.582+0000] {logging_mixin.py:190} INFO - [2026-08-08T17:27:36.582+0000] {dag.py:4138} INFO - Setting next_dagrun for example_sensors to None, run_after=None
[2026-08-08T17:27:36.599+0000] {processor.py:208} INFO - Processing /home/airflow/.local/lib/python3.12/site-packages/airflow/example_dags/example_sensors.py took 0.061 seconds
[2026-08-08T17:28:06.871+0000] {processor.py:186} INFO - Started process (PID=462) to work on /home/airflow/.local/lib/python3.12/site-packages/airflow/example_dags/example_sensors.py
[2026-08-08T17:28:06.872+0000] {processor.py:914} INFO - Processing file /home/airflow/.local/lib/python3.12/site-packages/airflow/example_dags/example_sensors.py for tasks to queue
[2026-08-08T17:28:06.876+0000] {logging_mixin.py:190} INFO - [2026-08-08T17:28:06.875+0000] {dagbag.py:587} INFO - Filling up the DagBag from /home/airflow/.local/lib/python3.12/site-packages/airflow/example_dags/example_sensors.py
[2026-08-08T17:28:06.885+0000] {processor.py:925} INFO - DAG(s) 'example_sensors' retrieved from /home/airflow/.local/lib/python3.12/site-packages/airflow/example_dags/example_sensors.py
[2026-08-08T17:28:06.912+0000] {logging_mixin.py:190} INFO - [2026-08-08T17:28:06.912+0000] {dag.py:3211} INFO - Sync 1 DAGs
[2026-08-08T17:28:06.925+0000] {logging_mixin.py:190} INFO - [2026-08-08T17:28:06.925+0000] {dag.py:4138} INFO - Setting next_dagrun for example_sensors to None, run_after=None
[2026-08-08T17:28:06.949+0000] {processor.py:208} INFO - Processing /home/airflow/.local/lib/python3.12/site-packages/airflow/example_dags/example_sensors.py took 0.083 seconds
[2026-08-08T17:28:37.689+0000] {processor.py:186} INFO - Started process (PID=525) to work on /home/airflow/.local/lib/python3.12/site-packages/airflow/example_dags/example_sensors.py
[2026-08-08T17:28:37.690+0000] {processor.py:914} INFO - Processing file /home/airflow/.local/lib/python3.12/site-packages/airflow/example_dags/example_sensors.py for tasks to queue
[2026-08-08T17:28:37.693+0000] {logging_mixin.py:190} INFO - [2026-08-08T17:28:37.692+0000] {dagbag.py:587} INFO - Filling up the DagBag from /home/airflow/.local/lib/python3.12/site-packages/airflow/example_dags/example_sensors.py
[2026-08-08T17:28:37.702+0000] {processor.py:925} INFO - DAG(s) 'example_sensors' retrieved from /home/airflow/.local/lib/python3.12/site-packages/airflow/example_dags/example_sensors.py
[2026-08-08T17:28:37.722+0000] {logging_mixin.py:190} INFO - [2026-08-08T17:28:37.722+0000] {dag.py:3211} INFO - Sync 1 DAGs
[2026-08-08T17:28:37.732+0000] {logging_mixin.py:190} INFO - [2026-08-08T17:28:37.732+0000] {dag.py:4138} INFO - Setting next_dagrun for example_sensors to None, run_after=None
[2026-08-08T17:28:37.752+0000] {processor.py:208} INFO - Processing /home/airflow/.local/lib/python3.12/site-packages/airflow/example_dags/example_sensors.py took 0.069 seconds
[2026-08-08T17:29:07.904+0000] {processor.py:186} INFO - Started process (PID=588) to work on /home/airflow/.local/lib/python3.12/site-packages/airflow/example_dags/example_sensors.py
[2026-08-08T17:29:07.905+0000] {processor.py:914} INFO - Processing file /home/airflow/.local/lib/python3.12/site-packages/airflow/example_dags/example_sensors.py for tasks to queue
[2026-08-08T17:29:07.908+0000] {logging_mixin.py:190} INFO - [2026-08-08T17:29:07.908+0000] {dagbag.py:587} INFO - Filling up the DagBag from /home/airflow/.local/lib/python3.12/site-packages/airflow/example_dags/example_sensors.py
[2026-08-08T17:29:07.917+0000] {processor.py:925} INFO - DAG(s) 'example_sensors' retrieved from /home/airflow/.local/lib/python3.12/site-packages/airflow/example_dags/example_sensors.py
[2026-08-08T17:29:07.943+0000] {logging_mixin.py:190} INFO - [2026-08-08T17:29:07.943+0000] {dag.py:3211} INFO - Sync 1 DAGs
[2026-08-08T17:29:07.956+0000] {logging_mixin.py:190} INFO - [2026-08-08T17:29:07.956+0000] {dag.py:4138} INFO - Setting next_dagrun for example_sensors to None, run_after=None
[2026-08-08T17:29:07.973+0000] {processor.py:208} INFO - Processing /home/airflow/.local/lib/python3.12/site-packages/airflow/example_dags/example_sensors.py took 0.074 seconds
[2026-08-08T17:29:38.837+0000] {processor.py:186} INFO - Started process (PID=651) to work on /home/airflow/.local/lib/python3.12/site-packages/airflow/example_dags/example_sensors.py
[2026-08-08T17:29:38.839+0000] {processor.py:914} INFO - Processing file /home/airflow/.local/lib/python3.12/site-packages/airflow/example_dags/example_sensors.py for tasks to queue
[2026-08-08T17:29:38.842+0000] {logging_mixin.py:190} INFO - [2026-08-08T17:29:38.842+0000] {dagbag.py:587} INFO - Filling up the DagBag from /home/airflow/.local/lib/python3.12/site-packages/airflow/example_dags/example_sensors.py
[2026-08-08T17:29:38.856+0000] {processor.py:925} INFO - DAG(s) 'example_sensors' retrieved from /home/airflow/.local/lib/python3.12/site-packages/airflow/example_dags/example_sensors.py
[2026-08-08T17:29:38.885+0000] {logging_mixin.py:190} INFO - [2026-08-08T17:29:38.884+0000] {dag.py:3211} INFO - Sync 1 DAGs
[2026-08-08T17:29:38.900+0000] {logging_mixin.py:190} INFO - [2026-08-08T17:29:38.900+0000] {dag.py:4138} INFO - Setting next_dagrun for example_sensors to None, run_after=None
[2026-08-08T17:29:38.922+0000] {processor.py:208} INFO - Processing /home/airflow/.local/lib/python3.12/site-packages/airflow/example_dags/example_sensors.py took 0.094 seconds
[2026-08-08T17:30:09.698+0000] {processor.py:186} INFO - Started process (PID=714) to work on /home/airflow/.local/lib/python3.12/site-packages/airflow/example_dags/example_sensors.py
[2026-08-08T17:30:09.701+0000] {processor.py:914} INFO - Processing file /home/airflow/.local/lib/python3.12/site-packages/airflow/example_dags/example_sensors.py for tasks to queue
[2026-08-08T17:30:09.705+0000] {logging_mixin.py:190} INFO - [2026-08-08T17:30:09.705+0000] {dagbag.py:587} INFO - Filling up the DagBag from /home/airflow/.local/lib/python3.12/site-packages/airflow/example_dags/example_sensors.py
[2026-08-08T17:30:09.720+0000] {processor.py:925} INFO - DAG(s) 'example_sensors' retrieved from /home/airflow/.local/lib/python3.12/site-packages/airflow/example_dags/example_sensors.py
[2026-08-08T17:30:09.749+0000] {logging_mixin.py:190} INFO - [2026-08-08T17:30:09.748+0000] {dag.py:3211} INFO - Sync 1 DAGs
[2026-08-08T17:30:09.760+0000] {logging_mixin.py:190} INFO - [2026-08-08T17:30:09.759+0000] {dag.py:4138} INFO - Setting next_dagrun for example_sensors to None, run_after=None
[2026-08-08T17:30:09.781+0000] {processor.py:208} INFO - Processing /home/airflow/.local/lib/python3.12/site-packages/airflow/example_dags/example_sensors.py took 0.092 seconds
[2026-08-08T17:30:40.600+0000] {processor.py:186} INFO - Started process (PID=777) to work on /home/airflow/.local/lib/python3.12/site-packages/airflow/example_dags/example_sensors.py
[2026-08-08T17:30:40.603+0000] {processor.py:914} INFO - Processing file /home/airflow/.local/lib/python3.12/site-packages/airflow/example_dags/example_sensors.py for tasks to queue
[2026-08-08T17:30:40.605+0000] {logging_mixin.py:190} INFO - [2026-08-08T17:30:40.605+0000] {dagbag.py:587} INFO - Filling up the DagBag from /home/airflow/.local/lib/python3.12/site-packages/airflow/example_dags/example_sensors.py
[2026-08-08T17:30:40.614+0000] {processor.py:925} INFO - DAG(s) 'example_sensors' retrieved from /home/airflow/.local/lib/python3.12/site-packages/airflow/example_dags/example_sensors.py
[2026-08-08T17:30:40.634+0000] {logging_mixin.py:190} INFO - [2026-08-08T17:30:40.634+0000] {dag.py:3211} INFO - Sync 1 DAGs
[2026-08-08T17:30:40.645+0000] {logging_mixin.py:190} INFO - [2026-08-08T17:30:40.645+0000] {dag.py:4138} INFO - Setting next_dagrun for example_sensors to None, run_after=None
[2026-08-08T17:30:40.664+0000] {processor.py:208} INFO - Processing /home/airflow/.local/lib/python3.12/site-packages/airflow/example_dags/example_sensors.py took 0.069 seconds
[2026-08-08T17:31:10.893+0000] {processor.py:186} INFO - Started process (PID=840) to work on /home/airflow/.local/lib/python3.12/site-packages/airflow/example_dags/example_sensors.py
[2026-08-08T17:31:10.895+0000] {processor.py:914} INFO - Processing file /home/airflow/.local/lib/python3.12/site-packages/airflow/example_dags/example_sensors.py for tasks to queue
[2026-08-08T17:31:10.897+0000] {logging_mixin.py:190} INFO - [2026-08-08T17:31:10.897+0000] {dagbag.py:587} INFO - Filling up the DagBag from /home/airflow/.local/lib/python3.12/site-packages/airflow/example_dags/example_sensors.py
[2026-08-08T17:31:10.904+0000] {processor.py:925} INFO - DAG(s) 'example_sensors' retrieved from /home/airflow/.local/lib/python3.12/site-packages/airflow/example_dags/example_sensors.py
[2026-08-08T17:31:10.928+0000] {logging_mixin.py:190} INFO - [2026-08-08T17:31:10.928+0000] {dag.py:3211} INFO - Sync 1 DAGs
[2026-08-08T17:31:10.939+0000] {logging_mixin.py:190} INFO - [2026-08-08T17:31:10.939+0000] {dag.py:4138} INFO - Setting next_dagrun for example_sensors to None, run_after=None
[2026-08-08T17:31:10.955+0000] {processor.py:208} INFO - Processing /home/airflow/.local/lib/python3.12/site-packages/airflow/example_dags/example_sensors.py took 0.066 seconds
[2026-08-08T17:31:41.637+0000] {processor.py:186} INFO - Started process (PID=903) to work on /home/airflow/.local/lib/python3.12/site-packages/airflow/example_dags/example_sensors.py
[2026-08-08T17:31:41.638+0000] {processor.py:914} INFO - Processing file /home/airflow/.local/lib/python3.12/site-packages/airflow/example_dags/example_sensors.py for tasks to queue
[2026-08-08T17:31:41.641+0000] {logging_mixin.py:190} INFO - [2026-08-08T17:31:41.640+0000] {dagbag.py:587} INFO - Filling up the DagBag from /home/airflow/.local/lib/python3.12/site-packages/airflow/example_dags/example_sensors.py
[2026-08-08T17:31:41.649+0000] {processor.py:925} INFO - DAG(s) 'example_sensors' retrieved from /home/airflow/.local/lib/python3.12/site-packages/airflow/example_dags/example_sensors.py
[2026-08-08T17:31:41.666+0000] {logging_mixin.py:190} INFO - [2026-08-08T17:31:41.666+0000] {dag.py:3211} INFO - Sync 1 DAGs
[2026-08-08T17:31:41.675+0000] {logging_mixin.py:190} INFO - [2026-08-08T17:31:41.675+0000] {dag.py:4138} INFO - Setting next_dagrun for example_sensors to None, run_after=None
[2026-08-08T17:31:41.691+0000] {processor.py:208} INFO - Processing /home/airflow/.local/lib/python3.12/site-packages/airflow/example_dags/example_sensors.py took 0.059 seconds
[2026-08-08T17:32:12.136+0000] {processor.py:186} INFO - Started process (PID=966) to work on /home/airflow/.local/lib/python3.12/site-packages/airflow/example_dags/example_sensors.py
[2026-08-08T17:32:12.138+0000] {processor.py:914} INFO - Processing file /home/airflow/.local/lib/python3.12/site-packages/airflow/example_dags/example_sensors.py for tasks to queue
[2026-08-08T17:32:12.143+0000] {logging_mixin.py:190} INFO - [2026-08-08T17:32:12.142+0000] {dagbag.py:587} INFO - Filling up the DagBag from /home/airflow/.local/lib/python3.12/site-packages/airflow/example_dags/example_sensors.py
[2026-08-08T17:32:12.163+0000] {processor.py:925} INFO - DAG(s) 'example_sensors' retrieved from /home/airflow/.local/lib/python3.12/site-packages/airflow/example_dags/example_sensors.py
[2026-08-08T17:32:12.212+0000] {logging_mixin.py:190} INFO - [2026-08-08T17:32:12.212+0000] {dag.py:3211} INFO - Sync 1 DAGs
[2026-08-08T17:32:12.239+0000] {logging_mixin.py:190} INFO - [2026-08-08T17:32:12.239+0000] {dag.py:4138} INFO - Setting next_dagrun for example_sensors to None, run_after=None
[2026-08-08T17:32:12.269+0000] {processor.py:208} INFO - Processing /home/airflow/.local/lib/python3.12/site-packages/airflow/example_dags/example_sensors.py took 0.141 seconds
[2026-08-08T17:32:42.491+0000] {processor.py:186} INFO - Started process (PID=1029) to work on /home/airflow/.local/lib/python3.12/site-packages/airflow/example_dags/example_sensors.py
[2026-08-08T17:32:42.492+0000] {processor.py:914} INFO - Processing file /home/airflow/.local/lib/python3.12/site-packages/airflow/example_dags/example_sensors.py for tasks to queue
[2026-08-08T17:32:42.495+0000] {logging_mixin.py:190} INFO - [2026-08-08T17:32:42.494+0000] {dagbag.py:587} INFO - Filling up the DagBag from /home/airflow/.local/lib/python3.12/site-packages/airflow/example_dags/example_sensors.py
[2026-08-08T17:32:42.503+0000] {processor.py:925} INFO - DAG(s) 'example_sensors' retrieved from /home/airflow/.local/lib/python3.12/site-packages/airflow/example_dags/example_sensors.py
[2026-08-08T17:32:42.527+0000] {logging_mixin.py:190} INFO - [2026-08-08T17:32:42.527+0000] {dag.py:3211} INFO - Sync 1 DAGs
[2026-08-08T17:32:42.543+0000] {logging_mixin.py:190} INFO - [2026-08-08T17:32:42.543+0000] {dag.py:4138} INFO - Setting next_dagrun for example_sensors to None, run_after=None
[2026-08-08T17:32:42.565+0000] {processor.py:208} INFO - Processing /home/airflow/.local/lib/python3.12/site-packages/airflow/example_dags/example_sensors.py took 0.078 seconds
[2026-08-08T17:33:13.125+0000] {processor.py:186} INFO - Started process (PID=1092) to work on /home/airflow/.local/lib/python3.12/site-packages/airflow/example_dags/example_sensors.py
[2026-08-08T17:33:13.127+0000] {processor.py:914} INFO - Processing file /home/airflow/.local/lib/python3.12/site-packages/airflow/example_dags/example_sensors.py for tasks to queue
[2026-08-08T17:33:13.129+0000] {logging_mixin.py:190} INFO - [2026-08-08T17:33:13.128+0000] {dagbag.py:587} INFO - Filling up the DagBag from /home/airflow/.local/lib/python3.12/site-packages/airflow/example_dags/example_sensors.py
[2026-08-08T17:33:13.137+0000] {processor.py:925} INFO - DAG(s) 'example_sensors' retrieved from /home/airflow/.local/lib/python3.12/site-packages/airflow/example_dags/example_sensors.py
[2026-08-08T17:33:13.160+0000] {logging_mixin.py:190} INFO - [2026-08-08T17:33:13.160+0000] {dag.py:3211} INFO - Sync 1 DAGs
[2026-08-08T17:33:13.171+0000] {logging_mixin.py:190} INFO - [2026-08-08T17:33:13.170+0000] {dag.py:4138} INFO - Setting next_dagrun for example_sensors to None, run_after=None
[2026-08-08T17:33:13.187+0000] {processor.py:208} INFO - Processing /home/airflow/.local/lib/python3.12/site-packages/airflow/example_dags/example_sensors.py took 0.067 seconds
[2026-08-08T17:33:43.645+0000] {processor.py:186} INFO - Started process (PID=1155) to work on /home/airflow/.local/lib/python3.12/site-packages/airflow/example_dags/example_sensors.py
[2026-08-08T17:33:43.647+0000] {processor.py:914} INFO - Processing file /home/airflow/.local/lib/python3.12/site-packages/airflow/example_dags/example_sensors.py for tasks to queue
[2026-08-08T17:33:43.649+0000] {logging_mixin.py:190} INFO - [2026-08-08T17:33:43.649+0000] {dagbag.py:587} INFO - Filling up the DagBag from /home/airflow/.local/lib/python3.12/site-packages/airflow/example_dags/example_sensors.py
[2026-08-08T17:33:43.656+0000] {processor.py:925} INFO - DAG(s) 'example_sensors' retrieved from /home/airflow/.local/lib/python3.12/site-packages/airflow/example_dags/example_sensors.py
[2026-08-08T17:33:43.675+0000] {logging_mixin.py:190} INFO - [2026-08-08T17:33:43.675+0000] {dag.py:3211} INFO - Sync 1 DAGs
[2026-08-08T17:33:43.684+0000] {logging_mixin.py:190} INFO - [2026-08-08T17:33:43.683+0000] {dag.py:4138} INFO - Setting next_dagrun for example_sensors to None, run_after=None
[2026-08-08T17:33:43.703+0000] {processor.py:208} INFO - Processing /home/airflow/.local/lib/python3.12/site-packages/airflow/example_dags/example_sensors.py took 0.062 seconds
[2026-08-08T17:34:13.963+0000] {processor.py:186} INFO - Started process (PID=1218) to work on /home/airflow/.local/lib/python3.12/site-packages/airflow/example_dags/example_sensors.py
[2026-08-08T17:34:13.965+0000] {processor.py:914} INFO - Processing file /home/airflow/.local/lib/python3.12/site-packages/airflow/example_dags/example_sensors.py for tasks to queue
[2026-08-08T17:34:13.967+0000] {logging_mixin.py:190} INFO - [2026-08-08T17:34:13.966+0000] {dagbag.py:587} INFO - Filling up the DagBag from /home/airflow/.local/lib/python3.12/site-packages/airflow/example_dags/example_sensors.py
[2026-08-08T17:34:13.974+0000] {processor.py:925} INFO - DAG(s) 'example_sensors' retrieved from /home/airflow/.local/lib/python3.12/site-packages/airflow/example_dags/example_sensors.py
[2026-08-08T17:34:13.993+0000] {logging_mixin.py:190} INFO - [2026-08-08T17:34:13.993+0000] {dag.py:3211} INFO - Sync 1 DAGs
[2026-08-08T17:34:14.004+0000] {logging_mixin.py:190} INFO - [2026-08-08T17:34:14.004+0000] {dag.py:4138} INFO - Setting next_dagrun for example_sensors to None, run_after=None
[2026-08-08T17:34:14.024+0000] {processor.py:208} INFO - Processing /home/airflow/.local/lib/python3.12/site-packages/airflow/example_dags/example_sensors.py took 0.066 seconds
[2026-08-08T17:34:45.012+0000] {processor.py:186} INFO - Started process (PID=1281) to work on /home/airflow/.local/lib/python3.12/site-packages/airflow/example_dags/example_sensors.py
[2026-08-08T17:34:45.013+0000] {processor.py:914} INFO - Processing file /home/airflow/.local/lib/python3.12/site-packages/airflow/example_dags/example_sensors.py for tasks to queue
[2026-08-08T17:34:45.015+0000] {logging_mixin.py:190} INFO - [2026-08-08T17:34:45.015+0000] {dagbag.py:587} INFO - Filling up the DagBag from /home/airflow/.local/lib/python3.12/site-packages/airflow/example_dags/example_sensors.py
[2026-08-08T17:34:45.028+0000] {processor.py:925} INFO - DAG(s) 'example_sensors' retrieved from /home/airflow/.local/lib/python3.12/site-packages/airflow/example_dags/example_sensors.py
[2026-08-08T17:34:45.046+0000] {logging_mixin.py:190} INFO - [2026-08-08T17:34:45.046+0000] {dag.py:3211} INFO - Sync 1 DAGs
[2026-08-08T17:34:45.055+0000] {logging_mixin.py:190} INFO - [2026-08-08T17:34:45.055+0000] {dag.py:4138} INFO - Setting next_dagrun for example_sensors to None, run_after=None
[2026-08-08T17:34:45.073+0000] {processor.py:208} INFO - Processing /home/airflow/.local/lib/python3.12/site-packages/airflow/example_dags/example_sensors.py took 0.066 seconds
[2026-08-08T17:35:15.533+0000] {processor.py:186} INFO - Started process (PID=1344) to work on /home/airflow/.local/lib/python3.12/site-packages/airflow/example_dags/example_sensors.py
[2026-08-08T17:35:15.534+0000] {processor.py:914} INFO - Processing file /home/airflow/.local/lib/python3.12/site-packages/airflow/example_dags/example_sensors.py for tasks to queue
[2026-08-08T17:35:15.536+0000] {logging_mixin.py:190} INFO - [2026-08-08T17:35:15.536+0000] {dagbag.py:587} INFO - Filling up the DagBag from /home/airflow/.local/lib/python3.12/site-packages/airflow/example_dags/example_sensors.py
[2026-08-08T17:35:15.545+0000] {processor.py:925} INFO - DAG(s) 'example_sensors' retrieved from /home/airflow/.local/lib/python3.12/site-packages/airflow/example_dags/example_sensors.py
[2026-08-08T17:35:15.565+0000] {logging_mixin.py:190} INFO - [2026-08-08T17:35:15.565+0000] {dag.py:3211} INFO - Sync 1 DAGs
[2026-08-08T17:35:15.577+0000] {logging_mixin.py:190} INFO - [2026-08-08T17:35:15.577+0000] {dag.py:4138} INFO - Setting next_dagrun for example_sensors to None, run_after=None
[2026-08-08T17:35:15.598+0000] {processor.py:208} INFO - Processing /home/airflow/.local/lib/python3.12/site-packages/airflow/example_dags/example_sensors.py took 0.070 seconds
[2026-08-08T17:35:46.416+0000] {processor.py:186} INFO - Started process (PID=1407) to work on /home/airflow/.local/lib/python3.12/site-packages/airflow/example_dags/example_sensors.py
[2026-08-08T17:35:46.417+0000] {processor.py:914} INFO - Processing file /home/airflow/.local/lib/python3.12/site-packages/airflow/example_dags/example_sensors.py for tasks to queue
[2026-08-08T17:35:46.420+0000] {logging_mixin.py:190} INFO - [2026-08-08T17:35:46.419+0000] {dagbag.py:587} INFO - Filling up the DagBag from /home/airflow/.local/lib/python3.12/site-packages/airflow/example_dags/example_sensors.py
[2026-08-08T17:35:46.429+0000] {processor.py:925} INFO - DAG(s) 'example_sensors' retrieved from /home/airflow/.local/lib/python3.12/site-packages/airflow/example_dags/example_sensors.py
[2026-08-08T17:35:46.450+0000] {logging_mixin.py:190} INFO - [2026-08-08T17:35:46.450+0000] {dag.py:3211} INFO - Sync 1 DAGs
[2026-08-08T17:35:46.461+0000] {logging_mixin.py:190} INFO - [2026-08-08T17:35:46.461+0000] {dag.py:4138} INFO - Setting next_dagrun for example_sensors to None, run_after=None
[2026-08-08T17:35:46.481+0000] {processor.py:208} INFO - Processing /home/airflow/.local/lib/python3.12/site-packages/airflow/example_dags/example_sensors.py took 0.070 seconds
[2026-08-08T17:36:16.982+0000] {processor.py:186} INFO - Started process (PID=1470) to work on /home/airflow/.local/lib/python3.12/site-packages/airflow/example_dags/example_sensors.py
[2026-08-08T17:36:16.983+0000] {processor.py:914} INFO - Processing file /home/airflow/.local/lib/python3.12/site-packages/airflow/example_dags/example_sensors.py for tasks to queue
[2026-08-08T17:36:16.986+0000] {logging_mixin.py:190} INFO - [2026-08-08T17:36:16.986+0000] {dagbag.py:587} INFO - Filling up the DagBag from /home/airflow/.local/lib/python3.12/site-packages/airflow/example_dags/example_sensors.py
[2026-08-08T17:36:16.995+0000] {processor.py:925} INFO - DAG(s) 'example_sensors' retrieved from /home/airflow/.local/lib/python3.12/site-packages/airflow/example_dags/example_sensors.py
[2026-08-08T17:36:17.020+0000] {logging_mixin.py:190} INFO - [2026-08-08T17:36:17.019+0000] {dag.py:3211} INFO - Sync 1 DAGs
[2026-08-08T17:36:17.031+0000] {logging_mixin.py:190} INFO - [2026-08-08T17:36:17.030+0000] {dag.py:4138} INFO - Setting next_dagrun for example_sensors to None, run_after=None
[2026-08-08T17:36:17.053+0000] {processor.py:208} INFO - Processing /home/airflow/.local/lib/python3.12/site-packages/airflow/example_dags/example_sensors.py took 0.076 seconds
[2026-08-08T17:38:14.411+0000] {processor.py:186} INFO - Started process (PID=67) to work on /home/airflow/.local/lib/python3.12/site-packages/airflow/example_dags/example_sensors.py
[2026-08-08T17:38:14.412+0000] {processor.py:914} INFO - Processing file /home/airflow/.local/lib/python3.12/site-packages/airflow/example_dags/example_sensors.py for tasks to queue
[2026-08-08T17:38:14.417+0000] {logging_mixin.py:190} INFO - [2026-08-08T17:38:14.416+0000] {dagbag.py:587} INFO - Filling up the DagBag from /home/airflow/.local/lib/python3.12/site-packages/airflow/example_dags/example_sensors.py
[2026-08-08T17:38:14.431+0000] {processor.py:925} INFO - DAG(s) 'example_sensors' retrieved from /home/airflow/.local/lib/python3.12/site-packages/airflow/example_dags/example_sensors.py
[2026-08-08T17:38:14.478+0000] {logging_mixin.py:190} INFO - [2026-08-08T17:38:14.477+0000] {dag.py:3211} INFO - Sync 1 DAGs
[2026-08-08T17:38:14.499+0000] {logging_mixin.py:190} INFO - [2026-08-08T17:38:14.499+0000] {dag.py:4138} INFO - Setting next_dagrun for example_sensors to None, run_after=None
[2026-08-08T17:38:14.522+0000] {processor.py:208} INFO - Processing /home/airflow/.local/lib/python3.12/site-packages/airflow/example_dags/example_sensors.py took 0.116 seconds
[2026-08-08T17:38:45.211+0000] {processor.py:186} INFO - Started process (PID=130) to work on /home/airflow/.local/lib/python3.12/site-packages/airflow/example_dags/example_sensors.py
[2026-08-08T17:38:45.214+0000] {processor.py:914} INFO - Processing file /home/airflow/.local/lib/python3.12/site-packages/airflow/example_dags/example_sensors.py for tasks to queue
[2026-08-08T17:38:45.223+0000] {logging_mixin.py:190} INFO - [2026-08-08T17:38:45.222+0000] {dagbag.py:587} INFO - Filling up the DagBag from /home/airflow/.local/lib/python3.12/site-packages/airflow/example_dags/example_sensors.py
[2026-08-08T17:38:45.240+0000] {processor.py:925} INFO - DAG(s) 'example_sensors' retrieved from /home/airflow/.local/lib/python3.12/site-packages/airflow/example_dags/example_sensors.py
[2026-08-08T17:38:45.279+0000] {logging_mixin.py:190} INFO - [2026-08-08T17:38:45.279+0000] {dag.py:3211} INFO - Sync 1 DAGs
[2026-08-08T17:38:45.299+0000] {logging_mixin.py:190} INFO - [2026-08-08T17:38:45.299+0000] {dag.py:4138} INFO - Setting next_dagrun for example_sensors to None, run_after=None
[2026-08-08T17:38:45.329+0000] {processor.py:208} INFO - Processing /home/airflow/.local/lib/python3.12/site-packages/airflow/example_dags/example_sensors.py took 0.126 seconds
[2026-08-08T17:39:15.776+0000] {processor.py:186} INFO - Started process (PID=199) to work on /home/airflow/.local/lib/python3.12/site-packages/airflow/example_dags/example_sensors.py
[2026-08-08T17:39:15.777+0000] {processor.py:914} INFO - Processing file /home/airflow/.local/lib/python3.12/site-packages/airflow/example_dags/example_sensors.py for tasks to queue
[2026-08-08T17:39:15.779+0000] {logging_mixin.py:190} INFO - [2026-08-08T17:39:15.779+0000] {dagbag.py:587} INFO - Filling up the DagBag from /home/airflow/.local/lib/python3.12/site-packages/airflow/example_dags/example_sensors.py
[2026-08-08T17:39:15.790+0000] {processor.py:925} INFO - DAG(s) 'example_sensors' retrieved from /home/airflow/.local/lib/python3.12/site-packages/airflow/example_dags/example_sensors.py
[2026-08-08T17:39:15.814+0000] {logging_mixin.py:190} INFO - [2026-08-08T17:39:15.814+0000] {dag.py:3211} INFO - Sync 1 DAGs
[2026-08-08T17:39:15.827+0000] {logging_mixin.py:190} INFO - [2026-08-08T17:39:15.826+0000] {dag.py:4138} INFO - Setting next_dagrun for example_sensors to None, run_after=None
[2026-08-08T17:39:15.844+0000] {processor.py:208} INFO - Processing /home/airflow/.local/lib/python3.12/site-packages/airflow/example_dags/example_sensors.py took 0.073 seconds
[2026-08-08T17:39:46.862+0000] {processor.py:186} INFO - Started process (PID=262) to work on /home/airflow/.local/lib/python3.12/site-packages/airflow/example_dags/example_sensors.py
[2026-08-08T17:39:46.864+0000] {processor.py:914} INFO - Processing file /home/airflow/.local/lib/python3.12/site-packages/airflow/example_dags/example_sensors.py for tasks to queue
[2026-08-08T17:39:46.866+0000] {logging_mixin.py:190} INFO - [2026-08-08T17:39:46.866+0000] {dagbag.py:587} INFO - Filling up the DagBag from /home/airflow/.local/lib/python3.12/site-packages/airflow/example_dags/example_sensors.py
[2026-08-08T17:39:46.879+0000] {processor.py:925} INFO - DAG(s) 'example_sensors' retrieved from /home/airflow/.local/lib/python3.12/site-packages/airflow/example_dags/example_sensors.py
[2026-08-08T17:39:46.910+0000] {logging_mixin.py:190} INFO - [2026-08-08T17:39:46.910+0000] {dag.py:3211} INFO - Sync 1 DAGs
[2026-08-08T17:39:46.922+0000] {logging_mixin.py:190} INFO - [2026-08-08T17:39:46.922+0000] {dag.py:4138} INFO - Setting next_dagrun for example_sensors to None, run_after=None
[2026-08-08T17:39:46.945+0000] {processor.py:208} INFO - Processing /home/airflow/.local/lib/python3.12/site-packages/airflow/example_dags/example_sensors.py took 0.089 seconds
[2026-08-08T17:42:38.175+0000] {processor.py:186} INFO - Started process (PID=79) to work on /home/airflow/.local/lib/python3.12/site-packages/airflow/example_dags/example_sensors.py
[2026-08-08T17:42:38.177+0000] {processor.py:914} INFO - Processing file /home/airflow/.local/lib/python3.12/site-packages/airflow/example_dags/example_sensors.py for tasks to queue
[2026-08-08T17:42:38.181+0000] {logging_mixin.py:190} INFO - [2026-08-08T17:42:38.180+0000] {dagbag.py:587} INFO - Filling up the DagBag from /home/airflow/.local/lib/python3.12/site-packages/airflow/example_dags/example_sensors.py
[2026-08-08T17:42:38.196+0000] {processor.py:925} INFO - DAG(s) 'example_sensors' retrieved from /home/airflow/.local/lib/python3.12/site-packages/airflow/example_dags/example_sensors.py
[2026-08-08T17:42:38.237+0000] {logging_mixin.py:190} INFO - [2026-08-08T17:42:38.237+0000] {dag.py:3211} INFO - Sync 1 DAGs
[2026-08-08T17:42:38.255+0000] {logging_mixin.py:190} INFO - [2026-08-08T17:42:38.255+0000] {dag.py:4138} INFO - Setting next_dagrun for example_sensors to None, run_after=None
[2026-08-08T17:42:38.313+0000] {processor.py:208} INFO - Processing /home/airflow/.local/lib/python3.12/site-packages/airflow/example_dags/example_sensors.py took 0.147 seconds
[2026-08-08T17:43:08.773+0000] {processor.py:186} INFO - Started process (PID=148) to work on /home/airflow/.local/lib/python3.12/site-packages/airflow/example_dags/example_sensors.py
[2026-08-08T17:43:08.774+0000] {processor.py:914} INFO - Processing file /home/airflow/.local/lib/python3.12/site-packages/airflow/example_dags/example_sensors.py for tasks to queue
[2026-08-08T17:43:08.778+0000] {logging_mixin.py:190} INFO - [2026-08-08T17:43:08.777+0000] {dagbag.py:587} INFO - Filling up the DagBag from /home/airflow/.local/lib/python3.12/site-packages/airflow/example_dags/example_sensors.py
[2026-08-08T17:43:08.794+0000] {processor.py:925} INFO - DAG(s) 'example_sensors' retrieved from /home/airflow/.local/lib/python3.12/site-packages/airflow/example_dags/example_sensors.py
[2026-08-08T17:43:08.831+0000] {logging_mixin.py:190} INFO - [2026-08-08T17:43:08.831+0000] {dag.py:3211} INFO - Sync 1 DAGs
[2026-08-08T17:43:08.853+0000] {logging_mixin.py:190} INFO - [2026-08-08T17:43:08.853+0000] {dag.py:4138} INFO - Setting next_dagrun for example_sensors to None, run_after=None
[2026-08-08T17:43:08.884+0000] {processor.py:208} INFO - Processing /home/airflow/.local/lib/python3.12/site-packages/airflow/example_dags/example_sensors.py took 0.118 seconds
[2026-08-08T17:43:39.164+0000] {processor.py:186} INFO - Started process (PID=210) to work on /home/airflow/.local/lib/python3.12/site-packages/airflow/example_dags/example_sensors.py
[2026-08-08T17:43:39.167+0000] {processor.py:914} INFO - Processing file /home/airflow/.local/lib/python3.12/site-packages/airflow/example_dags/example_sensors.py for tasks to queue
[2026-08-08T17:43:39.172+0000] {logging_mixin.py:190} INFO - [2026-08-08T17:43:39.171+0000] {dagbag.py:587} INFO - Filling up the DagBag from /home/airflow/.local/lib/python3.12/site-packages/airflow/example_dags/example_sensors.py
[2026-08-08T17:43:39.190+0000] {processor.py:925} INFO - DAG(s) 'example_sensors' retrieved from /home/airflow/.local/lib/python3.12/site-packages/airflow/example_dags/example_sensors.py
[2026-08-08T17:43:39.226+0000] {logging_mixin.py:190} INFO - [2026-08-08T17:43:39.226+0000] {dag.py:3211} INFO - Sync 1 DAGs
[2026-08-08T17:43:39.247+0000] {logging_mixin.py:190} INFO - [2026-08-08T17:43:39.246+0000] {dag.py:4138} INFO - Setting next_dagrun for example_sensors to None, run_after=None
[2026-08-08T17:43:39.276+0000] {processor.py:208} INFO - Processing /home/airflow/.local/lib/python3.12/site-packages/airflow/example_dags/example_sensors.py took 0.122 seconds
[2026-08-08T17:44:10.008+0000] {processor.py:186} INFO - Started process (PID=274) to work on /home/airflow/.local/lib/python3.12/site-packages/airflow/example_dags/example_sensors.py
[2026-08-08T17:44:10.009+0000] {processor.py:914} INFO - Processing file /home/airflow/.local/lib/python3.12/site-packages/airflow/example_dags/example_sensors.py for tasks to queue
[2026-08-08T17:44:10.012+0000] {logging_mixin.py:190} INFO - [2026-08-08T17:44:10.012+0000] {dagbag.py:587} INFO - Filling up the DagBag from /home/airflow/.local/lib/python3.12/site-packages/airflow/example_dags/example_sensors.py
[2026-08-08T17:44:10.022+0000] {processor.py:925} INFO - DAG(s) 'example_sensors' retrieved from /home/airflow/.local/lib/python3.12/site-packages/airflow/example_dags/example_sensors.py
[2026-08-08T17:44:10.046+0000] {logging_mixin.py:190} INFO - [2026-08-08T17:44:10.046+0000] {dag.py:3211} INFO - Sync 1 DAGs
[2026-08-08T17:44:10.058+0000] {logging_mixin.py:190} INFO - [2026-08-08T17:44:10.057+0000] {dag.py:4138} INFO - Setting next_dagrun for example_sensors to None, run_after=None
[2026-08-08T17:44:10.075+0000] {processor.py:208} INFO - Processing /home/airflow/.local/lib/python3.12/site-packages/airflow/example_dags/example_sensors.py took 0.075 seconds
[2026-08-08T17:44:40.461+0000] {processor.py:186} INFO - Started process (PID=337) to work on /home/airflow/.local/lib/python3.12/site-packages/airflow/example_dags/example_sensors.py
[2026-08-08T17:44:40.462+0000] {processor.py:914} INFO - Processing file /home/airflow/.local/lib/python3.12/site-packages/airflow/example_dags/example_sensors.py for tasks to queue
[2026-08-08T17:44:40.465+0000] {logging_mixin.py:190} INFO - [2026-08-08T17:44:40.464+0000] {dagbag.py:587} INFO - Filling up the DagBag from /home/airflow/.local/lib/python3.12/site-packages/airflow/example_dags/example_sensors.py
[2026-08-08T17:44:40.474+0000] {processor.py:925} INFO - DAG(s) 'example_sensors' retrieved from /home/airflow/.local/lib/python3.12/site-packages/airflow/example_dags/example_sensors.py
[2026-08-08T17:44:40.496+0000] {logging_mixin.py:190} INFO - [2026-08-08T17:44:40.496+0000] {dag.py:3211} INFO - Sync 1 DAGs
[2026-08-08T17:44:40.507+0000] {logging_mixin.py:190} INFO - [2026-08-08T17:44:40.507+0000] {dag.py:4138} INFO - Setting next_dagrun for example_sensors to None, run_after=None
[2026-08-08T17:44:40.526+0000] {processor.py:208} INFO - Processing /home/airflow/.local/lib/python3.12/site-packages/airflow/example_dags/example_sensors.py took 0.071 seconds
[2026-08-08T17:45:10.729+0000] {processor.py:186} INFO - Started process (PID=399) to work on /home/airflow/.local/lib/python3.12/site-packages/airflow/example_dags/example_sensors.py
[2026-08-08T17:45:10.730+0000] {processor.py:914} INFO - Processing file /home/airflow/.local/lib/python3.12/site-packages/airflow/example_dags/example_sensors.py for tasks to queue
[2026-08-08T17:45:10.733+0000] {logging_mixin.py:190} INFO - [2026-08-08T17:45:10.732+0000] {dagbag.py:587} INFO - Filling up the DagBag from /home/airflow/.local/lib/python3.12/site-packages/airflow/example_dags/example_sensors.py
[2026-08-08T17:45:10.742+0000] {processor.py:925} INFO - DAG(s) 'example_sensors' retrieved from /home/airflow/.local/lib/python3.12/site-packages/airflow/example_dags/example_sensors.py
[2026-08-08T17:45:10.764+0000] {logging_mixin.py:190} INFO - [2026-08-08T17:45:10.763+0000] {dag.py:3211} INFO - Sync 1 DAGs
[2026-08-08T17:45:10.776+0000] {logging_mixin.py:190} INFO - [2026-08-08T17:45:10.775+0000] {dag.py:4138} INFO - Setting next_dagrun for example_sensors to None, run_after=None
[2026-08-08T17:45:10.794+0000] {processor.py:208} INFO - Processing /home/airflow/.local/lib/python3.12/site-packages/airflow/example_dags/example_sensors.py took 0.071 seconds
[2026-08-08T17:45:41.005+0000] {processor.py:186} INFO - Started process (PID=462) to work on /home/airflow/.local/lib/python3.12/site-packages/airflow/example_dags/example_sensors.py
[2026-08-08T17:45:41.007+0000] {processor.py:914} INFO - Processing file /home/airflow/.local/lib/python3.12/site-packages/airflow/example_dags/example_sensors.py for tasks to queue
[2026-08-08T17:45:41.010+0000] {logging_mixin.py:190} INFO - [2026-08-08T17:45:41.010+0000] {dagbag.py:587} INFO - Filling up the DagBag from /home/airflow/.local/lib/python3.12/site-packages/airflow/example_dags/example_sensors.py
[2026-08-08T17:45:41.021+0000] {processor.py:925} INFO - DAG(s) 'example_sensors' retrieved from /home/airflow/.local/lib/python3.12/site-packages/airflow/example_dags/example_sensors.py
[2026-08-08T17:45:41.051+0000] {logging_mixin.py:190} INFO - [2026-08-08T17:45:41.051+0000] {dag.py:3211} INFO - Sync 1 DAGs
[2026-08-08T17:45:41.065+0000] {logging_mixin.py:190} INFO - [2026-08-08T17:45:41.065+0000] {dag.py:4138} INFO - Setting next_dagrun for example_sensors to None, run_after=None
[2026-08-08T17:45:41.086+0000] {processor.py:208} INFO - Processing /home/airflow/.local/lib/python3.12/site-packages/airflow/example_dags/example_sensors.py took 0.087 seconds
[2026-08-08T17:47:11.884+0000] {processor.py:186} INFO - Started process (PID=80) to work on /home/airflow/.local/lib/python3.12/site-packages/airflow/example_dags/example_sensors.py
[2026-08-08T17:47:11.886+0000] {processor.py:914} INFO - Processing file /home/airflow/.local/lib/python3.12/site-packages/airflow/example_dags/example_sensors.py for tasks to queue
[2026-08-08T17:47:11.889+0000] {logging_mixin.py:190} INFO - [2026-08-08T17:47:11.888+0000] {dagbag.py:587} INFO - Filling up the DagBag from /home/airflow/.local/lib/python3.12/site-packages/airflow/example_dags/example_sensors.py
[2026-08-08T17:47:11.900+0000] {processor.py:925} INFO - DAG(s) 'example_sensors' retrieved from /home/airflow/.local/lib/python3.12/site-packages/airflow/example_dags/example_sensors.py
[2026-08-08T17:47:11.934+0000] {logging_mixin.py:190} INFO - [2026-08-08T17:47:11.933+0000] {dag.py:3211} INFO - Sync 1 DAGs
[2026-08-08T17:47:11.947+0000] {logging_mixin.py:190} INFO - [2026-08-08T17:47:11.947+0000] {dag.py:4138} INFO - Setting next_dagrun for example_sensors to None, run_after=None
[2026-08-08T17:47:11.968+0000] {processor.py:208} INFO - Processing /home/airflow/.local/lib/python3.12/site-packages/airflow/example_dags/example_sensors.py took 0.090 seconds
[2026-08-08T17:47:42.768+0000] {processor.py:186} INFO - Started process (PID=142) to work on /home/airflow/.local/lib/python3.12/site-packages/airflow/example_dags/example_sensors.py
[2026-08-08T17:47:42.770+0000] {processor.py:914} INFO - Processing file /home/airflow/.local/lib/python3.12/site-packages/airflow/example_dags/example_sensors.py for tasks to queue
[2026-08-08T17:47:42.774+0000] {logging_mixin.py:190} INFO - [2026-08-08T17:47:42.774+0000] {dagbag.py:587} INFO - Filling up the DagBag from /home/airflow/.local/lib/python3.12/site-packages/airflow/example_dags/example_sensors.py
[2026-08-08T17:47:42.795+0000] {processor.py:925} INFO - DAG(s) 'example_sensors' retrieved from /home/airflow/.local/lib/python3.12/site-packages/airflow/example_dags/example_sensors.py
[2026-08-08T17:47:42.849+0000] {logging_mixin.py:190} INFO - [2026-08-08T17:47:42.848+0000] {dag.py:3211} INFO - Sync 1 DAGs
[2026-08-08T17:47:42.877+0000] {logging_mixin.py:190} INFO - [2026-08-08T17:47:42.876+0000] {dag.py:4138} INFO - Setting next_dagrun for example_sensors to None, run_after=None
[2026-08-08T17:47:42.917+0000] {processor.py:208} INFO - Processing /home/airflow/.local/lib/python3.12/site-packages/airflow/example_dags/example_sensors.py took 0.159 seconds
[2026-08-08T17:48:13.249+0000] {processor.py:186} INFO - Started process (PID=211) to work on /home/airflow/.local/lib/python3.12/site-packages/airflow/example_dags/example_sensors.py
[2026-08-08T17:48:13.251+0000] {processor.py:914} INFO - Processing file /home/airflow/.local/lib/python3.12/site-packages/airflow/example_dags/example_sensors.py for tasks to queue
[2026-08-08T17:48:13.254+0000] {logging_mixin.py:190} INFO - [2026-08-08T17:48:13.254+0000] {dagbag.py:587} INFO - Filling up the DagBag from /home/airflow/.local/lib/python3.12/site-packages/airflow/example_dags/example_sensors.py
[2026-08-08T17:48:13.266+0000] {processor.py:925} INFO - DAG(s) 'example_sensors' retrieved from /home/airflow/.local/lib/python3.12/site-packages/airflow/example_dags/example_sensors.py
[2026-08-08T17:48:13.294+0000] {logging_mixin.py:190} INFO - [2026-08-08T17:48:13.294+0000] {dag.py:3211} INFO - Sync 1 DAGs
[2026-08-08T17:48:13.304+0000] {logging_mixin.py:190} INFO - [2026-08-08T17:48:13.304+0000] {dag.py:4138} INFO - Setting next_dagrun for example_sensors to None, run_after=None
[2026-08-08T17:48:13.320+0000] {processor.py:208} INFO - Processing /home/airflow/.local/lib/python3.12/site-packages/airflow/example_dags/example_sensors.py took 0.079 seconds
[2026-08-08T17:48:44.142+0000] {processor.py:186} INFO - Started process (PID=280) to work on /home/airflow/.local/lib/python3.12/site-packages/airflow/example_dags/example_sensors.py
[2026-08-08T17:48:44.144+0000] {processor.py:914} INFO - Processing file /home/airflow/.local/lib/python3.12/site-packages/airflow/example_dags/example_sensors.py for tasks to queue
[2026-08-08T17:48:44.148+0000] {logging_mixin.py:190} INFO - [2026-08-08T17:48:44.147+0000] {dagbag.py:587} INFO - Filling up the DagBag from /home/airflow/.local/lib/python3.12/site-packages/airflow/example_dags/example_sensors.py
[2026-08-08T17:48:44.160+0000] {processor.py:925} INFO - DAG(s) 'example_sensors' retrieved from /home/airflow/.local/lib/python3.12/site-packages/airflow/example_dags/example_sensors.py
[2026-08-08T17:48:44.192+0000] {logging_mixin.py:190} INFO - [2026-08-08T17:48:44.191+0000] {dag.py:3211} INFO - Sync 1 DAGs
[2026-08-08T17:48:44.211+0000] {logging_mixin.py:190} INFO - [2026-08-08T17:48:44.210+0000] {dag.py:4138} INFO - Setting next_dagrun for example_sensors to None, run_after=None
[2026-08-08T17:48:44.239+0000] {processor.py:208} INFO - Processing /home/airflow/.local/lib/python3.12/site-packages/airflow/example_dags/example_sensors.py took 0.105 seconds
[2026-08-08T17:52:35.582+0000] {processor.py:186} INFO - Started process (PID=85) to work on /home/airflow/.local/lib/python3.12/site-packages/airflow/example_dags/example_sensors.py
[2026-08-08T17:52:35.583+0000] {processor.py:914} INFO - Processing file /home/airflow/.local/lib/python3.12/site-packages/airflow/example_dags/example_sensors.py for tasks to queue
[2026-08-08T17:52:35.587+0000] {logging_mixin.py:190} INFO - [2026-08-08T17:52:35.587+0000] {dagbag.py:587} INFO - Filling up the DagBag from /home/airflow/.local/lib/python3.12/site-packages/airflow/example_dags/example_sensors.py
[2026-08-08T17:52:35.602+0000] {processor.py:925} INFO - DAG(s) 'example_sensors' retrieved from /home/airflow/.local/lib/python3.12/site-packages/airflow/example_dags/example_sensors.py
[2026-08-08T17:52:35.646+0000] {logging_mixin.py:190} INFO - [2026-08-08T17:52:35.645+0000] {dag.py:3211} INFO - Sync 1 DAGs
[2026-08-08T17:52:35.664+0000] {logging_mixin.py:190} INFO - [2026-08-08T17:52:35.664+0000] {dag.py:4138} INFO - Setting next_dagrun for example_sensors to None, run_after=None
[2026-08-08T17:52:35.693+0000] {processor.py:208} INFO - Processing /home/airflow/.local/lib/python3.12/site-packages/airflow/example_dags/example_sensors.py took 0.118 seconds
[2026-08-08T17:53:06.195+0000] {processor.py:186} INFO - Started process (PID=148) to work on /home/airflow/.local/lib/python3.12/site-packages/airflow/example_dags/example_sensors.py
[2026-08-08T17:53:06.197+0000] {processor.py:914} INFO - Processing file /home/airflow/.local/lib/python3.12/site-packages/airflow/example_dags/example_sensors.py for tasks to queue
[2026-08-08T17:53:06.200+0000] {logging_mixin.py:190} INFO - [2026-08-08T17:53:06.199+0000] {dagbag.py:587} INFO - Filling up the DagBag from /home/airflow/.local/lib/python3.12/site-packages/airflow/example_dags/example_sensors.py
[2026-08-08T17:53:06.210+0000] {processor.py:925} INFO - DAG(s) 'example_sensors' retrieved from /home/airflow/.local/lib/python3.12/site-packages/airflow/example_dags/example_sensors.py
[2026-08-08T17:53:06.239+0000] {logging_mixin.py:190} INFO - [2026-08-08T17:53:06.239+0000] {dag.py:3211} INFO - Sync 1 DAGs
[2026-08-08T17:53:06.252+0000] {logging_mixin.py:190} INFO - [2026-08-08T17:53:06.252+0000] {dag.py:4138} INFO - Setting next_dagrun for example_sensors to None, run_after=None
[2026-08-08T17:53:06.280+0000] {processor.py:208} INFO - Processing /home/airflow/.local/lib/python3.12/site-packages/airflow/example_dags/example_sensors.py took 0.091 seconds
[2026-08-08T17:53:36.760+0000] {processor.py:186} INFO - Started process (PID=211) to work on /home/airflow/.local/lib/python3.12/site-packages/airflow/example_dags/example_sensors.py
[2026-08-08T17:53:36.761+0000] {processor.py:914} INFO - Processing file /home/airflow/.local/lib/python3.12/site-packages/airflow/example_dags/example_sensors.py for tasks to queue
[2026-08-08T17:53:36.765+0000] {logging_mixin.py:190} INFO - [2026-08-08T17:53:36.765+0000] {dagbag.py:587} INFO - Filling up the DagBag from /home/airflow/.local/lib/python3.12/site-packages/airflow/example_dags/example_sensors.py
[2026-08-08T17:53:36.793+0000] {processor.py:925} INFO - DAG(s) 'example_sensors' retrieved from /home/airflow/.local/lib/python3.12/site-packages/airflow/example_dags/example_sensors.py
[2026-08-08T17:53:36.843+0000] {logging_mixin.py:190} INFO - [2026-08-08T17:53:36.843+0000] {dag.py:3211} INFO - Sync 1 DAGs
[2026-08-08T17:53:36.866+0000] {logging_mixin.py:190} INFO - [2026-08-08T17:53:36.865+0000] {dag.py:4138} INFO - Setting next_dagrun for example_sensors to None, run_after=None
[2026-08-08T17:53:36.896+0000] {processor.py:208} INFO - Processing /home/airflow/.local/lib/python3.12/site-packages/airflow/example_dags/example_sensors.py took 0.146 seconds
[2026-08-08T17:54:07.452+0000] {processor.py:186} INFO - Started process (PID=274) to work on /home/airflow/.local/lib/python3.12/site-packages/airflow/example_dags/example_sensors.py
[2026-08-08T17:54:07.453+0000] {processor.py:914} INFO - Processing file /home/airflow/.local/lib/python3.12/site-packages/airflow/example_dags/example_sensors.py for tasks to queue
[2026-08-08T17:54:07.456+0000] {logging_mixin.py:190} INFO - [2026-08-08T17:54:07.456+0000] {dagbag.py:587} INFO - Filling up the DagBag from /home/airflow/.local/lib/python3.12/site-packages/airflow/example_dags/example_sensors.py
[2026-08-08T17:54:07.471+0000] {processor.py:925} INFO - DAG(s) 'example_sensors' retrieved from /home/airflow/.local/lib/python3.12/site-packages/airflow/example_dags/example_sensors.py
[2026-08-08T17:54:07.540+0000] {logging_mixin.py:190} INFO - [2026-08-08T17:54:07.540+0000] {dag.py:3211} INFO - Sync 1 DAGs
[2026-08-08T17:54:07.572+0000] {logging_mixin.py:190} INFO - [2026-08-08T17:54:07.572+0000] {dag.py:4138} INFO - Setting next_dagrun for example_sensors to None, run_after=None
[2026-08-08T17:54:07.638+0000] {processor.py:208} INFO - Processing /home/airflow/.local/lib/python3.12/site-packages/airflow/example_dags/example_sensors.py took 0.187 seconds
[2026-08-08T17:54:37.743+0000] {processor.py:186} INFO - Started process (PID=336) to work on /home/airflow/.local/lib/python3.12/site-packages/airflow/example_dags/example_sensors.py
[2026-08-08T17:54:37.744+0000] {processor.py:914} INFO - Processing file /home/airflow/.local/lib/python3.12/site-packages/airflow/example_dags/example_sensors.py for tasks to queue
[2026-08-08T17:54:37.747+0000] {logging_mixin.py:190} INFO - [2026-08-08T17:54:37.746+0000] {dagbag.py:587} INFO - Filling up the DagBag from /home/airflow/.local/lib/python3.12/site-packages/airflow/example_dags/example_sensors.py
[2026-08-08T17:54:37.757+0000] {processor.py:925} INFO - DAG(s) 'example_sensors' retrieved from /home/airflow/.local/lib/python3.12/site-packages/airflow/example_dags/example_sensors.py
[2026-08-08T17:54:37.783+0000] {logging_mixin.py:190} INFO - [2026-08-08T17:54:37.782+0000] {dag.py:3211} INFO - Sync 1 DAGs
[2026-08-08T17:54:37.796+0000] {logging_mixin.py:190} INFO - [2026-08-08T17:54:37.796+0000] {dag.py:4138} INFO - Setting next_dagrun for example_sensors to None, run_after=None
[2026-08-08T17:54:37.815+0000] {processor.py:208} INFO - Processing /home/airflow/.local/lib/python3.12/site-packages/airflow/example_dags/example_sensors.py took 0.078 seconds
[2026-08-08T17:55:07.922+0000] {processor.py:186} INFO - Started process (PID=399) to work on /home/airflow/.local/lib/python3.12/site-packages/airflow/example_dags/example_sensors.py
[2026-08-08T17:55:07.924+0000] {processor.py:914} INFO - Processing file /home/airflow/.local/lib/python3.12/site-packages/airflow/example_dags/example_sensors.py for tasks to queue
[2026-08-08T17:55:07.926+0000] {logging_mixin.py:190} INFO - [2026-08-08T17:55:07.926+0000] {dagbag.py:587} INFO - Filling up the DagBag from /home/airflow/.local/lib/python3.12/site-packages/airflow/example_dags/example_sensors.py
[2026-08-08T17:55:07.936+0000] {processor.py:925} INFO - DAG(s) 'example_sensors' retrieved from /home/airflow/.local/lib/python3.12/site-packages/airflow/example_dags/example_sensors.py
[2026-08-08T17:55:07.959+0000] {logging_mixin.py:190} INFO - [2026-08-08T17:55:07.959+0000] {dag.py:3211} INFO - Sync 1 DAGs
[2026-08-08T17:55:07.971+0000] {logging_mixin.py:190} INFO - [2026-08-08T17:55:07.971+0000] {dag.py:4138} INFO - Setting next_dagrun for example_sensors to None, run_after=None
[2026-08-08T17:55:07.988+0000] {processor.py:208} INFO - Processing /home/airflow/.local/lib/python3.12/site-packages/airflow/example_dags/example_sensors.py took 0.071 seconds
[2026-08-08T17:55:38.261+0000] {processor.py:186} INFO - Started process (PID=462) to work on /home/airflow/.local/lib/python3.12/site-packages/airflow/example_dags/example_sensors.py
[2026-08-08T17:55:38.262+0000] {processor.py:914} INFO - Processing file /home/airflow/.local/lib/python3.12/site-packages/airflow/example_dags/example_sensors.py for tasks to queue
[2026-08-08T17:55:38.265+0000] {logging_mixin.py:190} INFO - [2026-08-08T17:55:38.265+0000] {dagbag.py:587} INFO - Filling up the DagBag from /home/airflow/.local/lib/python3.12/site-packages/airflow/example_dags/example_sensors.py
[2026-08-08T17:55:38.276+0000] {processor.py:925} INFO - DAG(s) 'example_sensors' retrieved from /home/airflow/.local/lib/python3.12/site-packages/airflow/example_dags/example_sensors.py
[2026-08-08T17:55:38.297+0000] {logging_mixin.py:190} INFO - [2026-08-08T17:55:38.296+0000] {dag.py:3211} INFO - Sync 1 DAGs
[2026-08-08T17:55:38.307+0000] {logging_mixin.py:190} INFO - [2026-08-08T17:55:38.307+0000] {dag.py:4138} INFO - Setting next_dagrun for example_sensors to None, run_after=None
[2026-08-08T17:55:38.325+0000] {processor.py:208} INFO - Processing /home/airflow/.local/lib/python3.12/site-packages/airflow/example_dags/example_sensors.py took 0.070 seconds
[2026-08-08T17:56:08.496+0000] {processor.py:186} INFO - Started process (PID=525) to work on /home/airflow/.local/lib/python3.12/site-packages/airflow/example_dags/example_sensors.py
[2026-08-08T17:56:08.498+0000] {processor.py:914} INFO - Processing file /home/airflow/.local/lib/python3.12/site-packages/airflow/example_dags/example_sensors.py for tasks to queue
[2026-08-08T17:56:08.501+0000] {logging_mixin.py:190} INFO - [2026-08-08T17:56:08.501+0000] {dagbag.py:587} INFO - Filling up the DagBag from /home/airflow/.local/lib/python3.12/site-packages/airflow/example_dags/example_sensors.py
[2026-08-08T17:56:08.512+0000] {processor.py:925} INFO - DAG(s) 'example_sensors' retrieved from /home/airflow/.local/lib/python3.12/site-packages/airflow/example_dags/example_sensors.py
[2026-08-08T17:56:08.536+0000] {logging_mixin.py:190} INFO - [2026-08-08T17:56:08.536+0000] {dag.py:3211} INFO - Sync 1 DAGs
[2026-08-08T17:56:08.548+0000] {logging_mixin.py:190} INFO - [2026-08-08T17:56:08.548+0000] {dag.py:4138} INFO - Setting next_dagrun for example_sensors to None, run_after=None
[2026-08-08T17:56:08.567+0000] {processor.py:208} INFO - Processing /home/airflow/.local/lib/python3.12/site-packages/airflow/example_dags/example_sensors.py took 0.076 seconds
[2026-08-08T17:56:39.166+0000] {processor.py:186} INFO - Started process (PID=588) to work on /home/airflow/.local/lib/python3.12/site-packages/airflow/example_dags/example_sensors.py
[2026-08-08T17:56:39.168+0000] {processor.py:914} INFO - Processing file /home/airflow/.local/lib/python3.12/site-packages/airflow/example_dags/example_sensors.py for tasks to queue
[2026-08-08T17:56:39.172+0000] {logging_mixin.py:190} INFO - [2026-08-08T17:56:39.172+0000] {dagbag.py:587} INFO - Filling up the DagBag from /home/airflow/.local/lib/python3.12/site-packages/airflow/example_dags/example_sensors.py
[2026-08-08T17:56:39.186+0000] {processor.py:925} INFO - DAG(s) 'example_sensors' retrieved from /home/airflow/.local/lib/python3.12/site-packages/airflow/example_dags/example_sensors.py
[2026-08-08T17:56:39.211+0000] {logging_mixin.py:190} INFO - [2026-08-08T17:56:39.211+0000] {dag.py:3211} INFO - Sync 1 DAGs
[2026-08-08T17:56:39.223+0000] {logging_mixin.py:190} INFO - [2026-08-08T17:56:39.223+0000] {dag.py:4138} INFO - Setting next_dagrun for example_sensors to None, run_after=None
[2026-08-08T17:56:39.243+0000] {processor.py:208} INFO - Processing /home/airflow/.local/lib/python3.12/site-packages/airflow/example_dags/example_sensors.py took 0.085 seconds
[2026-08-08T17:57:09.575+0000] {processor.py:186} INFO - Started process (PID=651) to work on /home/airflow/.local/lib/python3.12/site-packages/airflow/example_dags/example_sensors.py
[2026-08-08T17:57:09.576+0000] {processor.py:914} INFO - Processing file /home/airflow/.local/lib/python3.12/site-packages/airflow/example_dags/example_sensors.py for tasks to queue
[2026-08-08T17:57:09.579+0000] {logging_mixin.py:190} INFO - [2026-08-08T17:57:09.578+0000] {dagbag.py:587} INFO - Filling up the DagBag from /home/airflow/.local/lib/python3.12/site-packages/airflow/example_dags/example_sensors.py
[2026-08-08T17:57:09.590+0000] {processor.py:925} INFO - DAG(s) 'example_sensors' retrieved from /home/airflow/.local/lib/python3.12/site-packages/airflow/example_dags/example_sensors.py
[2026-08-08T17:57:09.610+0000] {logging_mixin.py:190} INFO - [2026-08-08T17:57:09.610+0000] {dag.py:3211} INFO - Sync 1 DAGs
[2026-08-08T17:57:09.620+0000] {logging_mixin.py:190} INFO - [2026-08-08T17:57:09.620+0000] {dag.py:4138} INFO - Setting next_dagrun for example_sensors to None, run_after=None
[2026-08-08T17:57:09.636+0000] {processor.py:208} INFO - Processing /home/airflow/.local/lib/python3.12/site-packages/airflow/example_dags/example_sensors.py took 0.067 seconds
[2026-08-08T18:08:15.470+0000] {processor.py:186} INFO - Started process (PID=715) to work on /home/airflow/.local/lib/python3.12/site-packages/airflow/example_dags/example_sensors.py
[2026-08-08T18:08:15.478+0000] {processor.py:914} INFO - Processing file /home/airflow/.local/lib/python3.12/site-packages/airflow/example_dags/example_sensors.py for tasks to queue
[2026-08-08T18:08:15.497+0000] {logging_mixin.py:190} INFO - [2026-08-08T18:08:15.496+0000] {dagbag.py:587} INFO - Filling up the DagBag from /home/airflow/.local/lib/python3.12/site-packages/airflow/example_dags/example_sensors.py
[2026-08-08T18:08:15.534+0000] {processor.py:925} INFO - DAG(s) 'example_sensors' retrieved from /home/airflow/.local/lib/python3.12/site-packages/airflow/example_dags/example_sensors.py
[2026-08-08T18:08:15.582+0000] {logging_mixin.py:190} INFO - [2026-08-08T18:08:15.582+0000] {dag.py:3211} INFO - Sync 1 DAGs
[2026-08-08T18:08:15.609+0000] {logging_mixin.py:190} INFO - [2026-08-08T18:08:15.608+0000] {dag.py:4138} INFO - Setting next_dagrun for example_sensors to None, run_after=None
[2026-08-08T18:08:15.644+0000] {processor.py:208} INFO - Processing /home/airflow/.local/lib/python3.12/site-packages/airflow/example_dags/example_sensors.py took 0.196 seconds
[2026-08-08T18:08:46.638+0000] {processor.py:186} INFO - Started process (PID=778) to work on /home/airflow/.local/lib/python3.12/site-packages/airflow/example_dags/example_sensors.py
[2026-08-08T18:08:46.642+0000] {processor.py:914} INFO - Processing file /home/airflow/.local/lib/python3.12/site-packages/airflow/example_dags/example_sensors.py for tasks to queue
[2026-08-08T18:08:46.648+0000] {logging_mixin.py:190} INFO - [2026-08-08T18:08:46.646+0000] {dagbag.py:587} INFO - Filling up the DagBag from /home/airflow/.local/lib/python3.12/site-packages/airflow/example_dags/example_sensors.py
[2026-08-08T18:08:46.672+0000] {processor.py:925} INFO - DAG(s) 'example_sensors' retrieved from /home/airflow/.local/lib/python3.12/site-packages/airflow/example_dags/example_sensors.py
[2026-08-08T18:08:46.723+0000] {logging_mixin.py:190} INFO - [2026-08-08T18:08:46.722+0000] {dag.py:3211} INFO - Sync 1 DAGs
[2026-08-08T18:08:46.757+0000] {logging_mixin.py:190} INFO - [2026-08-08T18:08:46.757+0000] {dag.py:4138} INFO - Setting next_dagrun for example_sensors to None, run_after=None
[2026-08-08T18:08:46.796+0000] {processor.py:208} INFO - Processing /home/airflow/.local/lib/python3.12/site-packages/airflow/example_dags/example_sensors.py took 0.170 seconds
[2026-08-08T18:09:17.079+0000] {processor.py:186} INFO - Started process (PID=840) to work on /home/airflow/.local/lib/python3.12/site-packages/airflow/example_dags/example_sensors.py
[2026-08-08T18:09:17.081+0000] {processor.py:914} INFO - Processing file /home/airflow/.local/lib/python3.12/site-packages/airflow/example_dags/example_sensors.py for tasks to queue
[2026-08-08T18:09:17.085+0000] {logging_mixin.py:190} INFO - [2026-08-08T18:09:17.085+0000] {dagbag.py:587} INFO - Filling up the DagBag from /home/airflow/.local/lib/python3.12/site-packages/airflow/example_dags/example_sensors.py
[2026-08-08T18:09:17.103+0000] {processor.py:925} INFO - DAG(s) 'example_sensors' retrieved from /home/airflow/.local/lib/python3.12/site-packages/airflow/example_dags/example_sensors.py
[2026-08-08T18:09:17.145+0000] {logging_mixin.py:190} INFO - [2026-08-08T18:09:17.144+0000] {dag.py:3211} INFO - Sync 1 DAGs
[2026-08-08T18:09:17.168+0000] {logging_mixin.py:190} INFO - [2026-08-08T18:09:17.168+0000] {dag.py:4138} INFO - Setting next_dagrun for example_sensors to None, run_after=None
[2026-08-08T18:09:17.207+0000] {processor.py:208} INFO - Processing /home/airflow/.local/lib/python3.12/site-packages/airflow/example_dags/example_sensors.py took 0.137 seconds
[2026-08-08T18:09:47.691+0000] {processor.py:186} INFO - Started process (PID=903) to work on /home/airflow/.local/lib/python3.12/site-packages/airflow/example_dags/example_sensors.py
[2026-08-08T18:09:47.693+0000] {processor.py:914} INFO - Processing file /home/airflow/.local/lib/python3.12/site-packages/airflow/example_dags/example_sensors.py for tasks to queue
[2026-08-08T18:09:47.698+0000] {logging_mixin.py:190} INFO - [2026-08-08T18:09:47.697+0000] {dagbag.py:587} INFO - Filling up the DagBag from /home/airflow/.local/lib/python3.12/site-packages/airflow/example_dags/example_sensors.py
[2026-08-08T18:09:47.721+0000] {processor.py:925} INFO - DAG(s) 'example_sensors' retrieved from /home/airflow/.local/lib/python3.12/site-packages/airflow/example_dags/example_sensors.py
[2026-08-08T18:09:47.764+0000] {logging_mixin.py:190} INFO - [2026-08-08T18:09:47.763+0000] {dag.py:3211} INFO - Sync 1 DAGs
[2026-08-08T18:09:47.787+0000] {logging_mixin.py:190} INFO - [2026-08-08T18:09:47.786+0000] {dag.py:4138} INFO - Setting next_dagrun for example_sensors to None, run_after=None
[2026-08-08T18:09:47.820+0000] {processor.py:208} INFO - Processing /home/airflow/.local/lib/python3.12/site-packages/airflow/example_dags/example_sensors.py took 0.138 seconds
[2026-08-08T18:10:18.430+0000] {processor.py:186} INFO - Started process (PID=967) to work on /home/airflow/.local/lib/python3.12/site-packages/airflow/example_dags/example_sensors.py
[2026-08-08T18:10:18.431+0000] {processor.py:914} INFO - Processing file /home/airflow/.local/lib/python3.12/site-packages/airflow/example_dags/example_sensors.py for tasks to queue
[2026-08-08T18:10:18.435+0000] {logging_mixin.py:190} INFO - [2026-08-08T18:10:18.434+0000] {dagbag.py:587} INFO - Filling up the DagBag from /home/airflow/.local/lib/python3.12/site-packages/airflow/example_dags/example_sensors.py
[2026-08-08T18:10:18.452+0000] {processor.py:925} INFO - DAG(s) 'example_sensors' retrieved from /home/airflow/.local/lib/python3.12/site-packages/airflow/example_dags/example_sensors.py
[2026-08-08T18:10:18.490+0000] {logging_mixin.py:190} INFO - [2026-08-08T18:10:18.490+0000] {dag.py:3211} INFO - Sync 1 DAGs
[2026-08-08T18:10:18.511+0000] {logging_mixin.py:190} INFO - [2026-08-08T18:10:18.510+0000] {dag.py:4138} INFO - Setting next_dagrun for example_sensors to None, run_after=None
[2026-08-08T18:10:18.537+0000] {processor.py:208} INFO - Processing /home/airflow/.local/lib/python3.12/site-packages/airflow/example_dags/example_sensors.py took 0.115 seconds
[2026-08-08T18:10:48.697+0000] {processor.py:186} INFO - Started process (PID=1029) to work on /home/airflow/.local/lib/python3.12/site-packages/airflow/example_dags/example_sensors.py
[2026-08-08T18:10:48.698+0000] {processor.py:914} INFO - Processing file /home/airflow/.local/lib/python3.12/site-packages/airflow/example_dags/example_sensors.py for tasks to queue
[2026-08-08T18:10:48.701+0000] {logging_mixin.py:190} INFO - [2026-08-08T18:10:48.701+0000] {dagbag.py:587} INFO - Filling up the DagBag from /home/airflow/.local/lib/python3.12/site-packages/airflow/example_dags/example_sensors.py
[2026-08-08T18:10:48.714+0000] {processor.py:925} INFO - DAG(s) 'example_sensors' retrieved from /home/airflow/.local/lib/python3.12/site-packages/airflow/example_dags/example_sensors.py
[2026-08-08T18:10:48.747+0000] {logging_mixin.py:190} INFO - [2026-08-08T18:10:48.747+0000] {dag.py:3211} INFO - Sync 1 DAGs
[2026-08-08T18:10:48.765+0000] {logging_mixin.py:190} INFO - [2026-08-08T18:10:48.765+0000] {dag.py:4138} INFO - Setting next_dagrun for example_sensors to None, run_after=None
[2026-08-08T18:10:48.792+0000] {processor.py:208} INFO - Processing /home/airflow/.local/lib/python3.12/site-packages/airflow/example_dags/example_sensors.py took 0.102 seconds
[2026-08-08T18:11:19.536+0000] {processor.py:186} INFO - Started process (PID=1093) to work on /home/airflow/.local/lib/python3.12/site-packages/airflow/example_dags/example_sensors.py
[2026-08-08T18:11:19.537+0000] {processor.py:914} INFO - Processing file /home/airflow/.local/lib/python3.12/site-packages/airflow/example_dags/example_sensors.py for tasks to queue
[2026-08-08T18:11:19.540+0000] {logging_mixin.py:190} INFO - [2026-08-08T18:11:19.539+0000] {dagbag.py:587} INFO - Filling up the DagBag from /home/airflow/.local/lib/python3.12/site-packages/airflow/example_dags/example_sensors.py
[2026-08-08T18:11:19.550+0000] {processor.py:925} INFO - DAG(s) 'example_sensors' retrieved from /home/airflow/.local/lib/python3.12/site-packages/airflow/example_dags/example_sensors.py
[2026-08-08T18:11:19.576+0000] {logging_mixin.py:190} INFO - [2026-08-08T18:11:19.576+0000] {dag.py:3211} INFO - Sync 1 DAGs
[2026-08-08T18:11:19.587+0000] {logging_mixin.py:190} INFO - [2026-08-08T18:11:19.587+0000] {dag.py:4138} INFO - Setting next_dagrun for example_sensors to None, run_after=None
[2026-08-08T18:11:19.609+0000] {processor.py:208} INFO - Processing /home/airflow/.local/lib/python3.12/site-packages/airflow/example_dags/example_sensors.py took 0.078 seconds
[2026-08-08T18:11:50.380+0000] {processor.py:186} INFO - Started process (PID=1156) to work on /home/airflow/.local/lib/python3.12/site-packages/airflow/example_dags/example_sensors.py
[2026-08-08T18:11:50.382+0000] {processor.py:914} INFO - Processing file /home/airflow/.local/lib/python3.12/site-packages/airflow/example_dags/example_sensors.py for tasks to queue
[2026-08-08T18:11:50.384+0000] {logging_mixin.py:190} INFO - [2026-08-08T18:11:50.384+0000] {dagbag.py:587} INFO - Filling up the DagBag from /home/airflow/.local/lib/python3.12/site-packages/airflow/example_dags/example_sensors.py
[2026-08-08T18:11:50.394+0000] {processor.py:925} INFO - DAG(s) 'example_sensors' retrieved from /home/airflow/.local/lib/python3.12/site-packages/airflow/example_dags/example_sensors.py
[2026-08-08T18:11:50.418+0000] {logging_mixin.py:190} INFO - [2026-08-08T18:11:50.418+0000] {dag.py:3211} INFO - Sync 1 DAGs
[2026-08-08T18:11:50.437+0000] {logging_mixin.py:190} INFO - [2026-08-08T18:11:50.437+0000] {dag.py:4138} INFO - Setting next_dagrun for example_sensors to None, run_after=None
[2026-08-08T18:11:50.459+0000] {processor.py:208} INFO - Processing /home/airflow/.local/lib/python3.12/site-packages/airflow/example_dags/example_sensors.py took 0.084 seconds
[2026-08-08T18:13:05.769+0000] {processor.py:186} INFO - Started process (PID=85) to work on /home/airflow/.local/lib/python3.12/site-packages/airflow/example_dags/example_sensors.py
[2026-08-08T18:13:05.771+0000] {processor.py:914} INFO - Processing file /home/airflow/.local/lib/python3.12/site-packages/airflow/example_dags/example_sensors.py for tasks to queue
[2026-08-08T18:13:05.775+0000] {logging_mixin.py:190} INFO - [2026-08-08T18:13:05.774+0000] {dagbag.py:587} INFO - Filling up the DagBag from /home/airflow/.local/lib/python3.12/site-packages/airflow/example_dags/example_sensors.py
[2026-08-08T18:13:05.789+0000] {processor.py:925} INFO - DAG(s) 'example_sensors' retrieved from /home/airflow/.local/lib/python3.12/site-packages/airflow/example_dags/example_sensors.py
[2026-08-08T18:13:05.825+0000] {logging_mixin.py:190} INFO - [2026-08-08T18:13:05.825+0000] {dag.py:3211} INFO - Sync 1 DAGs
[2026-08-08T18:13:05.840+0000] {logging_mixin.py:190} INFO - [2026-08-08T18:13:05.840+0000] {dag.py:4138} INFO - Setting next_dagrun for example_sensors to None, run_after=None
[2026-08-08T18:13:05.871+0000] {processor.py:208} INFO - Processing /home/airflow/.local/lib/python3.12/site-packages/airflow/example_dags/example_sensors.py took 0.108 seconds
[2026-08-08T18:13:36.783+0000] {processor.py:186} INFO - Started process (PID=154) to work on /home/airflow/.local/lib/python3.12/site-packages/airflow/example_dags/example_sensors.py
[2026-08-08T18:13:36.784+0000] {processor.py:914} INFO - Processing file /home/airflow/.local/lib/python3.12/site-packages/airflow/example_dags/example_sensors.py for tasks to queue
[2026-08-08T18:13:36.787+0000] {logging_mixin.py:190} INFO - [2026-08-08T18:13:36.786+0000] {dagbag.py:587} INFO - Filling up the DagBag from /home/airflow/.local/lib/python3.12/site-packages/airflow/example_dags/example_sensors.py
[2026-08-08T18:13:36.797+0000] {processor.py:925} INFO - DAG(s) 'example_sensors' retrieved from /home/airflow/.local/lib/python3.12/site-packages/airflow/example_dags/example_sensors.py
[2026-08-08T18:13:36.826+0000] {logging_mixin.py:190} INFO - [2026-08-08T18:13:36.825+0000] {dag.py:3211} INFO - Sync 1 DAGs
[2026-08-08T18:13:36.836+0000] {logging_mixin.py:190} INFO - [2026-08-08T18:13:36.836+0000] {dag.py:4138} INFO - Setting next_dagrun for example_sensors to None, run_after=None
[2026-08-08T18:13:36.863+0000] {processor.py:208} INFO - Processing /home/airflow/.local/lib/python3.12/site-packages/airflow/example_dags/example_sensors.py took 0.086 seconds
[2026-08-08T18:14:07.562+0000] {processor.py:186} INFO - Started process (PID=217) to work on /home/airflow/.local/lib/python3.12/site-packages/airflow/example_dags/example_sensors.py
[2026-08-08T18:14:07.563+0000] {processor.py:914} INFO - Processing file /home/airflow/.local/lib/python3.12/site-packages/airflow/example_dags/example_sensors.py for tasks to queue
[2026-08-08T18:14:07.566+0000] {logging_mixin.py:190} INFO - [2026-08-08T18:14:07.565+0000] {dagbag.py:587} INFO - Filling up the DagBag from /home/airflow/.local/lib/python3.12/site-packages/airflow/example_dags/example_sensors.py
[2026-08-08T18:14:07.578+0000] {processor.py:925} INFO - DAG(s) 'example_sensors' retrieved from /home/airflow/.local/lib/python3.12/site-packages/airflow/example_dags/example_sensors.py
[2026-08-08T18:14:07.620+0000] {logging_mixin.py:190} INFO - [2026-08-08T18:14:07.619+0000] {dag.py:3211} INFO - Sync 1 DAGs
[2026-08-08T18:14:07.635+0000] {logging_mixin.py:190} INFO - [2026-08-08T18:14:07.635+0000] {dag.py:4138} INFO - Setting next_dagrun for example_sensors to None, run_after=None
[2026-08-08T18:14:07.664+0000] {processor.py:208} INFO - Processing /home/airflow/.local/lib/python3.12/site-packages/airflow/example_dags/example_sensors.py took 0.109 seconds
[2026-08-08T18:14:37.978+0000] {processor.py:186} INFO - Started process (PID=280) to work on /home/airflow/.local/lib/python3.12/site-packages/airflow/example_dags/example_sensors.py
[2026-08-08T18:14:37.979+0000] {processor.py:914} INFO - Processing file /home/airflow/.local/lib/python3.12/site-packages/airflow/example_dags/example_sensors.py for tasks to queue
[2026-08-08T18:14:37.981+0000] {logging_mixin.py:190} INFO - [2026-08-08T18:14:37.981+0000] {dagbag.py:587} INFO - Filling up the DagBag from /home/airflow/.local/lib/python3.12/site-packages/airflow/example_dags/example_sensors.py
[2026-08-08T18:14:37.991+0000] {processor.py:925} INFO - DAG(s) 'example_sensors' retrieved from /home/airflow/.local/lib/python3.12/site-packages/airflow/example_dags/example_sensors.py
[2026-08-08T18:14:38.013+0000] {logging_mixin.py:190} INFO - [2026-08-08T18:14:38.012+0000] {dag.py:3211} INFO - Sync 1 DAGs
[2026-08-08T18:14:38.024+0000] {logging_mixin.py:190} INFO - [2026-08-08T18:14:38.024+0000] {dag.py:4138} INFO - Setting next_dagrun for example_sensors to None, run_after=None
[2026-08-08T18:14:38.044+0000] {processor.py:208} INFO - Processing /home/airflow/.local/lib/python3.12/site-packages/airflow/example_dags/example_sensors.py took 0.071 seconds
[2026-08-08T18:15:08.164+0000] {processor.py:186} INFO - Started process (PID=342) to work on /home/airflow/.local/lib/python3.12/site-packages/airflow/example_dags/example_sensors.py
[2026-08-08T18:15:08.167+0000] {processor.py:914} INFO - Processing file /home/airflow/.local/lib/python3.12/site-packages/airflow/example_dags/example_sensors.py for tasks to queue
[2026-08-08T18:15:08.170+0000] {logging_mixin.py:190} INFO - [2026-08-08T18:15:08.170+0000] {dagbag.py:587} INFO - Filling up the DagBag from /home/airflow/.local/lib/python3.12/site-packages/airflow/example_dags/example_sensors.py
[2026-08-08T18:15:08.191+0000] {processor.py:925} INFO - DAG(s) 'example_sensors' retrieved from /home/airflow/.local/lib/python3.12/site-packages/airflow/example_dags/example_sensors.py
[2026-08-08T18:15:08.235+0000] {logging_mixin.py:190} INFO - [2026-08-08T18:15:08.235+0000] {dag.py:3211} INFO - Sync 1 DAGs
[2026-08-08T18:15:08.256+0000] {logging_mixin.py:190} INFO - [2026-08-08T18:15:08.256+0000] {dag.py:4138} INFO - Setting next_dagrun for example_sensors to None, run_after=None
[2026-08-08T18:15:08.286+0000] {processor.py:208} INFO - Processing /home/airflow/.local/lib/python3.12/site-packages/airflow/example_dags/example_sensors.py took 0.133 seconds
[2026-08-08T18:15:38.716+0000] {processor.py:186} INFO - Started process (PID=405) to work on /home/airflow/.local/lib/python3.12/site-packages/airflow/example_dags/example_sensors.py
[2026-08-08T18:15:38.719+0000] {processor.py:914} INFO - Processing file /home/airflow/.local/lib/python3.12/site-packages/airflow/example_dags/example_sensors.py for tasks to queue
[2026-08-08T18:15:38.723+0000] {logging_mixin.py:190} INFO - [2026-08-08T18:15:38.722+0000] {dagbag.py:587} INFO - Filling up the DagBag from /home/airflow/.local/lib/python3.12/site-packages/airflow/example_dags/example_sensors.py
[2026-08-08T18:15:38.739+0000] {processor.py:925} INFO - DAG(s) 'example_sensors' retrieved from /home/airflow/.local/lib/python3.12/site-packages/airflow/example_dags/example_sensors.py
[2026-08-08T18:15:38.778+0000] {logging_mixin.py:190} INFO - [2026-08-08T18:15:38.777+0000] {dag.py:3211} INFO - Sync 1 DAGs
[2026-08-08T18:15:38.798+0000] {logging_mixin.py:190} INFO - [2026-08-08T18:15:38.798+0000] {dag.py:4138} INFO - Setting next_dagrun for example_sensors to None, run_after=None
[2026-08-08T18:15:38.828+0000] {processor.py:208} INFO - Processing /home/airflow/.local/lib/python3.12/site-packages/airflow/example_dags/example_sensors.py took 0.121 seconds
[2026-08-08T18:17:11.107+0000] {processor.py:186} INFO - Started process (PID=104) to work on /home/airflow/.local/lib/python3.12/site-packages/airflow/example_dags/example_sensors.py
[2026-08-08T18:17:11.109+0000] {processor.py:914} INFO - Processing file /home/airflow/.local/lib/python3.12/site-packages/airflow/example_dags/example_sensors.py for tasks to queue
[2026-08-08T18:17:11.112+0000] {logging_mixin.py:190} INFO - [2026-08-08T18:17:11.112+0000] {dagbag.py:587} INFO - Filling up the DagBag from /home/airflow/.local/lib/python3.12/site-packages/airflow/example_dags/example_sensors.py
[2026-08-08T18:17:11.126+0000] {processor.py:925} INFO - DAG(s) 'example_sensors' retrieved from /home/airflow/.local/lib/python3.12/site-packages/airflow/example_dags/example_sensors.py
[2026-08-08T18:17:11.173+0000] {logging_mixin.py:190} INFO - [2026-08-08T18:17:11.172+0000] {dag.py:3211} INFO - Sync 1 DAGs
[2026-08-08T18:17:11.190+0000] {logging_mixin.py:190} INFO - [2026-08-08T18:17:11.189+0000] {dag.py:4138} INFO - Setting next_dagrun for example_sensors to None, run_after=None
[2026-08-08T18:17:11.212+0000] {processor.py:208} INFO - Processing /home/airflow/.local/lib/python3.12/site-packages/airflow/example_dags/example_sensors.py took 0.112 seconds
[2026-08-08T18:17:42.010+0000] {processor.py:186} INFO - Started process (PID=167) to work on /home/airflow/.local/lib/python3.12/site-packages/airflow/example_dags/example_sensors.py
[2026-08-08T18:17:42.012+0000] {processor.py:914} INFO - Processing file /home/airflow/.local/lib/python3.12/site-packages/airflow/example_dags/example_sensors.py for tasks to queue
[2026-08-08T18:17:42.015+0000] {logging_mixin.py:190} INFO - [2026-08-08T18:17:42.015+0000] {dagbag.py:587} INFO - Filling up the DagBag from /home/airflow/.local/lib/python3.12/site-packages/airflow/example_dags/example_sensors.py
[2026-08-08T18:17:42.024+0000] {processor.py:925} INFO - DAG(s) 'example_sensors' retrieved from /home/airflow/.local/lib/python3.12/site-packages/airflow/example_dags/example_sensors.py
[2026-08-08T18:17:42.047+0000] {logging_mixin.py:190} INFO - [2026-08-08T18:17:42.046+0000] {dag.py:3211} INFO - Sync 1 DAGs
[2026-08-08T18:17:42.058+0000] {logging_mixin.py:190} INFO - [2026-08-08T18:17:42.058+0000] {dag.py:4138} INFO - Setting next_dagrun for example_sensors to None, run_after=None
[2026-08-08T18:17:42.079+0000] {processor.py:208} INFO - Processing /home/airflow/.local/lib/python3.12/site-packages/airflow/example_dags/example_sensors.py took 0.076 seconds
[2026-08-08T18:18:12.565+0000] {processor.py:186} INFO - Started process (PID=229) to work on /home/airflow/.local/lib/python3.12/site-packages/airflow/example_dags/example_sensors.py
[2026-08-08T18:18:12.567+0000] {processor.py:914} INFO - Processing file /home/airflow/.local/lib/python3.12/site-packages/airflow/example_dags/example_sensors.py for tasks to queue
[2026-08-08T18:18:12.570+0000] {logging_mixin.py:190} INFO - [2026-08-08T18:18:12.569+0000] {dagbag.py:587} INFO - Filling up the DagBag from /home/airflow/.local/lib/python3.12/site-packages/airflow/example_dags/example_sensors.py
[2026-08-08T18:18:12.582+0000] {processor.py:925} INFO - DAG(s) 'example_sensors' retrieved from /home/airflow/.local/lib/python3.12/site-packages/airflow/example_dags/example_sensors.py
[2026-08-08T18:18:12.615+0000] {logging_mixin.py:190} INFO - [2026-08-08T18:18:12.615+0000] {dag.py:3211} INFO - Sync 1 DAGs
[2026-08-08T18:18:12.636+0000] {logging_mixin.py:190} INFO - [2026-08-08T18:18:12.635+0000] {dag.py:4138} INFO - Setting next_dagrun for example_sensors to None, run_after=None
[2026-08-08T18:18:12.664+0000] {processor.py:208} INFO - Processing /home/airflow/.local/lib/python3.12/site-packages/airflow/example_dags/example_sensors.py took 0.106 seconds
[2026-08-08T18:18:43.584+0000] {processor.py:186} INFO - Started process (PID=294) to work on /home/airflow/.local/lib/python3.12/site-packages/airflow/example_dags/example_sensors.py
[2026-08-08T18:18:43.586+0000] {processor.py:914} INFO - Processing file /home/airflow/.local/lib/python3.12/site-packages/airflow/example_dags/example_sensors.py for tasks to queue
[2026-08-08T18:18:43.588+0000] {logging_mixin.py:190} INFO - [2026-08-08T18:18:43.588+0000] {dagbag.py:587} INFO - Filling up the DagBag from /home/airflow/.local/lib/python3.12/site-packages/airflow/example_dags/example_sensors.py
[2026-08-08T18:18:43.599+0000] {processor.py:925} INFO - DAG(s) 'example_sensors' retrieved from /home/airflow/.local/lib/python3.12/site-packages/airflow/example_dags/example_sensors.py
[2026-08-08T18:18:43.623+0000] {logging_mixin.py:190} INFO - [2026-08-08T18:18:43.623+0000] {dag.py:3211} INFO - Sync 1 DAGs
[2026-08-08T18:18:43.634+0000] {logging_mixin.py:190} INFO - [2026-08-08T18:18:43.634+0000] {dag.py:4138} INFO - Setting next_dagrun for example_sensors to None, run_after=None
[2026-08-08T18:18:43.652+0000] {processor.py:208} INFO - Processing /home/airflow/.local/lib/python3.12/site-packages/airflow/example_dags/example_sensors.py took 0.075 seconds
[2026-08-08T18:19:14.174+0000] {processor.py:186} INFO - Started process (PID=357) to work on /home/airflow/.local/lib/python3.12/site-packages/airflow/example_dags/example_sensors.py
[2026-08-08T18:19:14.176+0000] {processor.py:914} INFO - Processing file /home/airflow/.local/lib/python3.12/site-packages/airflow/example_dags/example_sensors.py for tasks to queue
[2026-08-08T18:19:14.179+0000] {logging_mixin.py:190} INFO - [2026-08-08T18:19:14.179+0000] {dagbag.py:587} INFO - Filling up the DagBag from /home/airflow/.local/lib/python3.12/site-packages/airflow/example_dags/example_sensors.py
[2026-08-08T18:19:14.193+0000] {processor.py:925} INFO - DAG(s) 'example_sensors' retrieved from /home/airflow/.local/lib/python3.12/site-packages/airflow/example_dags/example_sensors.py
[2026-08-08T18:19:14.221+0000] {logging_mixin.py:190} INFO - [2026-08-08T18:19:14.221+0000] {dag.py:3211} INFO - Sync 1 DAGs
[2026-08-08T18:19:14.235+0000] {logging_mixin.py:190} INFO - [2026-08-08T18:19:14.234+0000] {dag.py:4138} INFO - Setting next_dagrun for example_sensors to None, run_after=None
[2026-08-08T18:19:14.255+0000] {processor.py:208} INFO - Processing /home/airflow/.local/lib/python3.12/site-packages/airflow/example_dags/example_sensors.py took 0.088 seconds
[2026-08-08T18:23:59.805+0000] {processor.py:186} INFO - Started process (PID=419) to work on /home/airflow/.local/lib/python3.12/site-packages/airflow/example_dags/example_sensors.py
[2026-08-08T18:23:59.814+0000] {processor.py:914} INFO - Processing file /home/airflow/.local/lib/python3.12/site-packages/airflow/example_dags/example_sensors.py for tasks to queue
[2026-08-08T18:23:59.828+0000] {logging_mixin.py:190} INFO - [2026-08-08T18:23:59.827+0000] {dagbag.py:587} INFO - Filling up the DagBag from /home/airflow/.local/lib/python3.12/site-packages/airflow/example_dags/example_sensors.py
[2026-08-08T18:23:59.850+0000] {processor.py:925} INFO - DAG(s) 'example_sensors' retrieved from /home/airflow/.local/lib/python3.12/site-packages/airflow/example_dags/example_sensors.py
[2026-08-08T18:23:59.939+0000] {logging_mixin.py:190} INFO - [2026-08-08T18:23:59.939+0000] {dag.py:3211} INFO - Sync 1 DAGs
[2026-08-08T18:24:00.190+0000] {logging_mixin.py:190} INFO - [2026-08-08T18:24:00.190+0000] {dag.py:4138} INFO - Setting next_dagrun for example_sensors to None, run_after=None
[2026-08-08T18:24:00.334+0000] {processor.py:208} INFO - Processing /home/airflow/.local/lib/python3.12/site-packages/airflow/example_dags/example_sensors.py took 0.541 seconds
[2026-08-08T18:24:30.677+0000] {processor.py:186} INFO - Started process (PID=482) to work on /home/airflow/.local/lib/python3.12/site-packages/airflow/example_dags/example_sensors.py
[2026-08-08T18:24:30.678+0000] {processor.py:914} INFO - Processing file /home/airflow/.local/lib/python3.12/site-packages/airflow/example_dags/example_sensors.py for tasks to queue
[2026-08-08T18:24:30.681+0000] {logging_mixin.py:190} INFO - [2026-08-08T18:24:30.681+0000] {dagbag.py:587} INFO - Filling up the DagBag from /home/airflow/.local/lib/python3.12/site-packages/airflow/example_dags/example_sensors.py
[2026-08-08T18:24:30.694+0000] {processor.py:925} INFO - DAG(s) 'example_sensors' retrieved from /home/airflow/.local/lib/python3.12/site-packages/airflow/example_dags/example_sensors.py
[2026-08-08T18:24:30.726+0000] {logging_mixin.py:190} INFO - [2026-08-08T18:24:30.725+0000] {dag.py:3211} INFO - Sync 1 DAGs
[2026-08-08T18:24:30.744+0000] {logging_mixin.py:190} INFO - [2026-08-08T18:24:30.744+0000] {dag.py:4138} INFO - Setting next_dagrun for example_sensors to None, run_after=None
[2026-08-08T18:24:30.773+0000] {processor.py:208} INFO - Processing /home/airflow/.local/lib/python3.12/site-packages/airflow/example_dags/example_sensors.py took 0.105 seconds
[2026-08-08T18:25:01.330+0000] {processor.py:186} INFO - Started process (PID=545) to work on /home/airflow/.local/lib/python3.12/site-packages/airflow/example_dags/example_sensors.py
[2026-08-08T18:25:01.331+0000] {processor.py:914} INFO - Processing file /home/airflow/.local/lib/python3.12/site-packages/airflow/example_dags/example_sensors.py for tasks to queue
[2026-08-08T18:25:01.335+0000] {logging_mixin.py:190} INFO - [2026-08-08T18:25:01.335+0000] {dagbag.py:587} INFO - Filling up the DagBag from /home/airflow/.local/lib/python3.12/site-packages/airflow/example_dags/example_sensors.py
[2026-08-08T18:25:01.352+0000] {processor.py:925} INFO - DAG(s) 'example_sensors' retrieved from /home/airflow/.local/lib/python3.12/site-packages/airflow/example_dags/example_sensors.py
[2026-08-08T18:25:01.386+0000] {logging_mixin.py:190} INFO - [2026-08-08T18:25:01.385+0000] {dag.py:3211} INFO - Sync 1 DAGs
[2026-08-08T18:25:01.402+0000] {logging_mixin.py:190} INFO - [2026-08-08T18:25:01.402+0000] {dag.py:4138} INFO - Setting next_dagrun for example_sensors to None, run_after=None
[2026-08-08T18:25:01.432+0000] {processor.py:208} INFO - Processing /home/airflow/.local/lib/python3.12/site-packages/airflow/example_dags/example_sensors.py took 0.111 seconds
[2026-08-08T18:25:31.620+0000] {processor.py:186} INFO - Started process (PID=607) to work on /home/airflow/.local/lib/python3.12/site-packages/airflow/example_dags/example_sensors.py
[2026-08-08T18:25:31.623+0000] {processor.py:914} INFO - Processing file /home/airflow/.local/lib/python3.12/site-packages/airflow/example_dags/example_sensors.py for tasks to queue
[2026-08-08T18:25:31.627+0000] {logging_mixin.py:190} INFO - [2026-08-08T18:25:31.626+0000] {dagbag.py:587} INFO - Filling up the DagBag from /home/airflow/.local/lib/python3.12/site-packages/airflow/example_dags/example_sensors.py
[2026-08-08T18:25:31.643+0000] {processor.py:925} INFO - DAG(s) 'example_sensors' retrieved from /home/airflow/.local/lib/python3.12/site-packages/airflow/example_dags/example_sensors.py
[2026-08-08T18:25:31.680+0000] {logging_mixin.py:190} INFO - [2026-08-08T18:25:31.680+0000] {dag.py:3211} INFO - Sync 1 DAGs
[2026-08-08T18:25:31.698+0000] {logging_mixin.py:190} INFO - [2026-08-08T18:25:31.698+0000] {dag.py:4138} INFO - Setting next_dagrun for example_sensors to None, run_after=None
[2026-08-08T18:25:31.723+0000] {processor.py:208} INFO - Processing /home/airflow/.local/lib/python3.12/site-packages/airflow/example_dags/example_sensors.py took 0.112 seconds
[2026-08-08T18:26:02.161+0000] {processor.py:186} INFO - Started process (PID=672) to work on /home/airflow/.local/lib/python3.12/site-packages/airflow/example_dags/example_sensors.py
[2026-08-08T18:26:02.163+0000] {processor.py:914} INFO - Processing file /home/airflow/.local/lib/python3.12/site-packages/airflow/example_dags/example_sensors.py for tasks to queue
[2026-08-08T18:26:02.167+0000] {logging_mixin.py:190} INFO - [2026-08-08T18:26:02.166+0000] {dagbag.py:587} INFO - Filling up the DagBag from /home/airflow/.local/lib/python3.12/site-packages/airflow/example_dags/example_sensors.py
[2026-08-08T18:26:02.182+0000] {processor.py:925} INFO - DAG(s) 'example_sensors' retrieved from /home/airflow/.local/lib/python3.12/site-packages/airflow/example_dags/example_sensors.py
[2026-08-08T18:26:02.212+0000] {logging_mixin.py:190} INFO - [2026-08-08T18:26:02.211+0000] {dag.py:3211} INFO - Sync 1 DAGs
[2026-08-08T18:26:02.225+0000] {logging_mixin.py:190} INFO - [2026-08-08T18:26:02.225+0000] {dag.py:4138} INFO - Setting next_dagrun for example_sensors to None, run_after=None
[2026-08-08T18:26:02.245+0000] {processor.py:208} INFO - Processing /home/airflow/.local/lib/python3.12/site-packages/airflow/example_dags/example_sensors.py took 0.091 seconds
[2026-08-08T18:26:33.218+0000] {processor.py:186} INFO - Started process (PID=735) to work on /home/airflow/.local/lib/python3.12/site-packages/airflow/example_dags/example_sensors.py
[2026-08-08T18:26:33.220+0000] {processor.py:914} INFO - Processing file /home/airflow/.local/lib/python3.12/site-packages/airflow/example_dags/example_sensors.py for tasks to queue
[2026-08-08T18:26:33.222+0000] {logging_mixin.py:190} INFO - [2026-08-08T18:26:33.222+0000] {dagbag.py:587} INFO - Filling up the DagBag from /home/airflow/.local/lib/python3.12/site-packages/airflow/example_dags/example_sensors.py
[2026-08-08T18:26:33.233+0000] {processor.py:925} INFO - DAG(s) 'example_sensors' retrieved from /home/airflow/.local/lib/python3.12/site-packages/airflow/example_dags/example_sensors.py
[2026-08-08T18:26:33.261+0000] {logging_mixin.py:190} INFO - [2026-08-08T18:26:33.260+0000] {dag.py:3211} INFO - Sync 1 DAGs
[2026-08-08T18:26:33.273+0000] {logging_mixin.py:190} INFO - [2026-08-08T18:26:33.273+0000] {dag.py:4138} INFO - Setting next_dagrun for example_sensors to None, run_after=None
[2026-08-08T18:26:33.292+0000] {processor.py:208} INFO - Processing /home/airflow/.local/lib/python3.12/site-packages/airflow/example_dags/example_sensors.py took 0.079 seconds
