[2026-08-08T17:25:10.798+0000] {processor.py:186} INFO - Started process (PID=95) to work on /home/airflow/.local/lib/python3.12/site-packages/airflow/example_dags/example_sla_dag.py
[2026-08-08T17:25:10.799+0000] {processor.py:914} INFO - Processing file /home/airflow/.local/lib/python3.12/site-packages/airflow/example_dags/example_sla_dag.py for tasks to queue
[2026-08-08T17:25:10.802+0000] {logging_mixin.py:190} INFO - [2026-08-08T17:25:10.802+0000] {dagbag.py:587} INFO - Filling up the DagBag from /home/airflow/.local/lib/python3.12/site-packages/airflow/example_dags/example_sla_dag.py
[2026-08-08T17:25:10.816+0000] {processor.py:925} INFO - DAG(s) 'example_sla_dag' retrieved from /home/airflow/.local/lib/python3.12/site-packages/airflow/example_dags/example_sla_dag.py
[2026-08-08T17:25:10.934+0000] {logging_mixin.py:190} INFO - [2026-08-08T17:25:10.933+0000] {override.py:1858} INFO - Created Permission View: can delete on DAG:example_sla_dag
[2026-08-08T17:25:10.951+0000] {logging_mixin.py:190} INFO - [2026-08-08T17:25:10.950+0000] {override.py:1858} INFO - Created Permission View: can edit on DAG:example_sla_dag
[2026-08-08T17:25:10.961+0000] {logging_mixin.py:190} INFO - [2026-08-08T17:25:10.961+0000] {override.py:1858} INFO - Created Permission View: can read on DAG:example_sla_dag
[2026-08-08T17:25:10.962+0000] {logging_mixin.py:190} INFO - [2026-08-08T17:25:10.962+0000] {dag.py:3211} INFO - Sync 1 DAGs
[2026-08-08T17:25:10.977+0000] {logging_mixin.py:190} INFO - [2026-08-08T17:25:10.976+0000] {dag.py:3234} INFO - Creating ORM DAG for example_sla_dag
[2026-08-08T17:25:10.992+0000] {logging_mixin.py:190} INFO - [2026-08-08T17:25:10.991+0000] {dag.py:4138} INFO - Setting next_dagrun for example_sla_dag to 2026-08-08 17:22:00+00:00, run_after=2026-08-08 17:24:00+00:00
[2026-08-08T17:25:11.009+0000] {processor.py:208} INFO - Processing /home/airflow/.local/lib/python3.12/site-packages/airflow/example_dags/example_sla_dag.py took 0.218 seconds
[2026-08-08T17:25:41.539+0000] {processor.py:186} INFO - Started process (PID=158) to work on /home/airflow/.local/lib/python3.12/site-packages/airflow/example_dags/example_sla_dag.py
[2026-08-08T17:25:41.541+0000] {processor.py:914} INFO - Processing file /home/airflow/.local/lib/python3.12/site-packages/airflow/example_dags/example_sla_dag.py for tasks to queue
[2026-08-08T17:25:41.544+0000] {logging_mixin.py:190} INFO - [2026-08-08T17:25:41.543+0000] {dagbag.py:587} INFO - Filling up the DagBag from /home/airflow/.local/lib/python3.12/site-packages/airflow/example_dags/example_sla_dag.py
[2026-08-08T17:25:41.556+0000] {processor.py:925} INFO - DAG(s) 'example_sla_dag' retrieved from /home/airflow/.local/lib/python3.12/site-packages/airflow/example_dags/example_sla_dag.py
[2026-08-08T17:25:41.573+0000] {logging_mixin.py:190} INFO - [2026-08-08T17:25:41.573+0000] {dag.py:3211} INFO - Sync 1 DAGs
[2026-08-08T17:25:41.593+0000] {logging_mixin.py:190} INFO - [2026-08-08T17:25:41.592+0000] {dag.py:4138} INFO - Setting next_dagrun for example_sla_dag to 2026-08-08 17:22:00+00:00, run_after=2026-08-08 17:24:00+00:00
[2026-08-08T17:25:41.612+0000] {processor.py:208} INFO - Processing /home/airflow/.local/lib/python3.12/site-packages/airflow/example_dags/example_sla_dag.py took 0.080 seconds
[2026-08-08T17:26:12.128+0000] {processor.py:186} INFO - Started process (PID=221) to work on /home/airflow/.local/lib/python3.12/site-packages/airflow/example_dags/example_sla_dag.py
[2026-08-08T17:26:12.130+0000] {processor.py:914} INFO - Processing file /home/airflow/.local/lib/python3.12/site-packages/airflow/example_dags/example_sla_dag.py for tasks to queue
[2026-08-08T17:26:12.133+0000] {logging_mixin.py:190} INFO - [2026-08-08T17:26:12.132+0000] {dagbag.py:587} INFO - Filling up the DagBag from /home/airflow/.local/lib/python3.12/site-packages/airflow/example_dags/example_sla_dag.py
[2026-08-08T17:26:12.147+0000] {processor.py:925} INFO - DAG(s) 'example_sla_dag' retrieved from /home/airflow/.local/lib/python3.12/site-packages/airflow/example_dags/example_sla_dag.py
[2026-08-08T17:26:12.173+0000] {logging_mixin.py:190} INFO - [2026-08-08T17:26:12.172+0000] {dag.py:3211} INFO - Sync 1 DAGs
[2026-08-08T17:26:12.205+0000] {logging_mixin.py:190} INFO - [2026-08-08T17:26:12.205+0000] {dag.py:4138} INFO - Setting next_dagrun for example_sla_dag to 2026-08-08 17:24:00+00:00, run_after=2026-08-08 17:26:00+00:00
[2026-08-08T17:26:12.235+0000] {processor.py:208} INFO - Processing /home/airflow/.local/lib/python3.12/site-packages/airflow/example_dags/example_sla_dag.py took 0.115 seconds
[2026-08-08T17:26:42.391+0000] {processor.py:186} INFO - Started process (PID=284) to work on /home/airflow/.local/lib/python3.12/site-packages/airflow/example_dags/example_sla_dag.py
[2026-08-08T17:26:42.392+0000] {processor.py:914} INFO - Processing file /home/airflow/.local/lib/python3.12/site-packages/airflow/example_dags/example_sla_dag.py for tasks to queue
[2026-08-08T17:26:42.396+0000] {logging_mixin.py:190} INFO - [2026-08-08T17:26:42.396+0000] {dagbag.py:587} INFO - Filling up the DagBag from /home/airflow/.local/lib/python3.12/site-packages/airflow/example_dags/example_sla_dag.py
[2026-08-08T17:26:42.410+0000] {processor.py:925} INFO - DAG(s) 'example_sla_dag' retrieved from /home/airflow/.local/lib/python3.12/site-packages/airflow/example_dags/example_sla_dag.py
[2026-08-08T17:26:42.442+0000] {logging_mixin.py:190} INFO - [2026-08-08T17:26:42.441+0000] {dag.py:3211} INFO - Sync 1 DAGs
[2026-08-08T17:26:42.473+0000] {logging_mixin.py:190} INFO - [2026-08-08T17:26:42.472+0000] {dag.py:4138} INFO - Setting next_dagrun for example_sla_dag to 2026-08-08 17:24:00+00:00, run_after=2026-08-08 17:26:00+00:00
[2026-08-08T17:26:42.511+0000] {processor.py:208} INFO - Processing /home/airflow/.local/lib/python3.12/site-packages/airflow/example_dags/example_sla_dag.py took 0.129 seconds
[2026-08-08T17:27:12.892+0000] {processor.py:186} INFO - Started process (PID=347) to work on /home/airflow/.local/lib/python3.12/site-packages/airflow/example_dags/example_sla_dag.py
[2026-08-08T17:27:12.893+0000] {processor.py:914} INFO - Processing file /home/airflow/.local/lib/python3.12/site-packages/airflow/example_dags/example_sla_dag.py for tasks to queue
[2026-08-08T17:27:12.896+0000] {logging_mixin.py:190} INFO - [2026-08-08T17:27:12.896+0000] {dagbag.py:587} INFO - Filling up the DagBag from /home/airflow/.local/lib/python3.12/site-packages/airflow/example_dags/example_sla_dag.py
[2026-08-08T17:27:12.905+0000] {processor.py:925} INFO - DAG(s) 'example_sla_dag' retrieved from /home/airflow/.local/lib/python3.12/site-packages/airflow/example_dags/example_sla_dag.py
[2026-08-08T17:27:12.925+0000] {logging_mixin.py:190} INFO - [2026-08-08T17:27:12.925+0000] {dag.py:3211} INFO - Sync 1 DAGs
[2026-08-08T17:27:12.945+0000] {logging_mixin.py:190} INFO - [2026-08-08T17:27:12.945+0000] {dag.py:4138} INFO - Setting next_dagrun for example_sla_dag to 2026-08-08 17:24:00+00:00, run_after=2026-08-08 17:26:00+00:00
[2026-08-08T17:27:12.967+0000] {processor.py:208} INFO - Processing /home/airflow/.local/lib/python3.12/site-packages/airflow/example_dags/example_sla_dag.py took 0.082 seconds
[2026-08-08T17:27:43.414+0000] {processor.py:186} INFO - Started process (PID=410) to work on /home/airflow/.local/lib/python3.12/site-packages/airflow/example_dags/example_sla_dag.py
[2026-08-08T17:27:43.416+0000] {processor.py:914} INFO - Processing file /home/airflow/.local/lib/python3.12/site-packages/airflow/example_dags/example_sla_dag.py for tasks to queue
[2026-08-08T17:27:43.418+0000] {logging_mixin.py:190} INFO - [2026-08-08T17:27:43.418+0000] {dagbag.py:587} INFO - Filling up the DagBag from /home/airflow/.local/lib/python3.12/site-packages/airflow/example_dags/example_sla_dag.py
[2026-08-08T17:27:43.430+0000] {processor.py:925} INFO - DAG(s) 'example_sla_dag' retrieved from /home/airflow/.local/lib/python3.12/site-packages/airflow/example_dags/example_sla_dag.py
[2026-08-08T17:27:43.451+0000] {logging_mixin.py:190} INFO - [2026-08-08T17:27:43.451+0000] {dag.py:3211} INFO - Sync 1 DAGs
[2026-08-08T17:27:43.471+0000] {logging_mixin.py:190} INFO - [2026-08-08T17:27:43.470+0000] {dag.py:4138} INFO - Setting next_dagrun for example_sla_dag to 2026-08-08 17:24:00+00:00, run_after=2026-08-08 17:26:00+00:00
[2026-08-08T17:27:43.495+0000] {processor.py:208} INFO - Processing /home/airflow/.local/lib/python3.12/site-packages/airflow/example_dags/example_sla_dag.py took 0.087 seconds
[2026-08-08T17:28:13.902+0000] {processor.py:186} INFO - Started process (PID=473) to work on /home/airflow/.local/lib/python3.12/site-packages/airflow/example_dags/example_sla_dag.py
[2026-08-08T17:28:13.903+0000] {processor.py:914} INFO - Processing file /home/airflow/.local/lib/python3.12/site-packages/airflow/example_dags/example_sla_dag.py for tasks to queue
[2026-08-08T17:28:13.906+0000] {logging_mixin.py:190} INFO - [2026-08-08T17:28:13.906+0000] {dagbag.py:587} INFO - Filling up the DagBag from /home/airflow/.local/lib/python3.12/site-packages/airflow/example_dags/example_sla_dag.py
[2026-08-08T17:28:13.915+0000] {processor.py:925} INFO - DAG(s) 'example_sla_dag' retrieved from /home/airflow/.local/lib/python3.12/site-packages/airflow/example_dags/example_sla_dag.py
[2026-08-08T17:28:13.936+0000] {logging_mixin.py:190} INFO - [2026-08-08T17:28:13.936+0000] {dag.py:3211} INFO - Sync 1 DAGs
[2026-08-08T17:28:13.958+0000] {logging_mixin.py:190} INFO - [2026-08-08T17:28:13.958+0000] {dag.py:4138} INFO - Setting next_dagrun for example_sla_dag to 2026-08-08 17:26:00+00:00, run_after=2026-08-08 17:28:00+00:00
[2026-08-08T17:28:13.977+0000] {processor.py:208} INFO - Processing /home/airflow/.local/lib/python3.12/site-packages/airflow/example_dags/example_sla_dag.py took 0.083 seconds
[2026-08-08T17:28:44.803+0000] {processor.py:186} INFO - Started process (PID=536) to work on /home/airflow/.local/lib/python3.12/site-packages/airflow/example_dags/example_sla_dag.py
[2026-08-08T17:28:44.804+0000] {processor.py:914} INFO - Processing file /home/airflow/.local/lib/python3.12/site-packages/airflow/example_dags/example_sla_dag.py for tasks to queue
[2026-08-08T17:28:44.807+0000] {logging_mixin.py:190} INFO - [2026-08-08T17:28:44.806+0000] {dagbag.py:587} INFO - Filling up the DagBag from /home/airflow/.local/lib/python3.12/site-packages/airflow/example_dags/example_sla_dag.py
[2026-08-08T17:28:44.816+0000] {processor.py:925} INFO - DAG(s) 'example_sla_dag' retrieved from /home/airflow/.local/lib/python3.12/site-packages/airflow/example_dags/example_sla_dag.py
[2026-08-08T17:28:44.838+0000] {logging_mixin.py:190} INFO - [2026-08-08T17:28:44.838+0000] {dag.py:3211} INFO - Sync 1 DAGs
[2026-08-08T17:28:44.864+0000] {logging_mixin.py:190} INFO - [2026-08-08T17:28:44.864+0000] {dag.py:4138} INFO - Setting next_dagrun for example_sla_dag to 2026-08-08 17:26:00+00:00, run_after=2026-08-08 17:28:00+00:00
[2026-08-08T17:28:44.885+0000] {processor.py:208} INFO - Processing /home/airflow/.local/lib/python3.12/site-packages/airflow/example_dags/example_sla_dag.py took 0.090 seconds
[2026-08-08T17:29:15.019+0000] {processor.py:186} INFO - Started process (PID=599) to work on /home/airflow/.local/lib/python3.12/site-packages/airflow/example_dags/example_sla_dag.py
[2026-08-08T17:29:15.021+0000] {processor.py:914} INFO - Processing file /home/airflow/.local/lib/python3.12/site-packages/airflow/example_dags/example_sla_dag.py for tasks to queue
[2026-08-08T17:29:15.024+0000] {logging_mixin.py:190} INFO - [2026-08-08T17:29:15.024+0000] {dagbag.py:587} INFO - Filling up the DagBag from /home/airflow/.local/lib/python3.12/site-packages/airflow/example_dags/example_sla_dag.py
[2026-08-08T17:29:15.035+0000] {processor.py:925} INFO - DAG(s) 'example_sla_dag' retrieved from /home/airflow/.local/lib/python3.12/site-packages/airflow/example_dags/example_sla_dag.py
[2026-08-08T17:29:15.058+0000] {logging_mixin.py:190} INFO - [2026-08-08T17:29:15.057+0000] {dag.py:3211} INFO - Sync 1 DAGs
[2026-08-08T17:29:15.085+0000] {logging_mixin.py:190} INFO - [2026-08-08T17:29:15.085+0000] {dag.py:4138} INFO - Setting next_dagrun for example_sla_dag to 2026-08-08 17:26:00+00:00, run_after=2026-08-08 17:28:00+00:00
[2026-08-08T17:29:15.107+0000] {processor.py:208} INFO - Processing /home/airflow/.local/lib/python3.12/site-packages/airflow/example_dags/example_sla_dag.py took 0.095 seconds
[2026-08-08T17:29:45.203+0000] {processor.py:186} INFO - Started process (PID=662) to work on /home/airflow/.local/lib/python3.12/site-packages/airflow/example_dags/example_sla_dag.py
[2026-08-08T17:29:45.204+0000] {processor.py:914} INFO - Processing file /home/airflow/.local/lib/python3.12/site-packages/airflow/example_dags/example_sla_dag.py for tasks to queue
[2026-08-08T17:29:45.207+0000] {logging_mixin.py:190} INFO - [2026-08-08T17:29:45.207+0000] {dagbag.py:587} INFO - Filling up the DagBag from /home/airflow/.local/lib/python3.12/site-packages/airflow/example_dags/example_sla_dag.py
[2026-08-08T17:29:45.219+0000] {processor.py:925} INFO - DAG(s) 'example_sla_dag' retrieved from /home/airflow/.local/lib/python3.12/site-packages/airflow/example_dags/example_sla_dag.py
[2026-08-08T17:29:45.240+0000] {logging_mixin.py:190} INFO - [2026-08-08T17:29:45.239+0000] {dag.py:3211} INFO - Sync 1 DAGs
[2026-08-08T17:29:45.265+0000] {logging_mixin.py:190} INFO - [2026-08-08T17:29:45.264+0000] {dag.py:4138} INFO - Setting next_dagrun for example_sla_dag to 2026-08-08 17:26:00+00:00, run_after=2026-08-08 17:28:00+00:00
[2026-08-08T17:29:45.281+0000] {processor.py:208} INFO - Processing /home/airflow/.local/lib/python3.12/site-packages/airflow/example_dags/example_sla_dag.py took 0.084 seconds
[2026-08-08T17:30:16.184+0000] {processor.py:186} INFO - Started process (PID=725) to work on /home/airflow/.local/lib/python3.12/site-packages/airflow/example_dags/example_sla_dag.py
[2026-08-08T17:30:16.186+0000] {processor.py:914} INFO - Processing file /home/airflow/.local/lib/python3.12/site-packages/airflow/example_dags/example_sla_dag.py for tasks to queue
[2026-08-08T17:30:16.189+0000] {logging_mixin.py:190} INFO - [2026-08-08T17:30:16.188+0000] {dagbag.py:587} INFO - Filling up the DagBag from /home/airflow/.local/lib/python3.12/site-packages/airflow/example_dags/example_sla_dag.py
[2026-08-08T17:30:16.203+0000] {processor.py:925} INFO - DAG(s) 'example_sla_dag' retrieved from /home/airflow/.local/lib/python3.12/site-packages/airflow/example_dags/example_sla_dag.py
[2026-08-08T17:30:16.238+0000] {logging_mixin.py:190} INFO - [2026-08-08T17:30:16.237+0000] {dag.py:3211} INFO - Sync 1 DAGs
[2026-08-08T17:30:16.278+0000] {logging_mixin.py:190} INFO - [2026-08-08T17:30:16.277+0000] {dag.py:4138} INFO - Setting next_dagrun for example_sla_dag to 2026-08-08 17:28:00+00:00, run_after=2026-08-08 17:30:00+00:00
[2026-08-08T17:30:16.321+0000] {processor.py:208} INFO - Processing /home/airflow/.local/lib/python3.12/site-packages/airflow/example_dags/example_sla_dag.py took 0.142 seconds
[2026-08-08T17:30:46.719+0000] {processor.py:186} INFO - Started process (PID=788) to work on /home/airflow/.local/lib/python3.12/site-packages/airflow/example_dags/example_sla_dag.py
[2026-08-08T17:30:46.720+0000] {processor.py:914} INFO - Processing file /home/airflow/.local/lib/python3.12/site-packages/airflow/example_dags/example_sla_dag.py for tasks to queue
[2026-08-08T17:30:46.723+0000] {logging_mixin.py:190} INFO - [2026-08-08T17:30:46.722+0000] {dagbag.py:587} INFO - Filling up the DagBag from /home/airflow/.local/lib/python3.12/site-packages/airflow/example_dags/example_sla_dag.py
[2026-08-08T17:30:46.733+0000] {processor.py:925} INFO - DAG(s) 'example_sla_dag' retrieved from /home/airflow/.local/lib/python3.12/site-packages/airflow/example_dags/example_sla_dag.py
[2026-08-08T17:30:46.753+0000] {logging_mixin.py:190} INFO - [2026-08-08T17:30:46.753+0000] {dag.py:3211} INFO - Sync 1 DAGs
[2026-08-08T17:30:46.776+0000] {logging_mixin.py:190} INFO - [2026-08-08T17:30:46.776+0000] {dag.py:4138} INFO - Setting next_dagrun for example_sla_dag to 2026-08-08 17:28:00+00:00, run_after=2026-08-08 17:30:00+00:00
[2026-08-08T17:30:46.803+0000] {processor.py:208} INFO - Processing /home/airflow/.local/lib/python3.12/site-packages/airflow/example_dags/example_sla_dag.py took 0.090 seconds
[2026-08-08T17:31:17.257+0000] {processor.py:186} INFO - Started process (PID=851) to work on /home/airflow/.local/lib/python3.12/site-packages/airflow/example_dags/example_sla_dag.py
[2026-08-08T17:31:17.259+0000] {processor.py:914} INFO - Processing file /home/airflow/.local/lib/python3.12/site-packages/airflow/example_dags/example_sla_dag.py for tasks to queue
[2026-08-08T17:31:17.262+0000] {logging_mixin.py:190} INFO - [2026-08-08T17:31:17.261+0000] {dagbag.py:587} INFO - Filling up the DagBag from /home/airflow/.local/lib/python3.12/site-packages/airflow/example_dags/example_sla_dag.py
[2026-08-08T17:31:17.312+0000] {processor.py:925} INFO - DAG(s) 'example_sla_dag' retrieved from /home/airflow/.local/lib/python3.12/site-packages/airflow/example_dags/example_sla_dag.py
[2026-08-08T17:31:17.374+0000] {logging_mixin.py:190} INFO - [2026-08-08T17:31:17.373+0000] {dag.py:3211} INFO - Sync 1 DAGs
[2026-08-08T17:31:17.420+0000] {logging_mixin.py:190} INFO - [2026-08-08T17:31:17.420+0000] {dag.py:4138} INFO - Setting next_dagrun for example_sla_dag to 2026-08-08 17:28:00+00:00, run_after=2026-08-08 17:30:00+00:00
[2026-08-08T17:31:17.456+0000] {processor.py:208} INFO - Processing /home/airflow/.local/lib/python3.12/site-packages/airflow/example_dags/example_sla_dag.py took 0.206 seconds
[2026-08-08T17:31:47.589+0000] {processor.py:186} INFO - Started process (PID=914) to work on /home/airflow/.local/lib/python3.12/site-packages/airflow/example_dags/example_sla_dag.py
[2026-08-08T17:31:47.591+0000] {processor.py:914} INFO - Processing file /home/airflow/.local/lib/python3.12/site-packages/airflow/example_dags/example_sla_dag.py for tasks to queue
[2026-08-08T17:31:47.593+0000] {logging_mixin.py:190} INFO - [2026-08-08T17:31:47.593+0000] {dagbag.py:587} INFO - Filling up the DagBag from /home/airflow/.local/lib/python3.12/site-packages/airflow/example_dags/example_sla_dag.py
[2026-08-08T17:31:47.605+0000] {processor.py:925} INFO - DAG(s) 'example_sla_dag' retrieved from /home/airflow/.local/lib/python3.12/site-packages/airflow/example_dags/example_sla_dag.py
[2026-08-08T17:31:47.628+0000] {logging_mixin.py:190} INFO - [2026-08-08T17:31:47.628+0000] {dag.py:3211} INFO - Sync 1 DAGs
[2026-08-08T17:31:47.648+0000] {logging_mixin.py:190} INFO - [2026-08-08T17:31:47.648+0000] {dag.py:4138} INFO - Setting next_dagrun for example_sla_dag to 2026-08-08 17:28:00+00:00, run_after=2026-08-08 17:30:00+00:00
[2026-08-08T17:31:47.663+0000] {processor.py:208} INFO - Processing /home/airflow/.local/lib/python3.12/site-packages/airflow/example_dags/example_sla_dag.py took 0.080 seconds
[2026-08-08T17:32:18.131+0000] {processor.py:186} INFO - Started process (PID=977) to work on /home/airflow/.local/lib/python3.12/site-packages/airflow/example_dags/example_sla_dag.py
[2026-08-08T17:32:18.132+0000] {processor.py:914} INFO - Processing file /home/airflow/.local/lib/python3.12/site-packages/airflow/example_dags/example_sla_dag.py for tasks to queue
[2026-08-08T17:32:18.135+0000] {logging_mixin.py:190} INFO - [2026-08-08T17:32:18.134+0000] {dagbag.py:587} INFO - Filling up the DagBag from /home/airflow/.local/lib/python3.12/site-packages/airflow/example_dags/example_sla_dag.py
[2026-08-08T17:32:18.146+0000] {processor.py:925} INFO - DAG(s) 'example_sla_dag' retrieved from /home/airflow/.local/lib/python3.12/site-packages/airflow/example_dags/example_sla_dag.py
[2026-08-08T17:32:18.166+0000] {logging_mixin.py:190} INFO - [2026-08-08T17:32:18.165+0000] {dag.py:3211} INFO - Sync 1 DAGs
[2026-08-08T17:32:18.189+0000] {logging_mixin.py:190} INFO - [2026-08-08T17:32:18.189+0000] {dag.py:4138} INFO - Setting next_dagrun for example_sla_dag to 2026-08-08 17:30:00+00:00, run_after=2026-08-08 17:32:00+00:00
[2026-08-08T17:32:18.208+0000] {processor.py:208} INFO - Processing /home/airflow/.local/lib/python3.12/site-packages/airflow/example_dags/example_sla_dag.py took 0.083 seconds
[2026-08-08T17:32:48.480+0000] {processor.py:186} INFO - Started process (PID=1040) to work on /home/airflow/.local/lib/python3.12/site-packages/airflow/example_dags/example_sla_dag.py
[2026-08-08T17:32:48.482+0000] {processor.py:914} INFO - Processing file /home/airflow/.local/lib/python3.12/site-packages/airflow/example_dags/example_sla_dag.py for tasks to queue
[2026-08-08T17:32:48.485+0000] {logging_mixin.py:190} INFO - [2026-08-08T17:32:48.485+0000] {dagbag.py:587} INFO - Filling up the DagBag from /home/airflow/.local/lib/python3.12/site-packages/airflow/example_dags/example_sla_dag.py
[2026-08-08T17:32:48.498+0000] {processor.py:925} INFO - DAG(s) 'example_sla_dag' retrieved from /home/airflow/.local/lib/python3.12/site-packages/airflow/example_dags/example_sla_dag.py
[2026-08-08T17:32:48.524+0000] {logging_mixin.py:190} INFO - [2026-08-08T17:32:48.524+0000] {dag.py:3211} INFO - Sync 1 DAGs
[2026-08-08T17:32:48.562+0000] {logging_mixin.py:190} INFO - [2026-08-08T17:32:48.561+0000] {dag.py:4138} INFO - Setting next_dagrun for example_sla_dag to 2026-08-08 17:30:00+00:00, run_after=2026-08-08 17:32:00+00:00
[2026-08-08T17:32:48.588+0000] {processor.py:208} INFO - Processing /home/airflow/.local/lib/python3.12/site-packages/airflow/example_dags/example_sla_dag.py took 0.115 seconds
[2026-08-08T17:33:19.197+0000] {processor.py:186} INFO - Started process (PID=1103) to work on /home/airflow/.local/lib/python3.12/site-packages/airflow/example_dags/example_sla_dag.py
[2026-08-08T17:33:19.199+0000] {processor.py:914} INFO - Processing file /home/airflow/.local/lib/python3.12/site-packages/airflow/example_dags/example_sla_dag.py for tasks to queue
[2026-08-08T17:33:19.208+0000] {logging_mixin.py:190} INFO - [2026-08-08T17:33:19.207+0000] {dagbag.py:587} INFO - Filling up the DagBag from /home/airflow/.local/lib/python3.12/site-packages/airflow/example_dags/example_sla_dag.py
[2026-08-08T17:33:19.238+0000] {processor.py:925} INFO - DAG(s) 'example_sla_dag' retrieved from /home/airflow/.local/lib/python3.12/site-packages/airflow/example_dags/example_sla_dag.py
[2026-08-08T17:33:19.275+0000] {logging_mixin.py:190} INFO - [2026-08-08T17:33:19.275+0000] {dag.py:3211} INFO - Sync 1 DAGs
[2026-08-08T17:33:19.303+0000] {logging_mixin.py:190} INFO - [2026-08-08T17:33:19.302+0000] {dag.py:4138} INFO - Setting next_dagrun for example_sla_dag to 2026-08-08 17:30:00+00:00, run_after=2026-08-08 17:32:00+00:00
[2026-08-08T17:33:19.336+0000] {processor.py:208} INFO - Processing /home/airflow/.local/lib/python3.12/site-packages/airflow/example_dags/example_sla_dag.py took 0.146 seconds
[2026-08-08T17:33:49.577+0000] {processor.py:186} INFO - Started process (PID=1166) to work on /home/airflow/.local/lib/python3.12/site-packages/airflow/example_dags/example_sla_dag.py
[2026-08-08T17:33:49.579+0000] {processor.py:914} INFO - Processing file /home/airflow/.local/lib/python3.12/site-packages/airflow/example_dags/example_sla_dag.py for tasks to queue
[2026-08-08T17:33:49.581+0000] {logging_mixin.py:190} INFO - [2026-08-08T17:33:49.581+0000] {dagbag.py:587} INFO - Filling up the DagBag from /home/airflow/.local/lib/python3.12/site-packages/airflow/example_dags/example_sla_dag.py
[2026-08-08T17:33:49.591+0000] {processor.py:925} INFO - DAG(s) 'example_sla_dag' retrieved from /home/airflow/.local/lib/python3.12/site-packages/airflow/example_dags/example_sla_dag.py
[2026-08-08T17:33:49.608+0000] {logging_mixin.py:190} INFO - [2026-08-08T17:33:49.608+0000] {dag.py:3211} INFO - Sync 1 DAGs
[2026-08-08T17:33:49.632+0000] {logging_mixin.py:190} INFO - [2026-08-08T17:33:49.631+0000] {dag.py:4138} INFO - Setting next_dagrun for example_sla_dag to 2026-08-08 17:30:00+00:00, run_after=2026-08-08 17:32:00+00:00
[2026-08-08T17:33:49.653+0000] {processor.py:208} INFO - Processing /home/airflow/.local/lib/python3.12/site-packages/airflow/example_dags/example_sla_dag.py took 0.081 seconds
[2026-08-08T17:34:19.921+0000] {processor.py:186} INFO - Started process (PID=1229) to work on /home/airflow/.local/lib/python3.12/site-packages/airflow/example_dags/example_sla_dag.py
[2026-08-08T17:34:19.922+0000] {processor.py:914} INFO - Processing file /home/airflow/.local/lib/python3.12/site-packages/airflow/example_dags/example_sla_dag.py for tasks to queue
[2026-08-08T17:34:19.925+0000] {logging_mixin.py:190} INFO - [2026-08-08T17:34:19.924+0000] {dagbag.py:587} INFO - Filling up the DagBag from /home/airflow/.local/lib/python3.12/site-packages/airflow/example_dags/example_sla_dag.py
[2026-08-08T17:34:19.933+0000] {processor.py:925} INFO - DAG(s) 'example_sla_dag' retrieved from /home/airflow/.local/lib/python3.12/site-packages/airflow/example_dags/example_sla_dag.py
[2026-08-08T17:34:19.951+0000] {logging_mixin.py:190} INFO - [2026-08-08T17:34:19.951+0000] {dag.py:3211} INFO - Sync 1 DAGs
[2026-08-08T17:34:19.978+0000] {logging_mixin.py:190} INFO - [2026-08-08T17:34:19.978+0000] {dag.py:4138} INFO - Setting next_dagrun for example_sla_dag to 2026-08-08 17:32:00+00:00, run_after=2026-08-08 17:34:00+00:00
[2026-08-08T17:34:19.995+0000] {processor.py:208} INFO - Processing /home/airflow/.local/lib/python3.12/site-packages/airflow/example_dags/example_sla_dag.py took 0.079 seconds
[2026-08-08T17:34:50.837+0000] {processor.py:186} INFO - Started process (PID=1292) to work on /home/airflow/.local/lib/python3.12/site-packages/airflow/example_dags/example_sla_dag.py
[2026-08-08T17:34:50.838+0000] {processor.py:914} INFO - Processing file /home/airflow/.local/lib/python3.12/site-packages/airflow/example_dags/example_sla_dag.py for tasks to queue
[2026-08-08T17:34:50.841+0000] {logging_mixin.py:190} INFO - [2026-08-08T17:34:50.840+0000] {dagbag.py:587} INFO - Filling up the DagBag from /home/airflow/.local/lib/python3.12/site-packages/airflow/example_dags/example_sla_dag.py
[2026-08-08T17:34:50.850+0000] {processor.py:925} INFO - DAG(s) 'example_sla_dag' retrieved from /home/airflow/.local/lib/python3.12/site-packages/airflow/example_dags/example_sla_dag.py
[2026-08-08T17:34:50.870+0000] {logging_mixin.py:190} INFO - [2026-08-08T17:34:50.870+0000] {dag.py:3211} INFO - Sync 1 DAGs
[2026-08-08T17:34:50.894+0000] {logging_mixin.py:190} INFO - [2026-08-08T17:34:50.894+0000] {dag.py:4138} INFO - Setting next_dagrun for example_sla_dag to 2026-08-08 17:32:00+00:00, run_after=2026-08-08 17:34:00+00:00
[2026-08-08T17:34:50.912+0000] {processor.py:208} INFO - Processing /home/airflow/.local/lib/python3.12/site-packages/airflow/example_dags/example_sla_dag.py took 0.080 seconds
[2026-08-08T17:35:21.443+0000] {processor.py:186} INFO - Started process (PID=1355) to work on /home/airflow/.local/lib/python3.12/site-packages/airflow/example_dags/example_sla_dag.py
[2026-08-08T17:35:21.444+0000] {processor.py:914} INFO - Processing file /home/airflow/.local/lib/python3.12/site-packages/airflow/example_dags/example_sla_dag.py for tasks to queue
[2026-08-08T17:35:21.446+0000] {logging_mixin.py:190} INFO - [2026-08-08T17:35:21.446+0000] {dagbag.py:587} INFO - Filling up the DagBag from /home/airflow/.local/lib/python3.12/site-packages/airflow/example_dags/example_sla_dag.py
[2026-08-08T17:35:21.455+0000] {processor.py:925} INFO - DAG(s) 'example_sla_dag' retrieved from /home/airflow/.local/lib/python3.12/site-packages/airflow/example_dags/example_sla_dag.py
[2026-08-08T17:35:21.473+0000] {logging_mixin.py:190} INFO - [2026-08-08T17:35:21.473+0000] {dag.py:3211} INFO - Sync 1 DAGs
[2026-08-08T17:35:21.496+0000] {logging_mixin.py:190} INFO - [2026-08-08T17:35:21.496+0000] {dag.py:4138} INFO - Setting next_dagrun for example_sla_dag to 2026-08-08 17:32:00+00:00, run_after=2026-08-08 17:34:00+00:00
[2026-08-08T17:35:21.514+0000] {processor.py:208} INFO - Processing /home/airflow/.local/lib/python3.12/site-packages/airflow/example_dags/example_sla_dag.py took 0.076 seconds
[2026-08-08T17:35:52.533+0000] {processor.py:186} INFO - Started process (PID=1418) to work on /home/airflow/.local/lib/python3.12/site-packages/airflow/example_dags/example_sla_dag.py
[2026-08-08T17:35:52.534+0000] {processor.py:914} INFO - Processing file /home/airflow/.local/lib/python3.12/site-packages/airflow/example_dags/example_sla_dag.py for tasks to queue
[2026-08-08T17:35:52.538+0000] {logging_mixin.py:190} INFO - [2026-08-08T17:35:52.537+0000] {dagbag.py:587} INFO - Filling up the DagBag from /home/airflow/.local/lib/python3.12/site-packages/airflow/example_dags/example_sla_dag.py
[2026-08-08T17:35:52.549+0000] {processor.py:925} INFO - DAG(s) 'example_sla_dag' retrieved from /home/airflow/.local/lib/python3.12/site-packages/airflow/example_dags/example_sla_dag.py
[2026-08-08T17:35:52.571+0000] {logging_mixin.py:190} INFO - [2026-08-08T17:35:52.571+0000] {dag.py:3211} INFO - Sync 1 DAGs
[2026-08-08T17:35:52.595+0000] {logging_mixin.py:190} INFO - [2026-08-08T17:35:52.595+0000] {dag.py:4138} INFO - Setting next_dagrun for example_sla_dag to 2026-08-08 17:32:00+00:00, run_after=2026-08-08 17:34:00+00:00
[2026-08-08T17:35:52.615+0000] {processor.py:208} INFO - Processing /home/airflow/.local/lib/python3.12/site-packages/airflow/example_dags/example_sla_dag.py took 0.090 seconds
[2026-08-08T17:36:23.039+0000] {processor.py:186} INFO - Started process (PID=1481) to work on /home/airflow/.local/lib/python3.12/site-packages/airflow/example_dags/example_sla_dag.py
[2026-08-08T17:36:23.041+0000] {processor.py:914} INFO - Processing file /home/airflow/.local/lib/python3.12/site-packages/airflow/example_dags/example_sla_dag.py for tasks to queue
[2026-08-08T17:36:23.044+0000] {logging_mixin.py:190} INFO - [2026-08-08T17:36:23.044+0000] {dagbag.py:587} INFO - Filling up the DagBag from /home/airflow/.local/lib/python3.12/site-packages/airflow/example_dags/example_sla_dag.py
[2026-08-08T17:36:23.056+0000] {processor.py:925} INFO - DAG(s) 'example_sla_dag' retrieved from /home/airflow/.local/lib/python3.12/site-packages/airflow/example_dags/example_sla_dag.py
[2026-08-08T17:36:23.075+0000] {logging_mixin.py:190} INFO - [2026-08-08T17:36:23.075+0000] {dag.py:3211} INFO - Sync 1 DAGs
[2026-08-08T17:36:23.101+0000] {logging_mixin.py:190} INFO - [2026-08-08T17:36:23.101+0000] {dag.py:4138} INFO - Setting next_dagrun for example_sla_dag to 2026-08-08 17:34:00+00:00, run_after=2026-08-08 17:36:00+00:00
[2026-08-08T17:36:23.123+0000] {processor.py:208} INFO - Processing /home/airflow/.local/lib/python3.12/site-packages/airflow/example_dags/example_sla_dag.py took 0.091 seconds
[2026-08-08T17:38:15.627+0000] {processor.py:186} INFO - Started process (PID=83) to work on /home/airflow/.local/lib/python3.12/site-packages/airflow/example_dags/example_sla_dag.py
[2026-08-08T17:38:15.628+0000] {processor.py:914} INFO - Processing file /home/airflow/.local/lib/python3.12/site-packages/airflow/example_dags/example_sla_dag.py for tasks to queue
[2026-08-08T17:38:15.631+0000] {logging_mixin.py:190} INFO - [2026-08-08T17:38:15.631+0000] {dagbag.py:587} INFO - Filling up the DagBag from /home/airflow/.local/lib/python3.12/site-packages/airflow/example_dags/example_sla_dag.py
[2026-08-08T17:38:15.641+0000] {processor.py:925} INFO - DAG(s) 'example_sla_dag' retrieved from /home/airflow/.local/lib/python3.12/site-packages/airflow/example_dags/example_sla_dag.py
[2026-08-08T17:38:15.662+0000] {logging_mixin.py:190} INFO - [2026-08-08T17:38:15.662+0000] {dag.py:3211} INFO - Sync 1 DAGs
[2026-08-08T17:38:15.685+0000] {logging_mixin.py:190} INFO - [2026-08-08T17:38:15.685+0000] {dag.py:4138} INFO - Setting next_dagrun for example_sla_dag to 2026-08-08 17:36:00+00:00, run_after=2026-08-08 17:38:00+00:00
[2026-08-08T17:38:15.706+0000] {processor.py:208} INFO - Processing /home/airflow/.local/lib/python3.12/site-packages/airflow/example_dags/example_sla_dag.py took 0.085 seconds
[2026-08-08T17:38:46.344+0000] {processor.py:186} INFO - Started process (PID=146) to work on /home/airflow/.local/lib/python3.12/site-packages/airflow/example_dags/example_sla_dag.py
[2026-08-08T17:38:46.353+0000] {processor.py:914} INFO - Processing file /home/airflow/.local/lib/python3.12/site-packages/airflow/example_dags/example_sla_dag.py for tasks to queue
[2026-08-08T17:38:46.364+0000] {logging_mixin.py:190} INFO - [2026-08-08T17:38:46.364+0000] {dagbag.py:587} INFO - Filling up the DagBag from /home/airflow/.local/lib/python3.12/site-packages/airflow/example_dags/example_sla_dag.py
[2026-08-08T17:38:46.383+0000] {processor.py:925} INFO - DAG(s) 'example_sla_dag' retrieved from /home/airflow/.local/lib/python3.12/site-packages/airflow/example_dags/example_sla_dag.py
[2026-08-08T17:38:46.417+0000] {logging_mixin.py:190} INFO - [2026-08-08T17:38:46.417+0000] {dag.py:3211} INFO - Sync 1 DAGs
[2026-08-08T17:38:46.456+0000] {logging_mixin.py:190} INFO - [2026-08-08T17:38:46.456+0000] {dag.py:4138} INFO - Setting next_dagrun for example_sla_dag to 2026-08-08 17:36:00+00:00, run_after=2026-08-08 17:38:00+00:00
[2026-08-08T17:38:46.485+0000] {processor.py:208} INFO - Processing /home/airflow/.local/lib/python3.12/site-packages/airflow/example_dags/example_sla_dag.py took 0.149 seconds
[2026-08-08T17:39:16.740+0000] {processor.py:186} INFO - Started process (PID=209) to work on /home/airflow/.local/lib/python3.12/site-packages/airflow/example_dags/example_sla_dag.py
[2026-08-08T17:39:16.742+0000] {processor.py:914} INFO - Processing file /home/airflow/.local/lib/python3.12/site-packages/airflow/example_dags/example_sla_dag.py for tasks to queue
[2026-08-08T17:39:16.745+0000] {logging_mixin.py:190} INFO - [2026-08-08T17:39:16.744+0000] {dagbag.py:587} INFO - Filling up the DagBag from /home/airflow/.local/lib/python3.12/site-packages/airflow/example_dags/example_sla_dag.py
[2026-08-08T17:39:16.754+0000] {processor.py:925} INFO - DAG(s) 'example_sla_dag' retrieved from /home/airflow/.local/lib/python3.12/site-packages/airflow/example_dags/example_sla_dag.py
[2026-08-08T17:39:16.776+0000] {logging_mixin.py:190} INFO - [2026-08-08T17:39:16.776+0000] {dag.py:3211} INFO - Sync 1 DAGs
[2026-08-08T17:39:16.799+0000] {logging_mixin.py:190} INFO - [2026-08-08T17:39:16.799+0000] {dag.py:4138} INFO - Setting next_dagrun for example_sla_dag to 2026-08-08 17:36:00+00:00, run_after=2026-08-08 17:38:00+00:00
[2026-08-08T17:39:16.820+0000] {processor.py:208} INFO - Processing /home/airflow/.local/lib/python3.12/site-packages/airflow/example_dags/example_sla_dag.py took 0.084 seconds
[2026-08-08T17:39:47.799+0000] {processor.py:186} INFO - Started process (PID=272) to work on /home/airflow/.local/lib/python3.12/site-packages/airflow/example_dags/example_sla_dag.py
[2026-08-08T17:39:47.801+0000] {processor.py:914} INFO - Processing file /home/airflow/.local/lib/python3.12/site-packages/airflow/example_dags/example_sla_dag.py for tasks to queue
[2026-08-08T17:39:47.805+0000] {logging_mixin.py:190} INFO - [2026-08-08T17:39:47.805+0000] {dagbag.py:587} INFO - Filling up the DagBag from /home/airflow/.local/lib/python3.12/site-packages/airflow/example_dags/example_sla_dag.py
[2026-08-08T17:39:47.815+0000] {processor.py:925} INFO - DAG(s) 'example_sla_dag' retrieved from /home/airflow/.local/lib/python3.12/site-packages/airflow/example_dags/example_sla_dag.py
[2026-08-08T17:39:47.840+0000] {logging_mixin.py:190} INFO - [2026-08-08T17:39:47.839+0000] {dag.py:3211} INFO - Sync 1 DAGs
[2026-08-08T17:39:47.865+0000] {logging_mixin.py:190} INFO - [2026-08-08T17:39:47.865+0000] {dag.py:4138} INFO - Setting next_dagrun for example_sla_dag to 2026-08-08 17:36:00+00:00, run_after=2026-08-08 17:38:00+00:00
[2026-08-08T17:39:47.885+0000] {processor.py:208} INFO - Processing /home/airflow/.local/lib/python3.12/site-packages/airflow/example_dags/example_sla_dag.py took 0.092 seconds
[2026-08-08T17:42:39.665+0000] {processor.py:186} INFO - Started process (PID=95) to work on /home/airflow/.local/lib/python3.12/site-packages/airflow/example_dags/example_sla_dag.py
[2026-08-08T17:42:39.667+0000] {processor.py:914} INFO - Processing file /home/airflow/.local/lib/python3.12/site-packages/airflow/example_dags/example_sla_dag.py for tasks to queue
[2026-08-08T17:42:39.669+0000] {logging_mixin.py:190} INFO - [2026-08-08T17:42:39.669+0000] {dagbag.py:587} INFO - Filling up the DagBag from /home/airflow/.local/lib/python3.12/site-packages/airflow/example_dags/example_sla_dag.py
[2026-08-08T17:42:39.680+0000] {processor.py:925} INFO - DAG(s) 'example_sla_dag' retrieved from /home/airflow/.local/lib/python3.12/site-packages/airflow/example_dags/example_sla_dag.py
[2026-08-08T17:42:39.704+0000] {logging_mixin.py:190} INFO - [2026-08-08T17:42:39.703+0000] {dag.py:3211} INFO - Sync 1 DAGs
[2026-08-08T17:42:39.729+0000] {logging_mixin.py:190} INFO - [2026-08-08T17:42:39.729+0000] {dag.py:4138} INFO - Setting next_dagrun for example_sla_dag to 2026-08-08 17:40:00+00:00, run_after=2026-08-08 17:42:00+00:00
[2026-08-08T17:42:39.757+0000] {processor.py:208} INFO - Processing /home/airflow/.local/lib/python3.12/site-packages/airflow/example_dags/example_sla_dag.py took 0.100 seconds
[2026-08-08T17:43:10.300+0000] {processor.py:186} INFO - Started process (PID=158) to work on /home/airflow/.local/lib/python3.12/site-packages/airflow/example_dags/example_sla_dag.py
[2026-08-08T17:43:10.301+0000] {processor.py:914} INFO - Processing file /home/airflow/.local/lib/python3.12/site-packages/airflow/example_dags/example_sla_dag.py for tasks to queue
[2026-08-08T17:43:10.305+0000] {logging_mixin.py:190} INFO - [2026-08-08T17:43:10.304+0000] {dagbag.py:587} INFO - Filling up the DagBag from /home/airflow/.local/lib/python3.12/site-packages/airflow/example_dags/example_sla_dag.py
[2026-08-08T17:43:10.319+0000] {processor.py:925} INFO - DAG(s) 'example_sla_dag' retrieved from /home/airflow/.local/lib/python3.12/site-packages/airflow/example_dags/example_sla_dag.py
[2026-08-08T17:43:10.345+0000] {logging_mixin.py:190} INFO - [2026-08-08T17:43:10.344+0000] {dag.py:3211} INFO - Sync 1 DAGs
[2026-08-08T17:43:10.376+0000] {logging_mixin.py:190} INFO - [2026-08-08T17:43:10.376+0000] {dag.py:4138} INFO - Setting next_dagrun for example_sla_dag to 2026-08-08 17:40:00+00:00, run_after=2026-08-08 17:42:00+00:00
[2026-08-08T17:43:10.400+0000] {processor.py:208} INFO - Processing /home/airflow/.local/lib/python3.12/site-packages/airflow/example_dags/example_sla_dag.py took 0.109 seconds
[2026-08-08T17:43:41.162+0000] {processor.py:186} INFO - Started process (PID=221) to work on /home/airflow/.local/lib/python3.12/site-packages/airflow/example_dags/example_sla_dag.py
[2026-08-08T17:43:41.164+0000] {processor.py:914} INFO - Processing file /home/airflow/.local/lib/python3.12/site-packages/airflow/example_dags/example_sla_dag.py for tasks to queue
[2026-08-08T17:43:41.166+0000] {logging_mixin.py:190} INFO - [2026-08-08T17:43:41.166+0000] {dagbag.py:587} INFO - Filling up the DagBag from /home/airflow/.local/lib/python3.12/site-packages/airflow/example_dags/example_sla_dag.py
[2026-08-08T17:43:41.176+0000] {processor.py:925} INFO - DAG(s) 'example_sla_dag' retrieved from /home/airflow/.local/lib/python3.12/site-packages/airflow/example_dags/example_sla_dag.py
[2026-08-08T17:43:41.199+0000] {logging_mixin.py:190} INFO - [2026-08-08T17:43:41.199+0000] {dag.py:3211} INFO - Sync 1 DAGs
[2026-08-08T17:43:41.229+0000] {logging_mixin.py:190} INFO - [2026-08-08T17:43:41.229+0000] {dag.py:4138} INFO - Setting next_dagrun for example_sla_dag to 2026-08-08 17:40:00+00:00, run_after=2026-08-08 17:42:00+00:00
[2026-08-08T17:43:41.262+0000] {processor.py:208} INFO - Processing /home/airflow/.local/lib/python3.12/site-packages/airflow/example_dags/example_sla_dag.py took 0.107 seconds
[2026-08-08T17:44:12.213+0000] {processor.py:186} INFO - Started process (PID=284) to work on /home/airflow/.local/lib/python3.12/site-packages/airflow/example_dags/example_sla_dag.py
[2026-08-08T17:44:12.214+0000] {processor.py:914} INFO - Processing file /home/airflow/.local/lib/python3.12/site-packages/airflow/example_dags/example_sla_dag.py for tasks to queue
[2026-08-08T17:44:12.217+0000] {logging_mixin.py:190} INFO - [2026-08-08T17:44:12.217+0000] {dagbag.py:587} INFO - Filling up the DagBag from /home/airflow/.local/lib/python3.12/site-packages/airflow/example_dags/example_sla_dag.py
[2026-08-08T17:44:12.229+0000] {processor.py:925} INFO - DAG(s) 'example_sla_dag' retrieved from /home/airflow/.local/lib/python3.12/site-packages/airflow/example_dags/example_sla_dag.py
[2026-08-08T17:44:12.258+0000] {logging_mixin.py:190} INFO - [2026-08-08T17:44:12.257+0000] {dag.py:3211} INFO - Sync 1 DAGs
[2026-08-08T17:44:12.290+0000] {logging_mixin.py:190} INFO - [2026-08-08T17:44:12.289+0000] {dag.py:4138} INFO - Setting next_dagrun for example_sla_dag to 2026-08-08 17:42:00+00:00, run_after=2026-08-08 17:44:00+00:00
[2026-08-08T17:44:12.318+0000] {processor.py:208} INFO - Processing /home/airflow/.local/lib/python3.12/site-packages/airflow/example_dags/example_sla_dag.py took 0.112 seconds
[2026-08-08T17:44:43.232+0000] {processor.py:186} INFO - Started process (PID=347) to work on /home/airflow/.local/lib/python3.12/site-packages/airflow/example_dags/example_sla_dag.py
[2026-08-08T17:44:43.233+0000] {processor.py:914} INFO - Processing file /home/airflow/.local/lib/python3.12/site-packages/airflow/example_dags/example_sla_dag.py for tasks to queue
[2026-08-08T17:44:43.236+0000] {logging_mixin.py:190} INFO - [2026-08-08T17:44:43.236+0000] {dagbag.py:587} INFO - Filling up the DagBag from /home/airflow/.local/lib/python3.12/site-packages/airflow/example_dags/example_sla_dag.py
[2026-08-08T17:44:43.245+0000] {processor.py:925} INFO - DAG(s) 'example_sla_dag' retrieved from /home/airflow/.local/lib/python3.12/site-packages/airflow/example_dags/example_sla_dag.py
[2026-08-08T17:44:43.264+0000] {logging_mixin.py:190} INFO - [2026-08-08T17:44:43.264+0000] {dag.py:3211} INFO - Sync 1 DAGs
[2026-08-08T17:44:43.285+0000] {logging_mixin.py:190} INFO - [2026-08-08T17:44:43.285+0000] {dag.py:4138} INFO - Setting next_dagrun for example_sla_dag to 2026-08-08 17:42:00+00:00, run_after=2026-08-08 17:44:00+00:00
[2026-08-08T17:44:43.304+0000] {processor.py:208} INFO - Processing /home/airflow/.local/lib/python3.12/site-packages/airflow/example_dags/example_sla_dag.py took 0.078 seconds
[2026-08-08T17:45:13.508+0000] {processor.py:186} INFO - Started process (PID=410) to work on /home/airflow/.local/lib/python3.12/site-packages/airflow/example_dags/example_sla_dag.py
[2026-08-08T17:45:13.509+0000] {processor.py:914} INFO - Processing file /home/airflow/.local/lib/python3.12/site-packages/airflow/example_dags/example_sla_dag.py for tasks to queue
[2026-08-08T17:45:13.512+0000] {logging_mixin.py:190} INFO - [2026-08-08T17:45:13.512+0000] {dagbag.py:587} INFO - Filling up the DagBag from /home/airflow/.local/lib/python3.12/site-packages/airflow/example_dags/example_sla_dag.py
[2026-08-08T17:45:13.520+0000] {processor.py:925} INFO - DAG(s) 'example_sla_dag' retrieved from /home/airflow/.local/lib/python3.12/site-packages/airflow/example_dags/example_sla_dag.py
[2026-08-08T17:45:13.540+0000] {logging_mixin.py:190} INFO - [2026-08-08T17:45:13.539+0000] {dag.py:3211} INFO - Sync 1 DAGs
[2026-08-08T17:45:13.559+0000] {logging_mixin.py:190} INFO - [2026-08-08T17:45:13.559+0000] {dag.py:4138} INFO - Setting next_dagrun for example_sla_dag to 2026-08-08 17:42:00+00:00, run_after=2026-08-08 17:44:00+00:00
[2026-08-08T17:45:13.580+0000] {processor.py:208} INFO - Processing /home/airflow/.local/lib/python3.12/site-packages/airflow/example_dags/example_sla_dag.py took 0.077 seconds
[2026-08-08T17:45:43.934+0000] {processor.py:186} INFO - Started process (PID=473) to work on /home/airflow/.local/lib/python3.12/site-packages/airflow/example_dags/example_sla_dag.py
[2026-08-08T17:45:43.936+0000] {processor.py:914} INFO - Processing file /home/airflow/.local/lib/python3.12/site-packages/airflow/example_dags/example_sla_dag.py for tasks to queue
[2026-08-08T17:45:43.939+0000] {logging_mixin.py:190} INFO - [2026-08-08T17:45:43.938+0000] {dagbag.py:587} INFO - Filling up the DagBag from /home/airflow/.local/lib/python3.12/site-packages/airflow/example_dags/example_sla_dag.py
[2026-08-08T17:45:43.950+0000] {processor.py:925} INFO - DAG(s) 'example_sla_dag' retrieved from /home/airflow/.local/lib/python3.12/site-packages/airflow/example_dags/example_sla_dag.py
[2026-08-08T17:45:43.969+0000] {logging_mixin.py:190} INFO - [2026-08-08T17:45:43.968+0000] {dag.py:3211} INFO - Sync 1 DAGs
[2026-08-08T17:45:43.994+0000] {logging_mixin.py:190} INFO - [2026-08-08T17:45:43.992+0000] {dag.py:4138} INFO - Setting next_dagrun for example_sla_dag to 2026-08-08 17:42:00+00:00, run_after=2026-08-08 17:44:00+00:00
[2026-08-08T17:45:44.014+0000] {processor.py:208} INFO - Processing /home/airflow/.local/lib/python3.12/site-packages/airflow/example_dags/example_sla_dag.py took 0.086 seconds
[2026-08-08T17:47:13.613+0000] {processor.py:186} INFO - Started process (PID=96) to work on /home/airflow/.local/lib/python3.12/site-packages/airflow/example_dags/example_sla_dag.py
[2026-08-08T17:47:13.615+0000] {processor.py:914} INFO - Processing file /home/airflow/.local/lib/python3.12/site-packages/airflow/example_dags/example_sla_dag.py for tasks to queue
[2026-08-08T17:47:13.619+0000] {logging_mixin.py:190} INFO - [2026-08-08T17:47:13.618+0000] {dagbag.py:587} INFO - Filling up the DagBag from /home/airflow/.local/lib/python3.12/site-packages/airflow/example_dags/example_sla_dag.py
[2026-08-08T17:47:13.633+0000] {processor.py:925} INFO - DAG(s) 'example_sla_dag' retrieved from /home/airflow/.local/lib/python3.12/site-packages/airflow/example_dags/example_sla_dag.py
[2026-08-08T17:47:13.659+0000] {logging_mixin.py:190} INFO - [2026-08-08T17:47:13.659+0000] {dag.py:3211} INFO - Sync 1 DAGs
[2026-08-08T17:47:13.688+0000] {logging_mixin.py:190} INFO - [2026-08-08T17:47:13.688+0000] {dag.py:4138} INFO - Setting next_dagrun for example_sla_dag to 2026-08-08 17:44:00+00:00, run_after=2026-08-08 17:46:00+00:00
[2026-08-08T17:47:13.716+0000] {processor.py:208} INFO - Processing /home/airflow/.local/lib/python3.12/site-packages/airflow/example_dags/example_sla_dag.py took 0.112 seconds
[2026-08-08T17:47:44.295+0000] {processor.py:186} INFO - Started process (PID=159) to work on /home/airflow/.local/lib/python3.12/site-packages/airflow/example_dags/example_sla_dag.py
[2026-08-08T17:47:44.296+0000] {processor.py:914} INFO - Processing file /home/airflow/.local/lib/python3.12/site-packages/airflow/example_dags/example_sla_dag.py for tasks to queue
[2026-08-08T17:47:44.299+0000] {logging_mixin.py:190} INFO - [2026-08-08T17:47:44.299+0000] {dagbag.py:587} INFO - Filling up the DagBag from /home/airflow/.local/lib/python3.12/site-packages/airflow/example_dags/example_sla_dag.py
[2026-08-08T17:47:44.311+0000] {processor.py:925} INFO - DAG(s) 'example_sla_dag' retrieved from /home/airflow/.local/lib/python3.12/site-packages/airflow/example_dags/example_sla_dag.py
[2026-08-08T17:47:44.334+0000] {logging_mixin.py:190} INFO - [2026-08-08T17:47:44.333+0000] {dag.py:3211} INFO - Sync 1 DAGs
[2026-08-08T17:47:44.355+0000] {logging_mixin.py:190} INFO - [2026-08-08T17:47:44.355+0000] {dag.py:4138} INFO - Setting next_dagrun for example_sla_dag to 2026-08-08 17:44:00+00:00, run_after=2026-08-08 17:46:00+00:00
[2026-08-08T17:47:44.384+0000] {processor.py:208} INFO - Processing /home/airflow/.local/lib/python3.12/site-packages/airflow/example_dags/example_sla_dag.py took 0.095 seconds
[2026-08-08T17:48:15.430+0000] {processor.py:186} INFO - Started process (PID=228) to work on /home/airflow/.local/lib/python3.12/site-packages/airflow/example_dags/example_sla_dag.py
[2026-08-08T17:48:15.432+0000] {processor.py:914} INFO - Processing file /home/airflow/.local/lib/python3.12/site-packages/airflow/example_dags/example_sla_dag.py for tasks to queue
[2026-08-08T17:48:15.439+0000] {logging_mixin.py:190} INFO - [2026-08-08T17:48:15.438+0000] {dagbag.py:587} INFO - Filling up the DagBag from /home/airflow/.local/lib/python3.12/site-packages/airflow/example_dags/example_sla_dag.py
[2026-08-08T17:48:15.461+0000] {processor.py:925} INFO - DAG(s) 'example_sla_dag' retrieved from /home/airflow/.local/lib/python3.12/site-packages/airflow/example_dags/example_sla_dag.py
[2026-08-08T17:48:15.497+0000] {logging_mixin.py:190} INFO - [2026-08-08T17:48:15.496+0000] {dag.py:3211} INFO - Sync 1 DAGs
[2026-08-08T17:48:15.529+0000] {logging_mixin.py:190} INFO - [2026-08-08T17:48:15.529+0000] {dag.py:4138} INFO - Setting next_dagrun for example_sla_dag to 2026-08-08 17:46:00+00:00, run_after=2026-08-08 17:48:00+00:00
[2026-08-08T17:48:15.559+0000] {processor.py:208} INFO - Processing /home/airflow/.local/lib/python3.12/site-packages/airflow/example_dags/example_sla_dag.py took 0.146 seconds
[2026-08-08T17:48:46.086+0000] {processor.py:186} INFO - Started process (PID=291) to work on /home/airflow/.local/lib/python3.12/site-packages/airflow/example_dags/example_sla_dag.py
[2026-08-08T17:48:46.087+0000] {processor.py:914} INFO - Processing file /home/airflow/.local/lib/python3.12/site-packages/airflow/example_dags/example_sla_dag.py for tasks to queue
[2026-08-08T17:48:46.090+0000] {logging_mixin.py:190} INFO - [2026-08-08T17:48:46.089+0000] {dagbag.py:587} INFO - Filling up the DagBag from /home/airflow/.local/lib/python3.12/site-packages/airflow/example_dags/example_sla_dag.py
[2026-08-08T17:48:46.098+0000] {processor.py:925} INFO - DAG(s) 'example_sla_dag' retrieved from /home/airflow/.local/lib/python3.12/site-packages/airflow/example_dags/example_sla_dag.py
[2026-08-08T17:48:46.121+0000] {logging_mixin.py:190} INFO - [2026-08-08T17:48:46.120+0000] {dag.py:3211} INFO - Sync 1 DAGs
[2026-08-08T17:48:46.152+0000] {logging_mixin.py:190} INFO - [2026-08-08T17:48:46.152+0000] {dag.py:4138} INFO - Setting next_dagrun for example_sla_dag to 2026-08-08 17:46:00+00:00, run_after=2026-08-08 17:48:00+00:00
[2026-08-08T17:48:46.171+0000] {processor.py:208} INFO - Processing /home/airflow/.local/lib/python3.12/site-packages/airflow/example_dags/example_sla_dag.py took 0.091 seconds
[2026-08-08T17:52:37.192+0000] {processor.py:186} INFO - Started process (PID=95) to work on /home/airflow/.local/lib/python3.12/site-packages/airflow/example_dags/example_sla_dag.py
[2026-08-08T17:52:37.193+0000] {processor.py:914} INFO - Processing file /home/airflow/.local/lib/python3.12/site-packages/airflow/example_dags/example_sla_dag.py for tasks to queue
[2026-08-08T17:52:37.196+0000] {logging_mixin.py:190} INFO - [2026-08-08T17:52:37.196+0000] {dagbag.py:587} INFO - Filling up the DagBag from /home/airflow/.local/lib/python3.12/site-packages/airflow/example_dags/example_sla_dag.py
[2026-08-08T17:52:37.209+0000] {processor.py:925} INFO - DAG(s) 'example_sla_dag' retrieved from /home/airflow/.local/lib/python3.12/site-packages/airflow/example_dags/example_sla_dag.py
[2026-08-08T17:52:37.232+0000] {logging_mixin.py:190} INFO - [2026-08-08T17:52:37.232+0000] {dag.py:3211} INFO - Sync 1 DAGs
[2026-08-08T17:52:37.261+0000] {logging_mixin.py:190} INFO - [2026-08-08T17:52:37.261+0000] {dag.py:4138} INFO - Setting next_dagrun for example_sla_dag to 2026-08-08 17:50:00+00:00, run_after=2026-08-08 17:52:00+00:00
[2026-08-08T17:52:37.286+0000] {processor.py:208} INFO - Processing /home/airflow/.local/lib/python3.12/site-packages/airflow/example_dags/example_sla_dag.py took 0.102 seconds
[2026-08-08T17:53:08.189+0000] {processor.py:186} INFO - Started process (PID=158) to work on /home/airflow/.local/lib/python3.12/site-packages/airflow/example_dags/example_sla_dag.py
[2026-08-08T17:53:08.191+0000] {processor.py:914} INFO - Processing file /home/airflow/.local/lib/python3.12/site-packages/airflow/example_dags/example_sla_dag.py for tasks to queue
[2026-08-08T17:53:08.194+0000] {logging_mixin.py:190} INFO - [2026-08-08T17:53:08.194+0000] {dagbag.py:587} INFO - Filling up the DagBag from /home/airflow/.local/lib/python3.12/site-packages/airflow/example_dags/example_sla_dag.py
[2026-08-08T17:53:08.204+0000] {processor.py:925} INFO - DAG(s) 'example_sla_dag' retrieved from /home/airflow/.local/lib/python3.12/site-packages/airflow/example_dags/example_sla_dag.py
[2026-08-08T17:53:08.227+0000] {logging_mixin.py:190} INFO - [2026-08-08T17:53:08.227+0000] {dag.py:3211} INFO - Sync 1 DAGs
[2026-08-08T17:53:08.257+0000] {logging_mixin.py:190} INFO - [2026-08-08T17:53:08.256+0000] {dag.py:4138} INFO - Setting next_dagrun for example_sla_dag to 2026-08-08 17:50:00+00:00, run_after=2026-08-08 17:52:00+00:00
[2026-08-08T17:53:08.281+0000] {processor.py:208} INFO - Processing /home/airflow/.local/lib/python3.12/site-packages/airflow/example_dags/example_sla_dag.py took 0.098 seconds
[2026-08-08T17:53:38.369+0000] {processor.py:186} INFO - Started process (PID=221) to work on /home/airflow/.local/lib/python3.12/site-packages/airflow/example_dags/example_sla_dag.py
[2026-08-08T17:53:38.372+0000] {processor.py:914} INFO - Processing file /home/airflow/.local/lib/python3.12/site-packages/airflow/example_dags/example_sla_dag.py for tasks to queue
[2026-08-08T17:53:38.375+0000] {logging_mixin.py:190} INFO - [2026-08-08T17:53:38.375+0000] {dagbag.py:587} INFO - Filling up the DagBag from /home/airflow/.local/lib/python3.12/site-packages/airflow/example_dags/example_sla_dag.py
[2026-08-08T17:53:38.390+0000] {processor.py:925} INFO - DAG(s) 'example_sla_dag' retrieved from /home/airflow/.local/lib/python3.12/site-packages/airflow/example_dags/example_sla_dag.py
[2026-08-08T17:53:38.418+0000] {logging_mixin.py:190} INFO - [2026-08-08T17:53:38.417+0000] {dag.py:3211} INFO - Sync 1 DAGs
[2026-08-08T17:53:38.445+0000] {logging_mixin.py:190} INFO - [2026-08-08T17:53:38.445+0000] {dag.py:4138} INFO - Setting next_dagrun for example_sla_dag to 2026-08-08 17:50:00+00:00, run_after=2026-08-08 17:52:00+00:00
[2026-08-08T17:53:38.475+0000] {processor.py:208} INFO - Processing /home/airflow/.local/lib/python3.12/site-packages/airflow/example_dags/example_sla_dag.py took 0.113 seconds
[2026-08-08T17:54:09.145+0000] {processor.py:186} INFO - Started process (PID=284) to work on /home/airflow/.local/lib/python3.12/site-packages/airflow/example_dags/example_sla_dag.py
[2026-08-08T17:54:09.148+0000] {processor.py:914} INFO - Processing file /home/airflow/.local/lib/python3.12/site-packages/airflow/example_dags/example_sla_dag.py for tasks to queue
[2026-08-08T17:54:09.151+0000] {logging_mixin.py:190} INFO - [2026-08-08T17:54:09.151+0000] {dagbag.py:587} INFO - Filling up the DagBag from /home/airflow/.local/lib/python3.12/site-packages/airflow/example_dags/example_sla_dag.py
[2026-08-08T17:54:09.162+0000] {processor.py:925} INFO - DAG(s) 'example_sla_dag' retrieved from /home/airflow/.local/lib/python3.12/site-packages/airflow/example_dags/example_sla_dag.py
[2026-08-08T17:54:09.188+0000] {logging_mixin.py:190} INFO - [2026-08-08T17:54:09.188+0000] {dag.py:3211} INFO - Sync 1 DAGs
[2026-08-08T17:54:09.217+0000] {logging_mixin.py:190} INFO - [2026-08-08T17:54:09.217+0000] {dag.py:4138} INFO - Setting next_dagrun for example_sla_dag to 2026-08-08 17:52:00+00:00, run_after=2026-08-08 17:54:00+00:00
[2026-08-08T17:54:09.244+0000] {processor.py:208} INFO - Processing /home/airflow/.local/lib/python3.12/site-packages/airflow/example_dags/example_sla_dag.py took 0.106 seconds
[2026-08-08T17:54:39.488+0000] {processor.py:186} INFO - Started process (PID=347) to work on /home/airflow/.local/lib/python3.12/site-packages/airflow/example_dags/example_sla_dag.py
[2026-08-08T17:54:39.490+0000] {processor.py:914} INFO - Processing file /home/airflow/.local/lib/python3.12/site-packages/airflow/example_dags/example_sla_dag.py for tasks to queue
[2026-08-08T17:54:39.492+0000] {logging_mixin.py:190} INFO - [2026-08-08T17:54:39.492+0000] {dagbag.py:587} INFO - Filling up the DagBag from /home/airflow/.local/lib/python3.12/site-packages/airflow/example_dags/example_sla_dag.py
[2026-08-08T17:54:39.502+0000] {processor.py:925} INFO - DAG(s) 'example_sla_dag' retrieved from /home/airflow/.local/lib/python3.12/site-packages/airflow/example_dags/example_sla_dag.py
[2026-08-08T17:54:39.520+0000] {logging_mixin.py:190} INFO - [2026-08-08T17:54:39.520+0000] {dag.py:3211} INFO - Sync 1 DAGs
[2026-08-08T17:54:39.545+0000] {logging_mixin.py:190} INFO - [2026-08-08T17:54:39.545+0000] {dag.py:4138} INFO - Setting next_dagrun for example_sla_dag to 2026-08-08 17:52:00+00:00, run_after=2026-08-08 17:54:00+00:00
[2026-08-08T17:54:39.566+0000] {processor.py:208} INFO - Processing /home/airflow/.local/lib/python3.12/site-packages/airflow/example_dags/example_sla_dag.py took 0.083 seconds
[2026-08-08T17:55:09.850+0000] {processor.py:186} INFO - Started process (PID=410) to work on /home/airflow/.local/lib/python3.12/site-packages/airflow/example_dags/example_sla_dag.py
[2026-08-08T17:55:09.851+0000] {processor.py:914} INFO - Processing file /home/airflow/.local/lib/python3.12/site-packages/airflow/example_dags/example_sla_dag.py for tasks to queue
[2026-08-08T17:55:09.854+0000] {logging_mixin.py:190} INFO - [2026-08-08T17:55:09.854+0000] {dagbag.py:587} INFO - Filling up the DagBag from /home/airflow/.local/lib/python3.12/site-packages/airflow/example_dags/example_sla_dag.py
[2026-08-08T17:55:09.865+0000] {processor.py:925} INFO - DAG(s) 'example_sla_dag' retrieved from /home/airflow/.local/lib/python3.12/site-packages/airflow/example_dags/example_sla_dag.py
[2026-08-08T17:55:09.883+0000] {logging_mixin.py:190} INFO - [2026-08-08T17:55:09.883+0000] {dag.py:3211} INFO - Sync 1 DAGs
[2026-08-08T17:55:09.906+0000] {logging_mixin.py:190} INFO - [2026-08-08T17:55:09.905+0000] {dag.py:4138} INFO - Setting next_dagrun for example_sla_dag to 2026-08-08 17:52:00+00:00, run_after=2026-08-08 17:54:00+00:00
[2026-08-08T17:55:09.925+0000] {processor.py:208} INFO - Processing /home/airflow/.local/lib/python3.12/site-packages/airflow/example_dags/example_sla_dag.py took 0.080 seconds
[2026-08-08T17:55:40.353+0000] {processor.py:186} INFO - Started process (PID=473) to work on /home/airflow/.local/lib/python3.12/site-packages/airflow/example_dags/example_sla_dag.py
[2026-08-08T17:55:40.354+0000] {processor.py:914} INFO - Processing file /home/airflow/.local/lib/python3.12/site-packages/airflow/example_dags/example_sla_dag.py for tasks to queue
[2026-08-08T17:55:40.356+0000] {logging_mixin.py:190} INFO - [2026-08-08T17:55:40.355+0000] {dagbag.py:587} INFO - Filling up the DagBag from /home/airflow/.local/lib/python3.12/site-packages/airflow/example_dags/example_sla_dag.py
[2026-08-08T17:55:40.364+0000] {processor.py:925} INFO - DAG(s) 'example_sla_dag' retrieved from /home/airflow/.local/lib/python3.12/site-packages/airflow/example_dags/example_sla_dag.py
[2026-08-08T17:55:40.379+0000] {logging_mixin.py:190} INFO - [2026-08-08T17:55:40.379+0000] {dag.py:3211} INFO - Sync 1 DAGs
[2026-08-08T17:55:40.395+0000] {logging_mixin.py:190} INFO - [2026-08-08T17:55:40.395+0000] {dag.py:4138} INFO - Setting next_dagrun for example_sla_dag to 2026-08-08 17:52:00+00:00, run_after=2026-08-08 17:54:00+00:00
[2026-08-08T17:55:40.416+0000] {processor.py:208} INFO - Processing /home/airflow/.local/lib/python3.12/site-packages/airflow/example_dags/example_sla_dag.py took 0.068 seconds
[2026-08-08T17:56:10.648+0000] {processor.py:186} INFO - Started process (PID=536) to work on /home/airflow/.local/lib/python3.12/site-packages/airflow/example_dags/example_sla_dag.py
[2026-08-08T17:56:10.650+0000] {processor.py:914} INFO - Processing file /home/airflow/.local/lib/python3.12/site-packages/airflow/example_dags/example_sla_dag.py for tasks to queue
[2026-08-08T17:56:10.653+0000] {logging_mixin.py:190} INFO - [2026-08-08T17:56:10.653+0000] {dagbag.py:587} INFO - Filling up the DagBag from /home/airflow/.local/lib/python3.12/site-packages/airflow/example_dags/example_sla_dag.py
[2026-08-08T17:56:10.661+0000] {processor.py:925} INFO - DAG(s) 'example_sla_dag' retrieved from /home/airflow/.local/lib/python3.12/site-packages/airflow/example_dags/example_sla_dag.py
[2026-08-08T17:56:10.678+0000] {logging_mixin.py:190} INFO - [2026-08-08T17:56:10.678+0000] {dag.py:3211} INFO - Sync 1 DAGs
[2026-08-08T17:56:10.700+0000] {logging_mixin.py:190} INFO - [2026-08-08T17:56:10.700+0000] {dag.py:4138} INFO - Setting next_dagrun for example_sla_dag to 2026-08-08 17:54:00+00:00, run_after=2026-08-08 17:56:00+00:00
[2026-08-08T17:56:10.720+0000] {processor.py:208} INFO - Processing /home/airflow/.local/lib/python3.12/site-packages/airflow/example_dags/example_sla_dag.py took 0.077 seconds
[2026-08-08T17:56:41.135+0000] {processor.py:186} INFO - Started process (PID=599) to work on /home/airflow/.local/lib/python3.12/site-packages/airflow/example_dags/example_sla_dag.py
[2026-08-08T17:56:41.137+0000] {processor.py:914} INFO - Processing file /home/airflow/.local/lib/python3.12/site-packages/airflow/example_dags/example_sla_dag.py for tasks to queue
[2026-08-08T17:56:41.139+0000] {logging_mixin.py:190} INFO - [2026-08-08T17:56:41.139+0000] {dagbag.py:587} INFO - Filling up the DagBag from /home/airflow/.local/lib/python3.12/site-packages/airflow/example_dags/example_sla_dag.py
[2026-08-08T17:56:41.158+0000] {processor.py:925} INFO - DAG(s) 'example_sla_dag' retrieved from /home/airflow/.local/lib/python3.12/site-packages/airflow/example_dags/example_sla_dag.py
[2026-08-08T17:56:41.191+0000] {logging_mixin.py:190} INFO - [2026-08-08T17:56:41.191+0000] {dag.py:3211} INFO - Sync 1 DAGs
[2026-08-08T17:56:41.233+0000] {logging_mixin.py:190} INFO - [2026-08-08T17:56:41.232+0000] {dag.py:4138} INFO - Setting next_dagrun for example_sla_dag to 2026-08-08 17:54:00+00:00, run_after=2026-08-08 17:56:00+00:00
[2026-08-08T17:56:41.256+0000] {processor.py:208} INFO - Processing /home/airflow/.local/lib/python3.12/site-packages/airflow/example_dags/example_sla_dag.py took 0.126 seconds
[2026-08-08T17:57:11.685+0000] {processor.py:186} INFO - Started process (PID=662) to work on /home/airflow/.local/lib/python3.12/site-packages/airflow/example_dags/example_sla_dag.py
[2026-08-08T17:57:11.687+0000] {processor.py:914} INFO - Processing file /home/airflow/.local/lib/python3.12/site-packages/airflow/example_dags/example_sla_dag.py for tasks to queue
[2026-08-08T17:57:11.690+0000] {logging_mixin.py:190} INFO - [2026-08-08T17:57:11.690+0000] {dagbag.py:587} INFO - Filling up the DagBag from /home/airflow/.local/lib/python3.12/site-packages/airflow/example_dags/example_sla_dag.py
[2026-08-08T17:57:11.703+0000] {processor.py:925} INFO - DAG(s) 'example_sla_dag' retrieved from /home/airflow/.local/lib/python3.12/site-packages/airflow/example_dags/example_sla_dag.py
[2026-08-08T17:57:11.727+0000] {logging_mixin.py:190} INFO - [2026-08-08T17:57:11.727+0000] {dag.py:3211} INFO - Sync 1 DAGs
[2026-08-08T17:57:11.757+0000] {logging_mixin.py:190} INFO - [2026-08-08T17:57:11.757+0000] {dag.py:4138} INFO - Setting next_dagrun for example_sla_dag to 2026-08-08 17:54:00+00:00, run_after=2026-08-08 17:56:00+00:00
[2026-08-08T17:57:11.780+0000] {processor.py:208} INFO - Processing /home/airflow/.local/lib/python3.12/site-packages/airflow/example_dags/example_sla_dag.py took 0.104 seconds
[2026-08-08T18:08:18.183+0000] {processor.py:186} INFO - Started process (PID=725) to work on /home/airflow/.local/lib/python3.12/site-packages/airflow/example_dags/example_sla_dag.py
[2026-08-08T18:08:18.186+0000] {processor.py:914} INFO - Processing file /home/airflow/.local/lib/python3.12/site-packages/airflow/example_dags/example_sla_dag.py for tasks to queue
[2026-08-08T18:08:18.193+0000] {logging_mixin.py:190} INFO - [2026-08-08T18:08:18.192+0000] {dagbag.py:587} INFO - Filling up the DagBag from /home/airflow/.local/lib/python3.12/site-packages/airflow/example_dags/example_sla_dag.py
[2026-08-08T18:08:18.213+0000] {processor.py:925} INFO - DAG(s) 'example_sla_dag' retrieved from /home/airflow/.local/lib/python3.12/site-packages/airflow/example_dags/example_sla_dag.py
[2026-08-08T18:08:18.248+0000] {logging_mixin.py:190} INFO - [2026-08-08T18:08:18.248+0000] {dag.py:3211} INFO - Sync 1 DAGs
[2026-08-08T18:08:18.294+0000] {logging_mixin.py:190} INFO - [2026-08-08T18:08:18.293+0000] {dag.py:4138} INFO - Setting next_dagrun for example_sla_dag to 2026-08-08 18:06:00+00:00, run_after=2026-08-08 18:08:00+00:00
[2026-08-08T18:08:18.329+0000] {processor.py:208} INFO - Processing /home/airflow/.local/lib/python3.12/site-packages/airflow/example_dags/example_sla_dag.py took 0.160 seconds
[2026-08-08T18:08:48.442+0000] {processor.py:186} INFO - Started process (PID=788) to work on /home/airflow/.local/lib/python3.12/site-packages/airflow/example_dags/example_sla_dag.py
[2026-08-08T18:08:48.444+0000] {processor.py:914} INFO - Processing file /home/airflow/.local/lib/python3.12/site-packages/airflow/example_dags/example_sla_dag.py for tasks to queue
[2026-08-08T18:08:48.450+0000] {logging_mixin.py:190} INFO - [2026-08-08T18:08:48.449+0000] {dagbag.py:587} INFO - Filling up the DagBag from /home/airflow/.local/lib/python3.12/site-packages/airflow/example_dags/example_sla_dag.py
[2026-08-08T18:08:48.468+0000] {processor.py:925} INFO - DAG(s) 'example_sla_dag' retrieved from /home/airflow/.local/lib/python3.12/site-packages/airflow/example_dags/example_sla_dag.py
[2026-08-08T18:08:48.502+0000] {logging_mixin.py:190} INFO - [2026-08-08T18:08:48.502+0000] {dag.py:3211} INFO - Sync 1 DAGs
[2026-08-08T18:08:48.542+0000] {logging_mixin.py:190} INFO - [2026-08-08T18:08:48.542+0000] {dag.py:4138} INFO - Setting next_dagrun for example_sla_dag to 2026-08-08 18:06:00+00:00, run_after=2026-08-08 18:08:00+00:00
[2026-08-08T18:08:48.575+0000] {processor.py:208} INFO - Processing /home/airflow/.local/lib/python3.12/site-packages/airflow/example_dags/example_sla_dag.py took 0.142 seconds
[2026-08-08T18:09:18.935+0000] {processor.py:186} INFO - Started process (PID=851) to work on /home/airflow/.local/lib/python3.12/site-packages/airflow/example_dags/example_sla_dag.py
[2026-08-08T18:09:18.939+0000] {processor.py:914} INFO - Processing file /home/airflow/.local/lib/python3.12/site-packages/airflow/example_dags/example_sla_dag.py for tasks to queue
[2026-08-08T18:09:18.944+0000] {logging_mixin.py:190} INFO - [2026-08-08T18:09:18.944+0000] {dagbag.py:587} INFO - Filling up the DagBag from /home/airflow/.local/lib/python3.12/site-packages/airflow/example_dags/example_sla_dag.py
[2026-08-08T18:09:18.966+0000] {processor.py:925} INFO - DAG(s) 'example_sla_dag' retrieved from /home/airflow/.local/lib/python3.12/site-packages/airflow/example_dags/example_sla_dag.py
[2026-08-08T18:09:19.000+0000] {logging_mixin.py:190} INFO - [2026-08-08T18:09:19.000+0000] {dag.py:3211} INFO - Sync 1 DAGs
[2026-08-08T18:09:19.047+0000] {logging_mixin.py:190} INFO - [2026-08-08T18:09:19.047+0000] {dag.py:4138} INFO - Setting next_dagrun for example_sla_dag to 2026-08-08 18:06:00+00:00, run_after=2026-08-08 18:08:00+00:00
[2026-08-08T18:09:19.086+0000] {processor.py:208} INFO - Processing /home/airflow/.local/lib/python3.12/site-packages/airflow/example_dags/example_sla_dag.py took 0.166 seconds
[2026-08-08T18:09:49.552+0000] {processor.py:186} INFO - Started process (PID=914) to work on /home/airflow/.local/lib/python3.12/site-packages/airflow/example_dags/example_sla_dag.py
[2026-08-08T18:09:49.554+0000] {processor.py:914} INFO - Processing file /home/airflow/.local/lib/python3.12/site-packages/airflow/example_dags/example_sla_dag.py for tasks to queue
[2026-08-08T18:09:49.556+0000] {logging_mixin.py:190} INFO - [2026-08-08T18:09:49.556+0000] {dagbag.py:587} INFO - Filling up the DagBag from /home/airflow/.local/lib/python3.12/site-packages/airflow/example_dags/example_sla_dag.py
[2026-08-08T18:09:49.569+0000] {processor.py:925} INFO - DAG(s) 'example_sla_dag' retrieved from /home/airflow/.local/lib/python3.12/site-packages/airflow/example_dags/example_sla_dag.py
[2026-08-08T18:09:49.594+0000] {logging_mixin.py:190} INFO - [2026-08-08T18:09:49.594+0000] {dag.py:3211} INFO - Sync 1 DAGs
[2026-08-08T18:09:49.627+0000] {logging_mixin.py:190} INFO - [2026-08-08T18:09:49.627+0000] {dag.py:4138} INFO - Setting next_dagrun for example_sla_dag to 2026-08-08 18:06:00+00:00, run_after=2026-08-08 18:08:00+00:00
[2026-08-08T18:09:49.652+0000] {processor.py:208} INFO - Processing /home/airflow/.local/lib/python3.12/site-packages/airflow/example_dags/example_sla_dag.py took 0.108 seconds
[2026-08-08T18:10:19.882+0000] {processor.py:186} INFO - Started process (PID=977) to work on /home/airflow/.local/lib/python3.12/site-packages/airflow/example_dags/example_sla_dag.py
[2026-08-08T18:10:19.884+0000] {processor.py:914} INFO - Processing file /home/airflow/.local/lib/python3.12/site-packages/airflow/example_dags/example_sla_dag.py for tasks to queue
[2026-08-08T18:10:19.890+0000] {logging_mixin.py:190} INFO - [2026-08-08T18:10:19.889+0000] {dagbag.py:587} INFO - Filling up the DagBag from /home/airflow/.local/lib/python3.12/site-packages/airflow/example_dags/example_sla_dag.py
[2026-08-08T18:10:19.909+0000] {processor.py:925} INFO - DAG(s) 'example_sla_dag' retrieved from /home/airflow/.local/lib/python3.12/site-packages/airflow/example_dags/example_sla_dag.py
[2026-08-08T18:10:19.940+0000] {logging_mixin.py:190} INFO - [2026-08-08T18:10:19.940+0000] {dag.py:3211} INFO - Sync 1 DAGs
[2026-08-08T18:10:19.978+0000] {logging_mixin.py:190} INFO - [2026-08-08T18:10:19.977+0000] {dag.py:4138} INFO - Setting next_dagrun for example_sla_dag to 2026-08-08 18:08:00+00:00, run_after=2026-08-08 18:10:00+00:00
[2026-08-08T18:10:20.012+0000] {processor.py:208} INFO - Processing /home/airflow/.local/lib/python3.12/site-packages/airflow/example_dags/example_sla_dag.py took 0.140 seconds
[2026-08-08T18:10:50.178+0000] {processor.py:186} INFO - Started process (PID=1040) to work on /home/airflow/.local/lib/python3.12/site-packages/airflow/example_dags/example_sla_dag.py
[2026-08-08T18:10:50.180+0000] {processor.py:914} INFO - Processing file /home/airflow/.local/lib/python3.12/site-packages/airflow/example_dags/example_sla_dag.py for tasks to queue
[2026-08-08T18:10:50.184+0000] {logging_mixin.py:190} INFO - [2026-08-08T18:10:50.183+0000] {dagbag.py:587} INFO - Filling up the DagBag from /home/airflow/.local/lib/python3.12/site-packages/airflow/example_dags/example_sla_dag.py
[2026-08-08T18:10:50.203+0000] {processor.py:925} INFO - DAG(s) 'example_sla_dag' retrieved from /home/airflow/.local/lib/python3.12/site-packages/airflow/example_dags/example_sla_dag.py
[2026-08-08T18:10:50.246+0000] {logging_mixin.py:190} INFO - [2026-08-08T18:10:50.246+0000] {dag.py:3211} INFO - Sync 1 DAGs
[2026-08-08T18:10:50.291+0000] {logging_mixin.py:190} INFO - [2026-08-08T18:10:50.290+0000] {dag.py:4138} INFO - Setting next_dagrun for example_sla_dag to 2026-08-08 18:08:00+00:00, run_after=2026-08-08 18:10:00+00:00
[2026-08-08T18:10:50.329+0000] {processor.py:208} INFO - Processing /home/airflow/.local/lib/python3.12/site-packages/airflow/example_dags/example_sla_dag.py took 0.161 seconds
[2026-08-08T18:11:20.480+0000] {processor.py:186} INFO - Started process (PID=1102) to work on /home/airflow/.local/lib/python3.12/site-packages/airflow/example_dags/example_sla_dag.py
[2026-08-08T18:11:20.482+0000] {processor.py:914} INFO - Processing file /home/airflow/.local/lib/python3.12/site-packages/airflow/example_dags/example_sla_dag.py for tasks to queue
[2026-08-08T18:11:20.487+0000] {logging_mixin.py:190} INFO - [2026-08-08T18:11:20.487+0000] {dagbag.py:587} INFO - Filling up the DagBag from /home/airflow/.local/lib/python3.12/site-packages/airflow/example_dags/example_sla_dag.py
[2026-08-08T18:11:20.503+0000] {processor.py:925} INFO - DAG(s) 'example_sla_dag' retrieved from /home/airflow/.local/lib/python3.12/site-packages/airflow/example_dags/example_sla_dag.py
[2026-08-08T18:11:20.524+0000] {logging_mixin.py:190} INFO - [2026-08-08T18:11:20.523+0000] {dag.py:3211} INFO - Sync 1 DAGs
[2026-08-08T18:11:20.549+0000] {logging_mixin.py:190} INFO - [2026-08-08T18:11:20.549+0000] {dag.py:4138} INFO - Setting next_dagrun for example_sla_dag to 2026-08-08 18:08:00+00:00, run_after=2026-08-08 18:10:00+00:00
[2026-08-08T18:11:20.573+0000] {processor.py:208} INFO - Processing /home/airflow/.local/lib/python3.12/site-packages/airflow/example_dags/example_sla_dag.py took 0.101 seconds
[2026-08-08T18:11:51.467+0000] {processor.py:186} INFO - Started process (PID=1166) to work on /home/airflow/.local/lib/python3.12/site-packages/airflow/example_dags/example_sla_dag.py
[2026-08-08T18:11:51.469+0000] {processor.py:914} INFO - Processing file /home/airflow/.local/lib/python3.12/site-packages/airflow/example_dags/example_sla_dag.py for tasks to queue
[2026-08-08T18:11:51.474+0000] {logging_mixin.py:190} INFO - [2026-08-08T18:11:51.474+0000] {dagbag.py:587} INFO - Filling up the DagBag from /home/airflow/.local/lib/python3.12/site-packages/airflow/example_dags/example_sla_dag.py
[2026-08-08T18:11:51.512+0000] {processor.py:925} INFO - DAG(s) 'example_sla_dag' retrieved from /home/airflow/.local/lib/python3.12/site-packages/airflow/example_dags/example_sla_dag.py
[2026-08-08T18:11:51.620+0000] {logging_mixin.py:190} INFO - [2026-08-08T18:11:51.619+0000] {dag.py:3211} INFO - Sync 1 DAGs
[2026-08-08T18:11:51.703+0000] {logging_mixin.py:190} INFO - [2026-08-08T18:11:51.702+0000] {dag.py:4138} INFO - Setting next_dagrun for example_sla_dag to 2026-08-08 18:08:00+00:00, run_after=2026-08-08 18:10:00+00:00
[2026-08-08T18:11:51.745+0000] {processor.py:208} INFO - Processing /home/airflow/.local/lib/python3.12/site-packages/airflow/example_dags/example_sla_dag.py took 0.291 seconds
[2026-08-08T18:13:07.500+0000] {processor.py:186} INFO - Started process (PID=101) to work on /home/airflow/.local/lib/python3.12/site-packages/airflow/example_dags/example_sla_dag.py
[2026-08-08T18:13:07.502+0000] {processor.py:914} INFO - Processing file /home/airflow/.local/lib/python3.12/site-packages/airflow/example_dags/example_sla_dag.py for tasks to queue
[2026-08-08T18:13:07.506+0000] {logging_mixin.py:190} INFO - [2026-08-08T18:13:07.506+0000] {dagbag.py:587} INFO - Filling up the DagBag from /home/airflow/.local/lib/python3.12/site-packages/airflow/example_dags/example_sla_dag.py
[2026-08-08T18:13:07.521+0000] {processor.py:925} INFO - DAG(s) 'example_sla_dag' retrieved from /home/airflow/.local/lib/python3.12/site-packages/airflow/example_dags/example_sla_dag.py
[2026-08-08T18:13:07.552+0000] {logging_mixin.py:190} INFO - [2026-08-08T18:13:07.552+0000] {dag.py:3211} INFO - Sync 1 DAGs
[2026-08-08T18:13:07.589+0000] {logging_mixin.py:190} INFO - [2026-08-08T18:13:07.589+0000] {dag.py:4138} INFO - Setting next_dagrun for example_sla_dag to 2026-08-08 18:10:00+00:00, run_after=2026-08-08 18:12:00+00:00
[2026-08-08T18:13:07.618+0000] {processor.py:208} INFO - Processing /home/airflow/.local/lib/python3.12/site-packages/airflow/example_dags/example_sla_dag.py took 0.126 seconds
[2026-08-08T18:13:37.892+0000] {processor.py:186} INFO - Started process (PID=164) to work on /home/airflow/.local/lib/python3.12/site-packages/airflow/example_dags/example_sla_dag.py
[2026-08-08T18:13:37.893+0000] {processor.py:914} INFO - Processing file /home/airflow/.local/lib/python3.12/site-packages/airflow/example_dags/example_sla_dag.py for tasks to queue
[2026-08-08T18:13:37.897+0000] {logging_mixin.py:190} INFO - [2026-08-08T18:13:37.896+0000] {dagbag.py:587} INFO - Filling up the DagBag from /home/airflow/.local/lib/python3.12/site-packages/airflow/example_dags/example_sla_dag.py
[2026-08-08T18:13:37.909+0000] {processor.py:925} INFO - DAG(s) 'example_sla_dag' retrieved from /home/airflow/.local/lib/python3.12/site-packages/airflow/example_dags/example_sla_dag.py
[2026-08-08T18:13:37.935+0000] {logging_mixin.py:190} INFO - [2026-08-08T18:13:37.935+0000] {dag.py:3211} INFO - Sync 1 DAGs
[2026-08-08T18:13:37.964+0000] {logging_mixin.py:190} INFO - [2026-08-08T18:13:37.964+0000] {dag.py:4138} INFO - Setting next_dagrun for example_sla_dag to 2026-08-08 18:10:00+00:00, run_after=2026-08-08 18:12:00+00:00
[2026-08-08T18:13:37.987+0000] {processor.py:208} INFO - Processing /home/airflow/.local/lib/python3.12/site-packages/airflow/example_dags/example_sla_dag.py took 0.104 seconds
[2026-08-08T18:14:08.490+0000] {processor.py:186} INFO - Started process (PID=227) to work on /home/airflow/.local/lib/python3.12/site-packages/airflow/example_dags/example_sla_dag.py
[2026-08-08T18:14:08.493+0000] {processor.py:914} INFO - Processing file /home/airflow/.local/lib/python3.12/site-packages/airflow/example_dags/example_sla_dag.py for tasks to queue
[2026-08-08T18:14:08.497+0000] {logging_mixin.py:190} INFO - [2026-08-08T18:14:08.497+0000] {dagbag.py:587} INFO - Filling up the DagBag from /home/airflow/.local/lib/python3.12/site-packages/airflow/example_dags/example_sla_dag.py
[2026-08-08T18:14:08.510+0000] {processor.py:925} INFO - DAG(s) 'example_sla_dag' retrieved from /home/airflow/.local/lib/python3.12/site-packages/airflow/example_dags/example_sla_dag.py
[2026-08-08T18:14:08.536+0000] {logging_mixin.py:190} INFO - [2026-08-08T18:14:08.536+0000] {dag.py:3211} INFO - Sync 1 DAGs
[2026-08-08T18:14:08.566+0000] {logging_mixin.py:190} INFO - [2026-08-08T18:14:08.565+0000] {dag.py:4138} INFO - Setting next_dagrun for example_sla_dag to 2026-08-08 18:12:00+00:00, run_after=2026-08-08 18:14:00+00:00
[2026-08-08T18:14:08.589+0000] {processor.py:208} INFO - Processing /home/airflow/.local/lib/python3.12/site-packages/airflow/example_dags/example_sla_dag.py took 0.107 seconds
[2026-08-08T18:14:38.840+0000] {processor.py:186} INFO - Started process (PID=290) to work on /home/airflow/.local/lib/python3.12/site-packages/airflow/example_dags/example_sla_dag.py
[2026-08-08T18:14:38.841+0000] {processor.py:914} INFO - Processing file /home/airflow/.local/lib/python3.12/site-packages/airflow/example_dags/example_sla_dag.py for tasks to queue
[2026-08-08T18:14:38.844+0000] {logging_mixin.py:190} INFO - [2026-08-08T18:14:38.843+0000] {dagbag.py:587} INFO - Filling up the DagBag from /home/airflow/.local/lib/python3.12/site-packages/airflow/example_dags/example_sla_dag.py
[2026-08-08T18:14:38.856+0000] {processor.py:925} INFO - DAG(s) 'example_sla_dag' retrieved from /home/airflow/.local/lib/python3.12/site-packages/airflow/example_dags/example_sla_dag.py
[2026-08-08T18:14:38.878+0000] {logging_mixin.py:190} INFO - [2026-08-08T18:14:38.878+0000] {dag.py:3211} INFO - Sync 1 DAGs
[2026-08-08T18:14:38.904+0000] {logging_mixin.py:190} INFO - [2026-08-08T18:14:38.904+0000] {dag.py:4138} INFO - Setting next_dagrun for example_sla_dag to 2026-08-08 18:12:00+00:00, run_after=2026-08-08 18:14:00+00:00
[2026-08-08T18:14:38.929+0000] {processor.py:208} INFO - Processing /home/airflow/.local/lib/python3.12/site-packages/airflow/example_dags/example_sla_dag.py took 0.096 seconds
[2026-08-08T18:15:10.085+0000] {processor.py:186} INFO - Started process (PID=353) to work on /home/airflow/.local/lib/python3.12/site-packages/airflow/example_dags/example_sla_dag.py
[2026-08-08T18:15:10.088+0000] {processor.py:914} INFO - Processing file /home/airflow/.local/lib/python3.12/site-packages/airflow/example_dags/example_sla_dag.py for tasks to queue
[2026-08-08T18:15:10.095+0000] {logging_mixin.py:190} INFO - [2026-08-08T18:15:10.094+0000] {dagbag.py:587} INFO - Filling up the DagBag from /home/airflow/.local/lib/python3.12/site-packages/airflow/example_dags/example_sla_dag.py
[2026-08-08T18:15:10.112+0000] {processor.py:925} INFO - DAG(s) 'example_sla_dag' retrieved from /home/airflow/.local/lib/python3.12/site-packages/airflow/example_dags/example_sla_dag.py
[2026-08-08T18:15:10.144+0000] {logging_mixin.py:190} INFO - [2026-08-08T18:15:10.144+0000] {dag.py:3211} INFO - Sync 1 DAGs
[2026-08-08T18:15:10.180+0000] {logging_mixin.py:190} INFO - [2026-08-08T18:15:10.179+0000] {dag.py:4138} INFO - Setting next_dagrun for example_sla_dag to 2026-08-08 18:12:00+00:00, run_after=2026-08-08 18:14:00+00:00
[2026-08-08T18:15:10.209+0000] {processor.py:208} INFO - Processing /home/airflow/.local/lib/python3.12/site-packages/airflow/example_dags/example_sla_dag.py took 0.138 seconds
[2026-08-08T18:15:40.674+0000] {processor.py:186} INFO - Started process (PID=416) to work on /home/airflow/.local/lib/python3.12/site-packages/airflow/example_dags/example_sla_dag.py
[2026-08-08T18:15:40.675+0000] {processor.py:914} INFO - Processing file /home/airflow/.local/lib/python3.12/site-packages/airflow/example_dags/example_sla_dag.py for tasks to queue
[2026-08-08T18:15:40.678+0000] {logging_mixin.py:190} INFO - [2026-08-08T18:15:40.678+0000] {dagbag.py:587} INFO - Filling up the DagBag from /home/airflow/.local/lib/python3.12/site-packages/airflow/example_dags/example_sla_dag.py
[2026-08-08T18:15:40.690+0000] {processor.py:925} INFO - DAG(s) 'example_sla_dag' retrieved from /home/airflow/.local/lib/python3.12/site-packages/airflow/example_dags/example_sla_dag.py
[2026-08-08T18:15:40.710+0000] {logging_mixin.py:190} INFO - [2026-08-08T18:15:40.710+0000] {dag.py:3211} INFO - Sync 1 DAGs
[2026-08-08T18:15:40.736+0000] {logging_mixin.py:190} INFO - [2026-08-08T18:15:40.736+0000] {dag.py:4138} INFO - Setting next_dagrun for example_sla_dag to 2026-08-08 18:12:00+00:00, run_after=2026-08-08 18:14:00+00:00
[2026-08-08T18:15:40.758+0000] {processor.py:208} INFO - Processing /home/airflow/.local/lib/python3.12/site-packages/airflow/example_dags/example_sla_dag.py took 0.091 seconds
[2026-08-08T18:17:12.476+0000] {processor.py:186} INFO - Started process (PID=114) to work on /home/airflow/.local/lib/python3.12/site-packages/airflow/example_dags/example_sla_dag.py
[2026-08-08T18:17:12.478+0000] {processor.py:914} INFO - Processing file /home/airflow/.local/lib/python3.12/site-packages/airflow/example_dags/example_sla_dag.py for tasks to queue
[2026-08-08T18:17:12.482+0000] {logging_mixin.py:190} INFO - [2026-08-08T18:17:12.482+0000] {dagbag.py:587} INFO - Filling up the DagBag from /home/airflow/.local/lib/python3.12/site-packages/airflow/example_dags/example_sla_dag.py
[2026-08-08T18:17:12.497+0000] {processor.py:925} INFO - DAG(s) 'example_sla_dag' retrieved from /home/airflow/.local/lib/python3.12/site-packages/airflow/example_dags/example_sla_dag.py
[2026-08-08T18:17:12.525+0000] {logging_mixin.py:190} INFO - [2026-08-08T18:17:12.525+0000] {dag.py:3211} INFO - Sync 1 DAGs
[2026-08-08T18:17:12.559+0000] {logging_mixin.py:190} INFO - [2026-08-08T18:17:12.558+0000] {dag.py:4138} INFO - Setting next_dagrun for example_sla_dag to 2026-08-08 18:14:00+00:00, run_after=2026-08-08 18:16:00+00:00
[2026-08-08T18:17:12.590+0000] {processor.py:208} INFO - Processing /home/airflow/.local/lib/python3.12/site-packages/airflow/example_dags/example_sla_dag.py took 0.125 seconds
[2026-08-08T18:17:43.035+0000] {processor.py:186} INFO - Started process (PID=177) to work on /home/airflow/.local/lib/python3.12/site-packages/airflow/example_dags/example_sla_dag.py
[2026-08-08T18:17:43.038+0000] {processor.py:914} INFO - Processing file /home/airflow/.local/lib/python3.12/site-packages/airflow/example_dags/example_sla_dag.py for tasks to queue
[2026-08-08T18:17:43.040+0000] {logging_mixin.py:190} INFO - [2026-08-08T18:17:43.040+0000] {dagbag.py:587} INFO - Filling up the DagBag from /home/airflow/.local/lib/python3.12/site-packages/airflow/example_dags/example_sla_dag.py
[2026-08-08T18:17:43.052+0000] {processor.py:925} INFO - DAG(s) 'example_sla_dag' retrieved from /home/airflow/.local/lib/python3.12/site-packages/airflow/example_dags/example_sla_dag.py
[2026-08-08T18:17:43.076+0000] {logging_mixin.py:190} INFO - [2026-08-08T18:17:43.075+0000] {dag.py:3211} INFO - Sync 1 DAGs
[2026-08-08T18:17:43.102+0000] {logging_mixin.py:190} INFO - [2026-08-08T18:17:43.101+0000] {dag.py:4138} INFO - Setting next_dagrun for example_sla_dag to 2026-08-08 18:14:00+00:00, run_after=2026-08-08 18:16:00+00:00
[2026-08-08T18:17:43.124+0000] {processor.py:208} INFO - Processing /home/airflow/.local/lib/python3.12/site-packages/airflow/example_dags/example_sla_dag.py took 0.095 seconds
[2026-08-08T18:18:13.853+0000] {processor.py:186} INFO - Started process (PID=240) to work on /home/airflow/.local/lib/python3.12/site-packages/airflow/example_dags/example_sla_dag.py
[2026-08-08T18:18:13.854+0000] {processor.py:914} INFO - Processing file /home/airflow/.local/lib/python3.12/site-packages/airflow/example_dags/example_sla_dag.py for tasks to queue
[2026-08-08T18:18:13.857+0000] {logging_mixin.py:190} INFO - [2026-08-08T18:18:13.856+0000] {dagbag.py:587} INFO - Filling up the DagBag from /home/airflow/.local/lib/python3.12/site-packages/airflow/example_dags/example_sla_dag.py
[2026-08-08T18:18:13.869+0000] {processor.py:925} INFO - DAG(s) 'example_sla_dag' retrieved from /home/airflow/.local/lib/python3.12/site-packages/airflow/example_dags/example_sla_dag.py
[2026-08-08T18:18:13.891+0000] {logging_mixin.py:190} INFO - [2026-08-08T18:18:13.890+0000] {dag.py:3211} INFO - Sync 1 DAGs
[2026-08-08T18:18:13.924+0000] {logging_mixin.py:190} INFO - [2026-08-08T18:18:13.924+0000] {dag.py:4138} INFO - Setting next_dagrun for example_sla_dag to 2026-08-08 18:16:00+00:00, run_after=2026-08-08 18:18:00+00:00
[2026-08-08T18:18:13.948+0000] {processor.py:208} INFO - Processing /home/airflow/.local/lib/python3.12/site-packages/airflow/example_dags/example_sla_dag.py took 0.104 seconds
[2026-08-08T18:18:44.434+0000] {processor.py:186} INFO - Started process (PID=304) to work on /home/airflow/.local/lib/python3.12/site-packages/airflow/example_dags/example_sla_dag.py
[2026-08-08T18:18:44.436+0000] {processor.py:914} INFO - Processing file /home/airflow/.local/lib/python3.12/site-packages/airflow/example_dags/example_sla_dag.py for tasks to queue
[2026-08-08T18:18:44.439+0000] {logging_mixin.py:190} INFO - [2026-08-08T18:18:44.438+0000] {dagbag.py:587} INFO - Filling up the DagBag from /home/airflow/.local/lib/python3.12/site-packages/airflow/example_dags/example_sla_dag.py
[2026-08-08T18:18:44.454+0000] {processor.py:925} INFO - DAG(s) 'example_sla_dag' retrieved from /home/airflow/.local/lib/python3.12/site-packages/airflow/example_dags/example_sla_dag.py
[2026-08-08T18:18:44.479+0000] {logging_mixin.py:190} INFO - [2026-08-08T18:18:44.478+0000] {dag.py:3211} INFO - Sync 1 DAGs
[2026-08-08T18:18:44.507+0000] {logging_mixin.py:190} INFO - [2026-08-08T18:18:44.507+0000] {dag.py:4138} INFO - Setting next_dagrun for example_sla_dag to 2026-08-08 18:16:00+00:00, run_after=2026-08-08 18:18:00+00:00
[2026-08-08T18:18:44.529+0000] {processor.py:208} INFO - Processing /home/airflow/.local/lib/python3.12/site-packages/airflow/example_dags/example_sla_dag.py took 0.104 seconds
[2026-08-08T18:19:15.315+0000] {processor.py:186} INFO - Started process (PID=367) to work on /home/airflow/.local/lib/python3.12/site-packages/airflow/example_dags/example_sla_dag.py
[2026-08-08T18:19:15.317+0000] {processor.py:914} INFO - Processing file /home/airflow/.local/lib/python3.12/site-packages/airflow/example_dags/example_sla_dag.py for tasks to queue
[2026-08-08T18:19:15.320+0000] {logging_mixin.py:190} INFO - [2026-08-08T18:19:15.320+0000] {dagbag.py:587} INFO - Filling up the DagBag from /home/airflow/.local/lib/python3.12/site-packages/airflow/example_dags/example_sla_dag.py
[2026-08-08T18:19:15.335+0000] {processor.py:925} INFO - DAG(s) 'example_sla_dag' retrieved from /home/airflow/.local/lib/python3.12/site-packages/airflow/example_dags/example_sla_dag.py
[2026-08-08T18:19:15.361+0000] {logging_mixin.py:190} INFO - [2026-08-08T18:19:15.360+0000] {dag.py:3211} INFO - Sync 1 DAGs
[2026-08-08T18:19:15.391+0000] {logging_mixin.py:190} INFO - [2026-08-08T18:19:15.391+0000] {dag.py:4138} INFO - Setting next_dagrun for example_sla_dag to 2026-08-08 18:16:00+00:00, run_after=2026-08-08 18:18:00+00:00
[2026-08-08T18:19:15.417+0000] {processor.py:208} INFO - Processing /home/airflow/.local/lib/python3.12/site-packages/airflow/example_dags/example_sla_dag.py took 0.110 seconds
[2026-08-08T18:24:01.504+0000] {processor.py:186} INFO - Started process (PID=429) to work on /home/airflow/.local/lib/python3.12/site-packages/airflow/example_dags/example_sla_dag.py
[2026-08-08T18:24:01.506+0000] {processor.py:914} INFO - Processing file /home/airflow/.local/lib/python3.12/site-packages/airflow/example_dags/example_sla_dag.py for tasks to queue
[2026-08-08T18:24:01.509+0000] {logging_mixin.py:190} INFO - [2026-08-08T18:24:01.509+0000] {dagbag.py:587} INFO - Filling up the DagBag from /home/airflow/.local/lib/python3.12/site-packages/airflow/example_dags/example_sla_dag.py
[2026-08-08T18:24:01.522+0000] {processor.py:925} INFO - DAG(s) 'example_sla_dag' retrieved from /home/airflow/.local/lib/python3.12/site-packages/airflow/example_dags/example_sla_dag.py
[2026-08-08T18:24:01.558+0000] {logging_mixin.py:190} INFO - [2026-08-08T18:24:01.558+0000] {dag.py:3211} INFO - Sync 1 DAGs
[2026-08-08T18:24:01.601+0000] {logging_mixin.py:190} INFO - [2026-08-08T18:24:01.600+0000] {dag.py:4138} INFO - Setting next_dagrun for example_sla_dag to 2026-08-08 18:22:00+00:00, run_after=2026-08-08 18:24:00+00:00
[2026-08-08T18:24:01.646+0000] {processor.py:208} INFO - Processing /home/airflow/.local/lib/python3.12/site-packages/airflow/example_dags/example_sla_dag.py took 0.148 seconds
[2026-08-08T18:24:31.935+0000] {processor.py:186} INFO - Started process (PID=492) to work on /home/airflow/.local/lib/python3.12/site-packages/airflow/example_dags/example_sla_dag.py
[2026-08-08T18:24:31.936+0000] {processor.py:914} INFO - Processing file /home/airflow/.local/lib/python3.12/site-packages/airflow/example_dags/example_sla_dag.py for tasks to queue
[2026-08-08T18:24:31.939+0000] {logging_mixin.py:190} INFO - [2026-08-08T18:24:31.939+0000] {dagbag.py:587} INFO - Filling up the DagBag from /home/airflow/.local/lib/python3.12/site-packages/airflow/example_dags/example_sla_dag.py
[2026-08-08T18:24:31.952+0000] {processor.py:925} INFO - DAG(s) 'example_sla_dag' retrieved from /home/airflow/.local/lib/python3.12/site-packages/airflow/example_dags/example_sla_dag.py
[2026-08-08T18:24:31.977+0000] {logging_mixin.py:190} INFO - [2026-08-08T18:24:31.977+0000] {dag.py:3211} INFO - Sync 1 DAGs
[2026-08-08T18:24:32.006+0000] {logging_mixin.py:190} INFO - [2026-08-08T18:24:32.006+0000] {dag.py:4138} INFO - Setting next_dagrun for example_sla_dag to 2026-08-08 18:22:00+00:00, run_after=2026-08-08 18:24:00+00:00
[2026-08-08T18:24:32.028+0000] {processor.py:208} INFO - Processing /home/airflow/.local/lib/python3.12/site-packages/airflow/example_dags/example_sla_dag.py took 0.101 seconds
[2026-08-08T18:25:02.439+0000] {processor.py:186} INFO - Started process (PID=555) to work on /home/airflow/.local/lib/python3.12/site-packages/airflow/example_dags/example_sla_dag.py
[2026-08-08T18:25:02.440+0000] {processor.py:914} INFO - Processing file /home/airflow/.local/lib/python3.12/site-packages/airflow/example_dags/example_sla_dag.py for tasks to queue
[2026-08-08T18:25:02.443+0000] {logging_mixin.py:190} INFO - [2026-08-08T18:25:02.443+0000] {dagbag.py:587} INFO - Filling up the DagBag from /home/airflow/.local/lib/python3.12/site-packages/airflow/example_dags/example_sla_dag.py
[2026-08-08T18:25:02.455+0000] {processor.py:925} INFO - DAG(s) 'example_sla_dag' retrieved from /home/airflow/.local/lib/python3.12/site-packages/airflow/example_dags/example_sla_dag.py
[2026-08-08T18:25:02.481+0000] {logging_mixin.py:190} INFO - [2026-08-08T18:25:02.480+0000] {dag.py:3211} INFO - Sync 1 DAGs
[2026-08-08T18:25:02.520+0000] {logging_mixin.py:190} INFO - [2026-08-08T18:25:02.520+0000] {dag.py:4138} INFO - Setting next_dagrun for example_sla_dag to 2026-08-08 18:22:00+00:00, run_after=2026-08-08 18:24:00+00:00
[2026-08-08T18:25:02.551+0000] {processor.py:208} INFO - Processing /home/airflow/.local/lib/python3.12/site-packages/airflow/example_dags/example_sla_dag.py took 0.118 seconds
[2026-08-08T18:25:33.029+0000] {processor.py:186} INFO - Started process (PID=618) to work on /home/airflow/.local/lib/python3.12/site-packages/airflow/example_dags/example_sla_dag.py
[2026-08-08T18:25:33.031+0000] {processor.py:914} INFO - Processing file /home/airflow/.local/lib/python3.12/site-packages/airflow/example_dags/example_sla_dag.py for tasks to queue
[2026-08-08T18:25:33.037+0000] {logging_mixin.py:190} INFO - [2026-08-08T18:25:33.036+0000] {dagbag.py:587} INFO - Filling up the DagBag from /home/airflow/.local/lib/python3.12/site-packages/airflow/example_dags/example_sla_dag.py
[2026-08-08T18:25:33.051+0000] {processor.py:925} INFO - DAG(s) 'example_sla_dag' retrieved from /home/airflow/.local/lib/python3.12/site-packages/airflow/example_dags/example_sla_dag.py
[2026-08-08T18:25:33.074+0000] {logging_mixin.py:190} INFO - [2026-08-08T18:25:33.073+0000] {dag.py:3211} INFO - Sync 1 DAGs
[2026-08-08T18:25:33.101+0000] {logging_mixin.py:190} INFO - [2026-08-08T18:25:33.101+0000] {dag.py:4138} INFO - Setting next_dagrun for example_sla_dag to 2026-08-08 18:22:00+00:00, run_after=2026-08-08 18:24:00+00:00
[2026-08-08T18:25:33.121+0000] {processor.py:208} INFO - Processing /home/airflow/.local/lib/python3.12/site-packages/airflow/example_dags/example_sla_dag.py took 0.100 seconds
[2026-08-08T18:26:03.702+0000] {processor.py:186} INFO - Started process (PID=682) to work on /home/airflow/.local/lib/python3.12/site-packages/airflow/example_dags/example_sla_dag.py
[2026-08-08T18:26:03.704+0000] {processor.py:914} INFO - Processing file /home/airflow/.local/lib/python3.12/site-packages/airflow/example_dags/example_sla_dag.py for tasks to queue
[2026-08-08T18:26:03.707+0000] {logging_mixin.py:190} INFO - [2026-08-08T18:26:03.707+0000] {dagbag.py:587} INFO - Filling up the DagBag from /home/airflow/.local/lib/python3.12/site-packages/airflow/example_dags/example_sla_dag.py
[2026-08-08T18:26:03.720+0000] {processor.py:925} INFO - DAG(s) 'example_sla_dag' retrieved from /home/airflow/.local/lib/python3.12/site-packages/airflow/example_dags/example_sla_dag.py
[2026-08-08T18:26:03.745+0000] {logging_mixin.py:190} INFO - [2026-08-08T18:26:03.745+0000] {dag.py:3211} INFO - Sync 1 DAGs
[2026-08-08T18:26:03.771+0000] {logging_mixin.py:190} INFO - [2026-08-08T18:26:03.770+0000] {dag.py:4138} INFO - Setting next_dagrun for example_sla_dag to 2026-08-08 18:24:00+00:00, run_after=2026-08-08 18:26:00+00:00
[2026-08-08T18:26:03.791+0000] {processor.py:208} INFO - Processing /home/airflow/.local/lib/python3.12/site-packages/airflow/example_dags/example_sla_dag.py took 0.097 seconds
[2026-08-08T18:26:34.542+0000] {processor.py:186} INFO - Started process (PID=745) to work on /home/airflow/.local/lib/python3.12/site-packages/airflow/example_dags/example_sla_dag.py
[2026-08-08T18:26:34.543+0000] {processor.py:914} INFO - Processing file /home/airflow/.local/lib/python3.12/site-packages/airflow/example_dags/example_sla_dag.py for tasks to queue
[2026-08-08T18:26:34.546+0000] {logging_mixin.py:190} INFO - [2026-08-08T18:26:34.546+0000] {dagbag.py:587} INFO - Filling up the DagBag from /home/airflow/.local/lib/python3.12/site-packages/airflow/example_dags/example_sla_dag.py
[2026-08-08T18:26:34.557+0000] {processor.py:925} INFO - DAG(s) 'example_sla_dag' retrieved from /home/airflow/.local/lib/python3.12/site-packages/airflow/example_dags/example_sla_dag.py
[2026-08-08T18:26:34.580+0000] {logging_mixin.py:190} INFO - [2026-08-08T18:26:34.580+0000] {dag.py:3211} INFO - Sync 1 DAGs
[2026-08-08T18:26:34.602+0000] {logging_mixin.py:190} INFO - [2026-08-08T18:26:34.602+0000] {dag.py:4138} INFO - Setting next_dagrun for example_sla_dag to 2026-08-08 18:24:00+00:00, run_after=2026-08-08 18:26:00+00:00
[2026-08-08T18:26:34.624+0000] {processor.py:208} INFO - Processing /home/airflow/.local/lib/python3.12/site-packages/airflow/example_dags/example_sla_dag.py took 0.088 seconds
