[2026-08-08T17:25:13.764+0000] {processor.py:186} INFO - Started process (PID=114) to work on /home/airflow/.local/lib/python3.12/site-packages/airflow/example_dags/example_python_operator.py
[2026-08-08T17:25:13.766+0000] {processor.py:914} INFO - Processing file /home/airflow/.local/lib/python3.12/site-packages/airflow/example_dags/example_python_operator.py for tasks to queue
[2026-08-08T17:25:13.768+0000] {logging_mixin.py:190} INFO - [2026-08-08T17:25:13.768+0000] {dagbag.py:587} INFO - Filling up the DagBag from /home/airflow/.local/lib/python3.12/site-packages/airflow/example_dags/example_python_operator.py
[2026-08-08T17:25:13.779+0000] {processor.py:925} INFO - DAG(s) 'example_python_operator' retrieved from /home/airflow/.local/lib/python3.12/site-packages/airflow/example_dags/example_python_operator.py
[2026-08-08T17:25:13.896+0000] {logging_mixin.py:190} INFO - [2026-08-08T17:25:13.896+0000] {override.py:1858} INFO - Created Permission View: can delete on DAG:example_python_operator
[2026-08-08T17:25:13.912+0000] {logging_mixin.py:190} INFO - [2026-08-08T17:25:13.912+0000] {override.py:1858} INFO - Created Permission View: can edit on DAG:example_python_operator
[2026-08-08T17:25:13.920+0000] {logging_mixin.py:190} INFO - [2026-08-08T17:25:13.920+0000] {override.py:1858} INFO - Created Permission View: can read on DAG:example_python_operator
[2026-08-08T17:25:13.921+0000] {logging_mixin.py:190} INFO - [2026-08-08T17:25:13.921+0000] {dag.py:3211} INFO - Sync 1 DAGs
[2026-08-08T17:25:13.931+0000] {logging_mixin.py:190} INFO - [2026-08-08T17:25:13.931+0000] {dag.py:3234} INFO - Creating ORM DAG for example_python_operator
[2026-08-08T17:25:13.932+0000] {logging_mixin.py:190} INFO - [2026-08-08T17:25:13.932+0000] {dag.py:4138} INFO - Setting next_dagrun for example_python_operator to None, run_after=None
[2026-08-08T17:25:13.948+0000] {processor.py:208} INFO - Processing /home/airflow/.local/lib/python3.12/site-packages/airflow/example_dags/example_python_operator.py took 0.189 seconds
[2026-08-08T17:25:44.195+0000] {processor.py:186} INFO - Started process (PID=177) to work on /home/airflow/.local/lib/python3.12/site-packages/airflow/example_dags/example_python_operator.py
[2026-08-08T17:25:44.196+0000] {processor.py:914} INFO - Processing file /home/airflow/.local/lib/python3.12/site-packages/airflow/example_dags/example_python_operator.py for tasks to queue
[2026-08-08T17:25:44.199+0000] {logging_mixin.py:190} INFO - [2026-08-08T17:25:44.198+0000] {dagbag.py:587} INFO - Filling up the DagBag from /home/airflow/.local/lib/python3.12/site-packages/airflow/example_dags/example_python_operator.py
[2026-08-08T17:25:44.214+0000] {processor.py:925} INFO - DAG(s) 'example_python_operator' retrieved from /home/airflow/.local/lib/python3.12/site-packages/airflow/example_dags/example_python_operator.py
[2026-08-08T17:25:44.241+0000] {logging_mixin.py:190} INFO - [2026-08-08T17:25:44.240+0000] {dag.py:3211} INFO - Sync 1 DAGs
[2026-08-08T17:25:44.256+0000] {logging_mixin.py:190} INFO - [2026-08-08T17:25:44.256+0000] {dag.py:4138} INFO - Setting next_dagrun for example_python_operator to None, run_after=None
[2026-08-08T17:25:44.282+0000] {processor.py:208} INFO - Processing /home/airflow/.local/lib/python3.12/site-packages/airflow/example_dags/example_python_operator.py took 0.096 seconds
[2026-08-08T17:26:14.837+0000] {processor.py:186} INFO - Started process (PID=240) to work on /home/airflow/.local/lib/python3.12/site-packages/airflow/example_dags/example_python_operator.py
[2026-08-08T17:26:14.842+0000] {processor.py:914} INFO - Processing file /home/airflow/.local/lib/python3.12/site-packages/airflow/example_dags/example_python_operator.py for tasks to queue
[2026-08-08T17:26:14.845+0000] {logging_mixin.py:190} INFO - [2026-08-08T17:26:14.845+0000] {dagbag.py:587} INFO - Filling up the DagBag from /home/airflow/.local/lib/python3.12/site-packages/airflow/example_dags/example_python_operator.py
[2026-08-08T17:26:14.862+0000] {processor.py:925} INFO - DAG(s) 'example_python_operator' retrieved from /home/airflow/.local/lib/python3.12/site-packages/airflow/example_dags/example_python_operator.py
[2026-08-08T17:26:14.891+0000] {logging_mixin.py:190} INFO - [2026-08-08T17:26:14.891+0000] {dag.py:3211} INFO - Sync 1 DAGs
[2026-08-08T17:26:14.909+0000] {logging_mixin.py:190} INFO - [2026-08-08T17:26:14.909+0000] {dag.py:4138} INFO - Setting next_dagrun for example_python_operator to None, run_after=None
[2026-08-08T17:26:14.937+0000] {processor.py:208} INFO - Processing /home/airflow/.local/lib/python3.12/site-packages/airflow/example_dags/example_python_operator.py took 0.111 seconds
[2026-08-08T17:26:45.038+0000] {processor.py:186} INFO - Started process (PID=303) to work on /home/airflow/.local/lib/python3.12/site-packages/airflow/example_dags/example_python_operator.py
[2026-08-08T17:26:45.040+0000] {processor.py:914} INFO - Processing file /home/airflow/.local/lib/python3.12/site-packages/airflow/example_dags/example_python_operator.py for tasks to queue
[2026-08-08T17:26:45.044+0000] {logging_mixin.py:190} INFO - [2026-08-08T17:26:45.043+0000] {dagbag.py:587} INFO - Filling up the DagBag from /home/airflow/.local/lib/python3.12/site-packages/airflow/example_dags/example_python_operator.py
[2026-08-08T17:26:45.059+0000] {processor.py:925} INFO - DAG(s) 'example_python_operator' retrieved from /home/airflow/.local/lib/python3.12/site-packages/airflow/example_dags/example_python_operator.py
[2026-08-08T17:26:45.087+0000] {logging_mixin.py:190} INFO - [2026-08-08T17:26:45.087+0000] {dag.py:3211} INFO - Sync 1 DAGs
[2026-08-08T17:26:45.107+0000] {logging_mixin.py:190} INFO - [2026-08-08T17:26:45.107+0000] {dag.py:4138} INFO - Setting next_dagrun for example_python_operator to None, run_after=None
[2026-08-08T17:26:45.140+0000] {processor.py:208} INFO - Processing /home/airflow/.local/lib/python3.12/site-packages/airflow/example_dags/example_python_operator.py took 0.109 seconds
[2026-08-08T17:27:15.242+0000] {processor.py:186} INFO - Started process (PID=365) to work on /home/airflow/.local/lib/python3.12/site-packages/airflow/example_dags/example_python_operator.py
[2026-08-08T17:27:15.244+0000] {processor.py:914} INFO - Processing file /home/airflow/.local/lib/python3.12/site-packages/airflow/example_dags/example_python_operator.py for tasks to queue
[2026-08-08T17:27:15.245+0000] {logging_mixin.py:190} INFO - [2026-08-08T17:27:15.245+0000] {dagbag.py:587} INFO - Filling up the DagBag from /home/airflow/.local/lib/python3.12/site-packages/airflow/example_dags/example_python_operator.py
[2026-08-08T17:27:15.256+0000] {processor.py:925} INFO - DAG(s) 'example_python_operator' retrieved from /home/airflow/.local/lib/python3.12/site-packages/airflow/example_dags/example_python_operator.py
[2026-08-08T17:27:15.272+0000] {logging_mixin.py:190} INFO - [2026-08-08T17:27:15.272+0000] {dag.py:3211} INFO - Sync 1 DAGs
[2026-08-08T17:27:15.282+0000] {logging_mixin.py:190} INFO - [2026-08-08T17:27:15.282+0000] {dag.py:4138} INFO - Setting next_dagrun for example_python_operator to None, run_after=None
[2026-08-08T17:27:15.296+0000] {processor.py:208} INFO - Processing /home/airflow/.local/lib/python3.12/site-packages/airflow/example_dags/example_python_operator.py took 0.058 seconds
[2026-08-08T17:27:45.834+0000] {processor.py:186} INFO - Started process (PID=429) to work on /home/airflow/.local/lib/python3.12/site-packages/airflow/example_dags/example_python_operator.py
[2026-08-08T17:27:45.835+0000] {processor.py:914} INFO - Processing file /home/airflow/.local/lib/python3.12/site-packages/airflow/example_dags/example_python_operator.py for tasks to queue
[2026-08-08T17:27:45.839+0000] {logging_mixin.py:190} INFO - [2026-08-08T17:27:45.838+0000] {dagbag.py:587} INFO - Filling up the DagBag from /home/airflow/.local/lib/python3.12/site-packages/airflow/example_dags/example_python_operator.py
[2026-08-08T17:27:45.850+0000] {processor.py:925} INFO - DAG(s) 'example_python_operator' retrieved from /home/airflow/.local/lib/python3.12/site-packages/airflow/example_dags/example_python_operator.py
[2026-08-08T17:27:45.872+0000] {logging_mixin.py:190} INFO - [2026-08-08T17:27:45.872+0000] {dag.py:3211} INFO - Sync 1 DAGs
[2026-08-08T17:27:45.888+0000] {logging_mixin.py:190} INFO - [2026-08-08T17:27:45.888+0000] {dag.py:4138} INFO - Setting next_dagrun for example_python_operator to None, run_after=None
[2026-08-08T17:27:45.911+0000] {processor.py:208} INFO - Processing /home/airflow/.local/lib/python3.12/site-packages/airflow/example_dags/example_python_operator.py took 0.084 seconds
[2026-08-08T17:28:16.281+0000] {processor.py:186} INFO - Started process (PID=492) to work on /home/airflow/.local/lib/python3.12/site-packages/airflow/example_dags/example_python_operator.py
[2026-08-08T17:28:16.282+0000] {processor.py:914} INFO - Processing file /home/airflow/.local/lib/python3.12/site-packages/airflow/example_dags/example_python_operator.py for tasks to queue
[2026-08-08T17:28:16.284+0000] {logging_mixin.py:190} INFO - [2026-08-08T17:28:16.284+0000] {dagbag.py:587} INFO - Filling up the DagBag from /home/airflow/.local/lib/python3.12/site-packages/airflow/example_dags/example_python_operator.py
[2026-08-08T17:28:16.298+0000] {processor.py:925} INFO - DAG(s) 'example_python_operator' retrieved from /home/airflow/.local/lib/python3.12/site-packages/airflow/example_dags/example_python_operator.py
[2026-08-08T17:28:16.322+0000] {logging_mixin.py:190} INFO - [2026-08-08T17:28:16.322+0000] {dag.py:3211} INFO - Sync 1 DAGs
[2026-08-08T17:28:16.334+0000] {logging_mixin.py:190} INFO - [2026-08-08T17:28:16.334+0000] {dag.py:4138} INFO - Setting next_dagrun for example_python_operator to None, run_after=None
[2026-08-08T17:28:16.353+0000] {processor.py:208} INFO - Processing /home/airflow/.local/lib/python3.12/site-packages/airflow/example_dags/example_python_operator.py took 0.077 seconds
[2026-08-08T17:28:46.626+0000] {processor.py:186} INFO - Started process (PID=555) to work on /home/airflow/.local/lib/python3.12/site-packages/airflow/example_dags/example_python_operator.py
[2026-08-08T17:28:46.628+0000] {processor.py:914} INFO - Processing file /home/airflow/.local/lib/python3.12/site-packages/airflow/example_dags/example_python_operator.py for tasks to queue
[2026-08-08T17:28:46.631+0000] {logging_mixin.py:190} INFO - [2026-08-08T17:28:46.630+0000] {dagbag.py:587} INFO - Filling up the DagBag from /home/airflow/.local/lib/python3.12/site-packages/airflow/example_dags/example_python_operator.py
[2026-08-08T17:28:46.643+0000] {processor.py:925} INFO - DAG(s) 'example_python_operator' retrieved from /home/airflow/.local/lib/python3.12/site-packages/airflow/example_dags/example_python_operator.py
[2026-08-08T17:28:46.664+0000] {logging_mixin.py:190} INFO - [2026-08-08T17:28:46.664+0000] {dag.py:3211} INFO - Sync 1 DAGs
[2026-08-08T17:28:46.678+0000] {logging_mixin.py:190} INFO - [2026-08-08T17:28:46.678+0000] {dag.py:4138} INFO - Setting next_dagrun for example_python_operator to None, run_after=None
[2026-08-08T17:28:46.699+0000] {processor.py:208} INFO - Processing /home/airflow/.local/lib/python3.12/site-packages/airflow/example_dags/example_python_operator.py took 0.078 seconds
[2026-08-08T17:29:17.693+0000] {processor.py:186} INFO - Started process (PID=618) to work on /home/airflow/.local/lib/python3.12/site-packages/airflow/example_dags/example_python_operator.py
[2026-08-08T17:29:17.695+0000] {processor.py:914} INFO - Processing file /home/airflow/.local/lib/python3.12/site-packages/airflow/example_dags/example_python_operator.py for tasks to queue
[2026-08-08T17:29:17.697+0000] {logging_mixin.py:190} INFO - [2026-08-08T17:29:17.697+0000] {dagbag.py:587} INFO - Filling up the DagBag from /home/airflow/.local/lib/python3.12/site-packages/airflow/example_dags/example_python_operator.py
[2026-08-08T17:29:17.715+0000] {processor.py:925} INFO - DAG(s) 'example_python_operator' retrieved from /home/airflow/.local/lib/python3.12/site-packages/airflow/example_dags/example_python_operator.py
[2026-08-08T17:29:17.742+0000] {logging_mixin.py:190} INFO - [2026-08-08T17:29:17.742+0000] {dag.py:3211} INFO - Sync 1 DAGs
[2026-08-08T17:29:17.756+0000] {logging_mixin.py:190} INFO - [2026-08-08T17:29:17.755+0000] {dag.py:4138} INFO - Setting next_dagrun for example_python_operator to None, run_after=None
[2026-08-08T17:29:17.782+0000] {processor.py:208} INFO - Processing /home/airflow/.local/lib/python3.12/site-packages/airflow/example_dags/example_python_operator.py took 0.096 seconds
[2026-08-08T17:29:48.742+0000] {processor.py:186} INFO - Started process (PID=681) to work on /home/airflow/.local/lib/python3.12/site-packages/airflow/example_dags/example_python_operator.py
[2026-08-08T17:29:48.743+0000] {processor.py:914} INFO - Processing file /home/airflow/.local/lib/python3.12/site-packages/airflow/example_dags/example_python_operator.py for tasks to queue
[2026-08-08T17:29:48.747+0000] {logging_mixin.py:190} INFO - [2026-08-08T17:29:48.747+0000] {dagbag.py:587} INFO - Filling up the DagBag from /home/airflow/.local/lib/python3.12/site-packages/airflow/example_dags/example_python_operator.py
[2026-08-08T17:29:48.759+0000] {processor.py:925} INFO - DAG(s) 'example_python_operator' retrieved from /home/airflow/.local/lib/python3.12/site-packages/airflow/example_dags/example_python_operator.py
[2026-08-08T17:29:48.786+0000] {logging_mixin.py:190} INFO - [2026-08-08T17:29:48.785+0000] {dag.py:3211} INFO - Sync 1 DAGs
[2026-08-08T17:29:48.801+0000] {logging_mixin.py:190} INFO - [2026-08-08T17:29:48.801+0000] {dag.py:4138} INFO - Setting next_dagrun for example_python_operator to None, run_after=None
[2026-08-08T17:29:48.824+0000] {processor.py:208} INFO - Processing /home/airflow/.local/lib/python3.12/site-packages/airflow/example_dags/example_python_operator.py took 0.088 seconds
[2026-08-08T17:30:19.633+0000] {processor.py:186} INFO - Started process (PID=744) to work on /home/airflow/.local/lib/python3.12/site-packages/airflow/example_dags/example_python_operator.py
[2026-08-08T17:30:19.634+0000] {processor.py:914} INFO - Processing file /home/airflow/.local/lib/python3.12/site-packages/airflow/example_dags/example_python_operator.py for tasks to queue
[2026-08-08T17:30:19.638+0000] {logging_mixin.py:190} INFO - [2026-08-08T17:30:19.638+0000] {dagbag.py:587} INFO - Filling up the DagBag from /home/airflow/.local/lib/python3.12/site-packages/airflow/example_dags/example_python_operator.py
[2026-08-08T17:30:19.659+0000] {processor.py:925} INFO - DAG(s) 'example_python_operator' retrieved from /home/airflow/.local/lib/python3.12/site-packages/airflow/example_dags/example_python_operator.py
[2026-08-08T17:30:19.687+0000] {logging_mixin.py:190} INFO - [2026-08-08T17:30:19.686+0000] {dag.py:3211} INFO - Sync 1 DAGs
[2026-08-08T17:30:19.698+0000] {logging_mixin.py:190} INFO - [2026-08-08T17:30:19.697+0000] {dag.py:4138} INFO - Setting next_dagrun for example_python_operator to None, run_after=None
[2026-08-08T17:30:19.720+0000] {processor.py:208} INFO - Processing /home/airflow/.local/lib/python3.12/site-packages/airflow/example_dags/example_python_operator.py took 0.101 seconds
[2026-08-08T17:30:49.823+0000] {processor.py:186} INFO - Started process (PID=806) to work on /home/airflow/.local/lib/python3.12/site-packages/airflow/example_dags/example_python_operator.py
[2026-08-08T17:30:49.825+0000] {processor.py:914} INFO - Processing file /home/airflow/.local/lib/python3.12/site-packages/airflow/example_dags/example_python_operator.py for tasks to queue
[2026-08-08T17:30:49.827+0000] {logging_mixin.py:190} INFO - [2026-08-08T17:30:49.827+0000] {dagbag.py:587} INFO - Filling up the DagBag from /home/airflow/.local/lib/python3.12/site-packages/airflow/example_dags/example_python_operator.py
[2026-08-08T17:30:49.842+0000] {processor.py:925} INFO - DAG(s) 'example_python_operator' retrieved from /home/airflow/.local/lib/python3.12/site-packages/airflow/example_dags/example_python_operator.py
[2026-08-08T17:30:49.866+0000] {logging_mixin.py:190} INFO - [2026-08-08T17:30:49.866+0000] {dag.py:3211} INFO - Sync 1 DAGs
[2026-08-08T17:30:49.879+0000] {logging_mixin.py:190} INFO - [2026-08-08T17:30:49.879+0000] {dag.py:4138} INFO - Setting next_dagrun for example_python_operator to None, run_after=None
[2026-08-08T17:30:49.898+0000] {processor.py:208} INFO - Processing /home/airflow/.local/lib/python3.12/site-packages/airflow/example_dags/example_python_operator.py took 0.082 seconds
[2026-08-08T17:31:20.550+0000] {processor.py:186} INFO - Started process (PID=869) to work on /home/airflow/.local/lib/python3.12/site-packages/airflow/example_dags/example_python_operator.py
[2026-08-08T17:31:20.554+0000] {processor.py:914} INFO - Processing file /home/airflow/.local/lib/python3.12/site-packages/airflow/example_dags/example_python_operator.py for tasks to queue
[2026-08-08T17:31:20.557+0000] {logging_mixin.py:190} INFO - [2026-08-08T17:31:20.557+0000] {dagbag.py:587} INFO - Filling up the DagBag from /home/airflow/.local/lib/python3.12/site-packages/airflow/example_dags/example_python_operator.py
[2026-08-08T17:31:20.570+0000] {processor.py:925} INFO - DAG(s) 'example_python_operator' retrieved from /home/airflow/.local/lib/python3.12/site-packages/airflow/example_dags/example_python_operator.py
[2026-08-08T17:31:20.594+0000] {logging_mixin.py:190} INFO - [2026-08-08T17:31:20.593+0000] {dag.py:3211} INFO - Sync 1 DAGs
[2026-08-08T17:31:20.609+0000] {logging_mixin.py:190} INFO - [2026-08-08T17:31:20.609+0000] {dag.py:4138} INFO - Setting next_dagrun for example_python_operator to None, run_after=None
[2026-08-08T17:31:20.631+0000] {processor.py:208} INFO - Processing /home/airflow/.local/lib/python3.12/site-packages/airflow/example_dags/example_python_operator.py took 0.086 seconds
[2026-08-08T17:31:51.486+0000] {processor.py:186} INFO - Started process (PID=933) to work on /home/airflow/.local/lib/python3.12/site-packages/airflow/example_dags/example_python_operator.py
[2026-08-08T17:31:51.488+0000] {processor.py:914} INFO - Processing file /home/airflow/.local/lib/python3.12/site-packages/airflow/example_dags/example_python_operator.py for tasks to queue
[2026-08-08T17:31:51.491+0000] {logging_mixin.py:190} INFO - [2026-08-08T17:31:51.490+0000] {dagbag.py:587} INFO - Filling up the DagBag from /home/airflow/.local/lib/python3.12/site-packages/airflow/example_dags/example_python_operator.py
[2026-08-08T17:31:51.504+0000] {processor.py:925} INFO - DAG(s) 'example_python_operator' retrieved from /home/airflow/.local/lib/python3.12/site-packages/airflow/example_dags/example_python_operator.py
[2026-08-08T17:31:51.525+0000] {logging_mixin.py:190} INFO - [2026-08-08T17:31:51.525+0000] {dag.py:3211} INFO - Sync 1 DAGs
[2026-08-08T17:31:51.540+0000] {logging_mixin.py:190} INFO - [2026-08-08T17:31:51.539+0000] {dag.py:4138} INFO - Setting next_dagrun for example_python_operator to None, run_after=None
[2026-08-08T17:31:51.562+0000] {processor.py:208} INFO - Processing /home/airflow/.local/lib/python3.12/site-packages/airflow/example_dags/example_python_operator.py took 0.081 seconds
[2026-08-08T17:32:22.531+0000] {processor.py:186} INFO - Started process (PID=996) to work on /home/airflow/.local/lib/python3.12/site-packages/airflow/example_dags/example_python_operator.py
[2026-08-08T17:32:22.533+0000] {processor.py:914} INFO - Processing file /home/airflow/.local/lib/python3.12/site-packages/airflow/example_dags/example_python_operator.py for tasks to queue
[2026-08-08T17:32:22.536+0000] {logging_mixin.py:190} INFO - [2026-08-08T17:32:22.535+0000] {dagbag.py:587} INFO - Filling up the DagBag from /home/airflow/.local/lib/python3.12/site-packages/airflow/example_dags/example_python_operator.py
[2026-08-08T17:32:22.547+0000] {processor.py:925} INFO - DAG(s) 'example_python_operator' retrieved from /home/airflow/.local/lib/python3.12/site-packages/airflow/example_dags/example_python_operator.py
[2026-08-08T17:32:22.570+0000] {logging_mixin.py:190} INFO - [2026-08-08T17:32:22.570+0000] {dag.py:3211} INFO - Sync 1 DAGs
[2026-08-08T17:32:22.585+0000] {logging_mixin.py:190} INFO - [2026-08-08T17:32:22.584+0000] {dag.py:4138} INFO - Setting next_dagrun for example_python_operator to None, run_after=None
[2026-08-08T17:32:22.606+0000] {processor.py:208} INFO - Processing /home/airflow/.local/lib/python3.12/site-packages/airflow/example_dags/example_python_operator.py took 0.080 seconds
[2026-08-08T17:32:53.012+0000] {processor.py:186} INFO - Started process (PID=1060) to work on /home/airflow/.local/lib/python3.12/site-packages/airflow/example_dags/example_python_operator.py
[2026-08-08T17:32:53.014+0000] {processor.py:914} INFO - Processing file /home/airflow/.local/lib/python3.12/site-packages/airflow/example_dags/example_python_operator.py for tasks to queue
[2026-08-08T17:32:53.017+0000] {logging_mixin.py:190} INFO - [2026-08-08T17:32:53.017+0000] {dagbag.py:587} INFO - Filling up the DagBag from /home/airflow/.local/lib/python3.12/site-packages/airflow/example_dags/example_python_operator.py
[2026-08-08T17:32:53.032+0000] {processor.py:925} INFO - DAG(s) 'example_python_operator' retrieved from /home/airflow/.local/lib/python3.12/site-packages/airflow/example_dags/example_python_operator.py
[2026-08-08T17:32:53.062+0000] {logging_mixin.py:190} INFO - [2026-08-08T17:32:53.061+0000] {dag.py:3211} INFO - Sync 1 DAGs
[2026-08-08T17:32:53.078+0000] {logging_mixin.py:190} INFO - [2026-08-08T17:32:53.078+0000] {dag.py:4138} INFO - Setting next_dagrun for example_python_operator to None, run_after=None
[2026-08-08T17:32:53.102+0000] {processor.py:208} INFO - Processing /home/airflow/.local/lib/python3.12/site-packages/airflow/example_dags/example_python_operator.py took 0.098 seconds
[2026-08-08T17:33:23.650+0000] {processor.py:186} INFO - Started process (PID=1123) to work on /home/airflow/.local/lib/python3.12/site-packages/airflow/example_dags/example_python_operator.py
[2026-08-08T17:33:23.651+0000] {processor.py:914} INFO - Processing file /home/airflow/.local/lib/python3.12/site-packages/airflow/example_dags/example_python_operator.py for tasks to queue
[2026-08-08T17:33:23.654+0000] {logging_mixin.py:190} INFO - [2026-08-08T17:33:23.654+0000] {dagbag.py:587} INFO - Filling up the DagBag from /home/airflow/.local/lib/python3.12/site-packages/airflow/example_dags/example_python_operator.py
[2026-08-08T17:33:23.664+0000] {processor.py:925} INFO - DAG(s) 'example_python_operator' retrieved from /home/airflow/.local/lib/python3.12/site-packages/airflow/example_dags/example_python_operator.py
[2026-08-08T17:33:23.686+0000] {logging_mixin.py:190} INFO - [2026-08-08T17:33:23.686+0000] {dag.py:3211} INFO - Sync 1 DAGs
[2026-08-08T17:33:23.700+0000] {logging_mixin.py:190} INFO - [2026-08-08T17:33:23.700+0000] {dag.py:4138} INFO - Setting next_dagrun for example_python_operator to None, run_after=None
[2026-08-08T17:33:23.723+0000] {processor.py:208} INFO - Processing /home/airflow/.local/lib/python3.12/site-packages/airflow/example_dags/example_python_operator.py took 0.079 seconds
[2026-08-08T17:33:54.064+0000] {processor.py:186} INFO - Started process (PID=1186) to work on /home/airflow/.local/lib/python3.12/site-packages/airflow/example_dags/example_python_operator.py
[2026-08-08T17:33:54.065+0000] {processor.py:914} INFO - Processing file /home/airflow/.local/lib/python3.12/site-packages/airflow/example_dags/example_python_operator.py for tasks to queue
[2026-08-08T17:33:54.068+0000] {logging_mixin.py:190} INFO - [2026-08-08T17:33:54.067+0000] {dagbag.py:587} INFO - Filling up the DagBag from /home/airflow/.local/lib/python3.12/site-packages/airflow/example_dags/example_python_operator.py
[2026-08-08T17:33:54.079+0000] {processor.py:925} INFO - DAG(s) 'example_python_operator' retrieved from /home/airflow/.local/lib/python3.12/site-packages/airflow/example_dags/example_python_operator.py
[2026-08-08T17:33:54.098+0000] {logging_mixin.py:190} INFO - [2026-08-08T17:33:54.097+0000] {dag.py:3211} INFO - Sync 1 DAGs
[2026-08-08T17:33:54.108+0000] {logging_mixin.py:190} INFO - [2026-08-08T17:33:54.108+0000] {dag.py:4138} INFO - Setting next_dagrun for example_python_operator to None, run_after=None
[2026-08-08T17:33:54.126+0000] {processor.py:208} INFO - Processing /home/airflow/.local/lib/python3.12/site-packages/airflow/example_dags/example_python_operator.py took 0.068 seconds
[2026-08-08T17:34:24.318+0000] {processor.py:186} INFO - Started process (PID=1249) to work on /home/airflow/.local/lib/python3.12/site-packages/airflow/example_dags/example_python_operator.py
[2026-08-08T17:34:24.319+0000] {processor.py:914} INFO - Processing file /home/airflow/.local/lib/python3.12/site-packages/airflow/example_dags/example_python_operator.py for tasks to queue
[2026-08-08T17:34:24.322+0000] {logging_mixin.py:190} INFO - [2026-08-08T17:34:24.321+0000] {dagbag.py:587} INFO - Filling up the DagBag from /home/airflow/.local/lib/python3.12/site-packages/airflow/example_dags/example_python_operator.py
[2026-08-08T17:34:24.334+0000] {processor.py:925} INFO - DAG(s) 'example_python_operator' retrieved from /home/airflow/.local/lib/python3.12/site-packages/airflow/example_dags/example_python_operator.py
[2026-08-08T17:34:24.355+0000] {logging_mixin.py:190} INFO - [2026-08-08T17:34:24.355+0000] {dag.py:3211} INFO - Sync 1 DAGs
[2026-08-08T17:34:24.367+0000] {logging_mixin.py:190} INFO - [2026-08-08T17:34:24.366+0000] {dag.py:4138} INFO - Setting next_dagrun for example_python_operator to None, run_after=None
[2026-08-08T17:34:24.386+0000] {processor.py:208} INFO - Processing /home/airflow/.local/lib/python3.12/site-packages/airflow/example_dags/example_python_operator.py took 0.075 seconds
[2026-08-08T17:34:55.041+0000] {processor.py:186} INFO - Started process (PID=1312) to work on /home/airflow/.local/lib/python3.12/site-packages/airflow/example_dags/example_python_operator.py
[2026-08-08T17:34:55.043+0000] {processor.py:914} INFO - Processing file /home/airflow/.local/lib/python3.12/site-packages/airflow/example_dags/example_python_operator.py for tasks to queue
[2026-08-08T17:34:55.045+0000] {logging_mixin.py:190} INFO - [2026-08-08T17:34:55.045+0000] {dagbag.py:587} INFO - Filling up the DagBag from /home/airflow/.local/lib/python3.12/site-packages/airflow/example_dags/example_python_operator.py
[2026-08-08T17:34:55.055+0000] {processor.py:925} INFO - DAG(s) 'example_python_operator' retrieved from /home/airflow/.local/lib/python3.12/site-packages/airflow/example_dags/example_python_operator.py
[2026-08-08T17:34:55.076+0000] {logging_mixin.py:190} INFO - [2026-08-08T17:34:55.075+0000] {dag.py:3211} INFO - Sync 1 DAGs
[2026-08-08T17:34:55.088+0000] {logging_mixin.py:190} INFO - [2026-08-08T17:34:55.088+0000] {dag.py:4138} INFO - Setting next_dagrun for example_python_operator to None, run_after=None
[2026-08-08T17:34:55.108+0000] {processor.py:208} INFO - Processing /home/airflow/.local/lib/python3.12/site-packages/airflow/example_dags/example_python_operator.py took 0.072 seconds
[2026-08-08T17:35:25.669+0000] {processor.py:186} INFO - Started process (PID=1375) to work on /home/airflow/.local/lib/python3.12/site-packages/airflow/example_dags/example_python_operator.py
[2026-08-08T17:35:25.671+0000] {processor.py:914} INFO - Processing file /home/airflow/.local/lib/python3.12/site-packages/airflow/example_dags/example_python_operator.py for tasks to queue
[2026-08-08T17:35:25.674+0000] {logging_mixin.py:190} INFO - [2026-08-08T17:35:25.673+0000] {dagbag.py:587} INFO - Filling up the DagBag from /home/airflow/.local/lib/python3.12/site-packages/airflow/example_dags/example_python_operator.py
[2026-08-08T17:35:25.684+0000] {processor.py:925} INFO - DAG(s) 'example_python_operator' retrieved from /home/airflow/.local/lib/python3.12/site-packages/airflow/example_dags/example_python_operator.py
[2026-08-08T17:35:25.702+0000] {logging_mixin.py:190} INFO - [2026-08-08T17:35:25.702+0000] {dag.py:3211} INFO - Sync 1 DAGs
[2026-08-08T17:35:25.713+0000] {logging_mixin.py:190} INFO - [2026-08-08T17:35:25.713+0000] {dag.py:4138} INFO - Setting next_dagrun for example_python_operator to None, run_after=None
[2026-08-08T17:35:25.731+0000] {processor.py:208} INFO - Processing /home/airflow/.local/lib/python3.12/site-packages/airflow/example_dags/example_python_operator.py took 0.067 seconds
[2026-08-08T17:35:56.089+0000] {processor.py:186} INFO - Started process (PID=1438) to work on /home/airflow/.local/lib/python3.12/site-packages/airflow/example_dags/example_python_operator.py
[2026-08-08T17:35:56.091+0000] {processor.py:914} INFO - Processing file /home/airflow/.local/lib/python3.12/site-packages/airflow/example_dags/example_python_operator.py for tasks to queue
[2026-08-08T17:35:56.095+0000] {logging_mixin.py:190} INFO - [2026-08-08T17:35:56.094+0000] {dagbag.py:587} INFO - Filling up the DagBag from /home/airflow/.local/lib/python3.12/site-packages/airflow/example_dags/example_python_operator.py
[2026-08-08T17:35:56.110+0000] {processor.py:925} INFO - DAG(s) 'example_python_operator' retrieved from /home/airflow/.local/lib/python3.12/site-packages/airflow/example_dags/example_python_operator.py
[2026-08-08T17:35:56.134+0000] {logging_mixin.py:190} INFO - [2026-08-08T17:35:56.134+0000] {dag.py:3211} INFO - Sync 1 DAGs
[2026-08-08T17:35:56.147+0000] {logging_mixin.py:190} INFO - [2026-08-08T17:35:56.147+0000] {dag.py:4138} INFO - Setting next_dagrun for example_python_operator to None, run_after=None
[2026-08-08T17:35:56.167+0000] {processor.py:208} INFO - Processing /home/airflow/.local/lib/python3.12/site-packages/airflow/example_dags/example_python_operator.py took 0.084 seconds
[2026-08-08T17:36:26.511+0000] {processor.py:186} INFO - Started process (PID=1501) to work on /home/airflow/.local/lib/python3.12/site-packages/airflow/example_dags/example_python_operator.py
[2026-08-08T17:36:26.512+0000] {processor.py:914} INFO - Processing file /home/airflow/.local/lib/python3.12/site-packages/airflow/example_dags/example_python_operator.py for tasks to queue
[2026-08-08T17:36:26.515+0000] {logging_mixin.py:190} INFO - [2026-08-08T17:36:26.515+0000] {dagbag.py:587} INFO - Filling up the DagBag from /home/airflow/.local/lib/python3.12/site-packages/airflow/example_dags/example_python_operator.py
[2026-08-08T17:36:26.526+0000] {processor.py:925} INFO - DAG(s) 'example_python_operator' retrieved from /home/airflow/.local/lib/python3.12/site-packages/airflow/example_dags/example_python_operator.py
[2026-08-08T17:36:26.546+0000] {logging_mixin.py:190} INFO - [2026-08-08T17:36:26.546+0000] {dag.py:3211} INFO - Sync 1 DAGs
[2026-08-08T17:36:26.562+0000] {logging_mixin.py:190} INFO - [2026-08-08T17:36:26.562+0000] {dag.py:4138} INFO - Setting next_dagrun for example_python_operator to None, run_after=None
[2026-08-08T17:36:26.581+0000] {processor.py:208} INFO - Processing /home/airflow/.local/lib/python3.12/site-packages/airflow/example_dags/example_python_operator.py took 0.076 seconds
[2026-08-08T17:38:17.464+0000] {processor.py:186} INFO - Started process (PID=102) to work on /home/airflow/.local/lib/python3.12/site-packages/airflow/example_dags/example_python_operator.py
[2026-08-08T17:38:17.478+0000] {processor.py:914} INFO - Processing file /home/airflow/.local/lib/python3.12/site-packages/airflow/example_dags/example_python_operator.py for tasks to queue
[2026-08-08T17:38:17.490+0000] {logging_mixin.py:190} INFO - [2026-08-08T17:38:17.490+0000] {dagbag.py:587} INFO - Filling up the DagBag from /home/airflow/.local/lib/python3.12/site-packages/airflow/example_dags/example_python_operator.py
[2026-08-08T17:38:17.501+0000] {processor.py:925} INFO - DAG(s) 'example_python_operator' retrieved from /home/airflow/.local/lib/python3.12/site-packages/airflow/example_dags/example_python_operator.py
[2026-08-08T17:38:17.588+0000] {logging_mixin.py:190} INFO - [2026-08-08T17:38:17.588+0000] {dag.py:3211} INFO - Sync 1 DAGs
[2026-08-08T17:38:17.598+0000] {logging_mixin.py:190} INFO - [2026-08-08T17:38:17.598+0000] {dag.py:4138} INFO - Setting next_dagrun for example_python_operator to None, run_after=None
[2026-08-08T17:38:17.619+0000] {processor.py:208} INFO - Processing /home/airflow/.local/lib/python3.12/site-packages/airflow/example_dags/example_python_operator.py took 0.160 seconds
[2026-08-08T17:38:48.556+0000] {processor.py:186} INFO - Started process (PID=165) to work on /home/airflow/.local/lib/python3.12/site-packages/airflow/example_dags/example_python_operator.py
[2026-08-08T17:38:48.558+0000] {processor.py:914} INFO - Processing file /home/airflow/.local/lib/python3.12/site-packages/airflow/example_dags/example_python_operator.py for tasks to queue
[2026-08-08T17:38:48.562+0000] {logging_mixin.py:190} INFO - [2026-08-08T17:38:48.562+0000] {dagbag.py:587} INFO - Filling up the DagBag from /home/airflow/.local/lib/python3.12/site-packages/airflow/example_dags/example_python_operator.py
[2026-08-08T17:38:48.575+0000] {processor.py:925} INFO - DAG(s) 'example_python_operator' retrieved from /home/airflow/.local/lib/python3.12/site-packages/airflow/example_dags/example_python_operator.py
[2026-08-08T17:38:48.603+0000] {logging_mixin.py:190} INFO - [2026-08-08T17:38:48.603+0000] {dag.py:3211} INFO - Sync 1 DAGs
[2026-08-08T17:38:48.620+0000] {logging_mixin.py:190} INFO - [2026-08-08T17:38:48.619+0000] {dag.py:4138} INFO - Setting next_dagrun for example_python_operator to None, run_after=None
[2026-08-08T17:38:48.644+0000] {processor.py:208} INFO - Processing /home/airflow/.local/lib/python3.12/site-packages/airflow/example_dags/example_python_operator.py took 0.094 seconds
[2026-08-08T17:39:19.435+0000] {processor.py:186} INFO - Started process (PID=228) to work on /home/airflow/.local/lib/python3.12/site-packages/airflow/example_dags/example_python_operator.py
[2026-08-08T17:39:19.437+0000] {processor.py:914} INFO - Processing file /home/airflow/.local/lib/python3.12/site-packages/airflow/example_dags/example_python_operator.py for tasks to queue
[2026-08-08T17:39:19.440+0000] {logging_mixin.py:190} INFO - [2026-08-08T17:39:19.440+0000] {dagbag.py:587} INFO - Filling up the DagBag from /home/airflow/.local/lib/python3.12/site-packages/airflow/example_dags/example_python_operator.py
[2026-08-08T17:39:19.454+0000] {processor.py:925} INFO - DAG(s) 'example_python_operator' retrieved from /home/airflow/.local/lib/python3.12/site-packages/airflow/example_dags/example_python_operator.py
[2026-08-08T17:39:19.479+0000] {logging_mixin.py:190} INFO - [2026-08-08T17:39:19.479+0000] {dag.py:3211} INFO - Sync 1 DAGs
[2026-08-08T17:39:19.494+0000] {logging_mixin.py:190} INFO - [2026-08-08T17:39:19.494+0000] {dag.py:4138} INFO - Setting next_dagrun for example_python_operator to None, run_after=None
[2026-08-08T17:39:19.515+0000] {processor.py:208} INFO - Processing /home/airflow/.local/lib/python3.12/site-packages/airflow/example_dags/example_python_operator.py took 0.088 seconds
[2026-08-08T17:39:49.932+0000] {processor.py:186} INFO - Started process (PID=291) to work on /home/airflow/.local/lib/python3.12/site-packages/airflow/example_dags/example_python_operator.py
[2026-08-08T17:39:49.934+0000] {processor.py:914} INFO - Processing file /home/airflow/.local/lib/python3.12/site-packages/airflow/example_dags/example_python_operator.py for tasks to queue
[2026-08-08T17:39:49.938+0000] {logging_mixin.py:190} INFO - [2026-08-08T17:39:49.938+0000] {dagbag.py:587} INFO - Filling up the DagBag from /home/airflow/.local/lib/python3.12/site-packages/airflow/example_dags/example_python_operator.py
[2026-08-08T17:39:49.950+0000] {processor.py:925} INFO - DAG(s) 'example_python_operator' retrieved from /home/airflow/.local/lib/python3.12/site-packages/airflow/example_dags/example_python_operator.py
[2026-08-08T17:39:49.971+0000] {logging_mixin.py:190} INFO - [2026-08-08T17:39:49.971+0000] {dag.py:3211} INFO - Sync 1 DAGs
[2026-08-08T17:39:49.985+0000] {logging_mixin.py:190} INFO - [2026-08-08T17:39:49.985+0000] {dag.py:4138} INFO - Setting next_dagrun for example_python_operator to None, run_after=None
[2026-08-08T17:39:50.007+0000] {processor.py:208} INFO - Processing /home/airflow/.local/lib/python3.12/site-packages/airflow/example_dags/example_python_operator.py took 0.079 seconds
[2026-08-08T17:42:41.455+0000] {processor.py:186} INFO - Started process (PID=114) to work on /home/airflow/.local/lib/python3.12/site-packages/airflow/example_dags/example_python_operator.py
[2026-08-08T17:42:41.467+0000] {processor.py:914} INFO - Processing file /home/airflow/.local/lib/python3.12/site-packages/airflow/example_dags/example_python_operator.py for tasks to queue
[2026-08-08T17:42:41.473+0000] {logging_mixin.py:190} INFO - [2026-08-08T17:42:41.473+0000] {dagbag.py:587} INFO - Filling up the DagBag from /home/airflow/.local/lib/python3.12/site-packages/airflow/example_dags/example_python_operator.py
[2026-08-08T17:42:41.493+0000] {processor.py:925} INFO - DAG(s) 'example_python_operator' retrieved from /home/airflow/.local/lib/python3.12/site-packages/airflow/example_dags/example_python_operator.py
[2026-08-08T17:42:41.709+0000] {logging_mixin.py:190} INFO - [2026-08-08T17:42:41.709+0000] {dag.py:3211} INFO - Sync 1 DAGs
[2026-08-08T17:42:41.730+0000] {logging_mixin.py:190} INFO - [2026-08-08T17:42:41.730+0000] {dag.py:4138} INFO - Setting next_dagrun for example_python_operator to None, run_after=None
[2026-08-08T17:42:41.764+0000] {processor.py:208} INFO - Processing /home/airflow/.local/lib/python3.12/site-packages/airflow/example_dags/example_python_operator.py took 0.317 seconds
[2026-08-08T17:43:12.029+0000] {processor.py:186} INFO - Started process (PID=177) to work on /home/airflow/.local/lib/python3.12/site-packages/airflow/example_dags/example_python_operator.py
[2026-08-08T17:43:12.031+0000] {processor.py:914} INFO - Processing file /home/airflow/.local/lib/python3.12/site-packages/airflow/example_dags/example_python_operator.py for tasks to queue
[2026-08-08T17:43:12.034+0000] {logging_mixin.py:190} INFO - [2026-08-08T17:43:12.033+0000] {dagbag.py:587} INFO - Filling up the DagBag from /home/airflow/.local/lib/python3.12/site-packages/airflow/example_dags/example_python_operator.py
[2026-08-08T17:43:12.049+0000] {processor.py:925} INFO - DAG(s) 'example_python_operator' retrieved from /home/airflow/.local/lib/python3.12/site-packages/airflow/example_dags/example_python_operator.py
[2026-08-08T17:43:12.085+0000] {logging_mixin.py:190} INFO - [2026-08-08T17:43:12.085+0000] {dag.py:3211} INFO - Sync 1 DAGs
[2026-08-08T17:43:12.109+0000] {logging_mixin.py:190} INFO - [2026-08-08T17:43:12.109+0000] {dag.py:4138} INFO - Setting next_dagrun for example_python_operator to None, run_after=None
[2026-08-08T17:43:12.141+0000] {processor.py:208} INFO - Processing /home/airflow/.local/lib/python3.12/site-packages/airflow/example_dags/example_python_operator.py took 0.121 seconds
[2026-08-08T17:43:43.570+0000] {processor.py:186} INFO - Started process (PID=240) to work on /home/airflow/.local/lib/python3.12/site-packages/airflow/example_dags/example_python_operator.py
[2026-08-08T17:43:43.571+0000] {processor.py:914} INFO - Processing file /home/airflow/.local/lib/python3.12/site-packages/airflow/example_dags/example_python_operator.py for tasks to queue
[2026-08-08T17:43:43.574+0000] {logging_mixin.py:190} INFO - [2026-08-08T17:43:43.574+0000] {dagbag.py:587} INFO - Filling up the DagBag from /home/airflow/.local/lib/python3.12/site-packages/airflow/example_dags/example_python_operator.py
[2026-08-08T17:43:43.585+0000] {processor.py:925} INFO - DAG(s) 'example_python_operator' retrieved from /home/airflow/.local/lib/python3.12/site-packages/airflow/example_dags/example_python_operator.py
[2026-08-08T17:43:43.608+0000] {logging_mixin.py:190} INFO - [2026-08-08T17:43:43.608+0000] {dag.py:3211} INFO - Sync 1 DAGs
[2026-08-08T17:43:43.620+0000] {logging_mixin.py:190} INFO - [2026-08-08T17:43:43.620+0000] {dag.py:4138} INFO - Setting next_dagrun for example_python_operator to None, run_after=None
[2026-08-08T17:43:43.640+0000] {processor.py:208} INFO - Processing /home/airflow/.local/lib/python3.12/site-packages/airflow/example_dags/example_python_operator.py took 0.077 seconds
[2026-08-08T17:44:14.285+0000] {processor.py:186} INFO - Started process (PID=303) to work on /home/airflow/.local/lib/python3.12/site-packages/airflow/example_dags/example_python_operator.py
[2026-08-08T17:44:14.287+0000] {processor.py:914} INFO - Processing file /home/airflow/.local/lib/python3.12/site-packages/airflow/example_dags/example_python_operator.py for tasks to queue
[2026-08-08T17:44:14.290+0000] {logging_mixin.py:190} INFO - [2026-08-08T17:44:14.289+0000] {dagbag.py:587} INFO - Filling up the DagBag from /home/airflow/.local/lib/python3.12/site-packages/airflow/example_dags/example_python_operator.py
[2026-08-08T17:44:14.302+0000] {processor.py:925} INFO - DAG(s) 'example_python_operator' retrieved from /home/airflow/.local/lib/python3.12/site-packages/airflow/example_dags/example_python_operator.py
[2026-08-08T17:44:14.329+0000] {logging_mixin.py:190} INFO - [2026-08-08T17:44:14.328+0000] {dag.py:3211} INFO - Sync 1 DAGs
[2026-08-08T17:44:14.345+0000] {logging_mixin.py:190} INFO - [2026-08-08T17:44:14.345+0000] {dag.py:4138} INFO - Setting next_dagrun for example_python_operator to None, run_after=None
[2026-08-08T17:44:14.371+0000] {processor.py:208} INFO - Processing /home/airflow/.local/lib/python3.12/site-packages/airflow/example_dags/example_python_operator.py took 0.093 seconds
[2026-08-08T17:44:44.923+0000] {processor.py:186} INFO - Started process (PID=366) to work on /home/airflow/.local/lib/python3.12/site-packages/airflow/example_dags/example_python_operator.py
[2026-08-08T17:44:44.925+0000] {processor.py:914} INFO - Processing file /home/airflow/.local/lib/python3.12/site-packages/airflow/example_dags/example_python_operator.py for tasks to queue
[2026-08-08T17:44:44.927+0000] {logging_mixin.py:190} INFO - [2026-08-08T17:44:44.927+0000] {dagbag.py:587} INFO - Filling up the DagBag from /home/airflow/.local/lib/python3.12/site-packages/airflow/example_dags/example_python_operator.py
[2026-08-08T17:44:44.940+0000] {processor.py:925} INFO - DAG(s) 'example_python_operator' retrieved from /home/airflow/.local/lib/python3.12/site-packages/airflow/example_dags/example_python_operator.py
[2026-08-08T17:44:44.961+0000] {logging_mixin.py:190} INFO - [2026-08-08T17:44:44.961+0000] {dag.py:3211} INFO - Sync 1 DAGs
[2026-08-08T17:44:44.976+0000] {logging_mixin.py:190} INFO - [2026-08-08T17:44:44.976+0000] {dag.py:4138} INFO - Setting next_dagrun for example_python_operator to None, run_after=None
[2026-08-08T17:44:45.002+0000] {processor.py:208} INFO - Processing /home/airflow/.local/lib/python3.12/site-packages/airflow/example_dags/example_python_operator.py took 0.085 seconds
[2026-08-08T17:45:15.294+0000] {processor.py:186} INFO - Started process (PID=429) to work on /home/airflow/.local/lib/python3.12/site-packages/airflow/example_dags/example_python_operator.py
[2026-08-08T17:45:15.295+0000] {processor.py:914} INFO - Processing file /home/airflow/.local/lib/python3.12/site-packages/airflow/example_dags/example_python_operator.py for tasks to queue
[2026-08-08T17:45:15.299+0000] {logging_mixin.py:190} INFO - [2026-08-08T17:45:15.298+0000] {dagbag.py:587} INFO - Filling up the DagBag from /home/airflow/.local/lib/python3.12/site-packages/airflow/example_dags/example_python_operator.py
[2026-08-08T17:45:15.312+0000] {processor.py:925} INFO - DAG(s) 'example_python_operator' retrieved from /home/airflow/.local/lib/python3.12/site-packages/airflow/example_dags/example_python_operator.py
[2026-08-08T17:45:15.339+0000] {logging_mixin.py:190} INFO - [2026-08-08T17:45:15.339+0000] {dag.py:3211} INFO - Sync 1 DAGs
[2026-08-08T17:45:15.354+0000] {logging_mixin.py:190} INFO - [2026-08-08T17:45:15.354+0000] {dag.py:4138} INFO - Setting next_dagrun for example_python_operator to None, run_after=None
[2026-08-08T17:45:15.377+0000] {processor.py:208} INFO - Processing /home/airflow/.local/lib/python3.12/site-packages/airflow/example_dags/example_python_operator.py took 0.092 seconds
[2026-08-08T17:45:45.523+0000] {processor.py:186} INFO - Started process (PID=492) to work on /home/airflow/.local/lib/python3.12/site-packages/airflow/example_dags/example_python_operator.py
[2026-08-08T17:45:45.525+0000] {processor.py:914} INFO - Processing file /home/airflow/.local/lib/python3.12/site-packages/airflow/example_dags/example_python_operator.py for tasks to queue
[2026-08-08T17:45:45.527+0000] {logging_mixin.py:190} INFO - [2026-08-08T17:45:45.527+0000] {dagbag.py:587} INFO - Filling up the DagBag from /home/airflow/.local/lib/python3.12/site-packages/airflow/example_dags/example_python_operator.py
[2026-08-08T17:45:45.537+0000] {processor.py:925} INFO - DAG(s) 'example_python_operator' retrieved from /home/airflow/.local/lib/python3.12/site-packages/airflow/example_dags/example_python_operator.py
[2026-08-08T17:45:45.559+0000] {logging_mixin.py:190} INFO - [2026-08-08T17:45:45.559+0000] {dag.py:3211} INFO - Sync 1 DAGs
[2026-08-08T17:45:45.576+0000] {logging_mixin.py:190} INFO - [2026-08-08T17:45:45.575+0000] {dag.py:4138} INFO - Setting next_dagrun for example_python_operator to None, run_after=None
[2026-08-08T17:45:45.596+0000] {processor.py:208} INFO - Processing /home/airflow/.local/lib/python3.12/site-packages/airflow/example_dags/example_python_operator.py took 0.079 seconds
[2026-08-08T17:47:15.503+0000] {processor.py:186} INFO - Started process (PID=115) to work on /home/airflow/.local/lib/python3.12/site-packages/airflow/example_dags/example_python_operator.py
[2026-08-08T17:47:15.504+0000] {processor.py:914} INFO - Processing file /home/airflow/.local/lib/python3.12/site-packages/airflow/example_dags/example_python_operator.py for tasks to queue
[2026-08-08T17:47:15.507+0000] {logging_mixin.py:190} INFO - [2026-08-08T17:47:15.507+0000] {dagbag.py:587} INFO - Filling up the DagBag from /home/airflow/.local/lib/python3.12/site-packages/airflow/example_dags/example_python_operator.py
[2026-08-08T17:47:15.524+0000] {processor.py:925} INFO - DAG(s) 'example_python_operator' retrieved from /home/airflow/.local/lib/python3.12/site-packages/airflow/example_dags/example_python_operator.py
[2026-08-08T17:47:15.637+0000] {logging_mixin.py:190} INFO - [2026-08-08T17:47:15.636+0000] {dag.py:3211} INFO - Sync 1 DAGs
[2026-08-08T17:47:15.667+0000] {logging_mixin.py:190} INFO - [2026-08-08T17:47:15.666+0000] {dag.py:4138} INFO - Setting next_dagrun for example_python_operator to None, run_after=None
[2026-08-08T17:47:15.708+0000] {processor.py:208} INFO - Processing /home/airflow/.local/lib/python3.12/site-packages/airflow/example_dags/example_python_operator.py took 0.212 seconds
[2026-08-08T17:47:46.368+0000] {processor.py:186} INFO - Started process (PID=178) to work on /home/airflow/.local/lib/python3.12/site-packages/airflow/example_dags/example_python_operator.py
[2026-08-08T17:47:46.369+0000] {processor.py:914} INFO - Processing file /home/airflow/.local/lib/python3.12/site-packages/airflow/example_dags/example_python_operator.py for tasks to queue
[2026-08-08T17:47:46.371+0000] {logging_mixin.py:190} INFO - [2026-08-08T17:47:46.371+0000] {dagbag.py:587} INFO - Filling up the DagBag from /home/airflow/.local/lib/python3.12/site-packages/airflow/example_dags/example_python_operator.py
[2026-08-08T17:47:46.380+0000] {processor.py:925} INFO - DAG(s) 'example_python_operator' retrieved from /home/airflow/.local/lib/python3.12/site-packages/airflow/example_dags/example_python_operator.py
[2026-08-08T17:47:46.398+0000] {logging_mixin.py:190} INFO - [2026-08-08T17:47:46.397+0000] {dag.py:3211} INFO - Sync 1 DAGs
[2026-08-08T17:47:46.409+0000] {logging_mixin.py:190} INFO - [2026-08-08T17:47:46.408+0000] {dag.py:4138} INFO - Setting next_dagrun for example_python_operator to None, run_after=None
[2026-08-08T17:47:46.430+0000] {processor.py:208} INFO - Processing /home/airflow/.local/lib/python3.12/site-packages/airflow/example_dags/example_python_operator.py took 0.067 seconds
[2026-08-08T17:48:17.729+0000] {processor.py:186} INFO - Started process (PID=247) to work on /home/airflow/.local/lib/python3.12/site-packages/airflow/example_dags/example_python_operator.py
[2026-08-08T17:48:17.731+0000] {processor.py:914} INFO - Processing file /home/airflow/.local/lib/python3.12/site-packages/airflow/example_dags/example_python_operator.py for tasks to queue
[2026-08-08T17:48:17.734+0000] {logging_mixin.py:190} INFO - [2026-08-08T17:48:17.734+0000] {dagbag.py:587} INFO - Filling up the DagBag from /home/airflow/.local/lib/python3.12/site-packages/airflow/example_dags/example_python_operator.py
[2026-08-08T17:48:17.748+0000] {processor.py:925} INFO - DAG(s) 'example_python_operator' retrieved from /home/airflow/.local/lib/python3.12/site-packages/airflow/example_dags/example_python_operator.py
[2026-08-08T17:48:17.769+0000] {logging_mixin.py:190} INFO - [2026-08-08T17:48:17.768+0000] {dag.py:3211} INFO - Sync 1 DAGs
[2026-08-08T17:48:17.780+0000] {logging_mixin.py:190} INFO - [2026-08-08T17:48:17.780+0000] {dag.py:4138} INFO - Setting next_dagrun for example_python_operator to None, run_after=None
[2026-08-08T17:48:17.797+0000] {processor.py:208} INFO - Processing /home/airflow/.local/lib/python3.12/site-packages/airflow/example_dags/example_python_operator.py took 0.074 seconds
[2026-08-08T17:48:48.320+0000] {processor.py:186} INFO - Started process (PID=310) to work on /home/airflow/.local/lib/python3.12/site-packages/airflow/example_dags/example_python_operator.py
[2026-08-08T17:48:48.322+0000] {processor.py:914} INFO - Processing file /home/airflow/.local/lib/python3.12/site-packages/airflow/example_dags/example_python_operator.py for tasks to queue
[2026-08-08T17:48:48.325+0000] {logging_mixin.py:190} INFO - [2026-08-08T17:48:48.324+0000] {dagbag.py:587} INFO - Filling up the DagBag from /home/airflow/.local/lib/python3.12/site-packages/airflow/example_dags/example_python_operator.py
[2026-08-08T17:48:48.342+0000] {processor.py:925} INFO - DAG(s) 'example_python_operator' retrieved from /home/airflow/.local/lib/python3.12/site-packages/airflow/example_dags/example_python_operator.py
[2026-08-08T17:48:48.378+0000] {logging_mixin.py:190} INFO - [2026-08-08T17:48:48.377+0000] {dag.py:3211} INFO - Sync 1 DAGs
[2026-08-08T17:48:48.398+0000] {logging_mixin.py:190} INFO - [2026-08-08T17:48:48.398+0000] {dag.py:4138} INFO - Setting next_dagrun for example_python_operator to None, run_after=None
[2026-08-08T17:48:48.432+0000] {processor.py:208} INFO - Processing /home/airflow/.local/lib/python3.12/site-packages/airflow/example_dags/example_python_operator.py took 0.120 seconds
[2026-08-08T17:52:39.397+0000] {processor.py:186} INFO - Started process (PID=114) to work on /home/airflow/.local/lib/python3.12/site-packages/airflow/example_dags/example_python_operator.py
[2026-08-08T17:52:39.400+0000] {processor.py:914} INFO - Processing file /home/airflow/.local/lib/python3.12/site-packages/airflow/example_dags/example_python_operator.py for tasks to queue
[2026-08-08T17:52:39.409+0000] {logging_mixin.py:190} INFO - [2026-08-08T17:52:39.408+0000] {dagbag.py:587} INFO - Filling up the DagBag from /home/airflow/.local/lib/python3.12/site-packages/airflow/example_dags/example_python_operator.py
[2026-08-08T17:52:39.435+0000] {processor.py:925} INFO - DAG(s) 'example_python_operator' retrieved from /home/airflow/.local/lib/python3.12/site-packages/airflow/example_dags/example_python_operator.py
[2026-08-08T17:52:39.700+0000] {logging_mixin.py:190} INFO - [2026-08-08T17:52:39.699+0000] {dag.py:3211} INFO - Sync 1 DAGs
[2026-08-08T17:52:39.741+0000] {logging_mixin.py:190} INFO - [2026-08-08T17:52:39.740+0000] {dag.py:4138} INFO - Setting next_dagrun for example_python_operator to None, run_after=None
[2026-08-08T17:52:39.827+0000] {processor.py:208} INFO - Processing /home/airflow/.local/lib/python3.12/site-packages/airflow/example_dags/example_python_operator.py took 0.442 seconds
[2026-08-08T17:53:10.647+0000] {processor.py:186} INFO - Started process (PID=177) to work on /home/airflow/.local/lib/python3.12/site-packages/airflow/example_dags/example_python_operator.py
[2026-08-08T17:53:10.648+0000] {processor.py:914} INFO - Processing file /home/airflow/.local/lib/python3.12/site-packages/airflow/example_dags/example_python_operator.py for tasks to queue
[2026-08-08T17:53:10.650+0000] {logging_mixin.py:190} INFO - [2026-08-08T17:53:10.650+0000] {dagbag.py:587} INFO - Filling up the DagBag from /home/airflow/.local/lib/python3.12/site-packages/airflow/example_dags/example_python_operator.py
[2026-08-08T17:53:10.664+0000] {processor.py:925} INFO - DAG(s) 'example_python_operator' retrieved from /home/airflow/.local/lib/python3.12/site-packages/airflow/example_dags/example_python_operator.py
[2026-08-08T17:53:10.685+0000] {logging_mixin.py:190} INFO - [2026-08-08T17:53:10.684+0000] {dag.py:3211} INFO - Sync 1 DAGs
[2026-08-08T17:53:10.698+0000] {logging_mixin.py:190} INFO - [2026-08-08T17:53:10.697+0000] {dag.py:4138} INFO - Setting next_dagrun for example_python_operator to None, run_after=None
[2026-08-08T17:53:10.718+0000] {processor.py:208} INFO - Processing /home/airflow/.local/lib/python3.12/site-packages/airflow/example_dags/example_python_operator.py took 0.077 seconds
[2026-08-08T17:53:41.294+0000] {processor.py:186} INFO - Started process (PID=240) to work on /home/airflow/.local/lib/python3.12/site-packages/airflow/example_dags/example_python_operator.py
[2026-08-08T17:53:41.295+0000] {processor.py:914} INFO - Processing file /home/airflow/.local/lib/python3.12/site-packages/airflow/example_dags/example_python_operator.py for tasks to queue
[2026-08-08T17:53:41.298+0000] {logging_mixin.py:190} INFO - [2026-08-08T17:53:41.298+0000] {dagbag.py:587} INFO - Filling up the DagBag from /home/airflow/.local/lib/python3.12/site-packages/airflow/example_dags/example_python_operator.py
[2026-08-08T17:53:41.309+0000] {processor.py:925} INFO - DAG(s) 'example_python_operator' retrieved from /home/airflow/.local/lib/python3.12/site-packages/airflow/example_dags/example_python_operator.py
[2026-08-08T17:53:41.329+0000] {logging_mixin.py:190} INFO - [2026-08-08T17:53:41.329+0000] {dag.py:3211} INFO - Sync 1 DAGs
[2026-08-08T17:53:41.341+0000] {logging_mixin.py:190} INFO - [2026-08-08T17:53:41.341+0000] {dag.py:4138} INFO - Setting next_dagrun for example_python_operator to None, run_after=None
[2026-08-08T17:53:41.360+0000] {processor.py:208} INFO - Processing /home/airflow/.local/lib/python3.12/site-packages/airflow/example_dags/example_python_operator.py took 0.072 seconds
[2026-08-08T17:54:11.694+0000] {processor.py:186} INFO - Started process (PID=303) to work on /home/airflow/.local/lib/python3.12/site-packages/airflow/example_dags/example_python_operator.py
[2026-08-08T17:54:11.695+0000] {processor.py:914} INFO - Processing file /home/airflow/.local/lib/python3.12/site-packages/airflow/example_dags/example_python_operator.py for tasks to queue
[2026-08-08T17:54:11.698+0000] {logging_mixin.py:190} INFO - [2026-08-08T17:54:11.698+0000] {dagbag.py:587} INFO - Filling up the DagBag from /home/airflow/.local/lib/python3.12/site-packages/airflow/example_dags/example_python_operator.py
[2026-08-08T17:54:11.711+0000] {processor.py:925} INFO - DAG(s) 'example_python_operator' retrieved from /home/airflow/.local/lib/python3.12/site-packages/airflow/example_dags/example_python_operator.py
[2026-08-08T17:54:11.731+0000] {logging_mixin.py:190} INFO - [2026-08-08T17:54:11.731+0000] {dag.py:3211} INFO - Sync 1 DAGs
[2026-08-08T17:54:11.745+0000] {logging_mixin.py:190} INFO - [2026-08-08T17:54:11.745+0000] {dag.py:4138} INFO - Setting next_dagrun for example_python_operator to None, run_after=None
[2026-08-08T17:54:11.768+0000] {processor.py:208} INFO - Processing /home/airflow/.local/lib/python3.12/site-packages/airflow/example_dags/example_python_operator.py took 0.081 seconds
[2026-08-08T17:54:41.837+0000] {processor.py:186} INFO - Started process (PID=366) to work on /home/airflow/.local/lib/python3.12/site-packages/airflow/example_dags/example_python_operator.py
[2026-08-08T17:54:41.839+0000] {processor.py:914} INFO - Processing file /home/airflow/.local/lib/python3.12/site-packages/airflow/example_dags/example_python_operator.py for tasks to queue
[2026-08-08T17:54:41.843+0000] {logging_mixin.py:190} INFO - [2026-08-08T17:54:41.842+0000] {dagbag.py:587} INFO - Filling up the DagBag from /home/airflow/.local/lib/python3.12/site-packages/airflow/example_dags/example_python_operator.py
[2026-08-08T17:54:41.860+0000] {processor.py:925} INFO - DAG(s) 'example_python_operator' retrieved from /home/airflow/.local/lib/python3.12/site-packages/airflow/example_dags/example_python_operator.py
[2026-08-08T17:54:41.888+0000] {logging_mixin.py:190} INFO - [2026-08-08T17:54:41.888+0000] {dag.py:3211} INFO - Sync 1 DAGs
[2026-08-08T17:54:41.902+0000] {logging_mixin.py:190} INFO - [2026-08-08T17:54:41.902+0000] {dag.py:4138} INFO - Setting next_dagrun for example_python_operator to None, run_after=None
[2026-08-08T17:54:41.931+0000] {processor.py:208} INFO - Processing /home/airflow/.local/lib/python3.12/site-packages/airflow/example_dags/example_python_operator.py took 0.101 seconds
[2026-08-08T17:55:12.063+0000] {processor.py:186} INFO - Started process (PID=429) to work on /home/airflow/.local/lib/python3.12/site-packages/airflow/example_dags/example_python_operator.py
[2026-08-08T17:55:12.064+0000] {processor.py:914} INFO - Processing file /home/airflow/.local/lib/python3.12/site-packages/airflow/example_dags/example_python_operator.py for tasks to queue
[2026-08-08T17:55:12.067+0000] {logging_mixin.py:190} INFO - [2026-08-08T17:55:12.067+0000] {dagbag.py:587} INFO - Filling up the DagBag from /home/airflow/.local/lib/python3.12/site-packages/airflow/example_dags/example_python_operator.py
[2026-08-08T17:55:12.084+0000] {processor.py:925} INFO - DAG(s) 'example_python_operator' retrieved from /home/airflow/.local/lib/python3.12/site-packages/airflow/example_dags/example_python_operator.py
[2026-08-08T17:55:12.105+0000] {logging_mixin.py:190} INFO - [2026-08-08T17:55:12.105+0000] {dag.py:3211} INFO - Sync 1 DAGs
[2026-08-08T17:55:12.121+0000] {logging_mixin.py:190} INFO - [2026-08-08T17:55:12.121+0000] {dag.py:4138} INFO - Setting next_dagrun for example_python_operator to None, run_after=None
[2026-08-08T17:55:12.143+0000] {processor.py:208} INFO - Processing /home/airflow/.local/lib/python3.12/site-packages/airflow/example_dags/example_python_operator.py took 0.086 seconds
[2026-08-08T17:55:42.695+0000] {processor.py:186} INFO - Started process (PID=492) to work on /home/airflow/.local/lib/python3.12/site-packages/airflow/example_dags/example_python_operator.py
[2026-08-08T17:55:42.696+0000] {processor.py:914} INFO - Processing file /home/airflow/.local/lib/python3.12/site-packages/airflow/example_dags/example_python_operator.py for tasks to queue
[2026-08-08T17:55:42.698+0000] {logging_mixin.py:190} INFO - [2026-08-08T17:55:42.698+0000] {dagbag.py:587} INFO - Filling up the DagBag from /home/airflow/.local/lib/python3.12/site-packages/airflow/example_dags/example_python_operator.py
[2026-08-08T17:55:42.711+0000] {processor.py:925} INFO - DAG(s) 'example_python_operator' retrieved from /home/airflow/.local/lib/python3.12/site-packages/airflow/example_dags/example_python_operator.py
[2026-08-08T17:55:42.731+0000] {logging_mixin.py:190} INFO - [2026-08-08T17:55:42.731+0000] {dag.py:3211} INFO - Sync 1 DAGs
[2026-08-08T17:55:42.742+0000] {logging_mixin.py:190} INFO - [2026-08-08T17:55:42.742+0000] {dag.py:4138} INFO - Setting next_dagrun for example_python_operator to None, run_after=None
[2026-08-08T17:55:42.760+0000] {processor.py:208} INFO - Processing /home/airflow/.local/lib/python3.12/site-packages/airflow/example_dags/example_python_operator.py took 0.070 seconds
[2026-08-08T17:56:13.081+0000] {processor.py:186} INFO - Started process (PID=554) to work on /home/airflow/.local/lib/python3.12/site-packages/airflow/example_dags/example_python_operator.py
[2026-08-08T17:56:13.082+0000] {processor.py:914} INFO - Processing file /home/airflow/.local/lib/python3.12/site-packages/airflow/example_dags/example_python_operator.py for tasks to queue
[2026-08-08T17:56:13.085+0000] {logging_mixin.py:190} INFO - [2026-08-08T17:56:13.084+0000] {dagbag.py:587} INFO - Filling up the DagBag from /home/airflow/.local/lib/python3.12/site-packages/airflow/example_dags/example_python_operator.py
[2026-08-08T17:56:13.094+0000] {processor.py:925} INFO - DAG(s) 'example_python_operator' retrieved from /home/airflow/.local/lib/python3.12/site-packages/airflow/example_dags/example_python_operator.py
[2026-08-08T17:56:13.114+0000] {logging_mixin.py:190} INFO - [2026-08-08T17:56:13.114+0000] {dag.py:3211} INFO - Sync 1 DAGs
[2026-08-08T17:56:13.125+0000] {logging_mixin.py:190} INFO - [2026-08-08T17:56:13.125+0000] {dag.py:4138} INFO - Setting next_dagrun for example_python_operator to None, run_after=None
[2026-08-08T17:56:13.140+0000] {processor.py:208} INFO - Processing /home/airflow/.local/lib/python3.12/site-packages/airflow/example_dags/example_python_operator.py took 0.064 seconds
[2026-08-08T17:56:43.711+0000] {processor.py:186} INFO - Started process (PID=617) to work on /home/airflow/.local/lib/python3.12/site-packages/airflow/example_dags/example_python_operator.py
[2026-08-08T17:56:43.712+0000] {processor.py:914} INFO - Processing file /home/airflow/.local/lib/python3.12/site-packages/airflow/example_dags/example_python_operator.py for tasks to queue
[2026-08-08T17:56:43.715+0000] {logging_mixin.py:190} INFO - [2026-08-08T17:56:43.715+0000] {dagbag.py:587} INFO - Filling up the DagBag from /home/airflow/.local/lib/python3.12/site-packages/airflow/example_dags/example_python_operator.py
[2026-08-08T17:56:43.726+0000] {processor.py:925} INFO - DAG(s) 'example_python_operator' retrieved from /home/airflow/.local/lib/python3.12/site-packages/airflow/example_dags/example_python_operator.py
[2026-08-08T17:56:43.748+0000] {logging_mixin.py:190} INFO - [2026-08-08T17:56:43.747+0000] {dag.py:3211} INFO - Sync 1 DAGs
[2026-08-08T17:56:43.760+0000] {logging_mixin.py:190} INFO - [2026-08-08T17:56:43.760+0000] {dag.py:4138} INFO - Setting next_dagrun for example_python_operator to None, run_after=None
[2026-08-08T17:56:43.785+0000] {processor.py:208} INFO - Processing /home/airflow/.local/lib/python3.12/site-packages/airflow/example_dags/example_python_operator.py took 0.080 seconds
[2026-08-08T17:57:14.406+0000] {processor.py:186} INFO - Started process (PID=681) to work on /home/airflow/.local/lib/python3.12/site-packages/airflow/example_dags/example_python_operator.py
[2026-08-08T17:57:14.407+0000] {processor.py:914} INFO - Processing file /home/airflow/.local/lib/python3.12/site-packages/airflow/example_dags/example_python_operator.py for tasks to queue
[2026-08-08T17:57:14.411+0000] {logging_mixin.py:190} INFO - [2026-08-08T17:57:14.410+0000] {dagbag.py:587} INFO - Filling up the DagBag from /home/airflow/.local/lib/python3.12/site-packages/airflow/example_dags/example_python_operator.py
[2026-08-08T17:57:14.426+0000] {processor.py:925} INFO - DAG(s) 'example_python_operator' retrieved from /home/airflow/.local/lib/python3.12/site-packages/airflow/example_dags/example_python_operator.py
[2026-08-08T17:57:14.450+0000] {logging_mixin.py:190} INFO - [2026-08-08T17:57:14.449+0000] {dag.py:3211} INFO - Sync 1 DAGs
[2026-08-08T17:57:14.465+0000] {logging_mixin.py:190} INFO - [2026-08-08T17:57:14.465+0000] {dag.py:4138} INFO - Setting next_dagrun for example_python_operator to None, run_after=None
[2026-08-08T17:57:14.486+0000] {processor.py:208} INFO - Processing /home/airflow/.local/lib/python3.12/site-packages/airflow/example_dags/example_python_operator.py took 0.088 seconds
[2026-08-08T18:08:21.553+0000] {processor.py:186} INFO - Started process (PID=744) to work on /home/airflow/.local/lib/python3.12/site-packages/airflow/example_dags/example_python_operator.py
[2026-08-08T18:08:21.556+0000] {processor.py:914} INFO - Processing file /home/airflow/.local/lib/python3.12/site-packages/airflow/example_dags/example_python_operator.py for tasks to queue
[2026-08-08T18:08:21.561+0000] {logging_mixin.py:190} INFO - [2026-08-08T18:08:21.560+0000] {dagbag.py:587} INFO - Filling up the DagBag from /home/airflow/.local/lib/python3.12/site-packages/airflow/example_dags/example_python_operator.py
[2026-08-08T18:08:21.583+0000] {processor.py:925} INFO - DAG(s) 'example_python_operator' retrieved from /home/airflow/.local/lib/python3.12/site-packages/airflow/example_dags/example_python_operator.py
[2026-08-08T18:08:21.625+0000] {logging_mixin.py:190} INFO - [2026-08-08T18:08:21.625+0000] {dag.py:3211} INFO - Sync 1 DAGs
[2026-08-08T18:08:21.646+0000] {logging_mixin.py:190} INFO - [2026-08-08T18:08:21.646+0000] {dag.py:4138} INFO - Setting next_dagrun for example_python_operator to None, run_after=None
[2026-08-08T18:08:21.682+0000] {processor.py:208} INFO - Processing /home/airflow/.local/lib/python3.12/site-packages/airflow/example_dags/example_python_operator.py took 0.140 seconds
[2026-08-08T18:08:52.251+0000] {processor.py:186} INFO - Started process (PID=807) to work on /home/airflow/.local/lib/python3.12/site-packages/airflow/example_dags/example_python_operator.py
[2026-08-08T18:08:52.253+0000] {processor.py:914} INFO - Processing file /home/airflow/.local/lib/python3.12/site-packages/airflow/example_dags/example_python_operator.py for tasks to queue
[2026-08-08T18:08:52.256+0000] {logging_mixin.py:190} INFO - [2026-08-08T18:08:52.256+0000] {dagbag.py:587} INFO - Filling up the DagBag from /home/airflow/.local/lib/python3.12/site-packages/airflow/example_dags/example_python_operator.py
[2026-08-08T18:08:52.274+0000] {processor.py:925} INFO - DAG(s) 'example_python_operator' retrieved from /home/airflow/.local/lib/python3.12/site-packages/airflow/example_dags/example_python_operator.py
[2026-08-08T18:08:52.306+0000] {logging_mixin.py:190} INFO - [2026-08-08T18:08:52.306+0000] {dag.py:3211} INFO - Sync 1 DAGs
[2026-08-08T18:08:52.327+0000] {logging_mixin.py:190} INFO - [2026-08-08T18:08:52.326+0000] {dag.py:4138} INFO - Setting next_dagrun for example_python_operator to None, run_after=None
[2026-08-08T18:08:52.383+0000] {processor.py:208} INFO - Processing /home/airflow/.local/lib/python3.12/site-packages/airflow/example_dags/example_python_operator.py took 0.141 seconds
[2026-08-08T18:09:22.664+0000] {processor.py:186} INFO - Started process (PID=870) to work on /home/airflow/.local/lib/python3.12/site-packages/airflow/example_dags/example_python_operator.py
[2026-08-08T18:09:22.666+0000] {processor.py:914} INFO - Processing file /home/airflow/.local/lib/python3.12/site-packages/airflow/example_dags/example_python_operator.py for tasks to queue
[2026-08-08T18:09:22.670+0000] {logging_mixin.py:190} INFO - [2026-08-08T18:09:22.669+0000] {dagbag.py:587} INFO - Filling up the DagBag from /home/airflow/.local/lib/python3.12/site-packages/airflow/example_dags/example_python_operator.py
[2026-08-08T18:09:22.693+0000] {processor.py:925} INFO - DAG(s) 'example_python_operator' retrieved from /home/airflow/.local/lib/python3.12/site-packages/airflow/example_dags/example_python_operator.py
[2026-08-08T18:09:22.733+0000] {logging_mixin.py:190} INFO - [2026-08-08T18:09:22.733+0000] {dag.py:3211} INFO - Sync 1 DAGs
[2026-08-08T18:09:22.760+0000] {logging_mixin.py:190} INFO - [2026-08-08T18:09:22.760+0000] {dag.py:4138} INFO - Setting next_dagrun for example_python_operator to None, run_after=None
[2026-08-08T18:09:22.793+0000] {processor.py:208} INFO - Processing /home/airflow/.local/lib/python3.12/site-packages/airflow/example_dags/example_python_operator.py took 0.142 seconds
[2026-08-08T18:09:52.891+0000] {processor.py:186} INFO - Started process (PID=932) to work on /home/airflow/.local/lib/python3.12/site-packages/airflow/example_dags/example_python_operator.py
[2026-08-08T18:09:52.894+0000] {processor.py:914} INFO - Processing file /home/airflow/.local/lib/python3.12/site-packages/airflow/example_dags/example_python_operator.py for tasks to queue
[2026-08-08T18:09:52.899+0000] {logging_mixin.py:190} INFO - [2026-08-08T18:09:52.898+0000] {dagbag.py:587} INFO - Filling up the DagBag from /home/airflow/.local/lib/python3.12/site-packages/airflow/example_dags/example_python_operator.py
[2026-08-08T18:09:52.917+0000] {processor.py:925} INFO - DAG(s) 'example_python_operator' retrieved from /home/airflow/.local/lib/python3.12/site-packages/airflow/example_dags/example_python_operator.py
[2026-08-08T18:09:52.944+0000] {logging_mixin.py:190} INFO - [2026-08-08T18:09:52.943+0000] {dag.py:3211} INFO - Sync 1 DAGs
[2026-08-08T18:09:52.958+0000] {logging_mixin.py:190} INFO - [2026-08-08T18:09:52.957+0000] {dag.py:4138} INFO - Setting next_dagrun for example_python_operator to None, run_after=None
[2026-08-08T18:09:52.983+0000] {processor.py:208} INFO - Processing /home/airflow/.local/lib/python3.12/site-packages/airflow/example_dags/example_python_operator.py took 0.099 seconds
[2026-08-08T18:10:23.921+0000] {processor.py:186} INFO - Started process (PID=996) to work on /home/airflow/.local/lib/python3.12/site-packages/airflow/example_dags/example_python_operator.py
[2026-08-08T18:10:23.922+0000] {processor.py:914} INFO - Processing file /home/airflow/.local/lib/python3.12/site-packages/airflow/example_dags/example_python_operator.py for tasks to queue
[2026-08-08T18:10:23.926+0000] {logging_mixin.py:190} INFO - [2026-08-08T18:10:23.925+0000] {dagbag.py:587} INFO - Filling up the DagBag from /home/airflow/.local/lib/python3.12/site-packages/airflow/example_dags/example_python_operator.py
[2026-08-08T18:10:23.944+0000] {processor.py:925} INFO - DAG(s) 'example_python_operator' retrieved from /home/airflow/.local/lib/python3.12/site-packages/airflow/example_dags/example_python_operator.py
[2026-08-08T18:10:23.973+0000] {logging_mixin.py:190} INFO - [2026-08-08T18:10:23.973+0000] {dag.py:3211} INFO - Sync 1 DAGs
[2026-08-08T18:10:23.991+0000] {logging_mixin.py:190} INFO - [2026-08-08T18:10:23.990+0000] {dag.py:4138} INFO - Setting next_dagrun for example_python_operator to None, run_after=None
[2026-08-08T18:10:24.021+0000] {processor.py:208} INFO - Processing /home/airflow/.local/lib/python3.12/site-packages/airflow/example_dags/example_python_operator.py took 0.108 seconds
[2026-08-08T18:10:54.629+0000] {processor.py:186} INFO - Started process (PID=1059) to work on /home/airflow/.local/lib/python3.12/site-packages/airflow/example_dags/example_python_operator.py
[2026-08-08T18:10:54.630+0000] {processor.py:914} INFO - Processing file /home/airflow/.local/lib/python3.12/site-packages/airflow/example_dags/example_python_operator.py for tasks to queue
[2026-08-08T18:10:54.632+0000] {logging_mixin.py:190} INFO - [2026-08-08T18:10:54.632+0000] {dagbag.py:587} INFO - Filling up the DagBag from /home/airflow/.local/lib/python3.12/site-packages/airflow/example_dags/example_python_operator.py
[2026-08-08T18:10:54.644+0000] {processor.py:925} INFO - DAG(s) 'example_python_operator' retrieved from /home/airflow/.local/lib/python3.12/site-packages/airflow/example_dags/example_python_operator.py
[2026-08-08T18:10:54.668+0000] {logging_mixin.py:190} INFO - [2026-08-08T18:10:54.667+0000] {dag.py:3211} INFO - Sync 1 DAGs
[2026-08-08T18:10:54.681+0000] {logging_mixin.py:190} INFO - [2026-08-08T18:10:54.681+0000] {dag.py:4138} INFO - Setting next_dagrun for example_python_operator to None, run_after=None
[2026-08-08T18:10:54.703+0000] {processor.py:208} INFO - Processing /home/airflow/.local/lib/python3.12/site-packages/airflow/example_dags/example_python_operator.py took 0.080 seconds
[2026-08-08T18:11:25.138+0000] {processor.py:186} INFO - Started process (PID=1122) to work on /home/airflow/.local/lib/python3.12/site-packages/airflow/example_dags/example_python_operator.py
[2026-08-08T18:11:25.140+0000] {processor.py:914} INFO - Processing file /home/airflow/.local/lib/python3.12/site-packages/airflow/example_dags/example_python_operator.py for tasks to queue
[2026-08-08T18:11:25.143+0000] {logging_mixin.py:190} INFO - [2026-08-08T18:11:25.143+0000] {dagbag.py:587} INFO - Filling up the DagBag from /home/airflow/.local/lib/python3.12/site-packages/airflow/example_dags/example_python_operator.py
[2026-08-08T18:11:25.159+0000] {processor.py:925} INFO - DAG(s) 'example_python_operator' retrieved from /home/airflow/.local/lib/python3.12/site-packages/airflow/example_dags/example_python_operator.py
[2026-08-08T18:11:25.187+0000] {logging_mixin.py:190} INFO - [2026-08-08T18:11:25.187+0000] {dag.py:3211} INFO - Sync 1 DAGs
[2026-08-08T18:11:25.201+0000] {logging_mixin.py:190} INFO - [2026-08-08T18:11:25.201+0000] {dag.py:4138} INFO - Setting next_dagrun for example_python_operator to None, run_after=None
[2026-08-08T18:11:25.231+0000] {processor.py:208} INFO - Processing /home/airflow/.local/lib/python3.12/site-packages/airflow/example_dags/example_python_operator.py took 0.099 seconds
[2026-08-08T18:11:55.377+0000] {processor.py:186} INFO - Started process (PID=1184) to work on /home/airflow/.local/lib/python3.12/site-packages/airflow/example_dags/example_python_operator.py
[2026-08-08T18:11:55.379+0000] {processor.py:914} INFO - Processing file /home/airflow/.local/lib/python3.12/site-packages/airflow/example_dags/example_python_operator.py for tasks to queue
[2026-08-08T18:11:55.382+0000] {logging_mixin.py:190} INFO - [2026-08-08T18:11:55.381+0000] {dagbag.py:587} INFO - Filling up the DagBag from /home/airflow/.local/lib/python3.12/site-packages/airflow/example_dags/example_python_operator.py
[2026-08-08T18:11:55.395+0000] {processor.py:925} INFO - DAG(s) 'example_python_operator' retrieved from /home/airflow/.local/lib/python3.12/site-packages/airflow/example_dags/example_python_operator.py
[2026-08-08T18:11:55.420+0000] {logging_mixin.py:190} INFO - [2026-08-08T18:11:55.420+0000] {dag.py:3211} INFO - Sync 1 DAGs
[2026-08-08T18:11:55.436+0000] {logging_mixin.py:190} INFO - [2026-08-08T18:11:55.435+0000] {dag.py:4138} INFO - Setting next_dagrun for example_python_operator to None, run_after=None
[2026-08-08T18:11:55.460+0000] {processor.py:208} INFO - Processing /home/airflow/.local/lib/python3.12/site-packages/airflow/example_dags/example_python_operator.py took 0.090 seconds
[2026-08-08T18:13:09.696+0000] {processor.py:186} INFO - Started process (PID=120) to work on /home/airflow/.local/lib/python3.12/site-packages/airflow/example_dags/example_python_operator.py
[2026-08-08T18:13:09.698+0000] {processor.py:914} INFO - Processing file /home/airflow/.local/lib/python3.12/site-packages/airflow/example_dags/example_python_operator.py for tasks to queue
[2026-08-08T18:13:09.700+0000] {logging_mixin.py:190} INFO - [2026-08-08T18:13:09.700+0000] {dagbag.py:587} INFO - Filling up the DagBag from /home/airflow/.local/lib/python3.12/site-packages/airflow/example_dags/example_python_operator.py
[2026-08-08T18:13:09.716+0000] {processor.py:925} INFO - DAG(s) 'example_python_operator' retrieved from /home/airflow/.local/lib/python3.12/site-packages/airflow/example_dags/example_python_operator.py
[2026-08-08T18:13:09.825+0000] {logging_mixin.py:190} INFO - [2026-08-08T18:13:09.825+0000] {dag.py:3211} INFO - Sync 1 DAGs
[2026-08-08T18:13:09.837+0000] {logging_mixin.py:190} INFO - [2026-08-08T18:13:09.837+0000] {dag.py:4138} INFO - Setting next_dagrun for example_python_operator to None, run_after=None
[2026-08-08T18:13:09.925+0000] {processor.py:208} INFO - Processing /home/airflow/.local/lib/python3.12/site-packages/airflow/example_dags/example_python_operator.py took 0.235 seconds
[2026-08-08T18:13:40.516+0000] {processor.py:186} INFO - Started process (PID=183) to work on /home/airflow/.local/lib/python3.12/site-packages/airflow/example_dags/example_python_operator.py
[2026-08-08T18:13:40.517+0000] {processor.py:914} INFO - Processing file /home/airflow/.local/lib/python3.12/site-packages/airflow/example_dags/example_python_operator.py for tasks to queue
[2026-08-08T18:13:40.520+0000] {logging_mixin.py:190} INFO - [2026-08-08T18:13:40.520+0000] {dagbag.py:587} INFO - Filling up the DagBag from /home/airflow/.local/lib/python3.12/site-packages/airflow/example_dags/example_python_operator.py
[2026-08-08T18:13:40.530+0000] {processor.py:925} INFO - DAG(s) 'example_python_operator' retrieved from /home/airflow/.local/lib/python3.12/site-packages/airflow/example_dags/example_python_operator.py
[2026-08-08T18:13:40.550+0000] {logging_mixin.py:190} INFO - [2026-08-08T18:13:40.550+0000] {dag.py:3211} INFO - Sync 1 DAGs
[2026-08-08T18:13:40.564+0000] {logging_mixin.py:190} INFO - [2026-08-08T18:13:40.564+0000] {dag.py:4138} INFO - Setting next_dagrun for example_python_operator to None, run_after=None
[2026-08-08T18:13:40.582+0000] {processor.py:208} INFO - Processing /home/airflow/.local/lib/python3.12/site-packages/airflow/example_dags/example_python_operator.py took 0.071 seconds
[2026-08-08T18:14:10.981+0000] {processor.py:186} INFO - Started process (PID=246) to work on /home/airflow/.local/lib/python3.12/site-packages/airflow/example_dags/example_python_operator.py
[2026-08-08T18:14:10.983+0000] {processor.py:914} INFO - Processing file /home/airflow/.local/lib/python3.12/site-packages/airflow/example_dags/example_python_operator.py for tasks to queue
[2026-08-08T18:14:10.985+0000] {logging_mixin.py:190} INFO - [2026-08-08T18:14:10.985+0000] {dagbag.py:587} INFO - Filling up the DagBag from /home/airflow/.local/lib/python3.12/site-packages/airflow/example_dags/example_python_operator.py
[2026-08-08T18:14:10.996+0000] {processor.py:925} INFO - DAG(s) 'example_python_operator' retrieved from /home/airflow/.local/lib/python3.12/site-packages/airflow/example_dags/example_python_operator.py
[2026-08-08T18:14:11.018+0000] {logging_mixin.py:190} INFO - [2026-08-08T18:14:11.018+0000] {dag.py:3211} INFO - Sync 1 DAGs
[2026-08-08T18:14:11.032+0000] {logging_mixin.py:190} INFO - [2026-08-08T18:14:11.032+0000] {dag.py:4138} INFO - Setting next_dagrun for example_python_operator to None, run_after=None
[2026-08-08T18:14:11.054+0000] {processor.py:208} INFO - Processing /home/airflow/.local/lib/python3.12/site-packages/airflow/example_dags/example_python_operator.py took 0.078 seconds
[2026-08-08T18:14:41.189+0000] {processor.py:186} INFO - Started process (PID=309) to work on /home/airflow/.local/lib/python3.12/site-packages/airflow/example_dags/example_python_operator.py
[2026-08-08T18:14:41.191+0000] {processor.py:914} INFO - Processing file /home/airflow/.local/lib/python3.12/site-packages/airflow/example_dags/example_python_operator.py for tasks to queue
[2026-08-08T18:14:41.193+0000] {logging_mixin.py:190} INFO - [2026-08-08T18:14:41.193+0000] {dagbag.py:587} INFO - Filling up the DagBag from /home/airflow/.local/lib/python3.12/site-packages/airflow/example_dags/example_python_operator.py
[2026-08-08T18:14:41.204+0000] {processor.py:925} INFO - DAG(s) 'example_python_operator' retrieved from /home/airflow/.local/lib/python3.12/site-packages/airflow/example_dags/example_python_operator.py
[2026-08-08T18:14:41.225+0000] {logging_mixin.py:190} INFO - [2026-08-08T18:14:41.225+0000] {dag.py:3211} INFO - Sync 1 DAGs
[2026-08-08T18:14:41.239+0000] {logging_mixin.py:190} INFO - [2026-08-08T18:14:41.238+0000] {dag.py:4138} INFO - Setting next_dagrun for example_python_operator to None, run_after=None
[2026-08-08T18:14:41.259+0000] {processor.py:208} INFO - Processing /home/airflow/.local/lib/python3.12/site-packages/airflow/example_dags/example_python_operator.py took 0.074 seconds
[2026-08-08T18:15:12.817+0000] {processor.py:186} INFO - Started process (PID=372) to work on /home/airflow/.local/lib/python3.12/site-packages/airflow/example_dags/example_python_operator.py
[2026-08-08T18:15:12.819+0000] {processor.py:914} INFO - Processing file /home/airflow/.local/lib/python3.12/site-packages/airflow/example_dags/example_python_operator.py for tasks to queue
[2026-08-08T18:15:12.823+0000] {logging_mixin.py:190} INFO - [2026-08-08T18:15:12.822+0000] {dagbag.py:587} INFO - Filling up the DagBag from /home/airflow/.local/lib/python3.12/site-packages/airflow/example_dags/example_python_operator.py
[2026-08-08T18:15:12.843+0000] {processor.py:925} INFO - DAG(s) 'example_python_operator' retrieved from /home/airflow/.local/lib/python3.12/site-packages/airflow/example_dags/example_python_operator.py
[2026-08-08T18:15:12.887+0000] {logging_mixin.py:190} INFO - [2026-08-08T18:15:12.887+0000] {dag.py:3211} INFO - Sync 1 DAGs
[2026-08-08T18:15:12.907+0000] {logging_mixin.py:190} INFO - [2026-08-08T18:15:12.907+0000] {dag.py:4138} INFO - Setting next_dagrun for example_python_operator to None, run_after=None
[2026-08-08T18:15:12.937+0000] {processor.py:208} INFO - Processing /home/airflow/.local/lib/python3.12/site-packages/airflow/example_dags/example_python_operator.py took 0.128 seconds
[2026-08-08T18:15:43.647+0000] {processor.py:186} INFO - Started process (PID=435) to work on /home/airflow/.local/lib/python3.12/site-packages/airflow/example_dags/example_python_operator.py
[2026-08-08T18:15:43.649+0000] {processor.py:914} INFO - Processing file /home/airflow/.local/lib/python3.12/site-packages/airflow/example_dags/example_python_operator.py for tasks to queue
[2026-08-08T18:15:43.653+0000] {logging_mixin.py:190} INFO - [2026-08-08T18:15:43.652+0000] {dagbag.py:587} INFO - Filling up the DagBag from /home/airflow/.local/lib/python3.12/site-packages/airflow/example_dags/example_python_operator.py
[2026-08-08T18:15:43.667+0000] {processor.py:925} INFO - DAG(s) 'example_python_operator' retrieved from /home/airflow/.local/lib/python3.12/site-packages/airflow/example_dags/example_python_operator.py
[2026-08-08T18:15:43.695+0000] {logging_mixin.py:190} INFO - [2026-08-08T18:15:43.695+0000] {dag.py:3211} INFO - Sync 1 DAGs
[2026-08-08T18:15:43.716+0000] {logging_mixin.py:190} INFO - [2026-08-08T18:15:43.716+0000] {dag.py:4138} INFO - Setting next_dagrun for example_python_operator to None, run_after=None
[2026-08-08T18:15:43.746+0000] {processor.py:208} INFO - Processing /home/airflow/.local/lib/python3.12/site-packages/airflow/example_dags/example_python_operator.py took 0.106 seconds
[2026-08-08T18:17:14.346+0000] {processor.py:186} INFO - Started process (PID=133) to work on /home/airflow/.local/lib/python3.12/site-packages/airflow/example_dags/example_python_operator.py
[2026-08-08T18:17:14.351+0000] {processor.py:914} INFO - Processing file /home/airflow/.local/lib/python3.12/site-packages/airflow/example_dags/example_python_operator.py for tasks to queue
[2026-08-08T18:17:14.357+0000] {logging_mixin.py:190} INFO - [2026-08-08T18:17:14.357+0000] {dagbag.py:587} INFO - Filling up the DagBag from /home/airflow/.local/lib/python3.12/site-packages/airflow/example_dags/example_python_operator.py
[2026-08-08T18:17:14.373+0000] {processor.py:925} INFO - DAG(s) 'example_python_operator' retrieved from /home/airflow/.local/lib/python3.12/site-packages/airflow/example_dags/example_python_operator.py
[2026-08-08T18:17:14.513+0000] {logging_mixin.py:190} INFO - [2026-08-08T18:17:14.512+0000] {dag.py:3211} INFO - Sync 1 DAGs
[2026-08-08T18:17:14.527+0000] {logging_mixin.py:190} INFO - [2026-08-08T18:17:14.527+0000] {dag.py:4138} INFO - Setting next_dagrun for example_python_operator to None, run_after=None
[2026-08-08T18:17:14.554+0000] {processor.py:208} INFO - Processing /home/airflow/.local/lib/python3.12/site-packages/airflow/example_dags/example_python_operator.py took 0.214 seconds
[2026-08-08T18:17:44.793+0000] {processor.py:186} INFO - Started process (PID=196) to work on /home/airflow/.local/lib/python3.12/site-packages/airflow/example_dags/example_python_operator.py
[2026-08-08T18:17:44.795+0000] {processor.py:914} INFO - Processing file /home/airflow/.local/lib/python3.12/site-packages/airflow/example_dags/example_python_operator.py for tasks to queue
[2026-08-08T18:17:44.800+0000] {logging_mixin.py:190} INFO - [2026-08-08T18:17:44.799+0000] {dagbag.py:587} INFO - Filling up the DagBag from /home/airflow/.local/lib/python3.12/site-packages/airflow/example_dags/example_python_operator.py
[2026-08-08T18:17:44.818+0000] {processor.py:925} INFO - DAG(s) 'example_python_operator' retrieved from /home/airflow/.local/lib/python3.12/site-packages/airflow/example_dags/example_python_operator.py
[2026-08-08T18:17:44.843+0000] {logging_mixin.py:190} INFO - [2026-08-08T18:17:44.843+0000] {dag.py:3211} INFO - Sync 1 DAGs
[2026-08-08T18:17:44.860+0000] {logging_mixin.py:190} INFO - [2026-08-08T18:17:44.860+0000] {dag.py:4138} INFO - Setting next_dagrun for example_python_operator to None, run_after=None
[2026-08-08T18:17:44.886+0000] {processor.py:208} INFO - Processing /home/airflow/.local/lib/python3.12/site-packages/airflow/example_dags/example_python_operator.py took 0.100 seconds
[2026-08-08T18:18:15.641+0000] {processor.py:186} INFO - Started process (PID=259) to work on /home/airflow/.local/lib/python3.12/site-packages/airflow/example_dags/example_python_operator.py
[2026-08-08T18:18:15.642+0000] {processor.py:914} INFO - Processing file /home/airflow/.local/lib/python3.12/site-packages/airflow/example_dags/example_python_operator.py for tasks to queue
[2026-08-08T18:18:15.646+0000] {logging_mixin.py:190} INFO - [2026-08-08T18:18:15.645+0000] {dagbag.py:587} INFO - Filling up the DagBag from /home/airflow/.local/lib/python3.12/site-packages/airflow/example_dags/example_python_operator.py
[2026-08-08T18:18:15.660+0000] {processor.py:925} INFO - DAG(s) 'example_python_operator' retrieved from /home/airflow/.local/lib/python3.12/site-packages/airflow/example_dags/example_python_operator.py
[2026-08-08T18:18:15.681+0000] {logging_mixin.py:190} INFO - [2026-08-08T18:18:15.681+0000] {dag.py:3211} INFO - Sync 1 DAGs
[2026-08-08T18:18:15.693+0000] {logging_mixin.py:190} INFO - [2026-08-08T18:18:15.693+0000] {dag.py:4138} INFO - Setting next_dagrun for example_python_operator to None, run_after=None
[2026-08-08T18:18:15.715+0000] {processor.py:208} INFO - Processing /home/airflow/.local/lib/python3.12/site-packages/airflow/example_dags/example_python_operator.py took 0.082 seconds
[2026-08-08T18:18:46.038+0000] {processor.py:186} INFO - Started process (PID=322) to work on /home/airflow/.local/lib/python3.12/site-packages/airflow/example_dags/example_python_operator.py
[2026-08-08T18:18:46.039+0000] {processor.py:914} INFO - Processing file /home/airflow/.local/lib/python3.12/site-packages/airflow/example_dags/example_python_operator.py for tasks to queue
[2026-08-08T18:18:46.042+0000] {logging_mixin.py:190} INFO - [2026-08-08T18:18:46.042+0000] {dagbag.py:587} INFO - Filling up the DagBag from /home/airflow/.local/lib/python3.12/site-packages/airflow/example_dags/example_python_operator.py
[2026-08-08T18:18:46.058+0000] {processor.py:925} INFO - DAG(s) 'example_python_operator' retrieved from /home/airflow/.local/lib/python3.12/site-packages/airflow/example_dags/example_python_operator.py
[2026-08-08T18:18:46.083+0000] {logging_mixin.py:190} INFO - [2026-08-08T18:18:46.083+0000] {dag.py:3211} INFO - Sync 1 DAGs
[2026-08-08T18:18:46.096+0000] {logging_mixin.py:190} INFO - [2026-08-08T18:18:46.095+0000] {dag.py:4138} INFO - Setting next_dagrun for example_python_operator to None, run_after=None
[2026-08-08T18:18:46.118+0000] {processor.py:208} INFO - Processing /home/airflow/.local/lib/python3.12/site-packages/airflow/example_dags/example_python_operator.py took 0.086 seconds
[2026-08-08T18:19:16.611+0000] {processor.py:186} INFO - Started process (PID=385) to work on /home/airflow/.local/lib/python3.12/site-packages/airflow/example_dags/example_python_operator.py
[2026-08-08T18:19:16.612+0000] {processor.py:914} INFO - Processing file /home/airflow/.local/lib/python3.12/site-packages/airflow/example_dags/example_python_operator.py for tasks to queue
[2026-08-08T18:19:16.615+0000] {logging_mixin.py:190} INFO - [2026-08-08T18:19:16.615+0000] {dagbag.py:587} INFO - Filling up the DagBag from /home/airflow/.local/lib/python3.12/site-packages/airflow/example_dags/example_python_operator.py
[2026-08-08T18:19:16.630+0000] {processor.py:925} INFO - DAG(s) 'example_python_operator' retrieved from /home/airflow/.local/lib/python3.12/site-packages/airflow/example_dags/example_python_operator.py
[2026-08-08T18:19:16.661+0000] {logging_mixin.py:190} INFO - [2026-08-08T18:19:16.660+0000] {dag.py:3211} INFO - Sync 1 DAGs
[2026-08-08T18:19:16.678+0000] {logging_mixin.py:190} INFO - [2026-08-08T18:19:16.677+0000] {dag.py:4138} INFO - Setting next_dagrun for example_python_operator to None, run_after=None
[2026-08-08T18:19:16.702+0000] {processor.py:208} INFO - Processing /home/airflow/.local/lib/python3.12/site-packages/airflow/example_dags/example_python_operator.py took 0.098 seconds
[2026-08-08T18:24:04.204+0000] {processor.py:186} INFO - Started process (PID=448) to work on /home/airflow/.local/lib/python3.12/site-packages/airflow/example_dags/example_python_operator.py
[2026-08-08T18:24:04.205+0000] {processor.py:914} INFO - Processing file /home/airflow/.local/lib/python3.12/site-packages/airflow/example_dags/example_python_operator.py for tasks to queue
[2026-08-08T18:24:04.207+0000] {logging_mixin.py:190} INFO - [2026-08-08T18:24:04.207+0000] {dagbag.py:587} INFO - Filling up the DagBag from /home/airflow/.local/lib/python3.12/site-packages/airflow/example_dags/example_python_operator.py
[2026-08-08T18:24:04.217+0000] {processor.py:925} INFO - DAG(s) 'example_python_operator' retrieved from /home/airflow/.local/lib/python3.12/site-packages/airflow/example_dags/example_python_operator.py
[2026-08-08T18:24:04.239+0000] {logging_mixin.py:190} INFO - [2026-08-08T18:24:04.238+0000] {dag.py:3211} INFO - Sync 1 DAGs
[2026-08-08T18:24:04.252+0000] {logging_mixin.py:190} INFO - [2026-08-08T18:24:04.252+0000] {dag.py:4138} INFO - Setting next_dagrun for example_python_operator to None, run_after=None
[2026-08-08T18:24:04.282+0000] {processor.py:208} INFO - Processing /home/airflow/.local/lib/python3.12/site-packages/airflow/example_dags/example_python_operator.py took 0.084 seconds
[2026-08-08T18:24:34.869+0000] {processor.py:186} INFO - Started process (PID=511) to work on /home/airflow/.local/lib/python3.12/site-packages/airflow/example_dags/example_python_operator.py
[2026-08-08T18:24:34.871+0000] {processor.py:914} INFO - Processing file /home/airflow/.local/lib/python3.12/site-packages/airflow/example_dags/example_python_operator.py for tasks to queue
[2026-08-08T18:24:34.874+0000] {logging_mixin.py:190} INFO - [2026-08-08T18:24:34.874+0000] {dagbag.py:587} INFO - Filling up the DagBag from /home/airflow/.local/lib/python3.12/site-packages/airflow/example_dags/example_python_operator.py
[2026-08-08T18:24:34.890+0000] {processor.py:925} INFO - DAG(s) 'example_python_operator' retrieved from /home/airflow/.local/lib/python3.12/site-packages/airflow/example_dags/example_python_operator.py
[2026-08-08T18:24:34.919+0000] {logging_mixin.py:190} INFO - [2026-08-08T18:24:34.919+0000] {dag.py:3211} INFO - Sync 1 DAGs
[2026-08-08T18:24:34.936+0000] {logging_mixin.py:190} INFO - [2026-08-08T18:24:34.936+0000] {dag.py:4138} INFO - Setting next_dagrun for example_python_operator to None, run_after=None
[2026-08-08T18:24:34.965+0000] {processor.py:208} INFO - Processing /home/airflow/.local/lib/python3.12/site-packages/airflow/example_dags/example_python_operator.py took 0.103 seconds
[2026-08-08T18:25:05.329+0000] {processor.py:186} INFO - Started process (PID=574) to work on /home/airflow/.local/lib/python3.12/site-packages/airflow/example_dags/example_python_operator.py
[2026-08-08T18:25:05.331+0000] {processor.py:914} INFO - Processing file /home/airflow/.local/lib/python3.12/site-packages/airflow/example_dags/example_python_operator.py for tasks to queue
[2026-08-08T18:25:05.334+0000] {logging_mixin.py:190} INFO - [2026-08-08T18:25:05.333+0000] {dagbag.py:587} INFO - Filling up the DagBag from /home/airflow/.local/lib/python3.12/site-packages/airflow/example_dags/example_python_operator.py
[2026-08-08T18:25:05.348+0000] {processor.py:925} INFO - DAG(s) 'example_python_operator' retrieved from /home/airflow/.local/lib/python3.12/site-packages/airflow/example_dags/example_python_operator.py
[2026-08-08T18:25:05.377+0000] {logging_mixin.py:190} INFO - [2026-08-08T18:25:05.376+0000] {dag.py:3211} INFO - Sync 1 DAGs
[2026-08-08T18:25:05.394+0000] {logging_mixin.py:190} INFO - [2026-08-08T18:25:05.394+0000] {dag.py:4138} INFO - Setting next_dagrun for example_python_operator to None, run_after=None
[2026-08-08T18:25:05.416+0000] {processor.py:208} INFO - Processing /home/airflow/.local/lib/python3.12/site-packages/airflow/example_dags/example_python_operator.py took 0.094 seconds
[2026-08-08T18:25:35.493+0000] {processor.py:186} INFO - Started process (PID=636) to work on /home/airflow/.local/lib/python3.12/site-packages/airflow/example_dags/example_python_operator.py
[2026-08-08T18:25:35.494+0000] {processor.py:914} INFO - Processing file /home/airflow/.local/lib/python3.12/site-packages/airflow/example_dags/example_python_operator.py for tasks to queue
[2026-08-08T18:25:35.496+0000] {logging_mixin.py:190} INFO - [2026-08-08T18:25:35.496+0000] {dagbag.py:587} INFO - Filling up the DagBag from /home/airflow/.local/lib/python3.12/site-packages/airflow/example_dags/example_python_operator.py
[2026-08-08T18:25:35.507+0000] {processor.py:925} INFO - DAG(s) 'example_python_operator' retrieved from /home/airflow/.local/lib/python3.12/site-packages/airflow/example_dags/example_python_operator.py
[2026-08-08T18:25:35.529+0000] {logging_mixin.py:190} INFO - [2026-08-08T18:25:35.528+0000] {dag.py:3211} INFO - Sync 1 DAGs
[2026-08-08T18:25:35.544+0000] {logging_mixin.py:190} INFO - [2026-08-08T18:25:35.544+0000] {dag.py:4138} INFO - Setting next_dagrun for example_python_operator to None, run_after=None
[2026-08-08T18:25:35.567+0000] {processor.py:208} INFO - Processing /home/airflow/.local/lib/python3.12/site-packages/airflow/example_dags/example_python_operator.py took 0.079 seconds
[2026-08-08T18:26:06.280+0000] {processor.py:186} INFO - Started process (PID=701) to work on /home/airflow/.local/lib/python3.12/site-packages/airflow/example_dags/example_python_operator.py
[2026-08-08T18:26:06.282+0000] {processor.py:914} INFO - Processing file /home/airflow/.local/lib/python3.12/site-packages/airflow/example_dags/example_python_operator.py for tasks to queue
[2026-08-08T18:26:06.286+0000] {logging_mixin.py:190} INFO - [2026-08-08T18:26:06.285+0000] {dagbag.py:587} INFO - Filling up the DagBag from /home/airflow/.local/lib/python3.12/site-packages/airflow/example_dags/example_python_operator.py
[2026-08-08T18:26:06.299+0000] {processor.py:925} INFO - DAG(s) 'example_python_operator' retrieved from /home/airflow/.local/lib/python3.12/site-packages/airflow/example_dags/example_python_operator.py
[2026-08-08T18:26:06.324+0000] {logging_mixin.py:190} INFO - [2026-08-08T18:26:06.324+0000] {dag.py:3211} INFO - Sync 1 DAGs
[2026-08-08T18:26:06.340+0000] {logging_mixin.py:190} INFO - [2026-08-08T18:26:06.340+0000] {dag.py:4138} INFO - Setting next_dagrun for example_python_operator to None, run_after=None
[2026-08-08T18:26:06.360+0000] {processor.py:208} INFO - Processing /home/airflow/.local/lib/python3.12/site-packages/airflow/example_dags/example_python_operator.py took 0.087 seconds
[2026-08-08T18:26:37.052+0000] {processor.py:186} INFO - Started process (PID=764) to work on /home/airflow/.local/lib/python3.12/site-packages/airflow/example_dags/example_python_operator.py
[2026-08-08T18:26:37.054+0000] {processor.py:914} INFO - Processing file /home/airflow/.local/lib/python3.12/site-packages/airflow/example_dags/example_python_operator.py for tasks to queue
[2026-08-08T18:26:37.057+0000] {logging_mixin.py:190} INFO - [2026-08-08T18:26:37.057+0000] {dagbag.py:587} INFO - Filling up the DagBag from /home/airflow/.local/lib/python3.12/site-packages/airflow/example_dags/example_python_operator.py
[2026-08-08T18:26:37.070+0000] {processor.py:925} INFO - DAG(s) 'example_python_operator' retrieved from /home/airflow/.local/lib/python3.12/site-packages/airflow/example_dags/example_python_operator.py
[2026-08-08T18:26:37.093+0000] {logging_mixin.py:190} INFO - [2026-08-08T18:26:37.092+0000] {dag.py:3211} INFO - Sync 1 DAGs
[2026-08-08T18:26:37.107+0000] {logging_mixin.py:190} INFO - [2026-08-08T18:26:37.106+0000] {dag.py:4138} INFO - Setting next_dagrun for example_python_operator to None, run_after=None
[2026-08-08T18:26:37.126+0000] {processor.py:208} INFO - Processing /home/airflow/.local/lib/python3.12/site-packages/airflow/example_dags/example_python_operator.py took 0.079 seconds
