[2026-08-08T17:25:12.316+0000] {processor.py:186} INFO - Started process (PID=103) to work on /home/airflow/.local/lib/python3.12/site-packages/airflow/example_dags/example_sensor_decorator.py
[2026-08-08T17:25:12.318+0000] {processor.py:914} INFO - Processing file /home/airflow/.local/lib/python3.12/site-packages/airflow/example_dags/example_sensor_decorator.py for tasks to queue
[2026-08-08T17:25:12.321+0000] {logging_mixin.py:190} INFO - [2026-08-08T17:25:12.321+0000] {dagbag.py:587} INFO - Filling up the DagBag from /home/airflow/.local/lib/python3.12/site-packages/airflow/example_dags/example_sensor_decorator.py
[2026-08-08T17:25:12.332+0000] {processor.py:925} INFO - DAG(s) 'example_sensor_decorator' retrieved from /home/airflow/.local/lib/python3.12/site-packages/airflow/example_dags/example_sensor_decorator.py
[2026-08-08T17:25:12.445+0000] {logging_mixin.py:190} INFO - [2026-08-08T17:25:12.444+0000] {override.py:1858} INFO - Created Permission View: can delete on DAG:example_sensor_decorator
[2026-08-08T17:25:12.458+0000] {logging_mixin.py:190} INFO - [2026-08-08T17:25:12.458+0000] {override.py:1858} INFO - Created Permission View: can edit on DAG:example_sensor_decorator
[2026-08-08T17:25:12.466+0000] {logging_mixin.py:190} INFO - [2026-08-08T17:25:12.466+0000] {override.py:1858} INFO - Created Permission View: can read on DAG:example_sensor_decorator
[2026-08-08T17:25:12.467+0000] {logging_mixin.py:190} INFO - [2026-08-08T17:25:12.467+0000] {dag.py:3211} INFO - Sync 1 DAGs
[2026-08-08T17:25:12.480+0000] {logging_mixin.py:190} INFO - [2026-08-08T17:25:12.480+0000] {dag.py:3234} INFO - Creating ORM DAG for example_sensor_decorator
[2026-08-08T17:25:12.481+0000] {logging_mixin.py:190} INFO - [2026-08-08T17:25:12.481+0000] {dag.py:4138} INFO - Setting next_dagrun for example_sensor_decorator to None, run_after=None
[2026-08-08T17:25:12.499+0000] {processor.py:208} INFO - Processing /home/airflow/.local/lib/python3.12/site-packages/airflow/example_dags/example_sensor_decorator.py took 0.190 seconds
[2026-08-08T17:25:43.351+0000] {processor.py:186} INFO - Started process (PID=166) to work on /home/airflow/.local/lib/python3.12/site-packages/airflow/example_dags/example_sensor_decorator.py
[2026-08-08T17:25:43.353+0000] {processor.py:914} INFO - Processing file /home/airflow/.local/lib/python3.12/site-packages/airflow/example_dags/example_sensor_decorator.py for tasks to queue
[2026-08-08T17:25:43.357+0000] {logging_mixin.py:190} INFO - [2026-08-08T17:25:43.356+0000] {dagbag.py:587} INFO - Filling up the DagBag from /home/airflow/.local/lib/python3.12/site-packages/airflow/example_dags/example_sensor_decorator.py
[2026-08-08T17:25:43.366+0000] {processor.py:925} INFO - DAG(s) 'example_sensor_decorator' retrieved from /home/airflow/.local/lib/python3.12/site-packages/airflow/example_dags/example_sensor_decorator.py
[2026-08-08T17:25:43.393+0000] {logging_mixin.py:190} INFO - [2026-08-08T17:25:43.392+0000] {dag.py:3211} INFO - Sync 1 DAGs
[2026-08-08T17:25:43.409+0000] {logging_mixin.py:190} INFO - [2026-08-08T17:25:43.408+0000] {dag.py:4138} INFO - Setting next_dagrun for example_sensor_decorator to None, run_after=None
[2026-08-08T17:25:43.431+0000] {processor.py:208} INFO - Processing /home/airflow/.local/lib/python3.12/site-packages/airflow/example_dags/example_sensor_decorator.py took 0.088 seconds
[2026-08-08T17:26:14.023+0000] {processor.py:186} INFO - Started process (PID=229) to work on /home/airflow/.local/lib/python3.12/site-packages/airflow/example_dags/example_sensor_decorator.py
[2026-08-08T17:26:14.025+0000] {processor.py:914} INFO - Processing file /home/airflow/.local/lib/python3.12/site-packages/airflow/example_dags/example_sensor_decorator.py for tasks to queue
[2026-08-08T17:26:14.030+0000] {logging_mixin.py:190} INFO - [2026-08-08T17:26:14.029+0000] {dagbag.py:587} INFO - Filling up the DagBag from /home/airflow/.local/lib/python3.12/site-packages/airflow/example_dags/example_sensor_decorator.py
[2026-08-08T17:26:14.041+0000] {processor.py:925} INFO - DAG(s) 'example_sensor_decorator' retrieved from /home/airflow/.local/lib/python3.12/site-packages/airflow/example_dags/example_sensor_decorator.py
[2026-08-08T17:26:14.070+0000] {logging_mixin.py:190} INFO - [2026-08-08T17:26:14.070+0000] {dag.py:3211} INFO - Sync 1 DAGs
[2026-08-08T17:26:14.089+0000] {logging_mixin.py:190} INFO - [2026-08-08T17:26:14.089+0000] {dag.py:4138} INFO - Setting next_dagrun for example_sensor_decorator to None, run_after=None
[2026-08-08T17:26:14.116+0000] {processor.py:208} INFO - Processing /home/airflow/.local/lib/python3.12/site-packages/airflow/example_dags/example_sensor_decorator.py took 0.107 seconds
[2026-08-08T17:26:44.187+0000] {processor.py:186} INFO - Started process (PID=292) to work on /home/airflow/.local/lib/python3.12/site-packages/airflow/example_dags/example_sensor_decorator.py
[2026-08-08T17:26:44.188+0000] {processor.py:914} INFO - Processing file /home/airflow/.local/lib/python3.12/site-packages/airflow/example_dags/example_sensor_decorator.py for tasks to queue
[2026-08-08T17:26:44.192+0000] {logging_mixin.py:190} INFO - [2026-08-08T17:26:44.191+0000] {dagbag.py:587} INFO - Filling up the DagBag from /home/airflow/.local/lib/python3.12/site-packages/airflow/example_dags/example_sensor_decorator.py
[2026-08-08T17:26:44.199+0000] {processor.py:925} INFO - DAG(s) 'example_sensor_decorator' retrieved from /home/airflow/.local/lib/python3.12/site-packages/airflow/example_dags/example_sensor_decorator.py
[2026-08-08T17:26:44.221+0000] {logging_mixin.py:190} INFO - [2026-08-08T17:26:44.220+0000] {dag.py:3211} INFO - Sync 1 DAGs
[2026-08-08T17:26:44.238+0000] {logging_mixin.py:190} INFO - [2026-08-08T17:26:44.238+0000] {dag.py:4138} INFO - Setting next_dagrun for example_sensor_decorator to None, run_after=None
[2026-08-08T17:26:44.271+0000] {processor.py:208} INFO - Processing /home/airflow/.local/lib/python3.12/site-packages/airflow/example_dags/example_sensor_decorator.py took 0.091 seconds
[2026-08-08T17:27:14.572+0000] {processor.py:186} INFO - Started process (PID=355) to work on /home/airflow/.local/lib/python3.12/site-packages/airflow/example_dags/example_sensor_decorator.py
[2026-08-08T17:27:14.574+0000] {processor.py:914} INFO - Processing file /home/airflow/.local/lib/python3.12/site-packages/airflow/example_dags/example_sensor_decorator.py for tasks to queue
[2026-08-08T17:27:14.577+0000] {logging_mixin.py:190} INFO - [2026-08-08T17:27:14.577+0000] {dagbag.py:587} INFO - Filling up the DagBag from /home/airflow/.local/lib/python3.12/site-packages/airflow/example_dags/example_sensor_decorator.py
[2026-08-08T17:27:14.584+0000] {processor.py:925} INFO - DAG(s) 'example_sensor_decorator' retrieved from /home/airflow/.local/lib/python3.12/site-packages/airflow/example_dags/example_sensor_decorator.py
[2026-08-08T17:27:14.606+0000] {logging_mixin.py:190} INFO - [2026-08-08T17:27:14.606+0000] {dag.py:3211} INFO - Sync 1 DAGs
[2026-08-08T17:27:14.618+0000] {logging_mixin.py:190} INFO - [2026-08-08T17:27:14.618+0000] {dag.py:4138} INFO - Setting next_dagrun for example_sensor_decorator to None, run_after=None
[2026-08-08T17:27:14.637+0000] {processor.py:208} INFO - Processing /home/airflow/.local/lib/python3.12/site-packages/airflow/example_dags/example_sensor_decorator.py took 0.070 seconds
[2026-08-08T17:27:45.076+0000] {processor.py:186} INFO - Started process (PID=418) to work on /home/airflow/.local/lib/python3.12/site-packages/airflow/example_dags/example_sensor_decorator.py
[2026-08-08T17:27:45.077+0000] {processor.py:914} INFO - Processing file /home/airflow/.local/lib/python3.12/site-packages/airflow/example_dags/example_sensor_decorator.py for tasks to queue
[2026-08-08T17:27:45.080+0000] {logging_mixin.py:190} INFO - [2026-08-08T17:27:45.079+0000] {dagbag.py:587} INFO - Filling up the DagBag from /home/airflow/.local/lib/python3.12/site-packages/airflow/example_dags/example_sensor_decorator.py
[2026-08-08T17:27:45.087+0000] {processor.py:925} INFO - DAG(s) 'example_sensor_decorator' retrieved from /home/airflow/.local/lib/python3.12/site-packages/airflow/example_dags/example_sensor_decorator.py
[2026-08-08T17:27:45.111+0000] {logging_mixin.py:190} INFO - [2026-08-08T17:27:45.111+0000] {dag.py:3211} INFO - Sync 1 DAGs
[2026-08-08T17:27:45.127+0000] {logging_mixin.py:190} INFO - [2026-08-08T17:27:45.127+0000] {dag.py:4138} INFO - Setting next_dagrun for example_sensor_decorator to None, run_after=None
[2026-08-08T17:27:45.149+0000] {processor.py:208} INFO - Processing /home/airflow/.local/lib/python3.12/site-packages/airflow/example_dags/example_sensor_decorator.py took 0.079 seconds
[2026-08-08T17:28:15.614+0000] {processor.py:186} INFO - Started process (PID=481) to work on /home/airflow/.local/lib/python3.12/site-packages/airflow/example_dags/example_sensor_decorator.py
[2026-08-08T17:28:15.616+0000] {processor.py:914} INFO - Processing file /home/airflow/.local/lib/python3.12/site-packages/airflow/example_dags/example_sensor_decorator.py for tasks to queue
[2026-08-08T17:28:15.618+0000] {logging_mixin.py:190} INFO - [2026-08-08T17:28:15.618+0000] {dagbag.py:587} INFO - Filling up the DagBag from /home/airflow/.local/lib/python3.12/site-packages/airflow/example_dags/example_sensor_decorator.py
[2026-08-08T17:28:15.625+0000] {processor.py:925} INFO - DAG(s) 'example_sensor_decorator' retrieved from /home/airflow/.local/lib/python3.12/site-packages/airflow/example_dags/example_sensor_decorator.py
[2026-08-08T17:28:15.644+0000] {logging_mixin.py:190} INFO - [2026-08-08T17:28:15.644+0000] {dag.py:3211} INFO - Sync 1 DAGs
[2026-08-08T17:28:15.655+0000] {logging_mixin.py:190} INFO - [2026-08-08T17:28:15.655+0000] {dag.py:4138} INFO - Setting next_dagrun for example_sensor_decorator to None, run_after=None
[2026-08-08T17:28:15.676+0000] {processor.py:208} INFO - Processing /home/airflow/.local/lib/python3.12/site-packages/airflow/example_dags/example_sensor_decorator.py took 0.067 seconds
[2026-08-08T17:28:45.757+0000] {processor.py:186} INFO - Started process (PID=544) to work on /home/airflow/.local/lib/python3.12/site-packages/airflow/example_dags/example_sensor_decorator.py
[2026-08-08T17:28:45.758+0000] {processor.py:914} INFO - Processing file /home/airflow/.local/lib/python3.12/site-packages/airflow/example_dags/example_sensor_decorator.py for tasks to queue
[2026-08-08T17:28:45.762+0000] {logging_mixin.py:190} INFO - [2026-08-08T17:28:45.762+0000] {dagbag.py:587} INFO - Filling up the DagBag from /home/airflow/.local/lib/python3.12/site-packages/airflow/example_dags/example_sensor_decorator.py
[2026-08-08T17:28:45.781+0000] {processor.py:925} INFO - DAG(s) 'example_sensor_decorator' retrieved from /home/airflow/.local/lib/python3.12/site-packages/airflow/example_dags/example_sensor_decorator.py
[2026-08-08T17:28:45.834+0000] {logging_mixin.py:190} INFO - [2026-08-08T17:28:45.833+0000] {dag.py:3211} INFO - Sync 1 DAGs
[2026-08-08T17:28:45.853+0000] {logging_mixin.py:190} INFO - [2026-08-08T17:28:45.852+0000] {dag.py:4138} INFO - Setting next_dagrun for example_sensor_decorator to None, run_after=None
[2026-08-08T17:28:45.884+0000] {processor.py:208} INFO - Processing /home/airflow/.local/lib/python3.12/site-packages/airflow/example_dags/example_sensor_decorator.py took 0.134 seconds
[2026-08-08T17:29:16.686+0000] {processor.py:186} INFO - Started process (PID=607) to work on /home/airflow/.local/lib/python3.12/site-packages/airflow/example_dags/example_sensor_decorator.py
[2026-08-08T17:29:16.687+0000] {processor.py:914} INFO - Processing file /home/airflow/.local/lib/python3.12/site-packages/airflow/example_dags/example_sensor_decorator.py for tasks to queue
[2026-08-08T17:29:16.690+0000] {logging_mixin.py:190} INFO - [2026-08-08T17:29:16.690+0000] {dagbag.py:587} INFO - Filling up the DagBag from /home/airflow/.local/lib/python3.12/site-packages/airflow/example_dags/example_sensor_decorator.py
[2026-08-08T17:29:16.698+0000] {processor.py:925} INFO - DAG(s) 'example_sensor_decorator' retrieved from /home/airflow/.local/lib/python3.12/site-packages/airflow/example_dags/example_sensor_decorator.py
[2026-08-08T17:29:16.721+0000] {logging_mixin.py:190} INFO - [2026-08-08T17:29:16.721+0000] {dag.py:3211} INFO - Sync 1 DAGs
[2026-08-08T17:29:16.737+0000] {logging_mixin.py:190} INFO - [2026-08-08T17:29:16.737+0000] {dag.py:4138} INFO - Setting next_dagrun for example_sensor_decorator to None, run_after=None
[2026-08-08T17:29:16.762+0000] {processor.py:208} INFO - Processing /home/airflow/.local/lib/python3.12/site-packages/airflow/example_dags/example_sensor_decorator.py took 0.082 seconds
[2026-08-08T17:29:46.939+0000] {processor.py:186} INFO - Started process (PID=670) to work on /home/airflow/.local/lib/python3.12/site-packages/airflow/example_dags/example_sensor_decorator.py
[2026-08-08T17:29:46.940+0000] {processor.py:914} INFO - Processing file /home/airflow/.local/lib/python3.12/site-packages/airflow/example_dags/example_sensor_decorator.py for tasks to queue
[2026-08-08T17:29:46.943+0000] {logging_mixin.py:190} INFO - [2026-08-08T17:29:46.942+0000] {dagbag.py:587} INFO - Filling up the DagBag from /home/airflow/.local/lib/python3.12/site-packages/airflow/example_dags/example_sensor_decorator.py
[2026-08-08T17:29:46.952+0000] {processor.py:925} INFO - DAG(s) 'example_sensor_decorator' retrieved from /home/airflow/.local/lib/python3.12/site-packages/airflow/example_dags/example_sensor_decorator.py
[2026-08-08T17:29:46.971+0000] {logging_mixin.py:190} INFO - [2026-08-08T17:29:46.970+0000] {dag.py:3211} INFO - Sync 1 DAGs
[2026-08-08T17:29:46.982+0000] {logging_mixin.py:190} INFO - [2026-08-08T17:29:46.982+0000] {dag.py:4138} INFO - Setting next_dagrun for example_sensor_decorator to None, run_after=None
[2026-08-08T17:29:46.999+0000] {processor.py:208} INFO - Processing /home/airflow/.local/lib/python3.12/site-packages/airflow/example_dags/example_sensor_decorator.py took 0.066 seconds
[2026-08-08T17:30:17.812+0000] {processor.py:186} INFO - Started process (PID=733) to work on /home/airflow/.local/lib/python3.12/site-packages/airflow/example_dags/example_sensor_decorator.py
[2026-08-08T17:30:17.813+0000] {processor.py:914} INFO - Processing file /home/airflow/.local/lib/python3.12/site-packages/airflow/example_dags/example_sensor_decorator.py for tasks to queue
[2026-08-08T17:30:17.816+0000] {logging_mixin.py:190} INFO - [2026-08-08T17:30:17.816+0000] {dagbag.py:587} INFO - Filling up the DagBag from /home/airflow/.local/lib/python3.12/site-packages/airflow/example_dags/example_sensor_decorator.py
[2026-08-08T17:30:17.827+0000] {processor.py:925} INFO - DAG(s) 'example_sensor_decorator' retrieved from /home/airflow/.local/lib/python3.12/site-packages/airflow/example_dags/example_sensor_decorator.py
[2026-08-08T17:30:17.849+0000] {logging_mixin.py:190} INFO - [2026-08-08T17:30:17.849+0000] {dag.py:3211} INFO - Sync 1 DAGs
[2026-08-08T17:30:17.862+0000] {logging_mixin.py:190} INFO - [2026-08-08T17:30:17.862+0000] {dag.py:4138} INFO - Setting next_dagrun for example_sensor_decorator to None, run_after=None
[2026-08-08T17:30:17.883+0000] {processor.py:208} INFO - Processing /home/airflow/.local/lib/python3.12/site-packages/airflow/example_dags/example_sensor_decorator.py took 0.079 seconds
[2026-08-08T17:30:48.177+0000] {processor.py:186} INFO - Started process (PID=796) to work on /home/airflow/.local/lib/python3.12/site-packages/airflow/example_dags/example_sensor_decorator.py
[2026-08-08T17:30:48.178+0000] {processor.py:914} INFO - Processing file /home/airflow/.local/lib/python3.12/site-packages/airflow/example_dags/example_sensor_decorator.py for tasks to queue
[2026-08-08T17:30:48.181+0000] {logging_mixin.py:190} INFO - [2026-08-08T17:30:48.181+0000] {dagbag.py:587} INFO - Filling up the DagBag from /home/airflow/.local/lib/python3.12/site-packages/airflow/example_dags/example_sensor_decorator.py
[2026-08-08T17:30:48.190+0000] {processor.py:925} INFO - DAG(s) 'example_sensor_decorator' retrieved from /home/airflow/.local/lib/python3.12/site-packages/airflow/example_dags/example_sensor_decorator.py
[2026-08-08T17:30:48.209+0000] {logging_mixin.py:190} INFO - [2026-08-08T17:30:48.209+0000] {dag.py:3211} INFO - Sync 1 DAGs
[2026-08-08T17:30:48.225+0000] {logging_mixin.py:190} INFO - [2026-08-08T17:30:48.225+0000] {dag.py:4138} INFO - Setting next_dagrun for example_sensor_decorator to None, run_after=None
[2026-08-08T17:30:48.244+0000] {processor.py:208} INFO - Processing /home/airflow/.local/lib/python3.12/site-packages/airflow/example_dags/example_sensor_decorator.py took 0.073 seconds
[2026-08-08T17:31:19.375+0000] {processor.py:186} INFO - Started process (PID=859) to work on /home/airflow/.local/lib/python3.12/site-packages/airflow/example_dags/example_sensor_decorator.py
[2026-08-08T17:31:19.377+0000] {processor.py:914} INFO - Processing file /home/airflow/.local/lib/python3.12/site-packages/airflow/example_dags/example_sensor_decorator.py for tasks to queue
[2026-08-08T17:31:19.383+0000] {logging_mixin.py:190} INFO - [2026-08-08T17:31:19.382+0000] {dagbag.py:587} INFO - Filling up the DagBag from /home/airflow/.local/lib/python3.12/site-packages/airflow/example_dags/example_sensor_decorator.py
[2026-08-08T17:31:19.399+0000] {processor.py:925} INFO - DAG(s) 'example_sensor_decorator' retrieved from /home/airflow/.local/lib/python3.12/site-packages/airflow/example_dags/example_sensor_decorator.py
[2026-08-08T17:31:19.437+0000] {logging_mixin.py:190} INFO - [2026-08-08T17:31:19.437+0000] {dag.py:3211} INFO - Sync 1 DAGs
[2026-08-08T17:31:19.460+0000] {logging_mixin.py:190} INFO - [2026-08-08T17:31:19.460+0000] {dag.py:4138} INFO - Setting next_dagrun for example_sensor_decorator to None, run_after=None
[2026-08-08T17:31:19.491+0000] {processor.py:208} INFO - Processing /home/airflow/.local/lib/python3.12/site-packages/airflow/example_dags/example_sensor_decorator.py took 0.129 seconds
[2026-08-08T17:31:49.635+0000] {processor.py:186} INFO - Started process (PID=922) to work on /home/airflow/.local/lib/python3.12/site-packages/airflow/example_dags/example_sensor_decorator.py
[2026-08-08T17:31:49.637+0000] {processor.py:914} INFO - Processing file /home/airflow/.local/lib/python3.12/site-packages/airflow/example_dags/example_sensor_decorator.py for tasks to queue
[2026-08-08T17:31:49.640+0000] {logging_mixin.py:190} INFO - [2026-08-08T17:31:49.639+0000] {dagbag.py:587} INFO - Filling up the DagBag from /home/airflow/.local/lib/python3.12/site-packages/airflow/example_dags/example_sensor_decorator.py
[2026-08-08T17:31:49.648+0000] {processor.py:925} INFO - DAG(s) 'example_sensor_decorator' retrieved from /home/airflow/.local/lib/python3.12/site-packages/airflow/example_dags/example_sensor_decorator.py
[2026-08-08T17:31:49.669+0000] {logging_mixin.py:190} INFO - [2026-08-08T17:31:49.668+0000] {dag.py:3211} INFO - Sync 1 DAGs
[2026-08-08T17:31:49.683+0000] {logging_mixin.py:190} INFO - [2026-08-08T17:31:49.682+0000] {dag.py:4138} INFO - Setting next_dagrun for example_sensor_decorator to None, run_after=None
[2026-08-08T17:31:49.703+0000] {processor.py:208} INFO - Processing /home/airflow/.local/lib/python3.12/site-packages/airflow/example_dags/example_sensor_decorator.py took 0.074 seconds
[2026-08-08T17:32:20.608+0000] {processor.py:186} INFO - Started process (PID=985) to work on /home/airflow/.local/lib/python3.12/site-packages/airflow/example_dags/example_sensor_decorator.py
[2026-08-08T17:32:20.610+0000] {processor.py:914} INFO - Processing file /home/airflow/.local/lib/python3.12/site-packages/airflow/example_dags/example_sensor_decorator.py for tasks to queue
[2026-08-08T17:32:20.614+0000] {logging_mixin.py:190} INFO - [2026-08-08T17:32:20.613+0000] {dagbag.py:587} INFO - Filling up the DagBag from /home/airflow/.local/lib/python3.12/site-packages/airflow/example_dags/example_sensor_decorator.py
[2026-08-08T17:32:20.625+0000] {processor.py:925} INFO - DAG(s) 'example_sensor_decorator' retrieved from /home/airflow/.local/lib/python3.12/site-packages/airflow/example_dags/example_sensor_decorator.py
[2026-08-08T17:32:20.652+0000] {logging_mixin.py:190} INFO - [2026-08-08T17:32:20.651+0000] {dag.py:3211} INFO - Sync 1 DAGs
[2026-08-08T17:32:20.668+0000] {logging_mixin.py:190} INFO - [2026-08-08T17:32:20.667+0000] {dag.py:4138} INFO - Setting next_dagrun for example_sensor_decorator to None, run_after=None
[2026-08-08T17:32:20.695+0000] {processor.py:208} INFO - Processing /home/airflow/.local/lib/python3.12/site-packages/airflow/example_dags/example_sensor_decorator.py took 0.094 seconds
[2026-08-08T17:32:51.092+0000] {processor.py:186} INFO - Started process (PID=1049) to work on /home/airflow/.local/lib/python3.12/site-packages/airflow/example_dags/example_sensor_decorator.py
[2026-08-08T17:32:51.093+0000] {processor.py:914} INFO - Processing file /home/airflow/.local/lib/python3.12/site-packages/airflow/example_dags/example_sensor_decorator.py for tasks to queue
[2026-08-08T17:32:51.097+0000] {logging_mixin.py:190} INFO - [2026-08-08T17:32:51.096+0000] {dagbag.py:587} INFO - Filling up the DagBag from /home/airflow/.local/lib/python3.12/site-packages/airflow/example_dags/example_sensor_decorator.py
[2026-08-08T17:32:51.109+0000] {processor.py:925} INFO - DAG(s) 'example_sensor_decorator' retrieved from /home/airflow/.local/lib/python3.12/site-packages/airflow/example_dags/example_sensor_decorator.py
[2026-08-08T17:32:51.141+0000] {logging_mixin.py:190} INFO - [2026-08-08T17:32:51.140+0000] {dag.py:3211} INFO - Sync 1 DAGs
[2026-08-08T17:32:51.157+0000] {logging_mixin.py:190} INFO - [2026-08-08T17:32:51.157+0000] {dag.py:4138} INFO - Setting next_dagrun for example_sensor_decorator to None, run_after=None
[2026-08-08T17:32:51.184+0000] {processor.py:208} INFO - Processing /home/airflow/.local/lib/python3.12/site-packages/airflow/example_dags/example_sensor_decorator.py took 0.101 seconds
[2026-08-08T17:33:21.762+0000] {processor.py:186} INFO - Started process (PID=1112) to work on /home/airflow/.local/lib/python3.12/site-packages/airflow/example_dags/example_sensor_decorator.py
[2026-08-08T17:33:21.763+0000] {processor.py:914} INFO - Processing file /home/airflow/.local/lib/python3.12/site-packages/airflow/example_dags/example_sensor_decorator.py for tasks to queue
[2026-08-08T17:33:21.767+0000] {logging_mixin.py:190} INFO - [2026-08-08T17:33:21.767+0000] {dagbag.py:587} INFO - Filling up the DagBag from /home/airflow/.local/lib/python3.12/site-packages/airflow/example_dags/example_sensor_decorator.py
[2026-08-08T17:33:21.777+0000] {processor.py:925} INFO - DAG(s) 'example_sensor_decorator' retrieved from /home/airflow/.local/lib/python3.12/site-packages/airflow/example_dags/example_sensor_decorator.py
[2026-08-08T17:33:21.804+0000] {logging_mixin.py:190} INFO - [2026-08-08T17:33:21.804+0000] {dag.py:3211} INFO - Sync 1 DAGs
[2026-08-08T17:33:21.818+0000] {logging_mixin.py:190} INFO - [2026-08-08T17:33:21.818+0000] {dag.py:4138} INFO - Setting next_dagrun for example_sensor_decorator to None, run_after=None
[2026-08-08T17:33:21.845+0000] {processor.py:208} INFO - Processing /home/airflow/.local/lib/python3.12/site-packages/airflow/example_dags/example_sensor_decorator.py took 0.090 seconds
[2026-08-08T17:33:52.055+0000] {processor.py:186} INFO - Started process (PID=1174) to work on /home/airflow/.local/lib/python3.12/site-packages/airflow/example_dags/example_sensor_decorator.py
[2026-08-08T17:33:52.057+0000] {processor.py:914} INFO - Processing file /home/airflow/.local/lib/python3.12/site-packages/airflow/example_dags/example_sensor_decorator.py for tasks to queue
[2026-08-08T17:33:52.061+0000] {logging_mixin.py:190} INFO - [2026-08-08T17:33:52.061+0000] {dagbag.py:587} INFO - Filling up the DagBag from /home/airflow/.local/lib/python3.12/site-packages/airflow/example_dags/example_sensor_decorator.py
[2026-08-08T17:33:52.075+0000] {processor.py:925} INFO - DAG(s) 'example_sensor_decorator' retrieved from /home/airflow/.local/lib/python3.12/site-packages/airflow/example_dags/example_sensor_decorator.py
[2026-08-08T17:33:52.110+0000] {logging_mixin.py:190} INFO - [2026-08-08T17:33:52.110+0000] {dag.py:3211} INFO - Sync 1 DAGs
[2026-08-08T17:33:52.138+0000] {logging_mixin.py:190} INFO - [2026-08-08T17:33:52.137+0000] {dag.py:4138} INFO - Setting next_dagrun for example_sensor_decorator to None, run_after=None
[2026-08-08T17:33:52.174+0000] {processor.py:208} INFO - Processing /home/airflow/.local/lib/python3.12/site-packages/airflow/example_dags/example_sensor_decorator.py took 0.127 seconds
[2026-08-08T17:34:22.370+0000] {processor.py:186} INFO - Started process (PID=1237) to work on /home/airflow/.local/lib/python3.12/site-packages/airflow/example_dags/example_sensor_decorator.py
[2026-08-08T17:34:22.371+0000] {processor.py:914} INFO - Processing file /home/airflow/.local/lib/python3.12/site-packages/airflow/example_dags/example_sensor_decorator.py for tasks to queue
[2026-08-08T17:34:22.373+0000] {logging_mixin.py:190} INFO - [2026-08-08T17:34:22.373+0000] {dagbag.py:587} INFO - Filling up the DagBag from /home/airflow/.local/lib/python3.12/site-packages/airflow/example_dags/example_sensor_decorator.py
[2026-08-08T17:34:22.381+0000] {processor.py:925} INFO - DAG(s) 'example_sensor_decorator' retrieved from /home/airflow/.local/lib/python3.12/site-packages/airflow/example_dags/example_sensor_decorator.py
[2026-08-08T17:34:22.401+0000] {logging_mixin.py:190} INFO - [2026-08-08T17:34:22.401+0000] {dag.py:3211} INFO - Sync 1 DAGs
[2026-08-08T17:34:22.415+0000] {logging_mixin.py:190} INFO - [2026-08-08T17:34:22.415+0000] {dag.py:4138} INFO - Setting next_dagrun for example_sensor_decorator to None, run_after=None
[2026-08-08T17:34:22.437+0000] {processor.py:208} INFO - Processing /home/airflow/.local/lib/python3.12/site-packages/airflow/example_dags/example_sensor_decorator.py took 0.074 seconds
[2026-08-08T17:34:53.354+0000] {processor.py:186} INFO - Started process (PID=1301) to work on /home/airflow/.local/lib/python3.12/site-packages/airflow/example_dags/example_sensor_decorator.py
[2026-08-08T17:34:53.356+0000] {processor.py:914} INFO - Processing file /home/airflow/.local/lib/python3.12/site-packages/airflow/example_dags/example_sensor_decorator.py for tasks to queue
[2026-08-08T17:34:53.358+0000] {logging_mixin.py:190} INFO - [2026-08-08T17:34:53.358+0000] {dagbag.py:587} INFO - Filling up the DagBag from /home/airflow/.local/lib/python3.12/site-packages/airflow/example_dags/example_sensor_decorator.py
[2026-08-08T17:34:53.365+0000] {processor.py:925} INFO - DAG(s) 'example_sensor_decorator' retrieved from /home/airflow/.local/lib/python3.12/site-packages/airflow/example_dags/example_sensor_decorator.py
[2026-08-08T17:34:53.384+0000] {logging_mixin.py:190} INFO - [2026-08-08T17:34:53.384+0000] {dag.py:3211} INFO - Sync 1 DAGs
[2026-08-08T17:34:53.395+0000] {logging_mixin.py:190} INFO - [2026-08-08T17:34:53.395+0000] {dag.py:4138} INFO - Setting next_dagrun for example_sensor_decorator to None, run_after=None
[2026-08-08T17:34:53.413+0000] {processor.py:208} INFO - Processing /home/airflow/.local/lib/python3.12/site-packages/airflow/example_dags/example_sensor_decorator.py took 0.065 seconds
[2026-08-08T17:35:23.936+0000] {processor.py:186} INFO - Started process (PID=1364) to work on /home/airflow/.local/lib/python3.12/site-packages/airflow/example_dags/example_sensor_decorator.py
[2026-08-08T17:35:23.937+0000] {processor.py:914} INFO - Processing file /home/airflow/.local/lib/python3.12/site-packages/airflow/example_dags/example_sensor_decorator.py for tasks to queue
[2026-08-08T17:35:23.939+0000] {logging_mixin.py:190} INFO - [2026-08-08T17:35:23.939+0000] {dagbag.py:587} INFO - Filling up the DagBag from /home/airflow/.local/lib/python3.12/site-packages/airflow/example_dags/example_sensor_decorator.py
[2026-08-08T17:35:23.947+0000] {processor.py:925} INFO - DAG(s) 'example_sensor_decorator' retrieved from /home/airflow/.local/lib/python3.12/site-packages/airflow/example_dags/example_sensor_decorator.py
[2026-08-08T17:35:23.966+0000] {logging_mixin.py:190} INFO - [2026-08-08T17:35:23.966+0000] {dag.py:3211} INFO - Sync 1 DAGs
[2026-08-08T17:35:23.979+0000] {logging_mixin.py:190} INFO - [2026-08-08T17:35:23.979+0000] {dag.py:4138} INFO - Setting next_dagrun for example_sensor_decorator to None, run_after=None
[2026-08-08T17:35:23.998+0000] {processor.py:208} INFO - Processing /home/airflow/.local/lib/python3.12/site-packages/airflow/example_dags/example_sensor_decorator.py took 0.067 seconds
[2026-08-08T17:35:54.071+0000] {processor.py:186} INFO - Started process (PID=1426) to work on /home/airflow/.local/lib/python3.12/site-packages/airflow/example_dags/example_sensor_decorator.py
[2026-08-08T17:35:54.072+0000] {processor.py:914} INFO - Processing file /home/airflow/.local/lib/python3.12/site-packages/airflow/example_dags/example_sensor_decorator.py for tasks to queue
[2026-08-08T17:35:54.075+0000] {logging_mixin.py:190} INFO - [2026-08-08T17:35:54.074+0000] {dagbag.py:587} INFO - Filling up the DagBag from /home/airflow/.local/lib/python3.12/site-packages/airflow/example_dags/example_sensor_decorator.py
[2026-08-08T17:35:54.083+0000] {processor.py:925} INFO - DAG(s) 'example_sensor_decorator' retrieved from /home/airflow/.local/lib/python3.12/site-packages/airflow/example_dags/example_sensor_decorator.py
[2026-08-08T17:35:54.100+0000] {logging_mixin.py:190} INFO - [2026-08-08T17:35:54.100+0000] {dag.py:3211} INFO - Sync 1 DAGs
[2026-08-08T17:35:54.111+0000] {logging_mixin.py:190} INFO - [2026-08-08T17:35:54.111+0000] {dag.py:4138} INFO - Setting next_dagrun for example_sensor_decorator to None, run_after=None
[2026-08-08T17:35:54.131+0000] {processor.py:208} INFO - Processing /home/airflow/.local/lib/python3.12/site-packages/airflow/example_dags/example_sensor_decorator.py took 0.065 seconds
[2026-08-08T17:36:24.612+0000] {processor.py:186} INFO - Started process (PID=1489) to work on /home/airflow/.local/lib/python3.12/site-packages/airflow/example_dags/example_sensor_decorator.py
[2026-08-08T17:36:24.613+0000] {processor.py:914} INFO - Processing file /home/airflow/.local/lib/python3.12/site-packages/airflow/example_dags/example_sensor_decorator.py for tasks to queue
[2026-08-08T17:36:24.616+0000] {logging_mixin.py:190} INFO - [2026-08-08T17:36:24.616+0000] {dagbag.py:587} INFO - Filling up the DagBag from /home/airflow/.local/lib/python3.12/site-packages/airflow/example_dags/example_sensor_decorator.py
[2026-08-08T17:36:24.625+0000] {processor.py:925} INFO - DAG(s) 'example_sensor_decorator' retrieved from /home/airflow/.local/lib/python3.12/site-packages/airflow/example_dags/example_sensor_decorator.py
[2026-08-08T17:36:24.646+0000] {logging_mixin.py:190} INFO - [2026-08-08T17:36:24.646+0000] {dag.py:3211} INFO - Sync 1 DAGs
[2026-08-08T17:36:24.661+0000] {logging_mixin.py:190} INFO - [2026-08-08T17:36:24.661+0000] {dag.py:4138} INFO - Setting next_dagrun for example_sensor_decorator to None, run_after=None
[2026-08-08T17:36:24.684+0000] {processor.py:208} INFO - Processing /home/airflow/.local/lib/python3.12/site-packages/airflow/example_dags/example_sensor_decorator.py took 0.081 seconds
[2026-08-08T17:38:16.392+0000] {processor.py:186} INFO - Started process (PID=91) to work on /home/airflow/.local/lib/python3.12/site-packages/airflow/example_dags/example_sensor_decorator.py
[2026-08-08T17:38:16.393+0000] {processor.py:914} INFO - Processing file /home/airflow/.local/lib/python3.12/site-packages/airflow/example_dags/example_sensor_decorator.py for tasks to queue
[2026-08-08T17:38:16.395+0000] {logging_mixin.py:190} INFO - [2026-08-08T17:38:16.395+0000] {dagbag.py:587} INFO - Filling up the DagBag from /home/airflow/.local/lib/python3.12/site-packages/airflow/example_dags/example_sensor_decorator.py
[2026-08-08T17:38:16.403+0000] {processor.py:925} INFO - DAG(s) 'example_sensor_decorator' retrieved from /home/airflow/.local/lib/python3.12/site-packages/airflow/example_dags/example_sensor_decorator.py
[2026-08-08T17:38:16.425+0000] {logging_mixin.py:190} INFO - [2026-08-08T17:38:16.425+0000] {dag.py:3211} INFO - Sync 1 DAGs
[2026-08-08T17:38:16.436+0000] {logging_mixin.py:190} INFO - [2026-08-08T17:38:16.436+0000] {dag.py:4138} INFO - Setting next_dagrun for example_sensor_decorator to None, run_after=None
[2026-08-08T17:38:16.457+0000] {processor.py:208} INFO - Processing /home/airflow/.local/lib/python3.12/site-packages/airflow/example_dags/example_sensor_decorator.py took 0.071 seconds
[2026-08-08T17:38:47.255+0000] {processor.py:186} INFO - Started process (PID=154) to work on /home/airflow/.local/lib/python3.12/site-packages/airflow/example_dags/example_sensor_decorator.py
[2026-08-08T17:38:47.257+0000] {processor.py:914} INFO - Processing file /home/airflow/.local/lib/python3.12/site-packages/airflow/example_dags/example_sensor_decorator.py for tasks to queue
[2026-08-08T17:38:47.266+0000] {logging_mixin.py:190} INFO - [2026-08-08T17:38:47.265+0000] {dagbag.py:587} INFO - Filling up the DagBag from /home/airflow/.local/lib/python3.12/site-packages/airflow/example_dags/example_sensor_decorator.py
[2026-08-08T17:38:47.279+0000] {processor.py:925} INFO - DAG(s) 'example_sensor_decorator' retrieved from /home/airflow/.local/lib/python3.12/site-packages/airflow/example_dags/example_sensor_decorator.py
[2026-08-08T17:38:47.311+0000] {logging_mixin.py:190} INFO - [2026-08-08T17:38:47.311+0000] {dag.py:3211} INFO - Sync 1 DAGs
[2026-08-08T17:38:47.329+0000] {logging_mixin.py:190} INFO - [2026-08-08T17:38:47.328+0000] {dag.py:4138} INFO - Setting next_dagrun for example_sensor_decorator to None, run_after=None
[2026-08-08T17:38:47.356+0000] {processor.py:208} INFO - Processing /home/airflow/.local/lib/python3.12/site-packages/airflow/example_dags/example_sensor_decorator.py took 0.108 seconds
[2026-08-08T17:39:18.301+0000] {processor.py:186} INFO - Started process (PID=217) to work on /home/airflow/.local/lib/python3.12/site-packages/airflow/example_dags/example_sensor_decorator.py
[2026-08-08T17:39:18.302+0000] {processor.py:914} INFO - Processing file /home/airflow/.local/lib/python3.12/site-packages/airflow/example_dags/example_sensor_decorator.py for tasks to queue
[2026-08-08T17:39:18.305+0000] {logging_mixin.py:190} INFO - [2026-08-08T17:39:18.305+0000] {dagbag.py:587} INFO - Filling up the DagBag from /home/airflow/.local/lib/python3.12/site-packages/airflow/example_dags/example_sensor_decorator.py
[2026-08-08T17:39:18.314+0000] {processor.py:925} INFO - DAG(s) 'example_sensor_decorator' retrieved from /home/airflow/.local/lib/python3.12/site-packages/airflow/example_dags/example_sensor_decorator.py
[2026-08-08T17:39:18.334+0000] {logging_mixin.py:190} INFO - [2026-08-08T17:39:18.334+0000] {dag.py:3211} INFO - Sync 1 DAGs
[2026-08-08T17:39:18.347+0000] {logging_mixin.py:190} INFO - [2026-08-08T17:39:18.347+0000] {dag.py:4138} INFO - Setting next_dagrun for example_sensor_decorator to None, run_after=None
[2026-08-08T17:39:18.370+0000] {processor.py:208} INFO - Processing /home/airflow/.local/lib/python3.12/site-packages/airflow/example_dags/example_sensor_decorator.py took 0.076 seconds
[2026-08-08T17:39:48.633+0000] {processor.py:186} INFO - Started process (PID=280) to work on /home/airflow/.local/lib/python3.12/site-packages/airflow/example_dags/example_sensor_decorator.py
[2026-08-08T17:39:48.636+0000] {processor.py:914} INFO - Processing file /home/airflow/.local/lib/python3.12/site-packages/airflow/example_dags/example_sensor_decorator.py for tasks to queue
[2026-08-08T17:39:48.639+0000] {logging_mixin.py:190} INFO - [2026-08-08T17:39:48.638+0000] {dagbag.py:587} INFO - Filling up the DagBag from /home/airflow/.local/lib/python3.12/site-packages/airflow/example_dags/example_sensor_decorator.py
[2026-08-08T17:39:48.646+0000] {processor.py:925} INFO - DAG(s) 'example_sensor_decorator' retrieved from /home/airflow/.local/lib/python3.12/site-packages/airflow/example_dags/example_sensor_decorator.py
[2026-08-08T17:39:48.664+0000] {logging_mixin.py:190} INFO - [2026-08-08T17:39:48.663+0000] {dag.py:3211} INFO - Sync 1 DAGs
[2026-08-08T17:39:48.674+0000] {logging_mixin.py:190} INFO - [2026-08-08T17:39:48.674+0000] {dag.py:4138} INFO - Setting next_dagrun for example_sensor_decorator to None, run_after=None
[2026-08-08T17:39:48.697+0000] {processor.py:208} INFO - Processing /home/airflow/.local/lib/python3.12/site-packages/airflow/example_dags/example_sensor_decorator.py took 0.068 seconds
[2026-08-08T17:42:40.556+0000] {processor.py:186} INFO - Started process (PID=103) to work on /home/airflow/.local/lib/python3.12/site-packages/airflow/example_dags/example_sensor_decorator.py
[2026-08-08T17:42:40.558+0000] {processor.py:914} INFO - Processing file /home/airflow/.local/lib/python3.12/site-packages/airflow/example_dags/example_sensor_decorator.py for tasks to queue
[2026-08-08T17:42:40.563+0000] {logging_mixin.py:190} INFO - [2026-08-08T17:42:40.562+0000] {dagbag.py:587} INFO - Filling up the DagBag from /home/airflow/.local/lib/python3.12/site-packages/airflow/example_dags/example_sensor_decorator.py
[2026-08-08T17:42:40.574+0000] {processor.py:925} INFO - DAG(s) 'example_sensor_decorator' retrieved from /home/airflow/.local/lib/python3.12/site-packages/airflow/example_dags/example_sensor_decorator.py
[2026-08-08T17:42:40.603+0000] {logging_mixin.py:190} INFO - [2026-08-08T17:42:40.603+0000] {dag.py:3211} INFO - Sync 1 DAGs
[2026-08-08T17:42:40.622+0000] {logging_mixin.py:190} INFO - [2026-08-08T17:42:40.622+0000] {dag.py:4138} INFO - Setting next_dagrun for example_sensor_decorator to None, run_after=None
[2026-08-08T17:42:40.649+0000] {processor.py:208} INFO - Processing /home/airflow/.local/lib/python3.12/site-packages/airflow/example_dags/example_sensor_decorator.py took 0.099 seconds
[2026-08-08T17:43:11.034+0000] {processor.py:186} INFO - Started process (PID=166) to work on /home/airflow/.local/lib/python3.12/site-packages/airflow/example_dags/example_sensor_decorator.py
[2026-08-08T17:43:11.037+0000] {processor.py:914} INFO - Processing file /home/airflow/.local/lib/python3.12/site-packages/airflow/example_dags/example_sensor_decorator.py for tasks to queue
[2026-08-08T17:43:11.041+0000] {logging_mixin.py:190} INFO - [2026-08-08T17:43:11.040+0000] {dagbag.py:587} INFO - Filling up the DagBag from /home/airflow/.local/lib/python3.12/site-packages/airflow/example_dags/example_sensor_decorator.py
[2026-08-08T17:43:11.053+0000] {processor.py:925} INFO - DAG(s) 'example_sensor_decorator' retrieved from /home/airflow/.local/lib/python3.12/site-packages/airflow/example_dags/example_sensor_decorator.py
[2026-08-08T17:43:11.084+0000] {logging_mixin.py:190} INFO - [2026-08-08T17:43:11.083+0000] {dag.py:3211} INFO - Sync 1 DAGs
[2026-08-08T17:43:11.105+0000] {logging_mixin.py:190} INFO - [2026-08-08T17:43:11.104+0000] {dag.py:4138} INFO - Setting next_dagrun for example_sensor_decorator to None, run_after=None
[2026-08-08T17:43:11.134+0000] {processor.py:208} INFO - Processing /home/airflow/.local/lib/python3.12/site-packages/airflow/example_dags/example_sensor_decorator.py took 0.110 seconds
[2026-08-08T17:43:42.175+0000] {processor.py:186} INFO - Started process (PID=229) to work on /home/airflow/.local/lib/python3.12/site-packages/airflow/example_dags/example_sensor_decorator.py
[2026-08-08T17:43:42.176+0000] {processor.py:914} INFO - Processing file /home/airflow/.local/lib/python3.12/site-packages/airflow/example_dags/example_sensor_decorator.py for tasks to queue
[2026-08-08T17:43:42.179+0000] {logging_mixin.py:190} INFO - [2026-08-08T17:43:42.179+0000] {dagbag.py:587} INFO - Filling up the DagBag from /home/airflow/.local/lib/python3.12/site-packages/airflow/example_dags/example_sensor_decorator.py
[2026-08-08T17:43:42.189+0000] {processor.py:925} INFO - DAG(s) 'example_sensor_decorator' retrieved from /home/airflow/.local/lib/python3.12/site-packages/airflow/example_dags/example_sensor_decorator.py
[2026-08-08T17:43:42.225+0000] {logging_mixin.py:190} INFO - [2026-08-08T17:43:42.225+0000] {dag.py:3211} INFO - Sync 1 DAGs
[2026-08-08T17:43:42.262+0000] {logging_mixin.py:190} INFO - [2026-08-08T17:43:42.262+0000] {dag.py:4138} INFO - Setting next_dagrun for example_sensor_decorator to None, run_after=None
[2026-08-08T17:43:42.293+0000] {processor.py:208} INFO - Processing /home/airflow/.local/lib/python3.12/site-packages/airflow/example_dags/example_sensor_decorator.py took 0.124 seconds
[2026-08-08T17:44:13.233+0000] {processor.py:186} INFO - Started process (PID=292) to work on /home/airflow/.local/lib/python3.12/site-packages/airflow/example_dags/example_sensor_decorator.py
[2026-08-08T17:44:13.235+0000] {processor.py:914} INFO - Processing file /home/airflow/.local/lib/python3.12/site-packages/airflow/example_dags/example_sensor_decorator.py for tasks to queue
[2026-08-08T17:44:13.237+0000] {logging_mixin.py:190} INFO - [2026-08-08T17:44:13.237+0000] {dagbag.py:587} INFO - Filling up the DagBag from /home/airflow/.local/lib/python3.12/site-packages/airflow/example_dags/example_sensor_decorator.py
[2026-08-08T17:44:13.245+0000] {processor.py:925} INFO - DAG(s) 'example_sensor_decorator' retrieved from /home/airflow/.local/lib/python3.12/site-packages/airflow/example_dags/example_sensor_decorator.py
[2026-08-08T17:44:13.265+0000] {logging_mixin.py:190} INFO - [2026-08-08T17:44:13.264+0000] {dag.py:3211} INFO - Sync 1 DAGs
[2026-08-08T17:44:13.275+0000] {logging_mixin.py:190} INFO - [2026-08-08T17:44:13.275+0000] {dag.py:4138} INFO - Setting next_dagrun for example_sensor_decorator to None, run_after=None
[2026-08-08T17:44:13.296+0000] {processor.py:208} INFO - Processing /home/airflow/.local/lib/python3.12/site-packages/airflow/example_dags/example_sensor_decorator.py took 0.069 seconds
[2026-08-08T17:44:43.953+0000] {processor.py:186} INFO - Started process (PID=355) to work on /home/airflow/.local/lib/python3.12/site-packages/airflow/example_dags/example_sensor_decorator.py
[2026-08-08T17:44:43.954+0000] {processor.py:914} INFO - Processing file /home/airflow/.local/lib/python3.12/site-packages/airflow/example_dags/example_sensor_decorator.py for tasks to queue
[2026-08-08T17:44:43.957+0000] {logging_mixin.py:190} INFO - [2026-08-08T17:44:43.956+0000] {dagbag.py:587} INFO - Filling up the DagBag from /home/airflow/.local/lib/python3.12/site-packages/airflow/example_dags/example_sensor_decorator.py
[2026-08-08T17:44:43.964+0000] {processor.py:925} INFO - DAG(s) 'example_sensor_decorator' retrieved from /home/airflow/.local/lib/python3.12/site-packages/airflow/example_dags/example_sensor_decorator.py
[2026-08-08T17:44:43.983+0000] {logging_mixin.py:190} INFO - [2026-08-08T17:44:43.983+0000] {dag.py:3211} INFO - Sync 1 DAGs
[2026-08-08T17:44:43.996+0000] {logging_mixin.py:190} INFO - [2026-08-08T17:44:43.996+0000] {dag.py:4138} INFO - Setting next_dagrun for example_sensor_decorator to None, run_after=None
[2026-08-08T17:44:44.020+0000] {processor.py:208} INFO - Processing /home/airflow/.local/lib/python3.12/site-packages/airflow/example_dags/example_sensor_decorator.py took 0.073 seconds
[2026-08-08T17:45:14.319+0000] {processor.py:186} INFO - Started process (PID=418) to work on /home/airflow/.local/lib/python3.12/site-packages/airflow/example_dags/example_sensor_decorator.py
[2026-08-08T17:45:14.320+0000] {processor.py:914} INFO - Processing file /home/airflow/.local/lib/python3.12/site-packages/airflow/example_dags/example_sensor_decorator.py for tasks to queue
[2026-08-08T17:45:14.322+0000] {logging_mixin.py:190} INFO - [2026-08-08T17:45:14.322+0000] {dagbag.py:587} INFO - Filling up the DagBag from /home/airflow/.local/lib/python3.12/site-packages/airflow/example_dags/example_sensor_decorator.py
[2026-08-08T17:45:14.329+0000] {processor.py:925} INFO - DAG(s) 'example_sensor_decorator' retrieved from /home/airflow/.local/lib/python3.12/site-packages/airflow/example_dags/example_sensor_decorator.py
[2026-08-08T17:45:14.343+0000] {logging_mixin.py:190} INFO - [2026-08-08T17:45:14.343+0000] {dag.py:3211} INFO - Sync 1 DAGs
[2026-08-08T17:45:14.354+0000] {logging_mixin.py:190} INFO - [2026-08-08T17:45:14.354+0000] {dag.py:4138} INFO - Setting next_dagrun for example_sensor_decorator to None, run_after=None
[2026-08-08T17:45:14.371+0000] {processor.py:208} INFO - Processing /home/airflow/.local/lib/python3.12/site-packages/airflow/example_dags/example_sensor_decorator.py took 0.058 seconds
[2026-08-08T17:45:44.710+0000] {processor.py:186} INFO - Started process (PID=481) to work on /home/airflow/.local/lib/python3.12/site-packages/airflow/example_dags/example_sensor_decorator.py
[2026-08-08T17:45:44.711+0000] {processor.py:914} INFO - Processing file /home/airflow/.local/lib/python3.12/site-packages/airflow/example_dags/example_sensor_decorator.py for tasks to queue
[2026-08-08T17:45:44.713+0000] {logging_mixin.py:190} INFO - [2026-08-08T17:45:44.713+0000] {dagbag.py:587} INFO - Filling up the DagBag from /home/airflow/.local/lib/python3.12/site-packages/airflow/example_dags/example_sensor_decorator.py
[2026-08-08T17:45:44.719+0000] {processor.py:925} INFO - DAG(s) 'example_sensor_decorator' retrieved from /home/airflow/.local/lib/python3.12/site-packages/airflow/example_dags/example_sensor_decorator.py
[2026-08-08T17:45:44.734+0000] {logging_mixin.py:190} INFO - [2026-08-08T17:45:44.734+0000] {dag.py:3211} INFO - Sync 1 DAGs
[2026-08-08T17:45:44.744+0000] {logging_mixin.py:190} INFO - [2026-08-08T17:45:44.743+0000] {dag.py:4138} INFO - Setting next_dagrun for example_sensor_decorator to None, run_after=None
[2026-08-08T17:45:44.761+0000] {processor.py:208} INFO - Processing /home/airflow/.local/lib/python3.12/site-packages/airflow/example_dags/example_sensor_decorator.py took 0.057 seconds
[2026-08-08T17:47:14.412+0000] {processor.py:186} INFO - Started process (PID=104) to work on /home/airflow/.local/lib/python3.12/site-packages/airflow/example_dags/example_sensor_decorator.py
[2026-08-08T17:47:14.413+0000] {processor.py:914} INFO - Processing file /home/airflow/.local/lib/python3.12/site-packages/airflow/example_dags/example_sensor_decorator.py for tasks to queue
[2026-08-08T17:47:14.415+0000] {logging_mixin.py:190} INFO - [2026-08-08T17:47:14.415+0000] {dagbag.py:587} INFO - Filling up the DagBag from /home/airflow/.local/lib/python3.12/site-packages/airflow/example_dags/example_sensor_decorator.py
[2026-08-08T17:47:14.423+0000] {processor.py:925} INFO - DAG(s) 'example_sensor_decorator' retrieved from /home/airflow/.local/lib/python3.12/site-packages/airflow/example_dags/example_sensor_decorator.py
[2026-08-08T17:47:14.444+0000] {logging_mixin.py:190} INFO - [2026-08-08T17:47:14.444+0000] {dag.py:3211} INFO - Sync 1 DAGs
[2026-08-08T17:47:14.456+0000] {logging_mixin.py:190} INFO - [2026-08-08T17:47:14.456+0000] {dag.py:4138} INFO - Setting next_dagrun for example_sensor_decorator to None, run_after=None
[2026-08-08T17:47:14.476+0000] {processor.py:208} INFO - Processing /home/airflow/.local/lib/python3.12/site-packages/airflow/example_dags/example_sensor_decorator.py took 0.070 seconds
[2026-08-08T17:47:45.020+0000] {processor.py:186} INFO - Started process (PID=167) to work on /home/airflow/.local/lib/python3.12/site-packages/airflow/example_dags/example_sensor_decorator.py
[2026-08-08T17:47:45.021+0000] {processor.py:914} INFO - Processing file /home/airflow/.local/lib/python3.12/site-packages/airflow/example_dags/example_sensor_decorator.py for tasks to queue
[2026-08-08T17:47:45.025+0000] {logging_mixin.py:190} INFO - [2026-08-08T17:47:45.024+0000] {dagbag.py:587} INFO - Filling up the DagBag from /home/airflow/.local/lib/python3.12/site-packages/airflow/example_dags/example_sensor_decorator.py
[2026-08-08T17:47:45.043+0000] {processor.py:925} INFO - DAG(s) 'example_sensor_decorator' retrieved from /home/airflow/.local/lib/python3.12/site-packages/airflow/example_dags/example_sensor_decorator.py
[2026-08-08T17:47:45.083+0000] {logging_mixin.py:190} INFO - [2026-08-08T17:47:45.083+0000] {dag.py:3211} INFO - Sync 1 DAGs
[2026-08-08T17:47:45.100+0000] {logging_mixin.py:190} INFO - [2026-08-08T17:47:45.100+0000] {dag.py:4138} INFO - Setting next_dagrun for example_sensor_decorator to None, run_after=None
[2026-08-08T17:47:45.125+0000] {processor.py:208} INFO - Processing /home/airflow/.local/lib/python3.12/site-packages/airflow/example_dags/example_sensor_decorator.py took 0.114 seconds
[2026-08-08T17:48:16.530+0000] {processor.py:186} INFO - Started process (PID=236) to work on /home/airflow/.local/lib/python3.12/site-packages/airflow/example_dags/example_sensor_decorator.py
[2026-08-08T17:48:16.532+0000] {processor.py:914} INFO - Processing file /home/airflow/.local/lib/python3.12/site-packages/airflow/example_dags/example_sensor_decorator.py for tasks to queue
[2026-08-08T17:48:16.534+0000] {logging_mixin.py:190} INFO - [2026-08-08T17:48:16.534+0000] {dagbag.py:587} INFO - Filling up the DagBag from /home/airflow/.local/lib/python3.12/site-packages/airflow/example_dags/example_sensor_decorator.py
[2026-08-08T17:48:16.543+0000] {processor.py:925} INFO - DAG(s) 'example_sensor_decorator' retrieved from /home/airflow/.local/lib/python3.12/site-packages/airflow/example_dags/example_sensor_decorator.py
[2026-08-08T17:48:16.565+0000] {logging_mixin.py:190} INFO - [2026-08-08T17:48:16.564+0000] {dag.py:3211} INFO - Sync 1 DAGs
[2026-08-08T17:48:16.578+0000] {logging_mixin.py:190} INFO - [2026-08-08T17:48:16.578+0000] {dag.py:4138} INFO - Setting next_dagrun for example_sensor_decorator to None, run_after=None
[2026-08-08T17:48:16.600+0000] {processor.py:208} INFO - Processing /home/airflow/.local/lib/python3.12/site-packages/airflow/example_dags/example_sensor_decorator.py took 0.074 seconds
[2026-08-08T17:48:47.018+0000] {processor.py:186} INFO - Started process (PID=299) to work on /home/airflow/.local/lib/python3.12/site-packages/airflow/example_dags/example_sensor_decorator.py
[2026-08-08T17:48:47.020+0000] {processor.py:914} INFO - Processing file /home/airflow/.local/lib/python3.12/site-packages/airflow/example_dags/example_sensor_decorator.py for tasks to queue
[2026-08-08T17:48:47.024+0000] {logging_mixin.py:190} INFO - [2026-08-08T17:48:47.023+0000] {dagbag.py:587} INFO - Filling up the DagBag from /home/airflow/.local/lib/python3.12/site-packages/airflow/example_dags/example_sensor_decorator.py
[2026-08-08T17:48:47.033+0000] {processor.py:925} INFO - DAG(s) 'example_sensor_decorator' retrieved from /home/airflow/.local/lib/python3.12/site-packages/airflow/example_dags/example_sensor_decorator.py
[2026-08-08T17:48:47.056+0000] {logging_mixin.py:190} INFO - [2026-08-08T17:48:47.056+0000] {dag.py:3211} INFO - Sync 1 DAGs
[2026-08-08T17:48:47.075+0000] {logging_mixin.py:190} INFO - [2026-08-08T17:48:47.075+0000] {dag.py:4138} INFO - Setting next_dagrun for example_sensor_decorator to None, run_after=None
[2026-08-08T17:48:47.101+0000] {processor.py:208} INFO - Processing /home/airflow/.local/lib/python3.12/site-packages/airflow/example_dags/example_sensor_decorator.py took 0.090 seconds
[2026-08-08T17:52:38.244+0000] {processor.py:186} INFO - Started process (PID=103) to work on /home/airflow/.local/lib/python3.12/site-packages/airflow/example_dags/example_sensor_decorator.py
[2026-08-08T17:52:38.247+0000] {processor.py:914} INFO - Processing file /home/airflow/.local/lib/python3.12/site-packages/airflow/example_dags/example_sensor_decorator.py for tasks to queue
[2026-08-08T17:52:38.252+0000] {logging_mixin.py:190} INFO - [2026-08-08T17:52:38.251+0000] {dagbag.py:587} INFO - Filling up the DagBag from /home/airflow/.local/lib/python3.12/site-packages/airflow/example_dags/example_sensor_decorator.py
[2026-08-08T17:52:38.268+0000] {processor.py:925} INFO - DAG(s) 'example_sensor_decorator' retrieved from /home/airflow/.local/lib/python3.12/site-packages/airflow/example_dags/example_sensor_decorator.py
[2026-08-08T17:52:38.299+0000] {logging_mixin.py:190} INFO - [2026-08-08T17:52:38.299+0000] {dag.py:3211} INFO - Sync 1 DAGs
[2026-08-08T17:52:38.316+0000] {logging_mixin.py:190} INFO - [2026-08-08T17:52:38.316+0000] {dag.py:4138} INFO - Setting next_dagrun for example_sensor_decorator to None, run_after=None
[2026-08-08T17:52:38.340+0000] {processor.py:208} INFO - Processing /home/airflow/.local/lib/python3.12/site-packages/airflow/example_dags/example_sensor_decorator.py took 0.106 seconds
[2026-08-08T17:53:08.787+0000] {processor.py:186} INFO - Started process (PID=166) to work on /home/airflow/.local/lib/python3.12/site-packages/airflow/example_dags/example_sensor_decorator.py
[2026-08-08T17:53:08.789+0000] {processor.py:914} INFO - Processing file /home/airflow/.local/lib/python3.12/site-packages/airflow/example_dags/example_sensor_decorator.py for tasks to queue
[2026-08-08T17:53:08.792+0000] {logging_mixin.py:190} INFO - [2026-08-08T17:53:08.792+0000] {dagbag.py:587} INFO - Filling up the DagBag from /home/airflow/.local/lib/python3.12/site-packages/airflow/example_dags/example_sensor_decorator.py
[2026-08-08T17:53:08.800+0000] {processor.py:925} INFO - DAG(s) 'example_sensor_decorator' retrieved from /home/airflow/.local/lib/python3.12/site-packages/airflow/example_dags/example_sensor_decorator.py
[2026-08-08T17:53:08.821+0000] {logging_mixin.py:190} INFO - [2026-08-08T17:53:08.821+0000] {dag.py:3211} INFO - Sync 1 DAGs
[2026-08-08T17:53:08.834+0000] {logging_mixin.py:190} INFO - [2026-08-08T17:53:08.834+0000] {dag.py:4138} INFO - Setting next_dagrun for example_sensor_decorator to None, run_after=None
[2026-08-08T17:53:08.857+0000] {processor.py:208} INFO - Processing /home/airflow/.local/lib/python3.12/site-packages/airflow/example_dags/example_sensor_decorator.py took 0.077 seconds
[2026-08-08T17:53:39.158+0000] {processor.py:186} INFO - Started process (PID=229) to work on /home/airflow/.local/lib/python3.12/site-packages/airflow/example_dags/example_sensor_decorator.py
[2026-08-08T17:53:39.160+0000] {processor.py:914} INFO - Processing file /home/airflow/.local/lib/python3.12/site-packages/airflow/example_dags/example_sensor_decorator.py for tasks to queue
[2026-08-08T17:53:39.162+0000] {logging_mixin.py:190} INFO - [2026-08-08T17:53:39.162+0000] {dagbag.py:587} INFO - Filling up the DagBag from /home/airflow/.local/lib/python3.12/site-packages/airflow/example_dags/example_sensor_decorator.py
[2026-08-08T17:53:39.170+0000] {processor.py:925} INFO - DAG(s) 'example_sensor_decorator' retrieved from /home/airflow/.local/lib/python3.12/site-packages/airflow/example_dags/example_sensor_decorator.py
[2026-08-08T17:53:39.192+0000] {logging_mixin.py:190} INFO - [2026-08-08T17:53:39.192+0000] {dag.py:3211} INFO - Sync 1 DAGs
[2026-08-08T17:53:39.205+0000] {logging_mixin.py:190} INFO - [2026-08-08T17:53:39.205+0000] {dag.py:4138} INFO - Setting next_dagrun for example_sensor_decorator to None, run_after=None
[2026-08-08T17:53:39.236+0000] {processor.py:208} INFO - Processing /home/airflow/.local/lib/python3.12/site-packages/airflow/example_dags/example_sensor_decorator.py took 0.085 seconds
[2026-08-08T17:54:10.131+0000] {processor.py:186} INFO - Started process (PID=292) to work on /home/airflow/.local/lib/python3.12/site-packages/airflow/example_dags/example_sensor_decorator.py
[2026-08-08T17:54:10.133+0000] {processor.py:914} INFO - Processing file /home/airflow/.local/lib/python3.12/site-packages/airflow/example_dags/example_sensor_decorator.py for tasks to queue
[2026-08-08T17:54:10.136+0000] {logging_mixin.py:190} INFO - [2026-08-08T17:54:10.136+0000] {dagbag.py:587} INFO - Filling up the DagBag from /home/airflow/.local/lib/python3.12/site-packages/airflow/example_dags/example_sensor_decorator.py
[2026-08-08T17:54:10.150+0000] {processor.py:925} INFO - DAG(s) 'example_sensor_decorator' retrieved from /home/airflow/.local/lib/python3.12/site-packages/airflow/example_dags/example_sensor_decorator.py
[2026-08-08T17:54:10.183+0000] {logging_mixin.py:190} INFO - [2026-08-08T17:54:10.183+0000] {dag.py:3211} INFO - Sync 1 DAGs
[2026-08-08T17:54:10.205+0000] {logging_mixin.py:190} INFO - [2026-08-08T17:54:10.205+0000] {dag.py:4138} INFO - Setting next_dagrun for example_sensor_decorator to None, run_after=None
[2026-08-08T17:54:10.243+0000] {processor.py:208} INFO - Processing /home/airflow/.local/lib/python3.12/site-packages/airflow/example_dags/example_sensor_decorator.py took 0.121 seconds
[2026-08-08T17:54:41.040+0000] {processor.py:186} INFO - Started process (PID=355) to work on /home/airflow/.local/lib/python3.12/site-packages/airflow/example_dags/example_sensor_decorator.py
[2026-08-08T17:54:41.041+0000] {processor.py:914} INFO - Processing file /home/airflow/.local/lib/python3.12/site-packages/airflow/example_dags/example_sensor_decorator.py for tasks to queue
[2026-08-08T17:54:41.045+0000] {logging_mixin.py:190} INFO - [2026-08-08T17:54:41.044+0000] {dagbag.py:587} INFO - Filling up the DagBag from /home/airflow/.local/lib/python3.12/site-packages/airflow/example_dags/example_sensor_decorator.py
[2026-08-08T17:54:41.056+0000] {processor.py:925} INFO - DAG(s) 'example_sensor_decorator' retrieved from /home/airflow/.local/lib/python3.12/site-packages/airflow/example_dags/example_sensor_decorator.py
[2026-08-08T17:54:41.077+0000] {logging_mixin.py:190} INFO - [2026-08-08T17:54:41.077+0000] {dag.py:3211} INFO - Sync 1 DAGs
[2026-08-08T17:54:41.093+0000] {logging_mixin.py:190} INFO - [2026-08-08T17:54:41.092+0000] {dag.py:4138} INFO - Setting next_dagrun for example_sensor_decorator to None, run_after=None
[2026-08-08T17:54:41.116+0000] {processor.py:208} INFO - Processing /home/airflow/.local/lib/python3.12/site-packages/airflow/example_dags/example_sensor_decorator.py took 0.084 seconds
[2026-08-08T17:55:11.326+0000] {processor.py:186} INFO - Started process (PID=418) to work on /home/airflow/.local/lib/python3.12/site-packages/airflow/example_dags/example_sensor_decorator.py
[2026-08-08T17:55:11.327+0000] {processor.py:914} INFO - Processing file /home/airflow/.local/lib/python3.12/site-packages/airflow/example_dags/example_sensor_decorator.py for tasks to queue
[2026-08-08T17:55:11.329+0000] {logging_mixin.py:190} INFO - [2026-08-08T17:55:11.329+0000] {dagbag.py:587} INFO - Filling up the DagBag from /home/airflow/.local/lib/python3.12/site-packages/airflow/example_dags/example_sensor_decorator.py
[2026-08-08T17:55:11.336+0000] {processor.py:925} INFO - DAG(s) 'example_sensor_decorator' retrieved from /home/airflow/.local/lib/python3.12/site-packages/airflow/example_dags/example_sensor_decorator.py
[2026-08-08T17:55:11.356+0000] {logging_mixin.py:190} INFO - [2026-08-08T17:55:11.356+0000] {dag.py:3211} INFO - Sync 1 DAGs
[2026-08-08T17:55:11.368+0000] {logging_mixin.py:190} INFO - [2026-08-08T17:55:11.368+0000] {dag.py:4138} INFO - Setting next_dagrun for example_sensor_decorator to None, run_after=None
[2026-08-08T17:55:11.387+0000] {processor.py:208} INFO - Processing /home/airflow/.local/lib/python3.12/site-packages/airflow/example_dags/example_sensor_decorator.py took 0.068 seconds
[2026-08-08T17:55:41.920+0000] {processor.py:186} INFO - Started process (PID=481) to work on /home/airflow/.local/lib/python3.12/site-packages/airflow/example_dags/example_sensor_decorator.py
[2026-08-08T17:55:41.921+0000] {processor.py:914} INFO - Processing file /home/airflow/.local/lib/python3.12/site-packages/airflow/example_dags/example_sensor_decorator.py for tasks to queue
[2026-08-08T17:55:41.924+0000] {logging_mixin.py:190} INFO - [2026-08-08T17:55:41.923+0000] {dagbag.py:587} INFO - Filling up the DagBag from /home/airflow/.local/lib/python3.12/site-packages/airflow/example_dags/example_sensor_decorator.py
[2026-08-08T17:55:41.930+0000] {processor.py:925} INFO - DAG(s) 'example_sensor_decorator' retrieved from /home/airflow/.local/lib/python3.12/site-packages/airflow/example_dags/example_sensor_decorator.py
[2026-08-08T17:55:41.946+0000] {logging_mixin.py:190} INFO - [2026-08-08T17:55:41.945+0000] {dag.py:3211} INFO - Sync 1 DAGs
[2026-08-08T17:55:41.956+0000] {logging_mixin.py:190} INFO - [2026-08-08T17:55:41.955+0000] {dag.py:4138} INFO - Setting next_dagrun for example_sensor_decorator to None, run_after=None
[2026-08-08T17:55:41.973+0000] {processor.py:208} INFO - Processing /home/airflow/.local/lib/python3.12/site-packages/airflow/example_dags/example_sensor_decorator.py took 0.057 seconds
[2026-08-08T17:56:12.231+0000] {processor.py:186} INFO - Started process (PID=544) to work on /home/airflow/.local/lib/python3.12/site-packages/airflow/example_dags/example_sensor_decorator.py
[2026-08-08T17:56:12.233+0000] {processor.py:914} INFO - Processing file /home/airflow/.local/lib/python3.12/site-packages/airflow/example_dags/example_sensor_decorator.py for tasks to queue
[2026-08-08T17:56:12.236+0000] {logging_mixin.py:190} INFO - [2026-08-08T17:56:12.235+0000] {dagbag.py:587} INFO - Filling up the DagBag from /home/airflow/.local/lib/python3.12/site-packages/airflow/example_dags/example_sensor_decorator.py
[2026-08-08T17:56:12.245+0000] {processor.py:925} INFO - DAG(s) 'example_sensor_decorator' retrieved from /home/airflow/.local/lib/python3.12/site-packages/airflow/example_dags/example_sensor_decorator.py
[2026-08-08T17:56:12.263+0000] {logging_mixin.py:190} INFO - [2026-08-08T17:56:12.263+0000] {dag.py:3211} INFO - Sync 1 DAGs
[2026-08-08T17:56:12.274+0000] {logging_mixin.py:190} INFO - [2026-08-08T17:56:12.274+0000] {dag.py:4138} INFO - Setting next_dagrun for example_sensor_decorator to None, run_after=None
[2026-08-08T17:56:12.289+0000] {processor.py:208} INFO - Processing /home/airflow/.local/lib/python3.12/site-packages/airflow/example_dags/example_sensor_decorator.py took 0.063 seconds
[2026-08-08T17:56:42.762+0000] {processor.py:186} INFO - Started process (PID=607) to work on /home/airflow/.local/lib/python3.12/site-packages/airflow/example_dags/example_sensor_decorator.py
[2026-08-08T17:56:42.763+0000] {processor.py:914} INFO - Processing file /home/airflow/.local/lib/python3.12/site-packages/airflow/example_dags/example_sensor_decorator.py for tasks to queue
[2026-08-08T17:56:42.765+0000] {logging_mixin.py:190} INFO - [2026-08-08T17:56:42.765+0000] {dagbag.py:587} INFO - Filling up the DagBag from /home/airflow/.local/lib/python3.12/site-packages/airflow/example_dags/example_sensor_decorator.py
[2026-08-08T17:56:42.772+0000] {processor.py:925} INFO - DAG(s) 'example_sensor_decorator' retrieved from /home/airflow/.local/lib/python3.12/site-packages/airflow/example_dags/example_sensor_decorator.py
[2026-08-08T17:56:42.787+0000] {logging_mixin.py:190} INFO - [2026-08-08T17:56:42.787+0000] {dag.py:3211} INFO - Sync 1 DAGs
[2026-08-08T17:56:42.796+0000] {logging_mixin.py:190} INFO - [2026-08-08T17:56:42.796+0000] {dag.py:4138} INFO - Setting next_dagrun for example_sensor_decorator to None, run_after=None
[2026-08-08T17:56:42.812+0000] {processor.py:208} INFO - Processing /home/airflow/.local/lib/python3.12/site-packages/airflow/example_dags/example_sensor_decorator.py took 0.055 seconds
[2026-08-08T17:57:13.376+0000] {processor.py:186} INFO - Started process (PID=670) to work on /home/airflow/.local/lib/python3.12/site-packages/airflow/example_dags/example_sensor_decorator.py
[2026-08-08T17:57:13.378+0000] {processor.py:914} INFO - Processing file /home/airflow/.local/lib/python3.12/site-packages/airflow/example_dags/example_sensor_decorator.py for tasks to queue
[2026-08-08T17:57:13.387+0000] {logging_mixin.py:190} INFO - [2026-08-08T17:57:13.386+0000] {dagbag.py:587} INFO - Filling up the DagBag from /home/airflow/.local/lib/python3.12/site-packages/airflow/example_dags/example_sensor_decorator.py
[2026-08-08T17:57:13.405+0000] {processor.py:925} INFO - DAG(s) 'example_sensor_decorator' retrieved from /home/airflow/.local/lib/python3.12/site-packages/airflow/example_dags/example_sensor_decorator.py
[2026-08-08T17:57:13.456+0000] {logging_mixin.py:190} INFO - [2026-08-08T17:57:13.455+0000] {dag.py:3211} INFO - Sync 1 DAGs
[2026-08-08T17:57:13.491+0000] {logging_mixin.py:190} INFO - [2026-08-08T17:57:13.491+0000] {dag.py:4138} INFO - Setting next_dagrun for example_sensor_decorator to None, run_after=None
[2026-08-08T17:57:13.541+0000] {processor.py:208} INFO - Processing /home/airflow/.local/lib/python3.12/site-packages/airflow/example_dags/example_sensor_decorator.py took 0.179 seconds
[2026-08-08T18:08:19.563+0000] {processor.py:186} INFO - Started process (PID=733) to work on /home/airflow/.local/lib/python3.12/site-packages/airflow/example_dags/example_sensor_decorator.py
[2026-08-08T18:08:19.569+0000] {processor.py:914} INFO - Processing file /home/airflow/.local/lib/python3.12/site-packages/airflow/example_dags/example_sensor_decorator.py for tasks to queue
[2026-08-08T18:08:19.580+0000] {logging_mixin.py:190} INFO - [2026-08-08T18:08:19.579+0000] {dagbag.py:587} INFO - Filling up the DagBag from /home/airflow/.local/lib/python3.12/site-packages/airflow/example_dags/example_sensor_decorator.py
[2026-08-08T18:08:19.605+0000] {processor.py:925} INFO - DAG(s) 'example_sensor_decorator' retrieved from /home/airflow/.local/lib/python3.12/site-packages/airflow/example_dags/example_sensor_decorator.py
[2026-08-08T18:08:19.648+0000] {logging_mixin.py:190} INFO - [2026-08-08T18:08:19.647+0000] {dag.py:3211} INFO - Sync 1 DAGs
[2026-08-08T18:08:19.676+0000] {logging_mixin.py:190} INFO - [2026-08-08T18:08:19.676+0000] {dag.py:4138} INFO - Setting next_dagrun for example_sensor_decorator to None, run_after=None
[2026-08-08T18:08:19.718+0000] {processor.py:208} INFO - Processing /home/airflow/.local/lib/python3.12/site-packages/airflow/example_dags/example_sensor_decorator.py took 0.170 seconds
[2026-08-08T18:08:49.986+0000] {processor.py:186} INFO - Started process (PID=796) to work on /home/airflow/.local/lib/python3.12/site-packages/airflow/example_dags/example_sensor_decorator.py
[2026-08-08T18:08:49.988+0000] {processor.py:914} INFO - Processing file /home/airflow/.local/lib/python3.12/site-packages/airflow/example_dags/example_sensor_decorator.py for tasks to queue
[2026-08-08T18:08:49.993+0000] {logging_mixin.py:190} INFO - [2026-08-08T18:08:49.992+0000] {dagbag.py:587} INFO - Filling up the DagBag from /home/airflow/.local/lib/python3.12/site-packages/airflow/example_dags/example_sensor_decorator.py
[2026-08-08T18:08:50.008+0000] {processor.py:925} INFO - DAG(s) 'example_sensor_decorator' retrieved from /home/airflow/.local/lib/python3.12/site-packages/airflow/example_dags/example_sensor_decorator.py
[2026-08-08T18:08:50.039+0000] {logging_mixin.py:190} INFO - [2026-08-08T18:08:50.039+0000] {dag.py:3211} INFO - Sync 1 DAGs
[2026-08-08T18:08:50.059+0000] {logging_mixin.py:190} INFO - [2026-08-08T18:08:50.059+0000] {dag.py:4138} INFO - Setting next_dagrun for example_sensor_decorator to None, run_after=None
[2026-08-08T18:08:50.090+0000] {processor.py:208} INFO - Processing /home/airflow/.local/lib/python3.12/site-packages/airflow/example_dags/example_sensor_decorator.py took 0.114 seconds
[2026-08-08T18:09:20.935+0000] {processor.py:186} INFO - Started process (PID=859) to work on /home/airflow/.local/lib/python3.12/site-packages/airflow/example_dags/example_sensor_decorator.py
[2026-08-08T18:09:20.937+0000] {processor.py:914} INFO - Processing file /home/airflow/.local/lib/python3.12/site-packages/airflow/example_dags/example_sensor_decorator.py for tasks to queue
[2026-08-08T18:09:20.941+0000] {logging_mixin.py:190} INFO - [2026-08-08T18:09:20.941+0000] {dagbag.py:587} INFO - Filling up the DagBag from /home/airflow/.local/lib/python3.12/site-packages/airflow/example_dags/example_sensor_decorator.py
[2026-08-08T18:09:20.960+0000] {processor.py:925} INFO - DAG(s) 'example_sensor_decorator' retrieved from /home/airflow/.local/lib/python3.12/site-packages/airflow/example_dags/example_sensor_decorator.py
[2026-08-08T18:09:21.002+0000] {logging_mixin.py:190} INFO - [2026-08-08T18:09:21.001+0000] {dag.py:3211} INFO - Sync 1 DAGs
[2026-08-08T18:09:21.033+0000] {logging_mixin.py:190} INFO - [2026-08-08T18:09:21.033+0000] {dag.py:4138} INFO - Setting next_dagrun for example_sensor_decorator to None, run_after=None
[2026-08-08T18:09:21.067+0000] {processor.py:208} INFO - Processing /home/airflow/.local/lib/python3.12/site-packages/airflow/example_dags/example_sensor_decorator.py took 0.142 seconds
[2026-08-08T18:09:51.527+0000] {processor.py:186} INFO - Started process (PID=922) to work on /home/airflow/.local/lib/python3.12/site-packages/airflow/example_dags/example_sensor_decorator.py
[2026-08-08T18:09:51.529+0000] {processor.py:914} INFO - Processing file /home/airflow/.local/lib/python3.12/site-packages/airflow/example_dags/example_sensor_decorator.py for tasks to queue
[2026-08-08T18:09:51.531+0000] {logging_mixin.py:190} INFO - [2026-08-08T18:09:51.531+0000] {dagbag.py:587} INFO - Filling up the DagBag from /home/airflow/.local/lib/python3.12/site-packages/airflow/example_dags/example_sensor_decorator.py
[2026-08-08T18:09:51.544+0000] {processor.py:925} INFO - DAG(s) 'example_sensor_decorator' retrieved from /home/airflow/.local/lib/python3.12/site-packages/airflow/example_dags/example_sensor_decorator.py
[2026-08-08T18:09:51.570+0000] {logging_mixin.py:190} INFO - [2026-08-08T18:09:51.570+0000] {dag.py:3211} INFO - Sync 1 DAGs
[2026-08-08T18:09:51.586+0000] {logging_mixin.py:190} INFO - [2026-08-08T18:09:51.586+0000] {dag.py:4138} INFO - Setting next_dagrun for example_sensor_decorator to None, run_after=None
[2026-08-08T18:09:51.607+0000] {processor.py:208} INFO - Processing /home/airflow/.local/lib/python3.12/site-packages/airflow/example_dags/example_sensor_decorator.py took 0.087 seconds
[2026-08-08T18:10:21.872+0000] {processor.py:186} INFO - Started process (PID=985) to work on /home/airflow/.local/lib/python3.12/site-packages/airflow/example_dags/example_sensor_decorator.py
[2026-08-08T18:10:21.876+0000] {processor.py:914} INFO - Processing file /home/airflow/.local/lib/python3.12/site-packages/airflow/example_dags/example_sensor_decorator.py for tasks to queue
[2026-08-08T18:10:21.883+0000] {logging_mixin.py:190} INFO - [2026-08-08T18:10:21.882+0000] {dagbag.py:587} INFO - Filling up the DagBag from /home/airflow/.local/lib/python3.12/site-packages/airflow/example_dags/example_sensor_decorator.py
[2026-08-08T18:10:21.903+0000] {processor.py:925} INFO - DAG(s) 'example_sensor_decorator' retrieved from /home/airflow/.local/lib/python3.12/site-packages/airflow/example_dags/example_sensor_decorator.py
[2026-08-08T18:10:21.952+0000] {logging_mixin.py:190} INFO - [2026-08-08T18:10:21.952+0000] {dag.py:3211} INFO - Sync 1 DAGs
[2026-08-08T18:10:21.986+0000] {logging_mixin.py:190} INFO - [2026-08-08T18:10:21.985+0000] {dag.py:4138} INFO - Setting next_dagrun for example_sensor_decorator to None, run_after=None
[2026-08-08T18:10:22.033+0000] {processor.py:208} INFO - Processing /home/airflow/.local/lib/python3.12/site-packages/airflow/example_dags/example_sensor_decorator.py took 0.176 seconds
[2026-08-08T18:10:52.984+0000] {processor.py:186} INFO - Started process (PID=1048) to work on /home/airflow/.local/lib/python3.12/site-packages/airflow/example_dags/example_sensor_decorator.py
[2026-08-08T18:10:52.985+0000] {processor.py:914} INFO - Processing file /home/airflow/.local/lib/python3.12/site-packages/airflow/example_dags/example_sensor_decorator.py for tasks to queue
[2026-08-08T18:10:52.987+0000] {logging_mixin.py:190} INFO - [2026-08-08T18:10:52.987+0000] {dagbag.py:587} INFO - Filling up the DagBag from /home/airflow/.local/lib/python3.12/site-packages/airflow/example_dags/example_sensor_decorator.py
[2026-08-08T18:10:52.996+0000] {processor.py:925} INFO - DAG(s) 'example_sensor_decorator' retrieved from /home/airflow/.local/lib/python3.12/site-packages/airflow/example_dags/example_sensor_decorator.py
[2026-08-08T18:10:53.017+0000] {logging_mixin.py:190} INFO - [2026-08-08T18:10:53.017+0000] {dag.py:3211} INFO - Sync 1 DAGs
[2026-08-08T18:10:53.029+0000] {logging_mixin.py:190} INFO - [2026-08-08T18:10:53.029+0000] {dag.py:4138} INFO - Setting next_dagrun for example_sensor_decorator to None, run_after=None
[2026-08-08T18:10:53.047+0000] {processor.py:208} INFO - Processing /home/airflow/.local/lib/python3.12/site-packages/airflow/example_dags/example_sensor_decorator.py took 0.070 seconds
[2026-08-08T18:11:23.353+0000] {processor.py:186} INFO - Started process (PID=1111) to work on /home/airflow/.local/lib/python3.12/site-packages/airflow/example_dags/example_sensor_decorator.py
[2026-08-08T18:11:23.356+0000] {processor.py:914} INFO - Processing file /home/airflow/.local/lib/python3.12/site-packages/airflow/example_dags/example_sensor_decorator.py for tasks to queue
[2026-08-08T18:11:23.361+0000] {logging_mixin.py:190} INFO - [2026-08-08T18:11:23.360+0000] {dagbag.py:587} INFO - Filling up the DagBag from /home/airflow/.local/lib/python3.12/site-packages/airflow/example_dags/example_sensor_decorator.py
[2026-08-08T18:11:23.373+0000] {processor.py:925} INFO - DAG(s) 'example_sensor_decorator' retrieved from /home/airflow/.local/lib/python3.12/site-packages/airflow/example_dags/example_sensor_decorator.py
[2026-08-08T18:11:23.403+0000] {logging_mixin.py:190} INFO - [2026-08-08T18:11:23.403+0000] {dag.py:3211} INFO - Sync 1 DAGs
[2026-08-08T18:11:23.422+0000] {logging_mixin.py:190} INFO - [2026-08-08T18:11:23.422+0000] {dag.py:4138} INFO - Setting next_dagrun for example_sensor_decorator to None, run_after=None
[2026-08-08T18:11:23.453+0000] {processor.py:208} INFO - Processing /home/airflow/.local/lib/python3.12/site-packages/airflow/example_dags/example_sensor_decorator.py took 0.108 seconds
[2026-08-08T18:11:53.498+0000] {processor.py:186} INFO - Started process (PID=1174) to work on /home/airflow/.local/lib/python3.12/site-packages/airflow/example_dags/example_sensor_decorator.py
[2026-08-08T18:11:53.499+0000] {processor.py:914} INFO - Processing file /home/airflow/.local/lib/python3.12/site-packages/airflow/example_dags/example_sensor_decorator.py for tasks to queue
[2026-08-08T18:11:53.502+0000] {logging_mixin.py:190} INFO - [2026-08-08T18:11:53.502+0000] {dagbag.py:587} INFO - Filling up the DagBag from /home/airflow/.local/lib/python3.12/site-packages/airflow/example_dags/example_sensor_decorator.py
[2026-08-08T18:11:53.512+0000] {processor.py:925} INFO - DAG(s) 'example_sensor_decorator' retrieved from /home/airflow/.local/lib/python3.12/site-packages/airflow/example_dags/example_sensor_decorator.py
[2026-08-08T18:11:53.535+0000] {logging_mixin.py:190} INFO - [2026-08-08T18:11:53.535+0000] {dag.py:3211} INFO - Sync 1 DAGs
[2026-08-08T18:11:53.550+0000] {logging_mixin.py:190} INFO - [2026-08-08T18:11:53.549+0000] {dag.py:4138} INFO - Setting next_dagrun for example_sensor_decorator to None, run_after=None
[2026-08-08T18:11:53.567+0000] {processor.py:208} INFO - Processing /home/airflow/.local/lib/python3.12/site-packages/airflow/example_dags/example_sensor_decorator.py took 0.076 seconds
[2026-08-08T18:13:08.467+0000] {processor.py:186} INFO - Started process (PID=109) to work on /home/airflow/.local/lib/python3.12/site-packages/airflow/example_dags/example_sensor_decorator.py
[2026-08-08T18:13:08.469+0000] {processor.py:914} INFO - Processing file /home/airflow/.local/lib/python3.12/site-packages/airflow/example_dags/example_sensor_decorator.py for tasks to queue
[2026-08-08T18:13:08.473+0000] {logging_mixin.py:190} INFO - [2026-08-08T18:13:08.473+0000] {dagbag.py:587} INFO - Filling up the DagBag from /home/airflow/.local/lib/python3.12/site-packages/airflow/example_dags/example_sensor_decorator.py
[2026-08-08T18:13:08.483+0000] {processor.py:925} INFO - DAG(s) 'example_sensor_decorator' retrieved from /home/airflow/.local/lib/python3.12/site-packages/airflow/example_dags/example_sensor_decorator.py
[2026-08-08T18:13:08.507+0000] {logging_mixin.py:190} INFO - [2026-08-08T18:13:08.507+0000] {dag.py:3211} INFO - Sync 1 DAGs
[2026-08-08T18:13:08.526+0000] {logging_mixin.py:190} INFO - [2026-08-08T18:13:08.526+0000] {dag.py:4138} INFO - Setting next_dagrun for example_sensor_decorator to None, run_after=None
[2026-08-08T18:13:08.574+0000] {processor.py:208} INFO - Processing /home/airflow/.local/lib/python3.12/site-packages/airflow/example_dags/example_sensor_decorator.py took 0.113 seconds
[2026-08-08T18:13:38.653+0000] {processor.py:186} INFO - Started process (PID=172) to work on /home/airflow/.local/lib/python3.12/site-packages/airflow/example_dags/example_sensor_decorator.py
[2026-08-08T18:13:38.654+0000] {processor.py:914} INFO - Processing file /home/airflow/.local/lib/python3.12/site-packages/airflow/example_dags/example_sensor_decorator.py for tasks to queue
[2026-08-08T18:13:38.657+0000] {logging_mixin.py:190} INFO - [2026-08-08T18:13:38.657+0000] {dagbag.py:587} INFO - Filling up the DagBag from /home/airflow/.local/lib/python3.12/site-packages/airflow/example_dags/example_sensor_decorator.py
[2026-08-08T18:13:38.665+0000] {processor.py:925} INFO - DAG(s) 'example_sensor_decorator' retrieved from /home/airflow/.local/lib/python3.12/site-packages/airflow/example_dags/example_sensor_decorator.py
[2026-08-08T18:13:38.683+0000] {logging_mixin.py:190} INFO - [2026-08-08T18:13:38.683+0000] {dag.py:3211} INFO - Sync 1 DAGs
[2026-08-08T18:13:38.695+0000] {logging_mixin.py:190} INFO - [2026-08-08T18:13:38.695+0000] {dag.py:4138} INFO - Setting next_dagrun for example_sensor_decorator to None, run_after=None
[2026-08-08T18:13:38.715+0000] {processor.py:208} INFO - Processing /home/airflow/.local/lib/python3.12/site-packages/airflow/example_dags/example_sensor_decorator.py took 0.067 seconds
[2026-08-08T18:14:09.237+0000] {processor.py:186} INFO - Started process (PID=235) to work on /home/airflow/.local/lib/python3.12/site-packages/airflow/example_dags/example_sensor_decorator.py
[2026-08-08T18:14:09.239+0000] {processor.py:914} INFO - Processing file /home/airflow/.local/lib/python3.12/site-packages/airflow/example_dags/example_sensor_decorator.py for tasks to queue
[2026-08-08T18:14:09.243+0000] {logging_mixin.py:190} INFO - [2026-08-08T18:14:09.242+0000] {dagbag.py:587} INFO - Filling up the DagBag from /home/airflow/.local/lib/python3.12/site-packages/airflow/example_dags/example_sensor_decorator.py
[2026-08-08T18:14:09.254+0000] {processor.py:925} INFO - DAG(s) 'example_sensor_decorator' retrieved from /home/airflow/.local/lib/python3.12/site-packages/airflow/example_dags/example_sensor_decorator.py
[2026-08-08T18:14:09.282+0000] {logging_mixin.py:190} INFO - [2026-08-08T18:14:09.282+0000] {dag.py:3211} INFO - Sync 1 DAGs
[2026-08-08T18:14:09.300+0000] {logging_mixin.py:190} INFO - [2026-08-08T18:14:09.299+0000] {dag.py:4138} INFO - Setting next_dagrun for example_sensor_decorator to None, run_after=None
[2026-08-08T18:14:09.329+0000] {processor.py:208} INFO - Processing /home/airflow/.local/lib/python3.12/site-packages/airflow/example_dags/example_sensor_decorator.py took 0.103 seconds
[2026-08-08T18:14:39.432+0000] {processor.py:186} INFO - Started process (PID=298) to work on /home/airflow/.local/lib/python3.12/site-packages/airflow/example_dags/example_sensor_decorator.py
[2026-08-08T18:14:39.434+0000] {processor.py:914} INFO - Processing file /home/airflow/.local/lib/python3.12/site-packages/airflow/example_dags/example_sensor_decorator.py for tasks to queue
[2026-08-08T18:14:39.436+0000] {logging_mixin.py:190} INFO - [2026-08-08T18:14:39.436+0000] {dagbag.py:587} INFO - Filling up the DagBag from /home/airflow/.local/lib/python3.12/site-packages/airflow/example_dags/example_sensor_decorator.py
[2026-08-08T18:14:39.445+0000] {processor.py:925} INFO - DAG(s) 'example_sensor_decorator' retrieved from /home/airflow/.local/lib/python3.12/site-packages/airflow/example_dags/example_sensor_decorator.py
[2026-08-08T18:14:39.463+0000] {logging_mixin.py:190} INFO - [2026-08-08T18:14:39.463+0000] {dag.py:3211} INFO - Sync 1 DAGs
[2026-08-08T18:14:39.477+0000] {logging_mixin.py:190} INFO - [2026-08-08T18:14:39.476+0000] {dag.py:4138} INFO - Setting next_dagrun for example_sensor_decorator to None, run_after=None
[2026-08-08T18:14:39.497+0000] {processor.py:208} INFO - Processing /home/airflow/.local/lib/python3.12/site-packages/airflow/example_dags/example_sensor_decorator.py took 0.073 seconds
[2026-08-08T18:15:11.406+0000] {processor.py:186} INFO - Started process (PID=361) to work on /home/airflow/.local/lib/python3.12/site-packages/airflow/example_dags/example_sensor_decorator.py
[2026-08-08T18:15:11.408+0000] {processor.py:914} INFO - Processing file /home/airflow/.local/lib/python3.12/site-packages/airflow/example_dags/example_sensor_decorator.py for tasks to queue
[2026-08-08T18:15:11.412+0000] {logging_mixin.py:190} INFO - [2026-08-08T18:15:11.411+0000] {dagbag.py:587} INFO - Filling up the DagBag from /home/airflow/.local/lib/python3.12/site-packages/airflow/example_dags/example_sensor_decorator.py
[2026-08-08T18:15:11.424+0000] {processor.py:925} INFO - DAG(s) 'example_sensor_decorator' retrieved from /home/airflow/.local/lib/python3.12/site-packages/airflow/example_dags/example_sensor_decorator.py
[2026-08-08T18:15:11.453+0000] {logging_mixin.py:190} INFO - [2026-08-08T18:15:11.453+0000] {dag.py:3211} INFO - Sync 1 DAGs
[2026-08-08T18:15:11.472+0000] {logging_mixin.py:190} INFO - [2026-08-08T18:15:11.472+0000] {dag.py:4138} INFO - Setting next_dagrun for example_sensor_decorator to None, run_after=None
[2026-08-08T18:15:11.500+0000] {processor.py:208} INFO - Processing /home/airflow/.local/lib/python3.12/site-packages/airflow/example_dags/example_sensor_decorator.py took 0.101 seconds
[2026-08-08T18:15:42.502+0000] {processor.py:186} INFO - Started process (PID=424) to work on /home/airflow/.local/lib/python3.12/site-packages/airflow/example_dags/example_sensor_decorator.py
[2026-08-08T18:15:42.504+0000] {processor.py:914} INFO - Processing file /home/airflow/.local/lib/python3.12/site-packages/airflow/example_dags/example_sensor_decorator.py for tasks to queue
[2026-08-08T18:15:42.508+0000] {logging_mixin.py:190} INFO - [2026-08-08T18:15:42.507+0000] {dagbag.py:587} INFO - Filling up the DagBag from /home/airflow/.local/lib/python3.12/site-packages/airflow/example_dags/example_sensor_decorator.py
[2026-08-08T18:15:42.519+0000] {processor.py:925} INFO - DAG(s) 'example_sensor_decorator' retrieved from /home/airflow/.local/lib/python3.12/site-packages/airflow/example_dags/example_sensor_decorator.py
[2026-08-08T18:15:42.545+0000] {logging_mixin.py:190} INFO - [2026-08-08T18:15:42.545+0000] {dag.py:3211} INFO - Sync 1 DAGs
[2026-08-08T18:15:42.564+0000] {logging_mixin.py:190} INFO - [2026-08-08T18:15:42.563+0000] {dag.py:4138} INFO - Setting next_dagrun for example_sensor_decorator to None, run_after=None
[2026-08-08T18:15:42.592+0000] {processor.py:208} INFO - Processing /home/airflow/.local/lib/python3.12/site-packages/airflow/example_dags/example_sensor_decorator.py took 0.098 seconds
[2026-08-08T18:17:13.409+0000] {processor.py:186} INFO - Started process (PID=122) to work on /home/airflow/.local/lib/python3.12/site-packages/airflow/example_dags/example_sensor_decorator.py
[2026-08-08T18:17:13.428+0000] {processor.py:914} INFO - Processing file /home/airflow/.local/lib/python3.12/site-packages/airflow/example_dags/example_sensor_decorator.py for tasks to queue
[2026-08-08T18:17:13.432+0000] {logging_mixin.py:190} INFO - [2026-08-08T18:17:13.431+0000] {dagbag.py:587} INFO - Filling up the DagBag from /home/airflow/.local/lib/python3.12/site-packages/airflow/example_dags/example_sensor_decorator.py
[2026-08-08T18:17:13.442+0000] {processor.py:925} INFO - DAG(s) 'example_sensor_decorator' retrieved from /home/airflow/.local/lib/python3.12/site-packages/airflow/example_dags/example_sensor_decorator.py
[2026-08-08T18:17:13.468+0000] {logging_mixin.py:190} INFO - [2026-08-08T18:17:13.468+0000] {dag.py:3211} INFO - Sync 1 DAGs
[2026-08-08T18:17:13.485+0000] {logging_mixin.py:190} INFO - [2026-08-08T18:17:13.484+0000] {dag.py:4138} INFO - Setting next_dagrun for example_sensor_decorator to None, run_after=None
[2026-08-08T18:17:13.508+0000] {processor.py:208} INFO - Processing /home/airflow/.local/lib/python3.12/site-packages/airflow/example_dags/example_sensor_decorator.py took 0.107 seconds
[2026-08-08T18:17:43.619+0000] {processor.py:186} INFO - Started process (PID=185) to work on /home/airflow/.local/lib/python3.12/site-packages/airflow/example_dags/example_sensor_decorator.py
[2026-08-08T18:17:43.620+0000] {processor.py:914} INFO - Processing file /home/airflow/.local/lib/python3.12/site-packages/airflow/example_dags/example_sensor_decorator.py for tasks to queue
[2026-08-08T18:17:43.624+0000] {logging_mixin.py:190} INFO - [2026-08-08T18:17:43.623+0000] {dagbag.py:587} INFO - Filling up the DagBag from /home/airflow/.local/lib/python3.12/site-packages/airflow/example_dags/example_sensor_decorator.py
[2026-08-08T18:17:43.634+0000] {processor.py:925} INFO - DAG(s) 'example_sensor_decorator' retrieved from /home/airflow/.local/lib/python3.12/site-packages/airflow/example_dags/example_sensor_decorator.py
[2026-08-08T18:17:43.659+0000] {logging_mixin.py:190} INFO - [2026-08-08T18:17:43.659+0000] {dag.py:3211} INFO - Sync 1 DAGs
[2026-08-08T18:17:43.675+0000] {logging_mixin.py:190} INFO - [2026-08-08T18:17:43.675+0000] {dag.py:4138} INFO - Setting next_dagrun for example_sensor_decorator to None, run_after=None
[2026-08-08T18:17:43.703+0000] {processor.py:208} INFO - Processing /home/airflow/.local/lib/python3.12/site-packages/airflow/example_dags/example_sensor_decorator.py took 0.092 seconds
[2026-08-08T18:18:14.572+0000] {processor.py:186} INFO - Started process (PID=248) to work on /home/airflow/.local/lib/python3.12/site-packages/airflow/example_dags/example_sensor_decorator.py
[2026-08-08T18:18:14.574+0000] {processor.py:914} INFO - Processing file /home/airflow/.local/lib/python3.12/site-packages/airflow/example_dags/example_sensor_decorator.py for tasks to queue
[2026-08-08T18:18:14.578+0000] {logging_mixin.py:190} INFO - [2026-08-08T18:18:14.577+0000] {dagbag.py:587} INFO - Filling up the DagBag from /home/airflow/.local/lib/python3.12/site-packages/airflow/example_dags/example_sensor_decorator.py
[2026-08-08T18:18:14.589+0000] {processor.py:925} INFO - DAG(s) 'example_sensor_decorator' retrieved from /home/airflow/.local/lib/python3.12/site-packages/airflow/example_dags/example_sensor_decorator.py
[2026-08-08T18:18:14.616+0000] {logging_mixin.py:190} INFO - [2026-08-08T18:18:14.616+0000] {dag.py:3211} INFO - Sync 1 DAGs
[2026-08-08T18:18:14.635+0000] {logging_mixin.py:190} INFO - [2026-08-08T18:18:14.635+0000] {dag.py:4138} INFO - Setting next_dagrun for example_sensor_decorator to None, run_after=None
[2026-08-08T18:18:14.661+0000] {processor.py:208} INFO - Processing /home/airflow/.local/lib/python3.12/site-packages/airflow/example_dags/example_sensor_decorator.py took 0.096 seconds
[2026-08-08T18:18:44.987+0000] {processor.py:186} INFO - Started process (PID=311) to work on /home/airflow/.local/lib/python3.12/site-packages/airflow/example_dags/example_sensor_decorator.py
[2026-08-08T18:18:44.989+0000] {processor.py:914} INFO - Processing file /home/airflow/.local/lib/python3.12/site-packages/airflow/example_dags/example_sensor_decorator.py for tasks to queue
[2026-08-08T18:18:44.994+0000] {logging_mixin.py:190} INFO - [2026-08-08T18:18:44.993+0000] {dagbag.py:587} INFO - Filling up the DagBag from /home/airflow/.local/lib/python3.12/site-packages/airflow/example_dags/example_sensor_decorator.py
[2026-08-08T18:18:45.007+0000] {processor.py:925} INFO - DAG(s) 'example_sensor_decorator' retrieved from /home/airflow/.local/lib/python3.12/site-packages/airflow/example_dags/example_sensor_decorator.py
[2026-08-08T18:18:45.034+0000] {logging_mixin.py:190} INFO - [2026-08-08T18:18:45.034+0000] {dag.py:3211} INFO - Sync 1 DAGs
[2026-08-08T18:18:45.051+0000] {logging_mixin.py:190} INFO - [2026-08-08T18:18:45.051+0000] {dag.py:4138} INFO - Setting next_dagrun for example_sensor_decorator to None, run_after=None
[2026-08-08T18:18:45.080+0000] {processor.py:208} INFO - Processing /home/airflow/.local/lib/python3.12/site-packages/airflow/example_dags/example_sensor_decorator.py took 0.102 seconds
[2026-08-08T18:19:15.832+0000] {processor.py:186} INFO - Started process (PID=374) to work on /home/airflow/.local/lib/python3.12/site-packages/airflow/example_dags/example_sensor_decorator.py
[2026-08-08T18:19:15.834+0000] {processor.py:914} INFO - Processing file /home/airflow/.local/lib/python3.12/site-packages/airflow/example_dags/example_sensor_decorator.py for tasks to queue
[2026-08-08T18:19:15.837+0000] {logging_mixin.py:190} INFO - [2026-08-08T18:19:15.836+0000] {dagbag.py:587} INFO - Filling up the DagBag from /home/airflow/.local/lib/python3.12/site-packages/airflow/example_dags/example_sensor_decorator.py
[2026-08-08T18:19:15.846+0000] {processor.py:925} INFO - DAG(s) 'example_sensor_decorator' retrieved from /home/airflow/.local/lib/python3.12/site-packages/airflow/example_dags/example_sensor_decorator.py
[2026-08-08T18:19:15.870+0000] {logging_mixin.py:190} INFO - [2026-08-08T18:19:15.870+0000] {dag.py:3211} INFO - Sync 1 DAGs
[2026-08-08T18:19:15.888+0000] {logging_mixin.py:190} INFO - [2026-08-08T18:19:15.888+0000] {dag.py:4138} INFO - Setting next_dagrun for example_sensor_decorator to None, run_after=None
[2026-08-08T18:19:15.909+0000] {processor.py:208} INFO - Processing /home/airflow/.local/lib/python3.12/site-packages/airflow/example_dags/example_sensor_decorator.py took 0.084 seconds
[2026-08-08T18:24:03.493+0000] {processor.py:186} INFO - Started process (PID=437) to work on /home/airflow/.local/lib/python3.12/site-packages/airflow/example_dags/example_sensor_decorator.py
[2026-08-08T18:24:03.496+0000] {processor.py:914} INFO - Processing file /home/airflow/.local/lib/python3.12/site-packages/airflow/example_dags/example_sensor_decorator.py for tasks to queue
[2026-08-08T18:24:03.503+0000] {logging_mixin.py:190} INFO - [2026-08-08T18:24:03.502+0000] {dagbag.py:587} INFO - Filling up the DagBag from /home/airflow/.local/lib/python3.12/site-packages/airflow/example_dags/example_sensor_decorator.py
[2026-08-08T18:24:03.513+0000] {processor.py:925} INFO - DAG(s) 'example_sensor_decorator' retrieved from /home/airflow/.local/lib/python3.12/site-packages/airflow/example_dags/example_sensor_decorator.py
[2026-08-08T18:24:03.537+0000] {logging_mixin.py:190} INFO - [2026-08-08T18:24:03.537+0000] {dag.py:3211} INFO - Sync 1 DAGs
[2026-08-08T18:24:03.553+0000] {logging_mixin.py:190} INFO - [2026-08-08T18:24:03.552+0000] {dag.py:4138} INFO - Setting next_dagrun for example_sensor_decorator to None, run_after=None
[2026-08-08T18:24:03.592+0000] {processor.py:208} INFO - Processing /home/airflow/.local/lib/python3.12/site-packages/airflow/example_dags/example_sensor_decorator.py took 0.105 seconds
[2026-08-08T18:24:33.845+0000] {processor.py:186} INFO - Started process (PID=500) to work on /home/airflow/.local/lib/python3.12/site-packages/airflow/example_dags/example_sensor_decorator.py
[2026-08-08T18:24:33.848+0000] {processor.py:914} INFO - Processing file /home/airflow/.local/lib/python3.12/site-packages/airflow/example_dags/example_sensor_decorator.py for tasks to queue
[2026-08-08T18:24:33.852+0000] {logging_mixin.py:190} INFO - [2026-08-08T18:24:33.852+0000] {dagbag.py:587} INFO - Filling up the DagBag from /home/airflow/.local/lib/python3.12/site-packages/airflow/example_dags/example_sensor_decorator.py
[2026-08-08T18:24:33.868+0000] {processor.py:925} INFO - DAG(s) 'example_sensor_decorator' retrieved from /home/airflow/.local/lib/python3.12/site-packages/airflow/example_dags/example_sensor_decorator.py
[2026-08-08T18:24:33.903+0000] {logging_mixin.py:190} INFO - [2026-08-08T18:24:33.903+0000] {dag.py:3211} INFO - Sync 1 DAGs
[2026-08-08T18:24:33.926+0000] {logging_mixin.py:190} INFO - [2026-08-08T18:24:33.926+0000] {dag.py:4138} INFO - Setting next_dagrun for example_sensor_decorator to None, run_after=None
[2026-08-08T18:24:33.957+0000] {processor.py:208} INFO - Processing /home/airflow/.local/lib/python3.12/site-packages/airflow/example_dags/example_sensor_decorator.py took 0.124 seconds
[2026-08-08T18:25:04.190+0000] {processor.py:186} INFO - Started process (PID=563) to work on /home/airflow/.local/lib/python3.12/site-packages/airflow/example_dags/example_sensor_decorator.py
[2026-08-08T18:25:04.191+0000] {processor.py:914} INFO - Processing file /home/airflow/.local/lib/python3.12/site-packages/airflow/example_dags/example_sensor_decorator.py for tasks to queue
[2026-08-08T18:25:04.194+0000] {logging_mixin.py:190} INFO - [2026-08-08T18:25:04.194+0000] {dagbag.py:587} INFO - Filling up the DagBag from /home/airflow/.local/lib/python3.12/site-packages/airflow/example_dags/example_sensor_decorator.py
[2026-08-08T18:25:04.203+0000] {processor.py:925} INFO - DAG(s) 'example_sensor_decorator' retrieved from /home/airflow/.local/lib/python3.12/site-packages/airflow/example_dags/example_sensor_decorator.py
[2026-08-08T18:25:04.226+0000] {logging_mixin.py:190} INFO - [2026-08-08T18:25:04.226+0000] {dag.py:3211} INFO - Sync 1 DAGs
[2026-08-08T18:25:04.242+0000] {logging_mixin.py:190} INFO - [2026-08-08T18:25:04.241+0000] {dag.py:4138} INFO - Setting next_dagrun for example_sensor_decorator to None, run_after=None
[2026-08-08T18:25:04.261+0000] {processor.py:208} INFO - Processing /home/airflow/.local/lib/python3.12/site-packages/airflow/example_dags/example_sensor_decorator.py took 0.077 seconds
[2026-08-08T18:25:34.730+0000] {processor.py:186} INFO - Started process (PID=626) to work on /home/airflow/.local/lib/python3.12/site-packages/airflow/example_dags/example_sensor_decorator.py
[2026-08-08T18:25:34.732+0000] {processor.py:914} INFO - Processing file /home/airflow/.local/lib/python3.12/site-packages/airflow/example_dags/example_sensor_decorator.py for tasks to queue
[2026-08-08T18:25:34.737+0000] {logging_mixin.py:190} INFO - [2026-08-08T18:25:34.737+0000] {dagbag.py:587} INFO - Filling up the DagBag from /home/airflow/.local/lib/python3.12/site-packages/airflow/example_dags/example_sensor_decorator.py
[2026-08-08T18:25:34.752+0000] {processor.py:925} INFO - DAG(s) 'example_sensor_decorator' retrieved from /home/airflow/.local/lib/python3.12/site-packages/airflow/example_dags/example_sensor_decorator.py
[2026-08-08T18:25:34.779+0000] {logging_mixin.py:190} INFO - [2026-08-08T18:25:34.779+0000] {dag.py:3211} INFO - Sync 1 DAGs
[2026-08-08T18:25:34.795+0000] {logging_mixin.py:190} INFO - [2026-08-08T18:25:34.794+0000] {dag.py:4138} INFO - Setting next_dagrun for example_sensor_decorator to None, run_after=None
[2026-08-08T18:25:34.817+0000] {processor.py:208} INFO - Processing /home/airflow/.local/lib/python3.12/site-packages/airflow/example_dags/example_sensor_decorator.py took 0.096 seconds
[2026-08-08T18:26:05.434+0000] {processor.py:186} INFO - Started process (PID=690) to work on /home/airflow/.local/lib/python3.12/site-packages/airflow/example_dags/example_sensor_decorator.py
[2026-08-08T18:26:05.435+0000] {processor.py:914} INFO - Processing file /home/airflow/.local/lib/python3.12/site-packages/airflow/example_dags/example_sensor_decorator.py for tasks to queue
[2026-08-08T18:26:05.438+0000] {logging_mixin.py:190} INFO - [2026-08-08T18:26:05.438+0000] {dagbag.py:587} INFO - Filling up the DagBag from /home/airflow/.local/lib/python3.12/site-packages/airflow/example_dags/example_sensor_decorator.py
[2026-08-08T18:26:05.446+0000] {processor.py:925} INFO - DAG(s) 'example_sensor_decorator' retrieved from /home/airflow/.local/lib/python3.12/site-packages/airflow/example_dags/example_sensor_decorator.py
[2026-08-08T18:26:05.468+0000] {logging_mixin.py:190} INFO - [2026-08-08T18:26:05.467+0000] {dag.py:3211} INFO - Sync 1 DAGs
[2026-08-08T18:26:05.480+0000] {logging_mixin.py:190} INFO - [2026-08-08T18:26:05.479+0000] {dag.py:4138} INFO - Setting next_dagrun for example_sensor_decorator to None, run_after=None
[2026-08-08T18:26:05.500+0000] {processor.py:208} INFO - Processing /home/airflow/.local/lib/python3.12/site-packages/airflow/example_dags/example_sensor_decorator.py took 0.072 seconds
[2026-08-08T18:26:36.087+0000] {processor.py:186} INFO - Started process (PID=753) to work on /home/airflow/.local/lib/python3.12/site-packages/airflow/example_dags/example_sensor_decorator.py
[2026-08-08T18:26:36.088+0000] {processor.py:914} INFO - Processing file /home/airflow/.local/lib/python3.12/site-packages/airflow/example_dags/example_sensor_decorator.py for tasks to queue
[2026-08-08T18:26:36.090+0000] {logging_mixin.py:190} INFO - [2026-08-08T18:26:36.090+0000] {dagbag.py:587} INFO - Filling up the DagBag from /home/airflow/.local/lib/python3.12/site-packages/airflow/example_dags/example_sensor_decorator.py
[2026-08-08T18:26:36.099+0000] {processor.py:925} INFO - DAG(s) 'example_sensor_decorator' retrieved from /home/airflow/.local/lib/python3.12/site-packages/airflow/example_dags/example_sensor_decorator.py
[2026-08-08T18:26:36.120+0000] {logging_mixin.py:190} INFO - [2026-08-08T18:26:36.119+0000] {dag.py:3211} INFO - Sync 1 DAGs
[2026-08-08T18:26:36.133+0000] {logging_mixin.py:190} INFO - [2026-08-08T18:26:36.132+0000] {dag.py:4138} INFO - Setting next_dagrun for example_sensor_decorator to None, run_after=None
[2026-08-08T18:26:36.155+0000] {processor.py:208} INFO - Processing /home/airflow/.local/lib/python3.12/site-packages/airflow/example_dags/example_sensor_decorator.py took 0.074 seconds
