[2026-08-08T17:25:09.810+0000] {processor.py:186} INFO - Started process (PID=93) to work on /home/airflow/.local/lib/python3.12/site-packages/airflow/example_dags/example_python_decorator.py
[2026-08-08T17:25:09.812+0000] {processor.py:914} INFO - Processing file /home/airflow/.local/lib/python3.12/site-packages/airflow/example_dags/example_python_decorator.py for tasks to queue
[2026-08-08T17:25:09.815+0000] {logging_mixin.py:190} INFO - [2026-08-08T17:25:09.815+0000] {dagbag.py:587} INFO - Filling up the DagBag from /home/airflow/.local/lib/python3.12/site-packages/airflow/example_dags/example_python_decorator.py
[2026-08-08T17:25:09.843+0000] {processor.py:925} INFO - DAG(s) 'example_python_decorator' retrieved from /home/airflow/.local/lib/python3.12/site-packages/airflow/example_dags/example_python_decorator.py
[2026-08-08T17:25:10.233+0000] {logging_mixin.py:190} INFO - [2026-08-08T17:25:10.232+0000] {override.py:1858} INFO - Created Permission View: can delete on DAG:example_python_decorator
[2026-08-08T17:25:10.334+0000] {logging_mixin.py:190} INFO - [2026-08-08T17:25:10.333+0000] {override.py:1858} INFO - Created Permission View: can edit on DAG:example_python_decorator
[2026-08-08T17:25:10.426+0000] {logging_mixin.py:190} INFO - [2026-08-08T17:25:10.425+0000] {override.py:1858} INFO - Created Permission View: can read on DAG:example_python_decorator
[2026-08-08T17:25:10.427+0000] {logging_mixin.py:190} INFO - [2026-08-08T17:25:10.426+0000] {dag.py:3211} INFO - Sync 1 DAGs
[2026-08-08T17:25:10.436+0000] {logging_mixin.py:190} INFO - [2026-08-08T17:25:10.436+0000] {dag.py:3234} INFO - Creating ORM DAG for example_python_decorator
[2026-08-08T17:25:10.437+0000] {logging_mixin.py:190} INFO - [2026-08-08T17:25:10.437+0000] {dag.py:4138} INFO - Setting next_dagrun for example_python_decorator to None, run_after=None
[2026-08-08T17:25:10.487+0000] {processor.py:208} INFO - Processing /home/airflow/.local/lib/python3.12/site-packages/airflow/example_dags/example_python_decorator.py took 0.684 seconds
[2026-08-08T17:25:41.270+0000] {processor.py:186} INFO - Started process (PID=156) to work on /home/airflow/.local/lib/python3.12/site-packages/airflow/example_dags/example_python_decorator.py
[2026-08-08T17:25:41.271+0000] {processor.py:914} INFO - Processing file /home/airflow/.local/lib/python3.12/site-packages/airflow/example_dags/example_python_decorator.py for tasks to queue
[2026-08-08T17:25:41.274+0000] {logging_mixin.py:190} INFO - [2026-08-08T17:25:41.273+0000] {dagbag.py:587} INFO - Filling up the DagBag from /home/airflow/.local/lib/python3.12/site-packages/airflow/example_dags/example_python_decorator.py
[2026-08-08T17:25:41.285+0000] {processor.py:925} INFO - DAG(s) 'example_python_decorator' retrieved from /home/airflow/.local/lib/python3.12/site-packages/airflow/example_dags/example_python_decorator.py
[2026-08-08T17:25:41.306+0000] {logging_mixin.py:190} INFO - [2026-08-08T17:25:41.306+0000] {dag.py:3211} INFO - Sync 1 DAGs
[2026-08-08T17:25:41.320+0000] {logging_mixin.py:190} INFO - [2026-08-08T17:25:41.320+0000] {dag.py:4138} INFO - Setting next_dagrun for example_python_decorator to None, run_after=None
[2026-08-08T17:25:41.338+0000] {processor.py:208} INFO - Processing /home/airflow/.local/lib/python3.12/site-packages/airflow/example_dags/example_python_decorator.py took 0.075 seconds
[2026-08-08T17:26:11.736+0000] {processor.py:186} INFO - Started process (PID=219) to work on /home/airflow/.local/lib/python3.12/site-packages/airflow/example_dags/example_python_decorator.py
[2026-08-08T17:26:11.738+0000] {processor.py:914} INFO - Processing file /home/airflow/.local/lib/python3.12/site-packages/airflow/example_dags/example_python_decorator.py for tasks to queue
[2026-08-08T17:26:11.743+0000] {logging_mixin.py:190} INFO - [2026-08-08T17:26:11.742+0000] {dagbag.py:587} INFO - Filling up the DagBag from /home/airflow/.local/lib/python3.12/site-packages/airflow/example_dags/example_python_decorator.py
[2026-08-08T17:26:11.776+0000] {processor.py:925} INFO - DAG(s) 'example_python_decorator' retrieved from /home/airflow/.local/lib/python3.12/site-packages/airflow/example_dags/example_python_decorator.py
[2026-08-08T17:26:11.828+0000] {logging_mixin.py:190} INFO - [2026-08-08T17:26:11.828+0000] {dag.py:3211} INFO - Sync 1 DAGs
[2026-08-08T17:26:11.855+0000] {logging_mixin.py:190} INFO - [2026-08-08T17:26:11.855+0000] {dag.py:4138} INFO - Setting next_dagrun for example_python_decorator to None, run_after=None
[2026-08-08T17:26:11.890+0000] {processor.py:208} INFO - Processing /home/airflow/.local/lib/python3.12/site-packages/airflow/example_dags/example_python_decorator.py took 0.166 seconds
[2026-08-08T17:26:42.058+0000] {processor.py:186} INFO - Started process (PID=282) to work on /home/airflow/.local/lib/python3.12/site-packages/airflow/example_dags/example_python_decorator.py
[2026-08-08T17:26:42.060+0000] {processor.py:914} INFO - Processing file /home/airflow/.local/lib/python3.12/site-packages/airflow/example_dags/example_python_decorator.py for tasks to queue
[2026-08-08T17:26:42.063+0000] {logging_mixin.py:190} INFO - [2026-08-08T17:26:42.063+0000] {dagbag.py:587} INFO - Filling up the DagBag from /home/airflow/.local/lib/python3.12/site-packages/airflow/example_dags/example_python_decorator.py
[2026-08-08T17:26:42.080+0000] {processor.py:925} INFO - DAG(s) 'example_python_decorator' retrieved from /home/airflow/.local/lib/python3.12/site-packages/airflow/example_dags/example_python_decorator.py
[2026-08-08T17:26:42.108+0000] {logging_mixin.py:190} INFO - [2026-08-08T17:26:42.108+0000] {dag.py:3211} INFO - Sync 1 DAGs
[2026-08-08T17:26:42.124+0000] {logging_mixin.py:190} INFO - [2026-08-08T17:26:42.124+0000] {dag.py:4138} INFO - Setting next_dagrun for example_python_decorator to None, run_after=None
[2026-08-08T17:26:42.172+0000] {processor.py:208} INFO - Processing /home/airflow/.local/lib/python3.12/site-packages/airflow/example_dags/example_python_decorator.py took 0.120 seconds
[2026-08-08T17:27:12.647+0000] {processor.py:186} INFO - Started process (PID=345) to work on /home/airflow/.local/lib/python3.12/site-packages/airflow/example_dags/example_python_decorator.py
[2026-08-08T17:27:12.648+0000] {processor.py:914} INFO - Processing file /home/airflow/.local/lib/python3.12/site-packages/airflow/example_dags/example_python_decorator.py for tasks to queue
[2026-08-08T17:27:12.651+0000] {logging_mixin.py:190} INFO - [2026-08-08T17:27:12.650+0000] {dagbag.py:587} INFO - Filling up the DagBag from /home/airflow/.local/lib/python3.12/site-packages/airflow/example_dags/example_python_decorator.py
[2026-08-08T17:27:12.664+0000] {processor.py:925} INFO - DAG(s) 'example_python_decorator' retrieved from /home/airflow/.local/lib/python3.12/site-packages/airflow/example_dags/example_python_decorator.py
[2026-08-08T17:27:12.683+0000] {logging_mixin.py:190} INFO - [2026-08-08T17:27:12.683+0000] {dag.py:3211} INFO - Sync 1 DAGs
[2026-08-08T17:27:12.697+0000] {logging_mixin.py:190} INFO - [2026-08-08T17:27:12.697+0000] {dag.py:4138} INFO - Setting next_dagrun for example_python_decorator to None, run_after=None
[2026-08-08T17:27:12.714+0000] {processor.py:208} INFO - Processing /home/airflow/.local/lib/python3.12/site-packages/airflow/example_dags/example_python_decorator.py took 0.074 seconds
[2026-08-08T17:27:43.150+0000] {processor.py:186} INFO - Started process (PID=408) to work on /home/airflow/.local/lib/python3.12/site-packages/airflow/example_dags/example_python_decorator.py
[2026-08-08T17:27:43.151+0000] {processor.py:914} INFO - Processing file /home/airflow/.local/lib/python3.12/site-packages/airflow/example_dags/example_python_decorator.py for tasks to queue
[2026-08-08T17:27:43.154+0000] {logging_mixin.py:190} INFO - [2026-08-08T17:27:43.153+0000] {dagbag.py:587} INFO - Filling up the DagBag from /home/airflow/.local/lib/python3.12/site-packages/airflow/example_dags/example_python_decorator.py
[2026-08-08T17:27:43.170+0000] {processor.py:925} INFO - DAG(s) 'example_python_decorator' retrieved from /home/airflow/.local/lib/python3.12/site-packages/airflow/example_dags/example_python_decorator.py
[2026-08-08T17:27:43.193+0000] {logging_mixin.py:190} INFO - [2026-08-08T17:27:43.192+0000] {dag.py:3211} INFO - Sync 1 DAGs
[2026-08-08T17:27:43.207+0000] {logging_mixin.py:190} INFO - [2026-08-08T17:27:43.206+0000] {dag.py:4138} INFO - Setting next_dagrun for example_python_decorator to None, run_after=None
[2026-08-08T17:27:43.225+0000] {processor.py:208} INFO - Processing /home/airflow/.local/lib/python3.12/site-packages/airflow/example_dags/example_python_decorator.py took 0.081 seconds
[2026-08-08T17:28:13.606+0000] {processor.py:186} INFO - Started process (PID=471) to work on /home/airflow/.local/lib/python3.12/site-packages/airflow/example_dags/example_python_decorator.py
[2026-08-08T17:28:13.608+0000] {processor.py:914} INFO - Processing file /home/airflow/.local/lib/python3.12/site-packages/airflow/example_dags/example_python_decorator.py for tasks to queue
[2026-08-08T17:28:13.612+0000] {logging_mixin.py:190} INFO - [2026-08-08T17:28:13.611+0000] {dagbag.py:587} INFO - Filling up the DagBag from /home/airflow/.local/lib/python3.12/site-packages/airflow/example_dags/example_python_decorator.py
[2026-08-08T17:28:13.626+0000] {processor.py:925} INFO - DAG(s) 'example_python_decorator' retrieved from /home/airflow/.local/lib/python3.12/site-packages/airflow/example_dags/example_python_decorator.py
[2026-08-08T17:28:13.648+0000] {logging_mixin.py:190} INFO - [2026-08-08T17:28:13.647+0000] {dag.py:3211} INFO - Sync 1 DAGs
[2026-08-08T17:28:13.658+0000] {logging_mixin.py:190} INFO - [2026-08-08T17:28:13.658+0000] {dag.py:4138} INFO - Setting next_dagrun for example_python_decorator to None, run_after=None
[2026-08-08T17:28:13.682+0000] {processor.py:208} INFO - Processing /home/airflow/.local/lib/python3.12/site-packages/airflow/example_dags/example_python_decorator.py took 0.085 seconds
[2026-08-08T17:28:44.423+0000] {processor.py:186} INFO - Started process (PID=534) to work on /home/airflow/.local/lib/python3.12/site-packages/airflow/example_dags/example_python_decorator.py
[2026-08-08T17:28:44.424+0000] {processor.py:914} INFO - Processing file /home/airflow/.local/lib/python3.12/site-packages/airflow/example_dags/example_python_decorator.py for tasks to queue
[2026-08-08T17:28:44.427+0000] {logging_mixin.py:190} INFO - [2026-08-08T17:28:44.427+0000] {dagbag.py:587} INFO - Filling up the DagBag from /home/airflow/.local/lib/python3.12/site-packages/airflow/example_dags/example_python_decorator.py
[2026-08-08T17:28:44.444+0000] {processor.py:925} INFO - DAG(s) 'example_python_decorator' retrieved from /home/airflow/.local/lib/python3.12/site-packages/airflow/example_dags/example_python_decorator.py
[2026-08-08T17:28:44.480+0000] {logging_mixin.py:190} INFO - [2026-08-08T17:28:44.480+0000] {dag.py:3211} INFO - Sync 1 DAGs
[2026-08-08T17:28:44.498+0000] {logging_mixin.py:190} INFO - [2026-08-08T17:28:44.498+0000] {dag.py:4138} INFO - Setting next_dagrun for example_python_decorator to None, run_after=None
[2026-08-08T17:28:44.546+0000] {processor.py:208} INFO - Processing /home/airflow/.local/lib/python3.12/site-packages/airflow/example_dags/example_python_decorator.py took 0.129 seconds
[2026-08-08T17:29:14.744+0000] {processor.py:186} INFO - Started process (PID=597) to work on /home/airflow/.local/lib/python3.12/site-packages/airflow/example_dags/example_python_decorator.py
[2026-08-08T17:29:14.746+0000] {processor.py:914} INFO - Processing file /home/airflow/.local/lib/python3.12/site-packages/airflow/example_dags/example_python_decorator.py for tasks to queue
[2026-08-08T17:29:14.748+0000] {logging_mixin.py:190} INFO - [2026-08-08T17:29:14.748+0000] {dagbag.py:587} INFO - Filling up the DagBag from /home/airflow/.local/lib/python3.12/site-packages/airflow/example_dags/example_python_decorator.py
[2026-08-08T17:29:14.766+0000] {processor.py:925} INFO - DAG(s) 'example_python_decorator' retrieved from /home/airflow/.local/lib/python3.12/site-packages/airflow/example_dags/example_python_decorator.py
[2026-08-08T17:29:14.787+0000] {logging_mixin.py:190} INFO - [2026-08-08T17:29:14.787+0000] {dag.py:3211} INFO - Sync 1 DAGs
[2026-08-08T17:29:14.801+0000] {logging_mixin.py:190} INFO - [2026-08-08T17:29:14.801+0000] {dag.py:4138} INFO - Setting next_dagrun for example_python_decorator to None, run_after=None
[2026-08-08T17:29:14.824+0000] {processor.py:208} INFO - Processing /home/airflow/.local/lib/python3.12/site-packages/airflow/example_dags/example_python_decorator.py took 0.086 seconds
[2026-08-08T17:29:44.888+0000] {processor.py:186} INFO - Started process (PID=659) to work on /home/airflow/.local/lib/python3.12/site-packages/airflow/example_dags/example_python_decorator.py
[2026-08-08T17:29:44.890+0000] {processor.py:914} INFO - Processing file /home/airflow/.local/lib/python3.12/site-packages/airflow/example_dags/example_python_decorator.py for tasks to queue
[2026-08-08T17:29:44.892+0000] {logging_mixin.py:190} INFO - [2026-08-08T17:29:44.892+0000] {dagbag.py:587} INFO - Filling up the DagBag from /home/airflow/.local/lib/python3.12/site-packages/airflow/example_dags/example_python_decorator.py
[2026-08-08T17:29:44.907+0000] {processor.py:925} INFO - DAG(s) 'example_python_decorator' retrieved from /home/airflow/.local/lib/python3.12/site-packages/airflow/example_dags/example_python_decorator.py
[2026-08-08T17:29:44.936+0000] {logging_mixin.py:190} INFO - [2026-08-08T17:29:44.936+0000] {dag.py:3211} INFO - Sync 1 DAGs
[2026-08-08T17:29:44.951+0000] {logging_mixin.py:190} INFO - [2026-08-08T17:29:44.951+0000] {dag.py:4138} INFO - Setting next_dagrun for example_python_decorator to None, run_after=None
[2026-08-08T17:29:44.972+0000] {processor.py:208} INFO - Processing /home/airflow/.local/lib/python3.12/site-packages/airflow/example_dags/example_python_decorator.py took 0.089 seconds
[2026-08-08T17:30:15.856+0000] {processor.py:186} INFO - Started process (PID=723) to work on /home/airflow/.local/lib/python3.12/site-packages/airflow/example_dags/example_python_decorator.py
[2026-08-08T17:30:15.858+0000] {processor.py:914} INFO - Processing file /home/airflow/.local/lib/python3.12/site-packages/airflow/example_dags/example_python_decorator.py for tasks to queue
[2026-08-08T17:30:15.863+0000] {logging_mixin.py:190} INFO - [2026-08-08T17:30:15.862+0000] {dagbag.py:587} INFO - Filling up the DagBag from /home/airflow/.local/lib/python3.12/site-packages/airflow/example_dags/example_python_decorator.py
[2026-08-08T17:30:15.891+0000] {processor.py:925} INFO - DAG(s) 'example_python_decorator' retrieved from /home/airflow/.local/lib/python3.12/site-packages/airflow/example_dags/example_python_decorator.py
[2026-08-08T17:30:15.934+0000] {logging_mixin.py:190} INFO - [2026-08-08T17:30:15.934+0000] {dag.py:3211} INFO - Sync 1 DAGs
[2026-08-08T17:30:15.957+0000] {logging_mixin.py:190} INFO - [2026-08-08T17:30:15.957+0000] {dag.py:4138} INFO - Setting next_dagrun for example_python_decorator to None, run_after=None
[2026-08-08T17:30:15.997+0000] {processor.py:208} INFO - Processing /home/airflow/.local/lib/python3.12/site-packages/airflow/example_dags/example_python_decorator.py took 0.150 seconds
[2026-08-08T17:30:46.186+0000] {processor.py:186} INFO - Started process (PID=785) to work on /home/airflow/.local/lib/python3.12/site-packages/airflow/example_dags/example_python_decorator.py
[2026-08-08T17:30:46.188+0000] {processor.py:914} INFO - Processing file /home/airflow/.local/lib/python3.12/site-packages/airflow/example_dags/example_python_decorator.py for tasks to queue
[2026-08-08T17:30:46.191+0000] {logging_mixin.py:190} INFO - [2026-08-08T17:30:46.190+0000] {dagbag.py:587} INFO - Filling up the DagBag from /home/airflow/.local/lib/python3.12/site-packages/airflow/example_dags/example_python_decorator.py
[2026-08-08T17:30:46.208+0000] {processor.py:925} INFO - DAG(s) 'example_python_decorator' retrieved from /home/airflow/.local/lib/python3.12/site-packages/airflow/example_dags/example_python_decorator.py
[2026-08-08T17:30:46.232+0000] {logging_mixin.py:190} INFO - [2026-08-08T17:30:46.231+0000] {dag.py:3211} INFO - Sync 1 DAGs
[2026-08-08T17:30:46.243+0000] {logging_mixin.py:190} INFO - [2026-08-08T17:30:46.242+0000] {dag.py:4138} INFO - Setting next_dagrun for example_python_decorator to None, run_after=None
[2026-08-08T17:30:46.270+0000] {processor.py:208} INFO - Processing /home/airflow/.local/lib/python3.12/site-packages/airflow/example_dags/example_python_decorator.py took 0.089 seconds
[2026-08-08T17:31:16.961+0000] {processor.py:186} INFO - Started process (PID=849) to work on /home/airflow/.local/lib/python3.12/site-packages/airflow/example_dags/example_python_decorator.py
[2026-08-08T17:31:16.963+0000] {processor.py:914} INFO - Processing file /home/airflow/.local/lib/python3.12/site-packages/airflow/example_dags/example_python_decorator.py for tasks to queue
[2026-08-08T17:31:16.967+0000] {logging_mixin.py:190} INFO - [2026-08-08T17:31:16.966+0000] {dagbag.py:587} INFO - Filling up the DagBag from /home/airflow/.local/lib/python3.12/site-packages/airflow/example_dags/example_python_decorator.py
[2026-08-08T17:31:16.988+0000] {processor.py:925} INFO - DAG(s) 'example_python_decorator' retrieved from /home/airflow/.local/lib/python3.12/site-packages/airflow/example_dags/example_python_decorator.py
[2026-08-08T17:31:17.022+0000] {logging_mixin.py:190} INFO - [2026-08-08T17:31:17.022+0000] {dag.py:3211} INFO - Sync 1 DAGs
[2026-08-08T17:31:17.043+0000] {logging_mixin.py:190} INFO - [2026-08-08T17:31:17.043+0000] {dag.py:4138} INFO - Setting next_dagrun for example_python_decorator to None, run_after=None
[2026-08-08T17:31:17.068+0000] {processor.py:208} INFO - Processing /home/airflow/.local/lib/python3.12/site-packages/airflow/example_dags/example_python_decorator.py took 0.117 seconds
[2026-08-08T17:31:47.389+0000] {processor.py:186} INFO - Started process (PID=912) to work on /home/airflow/.local/lib/python3.12/site-packages/airflow/example_dags/example_python_decorator.py
[2026-08-08T17:31:47.391+0000] {processor.py:914} INFO - Processing file /home/airflow/.local/lib/python3.12/site-packages/airflow/example_dags/example_python_decorator.py for tasks to queue
[2026-08-08T17:31:47.393+0000] {logging_mixin.py:190} INFO - [2026-08-08T17:31:47.393+0000] {dagbag.py:587} INFO - Filling up the DagBag from /home/airflow/.local/lib/python3.12/site-packages/airflow/example_dags/example_python_decorator.py
[2026-08-08T17:31:47.407+0000] {processor.py:925} INFO - DAG(s) 'example_python_decorator' retrieved from /home/airflow/.local/lib/python3.12/site-packages/airflow/example_dags/example_python_decorator.py
[2026-08-08T17:31:47.430+0000] {logging_mixin.py:190} INFO - [2026-08-08T17:31:47.429+0000] {dag.py:3211} INFO - Sync 1 DAGs
[2026-08-08T17:31:47.445+0000] {logging_mixin.py:190} INFO - [2026-08-08T17:31:47.445+0000] {dag.py:4138} INFO - Setting next_dagrun for example_python_decorator to None, run_after=None
[2026-08-08T17:31:47.466+0000] {processor.py:208} INFO - Processing /home/airflow/.local/lib/python3.12/site-packages/airflow/example_dags/example_python_decorator.py took 0.084 seconds
[2026-08-08T17:32:17.951+0000] {processor.py:186} INFO - Started process (PID=975) to work on /home/airflow/.local/lib/python3.12/site-packages/airflow/example_dags/example_python_decorator.py
[2026-08-08T17:32:17.952+0000] {processor.py:914} INFO - Processing file /home/airflow/.local/lib/python3.12/site-packages/airflow/example_dags/example_python_decorator.py for tasks to queue
[2026-08-08T17:32:17.955+0000] {logging_mixin.py:190} INFO - [2026-08-08T17:32:17.954+0000] {dagbag.py:587} INFO - Filling up the DagBag from /home/airflow/.local/lib/python3.12/site-packages/airflow/example_dags/example_python_decorator.py
[2026-08-08T17:32:17.968+0000] {processor.py:925} INFO - DAG(s) 'example_python_decorator' retrieved from /home/airflow/.local/lib/python3.12/site-packages/airflow/example_dags/example_python_decorator.py
[2026-08-08T17:32:17.988+0000] {logging_mixin.py:190} INFO - [2026-08-08T17:32:17.988+0000] {dag.py:3211} INFO - Sync 1 DAGs
[2026-08-08T17:32:18.001+0000] {logging_mixin.py:190} INFO - [2026-08-08T17:32:18.000+0000] {dag.py:4138} INFO - Setting next_dagrun for example_python_decorator to None, run_after=None
[2026-08-08T17:32:18.017+0000] {processor.py:208} INFO - Processing /home/airflow/.local/lib/python3.12/site-packages/airflow/example_dags/example_python_decorator.py took 0.072 seconds
[2026-08-08T17:32:48.277+0000] {processor.py:186} INFO - Started process (PID=1038) to work on /home/airflow/.local/lib/python3.12/site-packages/airflow/example_dags/example_python_decorator.py
[2026-08-08T17:32:48.278+0000] {processor.py:914} INFO - Processing file /home/airflow/.local/lib/python3.12/site-packages/airflow/example_dags/example_python_decorator.py for tasks to queue
[2026-08-08T17:32:48.281+0000] {logging_mixin.py:190} INFO - [2026-08-08T17:32:48.280+0000] {dagbag.py:587} INFO - Filling up the DagBag from /home/airflow/.local/lib/python3.12/site-packages/airflow/example_dags/example_python_decorator.py
[2026-08-08T17:32:48.296+0000] {processor.py:925} INFO - DAG(s) 'example_python_decorator' retrieved from /home/airflow/.local/lib/python3.12/site-packages/airflow/example_dags/example_python_decorator.py
[2026-08-08T17:32:48.318+0000] {logging_mixin.py:190} INFO - [2026-08-08T17:32:48.318+0000] {dag.py:3211} INFO - Sync 1 DAGs
[2026-08-08T17:32:48.331+0000] {logging_mixin.py:190} INFO - [2026-08-08T17:32:48.331+0000] {dag.py:4138} INFO - Setting next_dagrun for example_python_decorator to None, run_after=None
[2026-08-08T17:32:48.352+0000] {processor.py:208} INFO - Processing /home/airflow/.local/lib/python3.12/site-packages/airflow/example_dags/example_python_decorator.py took 0.080 seconds
[2026-08-08T17:33:18.947+0000] {processor.py:186} INFO - Started process (PID=1101) to work on /home/airflow/.local/lib/python3.12/site-packages/airflow/example_dags/example_python_decorator.py
[2026-08-08T17:33:18.949+0000] {processor.py:914} INFO - Processing file /home/airflow/.local/lib/python3.12/site-packages/airflow/example_dags/example_python_decorator.py for tasks to queue
[2026-08-08T17:33:18.953+0000] {logging_mixin.py:190} INFO - [2026-08-08T17:33:18.953+0000] {dagbag.py:587} INFO - Filling up the DagBag from /home/airflow/.local/lib/python3.12/site-packages/airflow/example_dags/example_python_decorator.py
[2026-08-08T17:33:18.971+0000] {processor.py:925} INFO - DAG(s) 'example_python_decorator' retrieved from /home/airflow/.local/lib/python3.12/site-packages/airflow/example_dags/example_python_decorator.py
[2026-08-08T17:33:19.002+0000] {logging_mixin.py:190} INFO - [2026-08-08T17:33:19.001+0000] {dag.py:3211} INFO - Sync 1 DAGs
[2026-08-08T17:33:19.021+0000] {logging_mixin.py:190} INFO - [2026-08-08T17:33:19.021+0000] {dag.py:4138} INFO - Setting next_dagrun for example_python_decorator to None, run_after=None
[2026-08-08T17:33:19.045+0000] {processor.py:208} INFO - Processing /home/airflow/.local/lib/python3.12/site-packages/airflow/example_dags/example_python_decorator.py took 0.104 seconds
[2026-08-08T17:33:49.387+0000] {processor.py:186} INFO - Started process (PID=1164) to work on /home/airflow/.local/lib/python3.12/site-packages/airflow/example_dags/example_python_decorator.py
[2026-08-08T17:33:49.388+0000] {processor.py:914} INFO - Processing file /home/airflow/.local/lib/python3.12/site-packages/airflow/example_dags/example_python_decorator.py for tasks to queue
[2026-08-08T17:33:49.391+0000] {logging_mixin.py:190} INFO - [2026-08-08T17:33:49.390+0000] {dagbag.py:587} INFO - Filling up the DagBag from /home/airflow/.local/lib/python3.12/site-packages/airflow/example_dags/example_python_decorator.py
[2026-08-08T17:33:49.402+0000] {processor.py:925} INFO - DAG(s) 'example_python_decorator' retrieved from /home/airflow/.local/lib/python3.12/site-packages/airflow/example_dags/example_python_decorator.py
[2026-08-08T17:33:49.425+0000] {logging_mixin.py:190} INFO - [2026-08-08T17:33:49.425+0000] {dag.py:3211} INFO - Sync 1 DAGs
[2026-08-08T17:33:49.441+0000] {logging_mixin.py:190} INFO - [2026-08-08T17:33:49.440+0000] {dag.py:4138} INFO - Setting next_dagrun for example_python_decorator to None, run_after=None
[2026-08-08T17:33:49.460+0000] {processor.py:208} INFO - Processing /home/airflow/.local/lib/python3.12/site-packages/airflow/example_dags/example_python_decorator.py took 0.078 seconds
[2026-08-08T17:34:19.743+0000] {processor.py:186} INFO - Started process (PID=1227) to work on /home/airflow/.local/lib/python3.12/site-packages/airflow/example_dags/example_python_decorator.py
[2026-08-08T17:34:19.744+0000] {processor.py:914} INFO - Processing file /home/airflow/.local/lib/python3.12/site-packages/airflow/example_dags/example_python_decorator.py for tasks to queue
[2026-08-08T17:34:19.746+0000] {logging_mixin.py:190} INFO - [2026-08-08T17:34:19.746+0000] {dagbag.py:587} INFO - Filling up the DagBag from /home/airflow/.local/lib/python3.12/site-packages/airflow/example_dags/example_python_decorator.py
[2026-08-08T17:34:19.759+0000] {processor.py:925} INFO - DAG(s) 'example_python_decorator' retrieved from /home/airflow/.local/lib/python3.12/site-packages/airflow/example_dags/example_python_decorator.py
[2026-08-08T17:34:19.780+0000] {logging_mixin.py:190} INFO - [2026-08-08T17:34:19.779+0000] {dag.py:3211} INFO - Sync 1 DAGs
[2026-08-08T17:34:19.796+0000] {logging_mixin.py:190} INFO - [2026-08-08T17:34:19.796+0000] {dag.py:4138} INFO - Setting next_dagrun for example_python_decorator to None, run_after=None
[2026-08-08T17:34:19.820+0000] {processor.py:208} INFO - Processing /home/airflow/.local/lib/python3.12/site-packages/airflow/example_dags/example_python_decorator.py took 0.083 seconds
[2026-08-08T17:34:50.666+0000] {processor.py:186} INFO - Started process (PID=1290) to work on /home/airflow/.local/lib/python3.12/site-packages/airflow/example_dags/example_python_decorator.py
[2026-08-08T17:34:50.667+0000] {processor.py:914} INFO - Processing file /home/airflow/.local/lib/python3.12/site-packages/airflow/example_dags/example_python_decorator.py for tasks to queue
[2026-08-08T17:34:50.669+0000] {logging_mixin.py:190} INFO - [2026-08-08T17:34:50.669+0000] {dagbag.py:587} INFO - Filling up the DagBag from /home/airflow/.local/lib/python3.12/site-packages/airflow/example_dags/example_python_decorator.py
[2026-08-08T17:34:50.680+0000] {processor.py:925} INFO - DAG(s) 'example_python_decorator' retrieved from /home/airflow/.local/lib/python3.12/site-packages/airflow/example_dags/example_python_decorator.py
[2026-08-08T17:34:50.702+0000] {logging_mixin.py:190} INFO - [2026-08-08T17:34:50.702+0000] {dag.py:3211} INFO - Sync 1 DAGs
[2026-08-08T17:34:50.714+0000] {logging_mixin.py:190} INFO - [2026-08-08T17:34:50.714+0000] {dag.py:4138} INFO - Setting next_dagrun for example_python_decorator to None, run_after=None
[2026-08-08T17:34:50.733+0000] {processor.py:208} INFO - Processing /home/airflow/.local/lib/python3.12/site-packages/airflow/example_dags/example_python_decorator.py took 0.073 seconds
[2026-08-08T17:35:21.274+0000] {processor.py:186} INFO - Started process (PID=1353) to work on /home/airflow/.local/lib/python3.12/site-packages/airflow/example_dags/example_python_decorator.py
[2026-08-08T17:35:21.275+0000] {processor.py:914} INFO - Processing file /home/airflow/.local/lib/python3.12/site-packages/airflow/example_dags/example_python_decorator.py for tasks to queue
[2026-08-08T17:35:21.277+0000] {logging_mixin.py:190} INFO - [2026-08-08T17:35:21.277+0000] {dagbag.py:587} INFO - Filling up the DagBag from /home/airflow/.local/lib/python3.12/site-packages/airflow/example_dags/example_python_decorator.py
[2026-08-08T17:35:21.291+0000] {processor.py:925} INFO - DAG(s) 'example_python_decorator' retrieved from /home/airflow/.local/lib/python3.12/site-packages/airflow/example_dags/example_python_decorator.py
[2026-08-08T17:35:21.313+0000] {logging_mixin.py:190} INFO - [2026-08-08T17:35:21.313+0000] {dag.py:3211} INFO - Sync 1 DAGs
[2026-08-08T17:35:21.327+0000] {logging_mixin.py:190} INFO - [2026-08-08T17:35:21.326+0000] {dag.py:4138} INFO - Setting next_dagrun for example_python_decorator to None, run_after=None
[2026-08-08T17:35:21.348+0000] {processor.py:208} INFO - Processing /home/airflow/.local/lib/python3.12/site-packages/airflow/example_dags/example_python_decorator.py took 0.080 seconds
[2026-08-08T17:35:52.226+0000] {processor.py:186} INFO - Started process (PID=1416) to work on /home/airflow/.local/lib/python3.12/site-packages/airflow/example_dags/example_python_decorator.py
[2026-08-08T17:35:52.228+0000] {processor.py:914} INFO - Processing file /home/airflow/.local/lib/python3.12/site-packages/airflow/example_dags/example_python_decorator.py for tasks to queue
[2026-08-08T17:35:52.232+0000] {logging_mixin.py:190} INFO - [2026-08-08T17:35:52.231+0000] {dagbag.py:587} INFO - Filling up the DagBag from /home/airflow/.local/lib/python3.12/site-packages/airflow/example_dags/example_python_decorator.py
[2026-08-08T17:35:52.258+0000] {processor.py:925} INFO - DAG(s) 'example_python_decorator' retrieved from /home/airflow/.local/lib/python3.12/site-packages/airflow/example_dags/example_python_decorator.py
[2026-08-08T17:35:52.302+0000] {logging_mixin.py:190} INFO - [2026-08-08T17:35:52.301+0000] {dag.py:3211} INFO - Sync 1 DAGs
[2026-08-08T17:35:52.328+0000] {logging_mixin.py:190} INFO - [2026-08-08T17:35:52.327+0000] {dag.py:4138} INFO - Setting next_dagrun for example_python_decorator to None, run_after=None
[2026-08-08T17:35:52.369+0000] {processor.py:208} INFO - Processing /home/airflow/.local/lib/python3.12/site-packages/airflow/example_dags/example_python_decorator.py took 0.153 seconds
[2026-08-08T17:36:22.833+0000] {processor.py:186} INFO - Started process (PID=1479) to work on /home/airflow/.local/lib/python3.12/site-packages/airflow/example_dags/example_python_decorator.py
[2026-08-08T17:36:22.835+0000] {processor.py:914} INFO - Processing file /home/airflow/.local/lib/python3.12/site-packages/airflow/example_dags/example_python_decorator.py for tasks to queue
[2026-08-08T17:36:22.838+0000] {logging_mixin.py:190} INFO - [2026-08-08T17:36:22.838+0000] {dagbag.py:587} INFO - Filling up the DagBag from /home/airflow/.local/lib/python3.12/site-packages/airflow/example_dags/example_python_decorator.py
[2026-08-08T17:36:22.855+0000] {processor.py:925} INFO - DAG(s) 'example_python_decorator' retrieved from /home/airflow/.local/lib/python3.12/site-packages/airflow/example_dags/example_python_decorator.py
[2026-08-08T17:36:22.883+0000] {logging_mixin.py:190} INFO - [2026-08-08T17:36:22.883+0000] {dag.py:3211} INFO - Sync 1 DAGs
[2026-08-08T17:36:22.906+0000] {logging_mixin.py:190} INFO - [2026-08-08T17:36:22.905+0000] {dag.py:4138} INFO - Setting next_dagrun for example_python_decorator to None, run_after=None
[2026-08-08T17:36:22.932+0000] {processor.py:208} INFO - Processing /home/airflow/.local/lib/python3.12/site-packages/airflow/example_dags/example_python_decorator.py took 0.105 seconds
[2026-08-08T17:38:15.440+0000] {processor.py:186} INFO - Started process (PID=81) to work on /home/airflow/.local/lib/python3.12/site-packages/airflow/example_dags/example_python_decorator.py
[2026-08-08T17:38:15.441+0000] {processor.py:914} INFO - Processing file /home/airflow/.local/lib/python3.12/site-packages/airflow/example_dags/example_python_decorator.py for tasks to queue
[2026-08-08T17:38:15.444+0000] {logging_mixin.py:190} INFO - [2026-08-08T17:38:15.444+0000] {dagbag.py:587} INFO - Filling up the DagBag from /home/airflow/.local/lib/python3.12/site-packages/airflow/example_dags/example_python_decorator.py
[2026-08-08T17:38:15.461+0000] {processor.py:925} INFO - DAG(s) 'example_python_decorator' retrieved from /home/airflow/.local/lib/python3.12/site-packages/airflow/example_dags/example_python_decorator.py
[2026-08-08T17:38:15.543+0000] {logging_mixin.py:190} INFO - [2026-08-08T17:38:15.542+0000] {dag.py:3211} INFO - Sync 1 DAGs
[2026-08-08T17:38:15.550+0000] {logging_mixin.py:190} INFO - [2026-08-08T17:38:15.550+0000] {dag.py:4138} INFO - Setting next_dagrun for example_python_decorator to None, run_after=None
[2026-08-08T17:38:15.572+0000] {processor.py:208} INFO - Processing /home/airflow/.local/lib/python3.12/site-packages/airflow/example_dags/example_python_decorator.py took 0.136 seconds
[2026-08-08T17:38:46.157+0000] {processor.py:186} INFO - Started process (PID=144) to work on /home/airflow/.local/lib/python3.12/site-packages/airflow/example_dags/example_python_decorator.py
[2026-08-08T17:38:46.158+0000] {processor.py:914} INFO - Processing file /home/airflow/.local/lib/python3.12/site-packages/airflow/example_dags/example_python_decorator.py for tasks to queue
[2026-08-08T17:38:46.162+0000] {logging_mixin.py:190} INFO - [2026-08-08T17:38:46.162+0000] {dagbag.py:587} INFO - Filling up the DagBag from /home/airflow/.local/lib/python3.12/site-packages/airflow/example_dags/example_python_decorator.py
[2026-08-08T17:38:46.178+0000] {processor.py:925} INFO - DAG(s) 'example_python_decorator' retrieved from /home/airflow/.local/lib/python3.12/site-packages/airflow/example_dags/example_python_decorator.py
[2026-08-08T17:38:46.204+0000] {logging_mixin.py:190} INFO - [2026-08-08T17:38:46.204+0000] {dag.py:3211} INFO - Sync 1 DAGs
[2026-08-08T17:38:46.229+0000] {logging_mixin.py:190} INFO - [2026-08-08T17:38:46.228+0000] {dag.py:4138} INFO - Setting next_dagrun for example_python_decorator to None, run_after=None
[2026-08-08T17:38:46.262+0000] {processor.py:208} INFO - Processing /home/airflow/.local/lib/python3.12/site-packages/airflow/example_dags/example_python_decorator.py took 0.110 seconds
[2026-08-08T17:39:16.607+0000] {processor.py:186} INFO - Started process (PID=207) to work on /home/airflow/.local/lib/python3.12/site-packages/airflow/example_dags/example_python_decorator.py
[2026-08-08T17:39:16.608+0000] {processor.py:914} INFO - Processing file /home/airflow/.local/lib/python3.12/site-packages/airflow/example_dags/example_python_decorator.py for tasks to queue
[2026-08-08T17:39:16.610+0000] {logging_mixin.py:190} INFO - [2026-08-08T17:39:16.610+0000] {dagbag.py:587} INFO - Filling up the DagBag from /home/airflow/.local/lib/python3.12/site-packages/airflow/example_dags/example_python_decorator.py
[2026-08-08T17:39:16.621+0000] {processor.py:925} INFO - DAG(s) 'example_python_decorator' retrieved from /home/airflow/.local/lib/python3.12/site-packages/airflow/example_dags/example_python_decorator.py
[2026-08-08T17:39:16.648+0000] {logging_mixin.py:190} INFO - [2026-08-08T17:39:16.647+0000] {dag.py:3211} INFO - Sync 1 DAGs
[2026-08-08T17:39:16.659+0000] {logging_mixin.py:190} INFO - [2026-08-08T17:39:16.659+0000] {dag.py:4138} INFO - Setting next_dagrun for example_python_decorator to None, run_after=None
[2026-08-08T17:39:16.680+0000] {processor.py:208} INFO - Processing /home/airflow/.local/lib/python3.12/site-packages/airflow/example_dags/example_python_decorator.py took 0.078 seconds
[2026-08-08T17:39:47.673+0000] {processor.py:186} INFO - Started process (PID=270) to work on /home/airflow/.local/lib/python3.12/site-packages/airflow/example_dags/example_python_decorator.py
[2026-08-08T17:39:47.675+0000] {processor.py:914} INFO - Processing file /home/airflow/.local/lib/python3.12/site-packages/airflow/example_dags/example_python_decorator.py for tasks to queue
[2026-08-08T17:39:47.678+0000] {logging_mixin.py:190} INFO - [2026-08-08T17:39:47.677+0000] {dagbag.py:587} INFO - Filling up the DagBag from /home/airflow/.local/lib/python3.12/site-packages/airflow/example_dags/example_python_decorator.py
[2026-08-08T17:39:47.692+0000] {processor.py:925} INFO - DAG(s) 'example_python_decorator' retrieved from /home/airflow/.local/lib/python3.12/site-packages/airflow/example_dags/example_python_decorator.py
[2026-08-08T17:39:47.713+0000] {logging_mixin.py:190} INFO - [2026-08-08T17:39:47.713+0000] {dag.py:3211} INFO - Sync 1 DAGs
[2026-08-08T17:39:47.727+0000] {logging_mixin.py:190} INFO - [2026-08-08T17:39:47.727+0000] {dag.py:4138} INFO - Setting next_dagrun for example_python_decorator to None, run_after=None
[2026-08-08T17:39:47.748+0000] {processor.py:208} INFO - Processing /home/airflow/.local/lib/python3.12/site-packages/airflow/example_dags/example_python_decorator.py took 0.081 seconds
[2026-08-08T17:42:39.383+0000] {processor.py:186} INFO - Started process (PID=93) to work on /home/airflow/.local/lib/python3.12/site-packages/airflow/example_dags/example_python_decorator.py
[2026-08-08T17:42:39.385+0000] {processor.py:914} INFO - Processing file /home/airflow/.local/lib/python3.12/site-packages/airflow/example_dags/example_python_decorator.py for tasks to queue
[2026-08-08T17:42:39.388+0000] {logging_mixin.py:190} INFO - [2026-08-08T17:42:39.388+0000] {dagbag.py:587} INFO - Filling up the DagBag from /home/airflow/.local/lib/python3.12/site-packages/airflow/example_dags/example_python_decorator.py
[2026-08-08T17:42:39.406+0000] {processor.py:925} INFO - DAG(s) 'example_python_decorator' retrieved from /home/airflow/.local/lib/python3.12/site-packages/airflow/example_dags/example_python_decorator.py
[2026-08-08T17:42:39.518+0000] {logging_mixin.py:190} INFO - [2026-08-08T17:42:39.517+0000] {dag.py:3211} INFO - Sync 1 DAGs
[2026-08-08T17:42:39.536+0000] {logging_mixin.py:190} INFO - [2026-08-08T17:42:39.536+0000] {dag.py:4138} INFO - Setting next_dagrun for example_python_decorator to None, run_after=None
[2026-08-08T17:42:39.570+0000] {processor.py:208} INFO - Processing /home/airflow/.local/lib/python3.12/site-packages/airflow/example_dags/example_python_decorator.py took 0.196 seconds
[2026-08-08T17:43:10.167+0000] {processor.py:186} INFO - Started process (PID=156) to work on /home/airflow/.local/lib/python3.12/site-packages/airflow/example_dags/example_python_decorator.py
[2026-08-08T17:43:10.168+0000] {processor.py:914} INFO - Processing file /home/airflow/.local/lib/python3.12/site-packages/airflow/example_dags/example_python_decorator.py for tasks to queue
[2026-08-08T17:43:10.172+0000] {logging_mixin.py:190} INFO - [2026-08-08T17:43:10.171+0000] {dagbag.py:587} INFO - Filling up the DagBag from /home/airflow/.local/lib/python3.12/site-packages/airflow/example_dags/example_python_decorator.py
[2026-08-08T17:43:10.192+0000] {processor.py:925} INFO - DAG(s) 'example_python_decorator' retrieved from /home/airflow/.local/lib/python3.12/site-packages/airflow/example_dags/example_python_decorator.py
[2026-08-08T17:43:10.219+0000] {logging_mixin.py:190} INFO - [2026-08-08T17:43:10.219+0000] {dag.py:3211} INFO - Sync 1 DAGs
[2026-08-08T17:43:10.236+0000] {logging_mixin.py:190} INFO - [2026-08-08T17:43:10.236+0000] {dag.py:4138} INFO - Setting next_dagrun for example_python_decorator to None, run_after=None
[2026-08-08T17:43:10.260+0000] {processor.py:208} INFO - Processing /home/airflow/.local/lib/python3.12/site-packages/airflow/example_dags/example_python_decorator.py took 0.100 seconds
[2026-08-08T17:43:40.998+0000] {processor.py:186} INFO - Started process (PID=219) to work on /home/airflow/.local/lib/python3.12/site-packages/airflow/example_dags/example_python_decorator.py
[2026-08-08T17:43:41.000+0000] {processor.py:914} INFO - Processing file /home/airflow/.local/lib/python3.12/site-packages/airflow/example_dags/example_python_decorator.py for tasks to queue
[2026-08-08T17:43:41.004+0000] {logging_mixin.py:190} INFO - [2026-08-08T17:43:41.004+0000] {dagbag.py:587} INFO - Filling up the DagBag from /home/airflow/.local/lib/python3.12/site-packages/airflow/example_dags/example_python_decorator.py
[2026-08-08T17:43:41.023+0000] {processor.py:925} INFO - DAG(s) 'example_python_decorator' retrieved from /home/airflow/.local/lib/python3.12/site-packages/airflow/example_dags/example_python_decorator.py
[2026-08-08T17:43:41.054+0000] {logging_mixin.py:190} INFO - [2026-08-08T17:43:41.054+0000] {dag.py:3211} INFO - Sync 1 DAGs
[2026-08-08T17:43:41.072+0000] {logging_mixin.py:190} INFO - [2026-08-08T17:43:41.071+0000] {dag.py:4138} INFO - Setting next_dagrun for example_python_decorator to None, run_after=None
[2026-08-08T17:43:41.099+0000] {processor.py:208} INFO - Processing /home/airflow/.local/lib/python3.12/site-packages/airflow/example_dags/example_python_decorator.py took 0.109 seconds
[2026-08-08T17:44:12.036+0000] {processor.py:186} INFO - Started process (PID=282) to work on /home/airflow/.local/lib/python3.12/site-packages/airflow/example_dags/example_python_decorator.py
[2026-08-08T17:44:12.039+0000] {processor.py:914} INFO - Processing file /home/airflow/.local/lib/python3.12/site-packages/airflow/example_dags/example_python_decorator.py for tasks to queue
[2026-08-08T17:44:12.050+0000] {logging_mixin.py:190} INFO - [2026-08-08T17:44:12.049+0000] {dagbag.py:587} INFO - Filling up the DagBag from /home/airflow/.local/lib/python3.12/site-packages/airflow/example_dags/example_python_decorator.py
[2026-08-08T17:44:12.076+0000] {processor.py:925} INFO - DAG(s) 'example_python_decorator' retrieved from /home/airflow/.local/lib/python3.12/site-packages/airflow/example_dags/example_python_decorator.py
[2026-08-08T17:44:12.114+0000] {logging_mixin.py:190} INFO - [2026-08-08T17:44:12.113+0000] {dag.py:3211} INFO - Sync 1 DAGs
[2026-08-08T17:44:12.137+0000] {logging_mixin.py:190} INFO - [2026-08-08T17:44:12.137+0000] {dag.py:4138} INFO - Setting next_dagrun for example_python_decorator to None, run_after=None
[2026-08-08T17:44:12.165+0000] {processor.py:208} INFO - Processing /home/airflow/.local/lib/python3.12/site-packages/airflow/example_dags/example_python_decorator.py took 0.143 seconds
[2026-08-08T17:44:42.218+0000] {processor.py:186} INFO - Started process (PID=345) to work on /home/airflow/.local/lib/python3.12/site-packages/airflow/example_dags/example_python_decorator.py
[2026-08-08T17:44:42.219+0000] {processor.py:914} INFO - Processing file /home/airflow/.local/lib/python3.12/site-packages/airflow/example_dags/example_python_decorator.py for tasks to queue
[2026-08-08T17:44:42.222+0000] {logging_mixin.py:190} INFO - [2026-08-08T17:44:42.222+0000] {dagbag.py:587} INFO - Filling up the DagBag from /home/airflow/.local/lib/python3.12/site-packages/airflow/example_dags/example_python_decorator.py
[2026-08-08T17:44:42.233+0000] {processor.py:925} INFO - DAG(s) 'example_python_decorator' retrieved from /home/airflow/.local/lib/python3.12/site-packages/airflow/example_dags/example_python_decorator.py
[2026-08-08T17:44:42.250+0000] {logging_mixin.py:190} INFO - [2026-08-08T17:44:42.250+0000] {dag.py:3211} INFO - Sync 1 DAGs
[2026-08-08T17:44:42.259+0000] {logging_mixin.py:190} INFO - [2026-08-08T17:44:42.259+0000] {dag.py:4138} INFO - Setting next_dagrun for example_python_decorator to None, run_after=None
[2026-08-08T17:44:42.276+0000] {processor.py:208} INFO - Processing /home/airflow/.local/lib/python3.12/site-packages/airflow/example_dags/example_python_decorator.py took 0.063 seconds
[2026-08-08T17:45:12.501+0000] {processor.py:186} INFO - Started process (PID=408) to work on /home/airflow/.local/lib/python3.12/site-packages/airflow/example_dags/example_python_decorator.py
[2026-08-08T17:45:12.502+0000] {processor.py:914} INFO - Processing file /home/airflow/.local/lib/python3.12/site-packages/airflow/example_dags/example_python_decorator.py for tasks to queue
[2026-08-08T17:45:12.505+0000] {logging_mixin.py:190} INFO - [2026-08-08T17:45:12.505+0000] {dagbag.py:587} INFO - Filling up the DagBag from /home/airflow/.local/lib/python3.12/site-packages/airflow/example_dags/example_python_decorator.py
[2026-08-08T17:45:12.517+0000] {processor.py:925} INFO - DAG(s) 'example_python_decorator' retrieved from /home/airflow/.local/lib/python3.12/site-packages/airflow/example_dags/example_python_decorator.py
[2026-08-08T17:45:12.535+0000] {logging_mixin.py:190} INFO - [2026-08-08T17:45:12.535+0000] {dag.py:3211} INFO - Sync 1 DAGs
[2026-08-08T17:45:12.547+0000] {logging_mixin.py:190} INFO - [2026-08-08T17:45:12.546+0000] {dag.py:4138} INFO - Setting next_dagrun for example_python_decorator to None, run_after=None
[2026-08-08T17:45:12.577+0000] {processor.py:208} INFO - Processing /home/airflow/.local/lib/python3.12/site-packages/airflow/example_dags/example_python_decorator.py took 0.082 seconds
[2026-08-08T17:45:42.912+0000] {processor.py:186} INFO - Started process (PID=471) to work on /home/airflow/.local/lib/python3.12/site-packages/airflow/example_dags/example_python_decorator.py
[2026-08-08T17:45:42.913+0000] {processor.py:914} INFO - Processing file /home/airflow/.local/lib/python3.12/site-packages/airflow/example_dags/example_python_decorator.py for tasks to queue
[2026-08-08T17:45:42.915+0000] {logging_mixin.py:190} INFO - [2026-08-08T17:45:42.915+0000] {dagbag.py:587} INFO - Filling up the DagBag from /home/airflow/.local/lib/python3.12/site-packages/airflow/example_dags/example_python_decorator.py
[2026-08-08T17:45:42.927+0000] {processor.py:925} INFO - DAG(s) 'example_python_decorator' retrieved from /home/airflow/.local/lib/python3.12/site-packages/airflow/example_dags/example_python_decorator.py
[2026-08-08T17:45:42.947+0000] {logging_mixin.py:190} INFO - [2026-08-08T17:45:42.947+0000] {dag.py:3211} INFO - Sync 1 DAGs
[2026-08-08T17:45:42.958+0000] {logging_mixin.py:190} INFO - [2026-08-08T17:45:42.958+0000] {dag.py:4138} INFO - Setting next_dagrun for example_python_decorator to None, run_after=None
[2026-08-08T17:45:42.977+0000] {processor.py:208} INFO - Processing /home/airflow/.local/lib/python3.12/site-packages/airflow/example_dags/example_python_decorator.py took 0.071 seconds
[2026-08-08T17:47:13.318+0000] {processor.py:186} INFO - Started process (PID=94) to work on /home/airflow/.local/lib/python3.12/site-packages/airflow/example_dags/example_python_decorator.py
[2026-08-08T17:47:13.319+0000] {processor.py:914} INFO - Processing file /home/airflow/.local/lib/python3.12/site-packages/airflow/example_dags/example_python_decorator.py for tasks to queue
[2026-08-08T17:47:13.323+0000] {logging_mixin.py:190} INFO - [2026-08-08T17:47:13.322+0000] {dagbag.py:587} INFO - Filling up the DagBag from /home/airflow/.local/lib/python3.12/site-packages/airflow/example_dags/example_python_decorator.py
[2026-08-08T17:47:13.341+0000] {processor.py:925} INFO - DAG(s) 'example_python_decorator' retrieved from /home/airflow/.local/lib/python3.12/site-packages/airflow/example_dags/example_python_decorator.py
[2026-08-08T17:47:13.480+0000] {logging_mixin.py:190} INFO - [2026-08-08T17:47:13.480+0000] {dag.py:3211} INFO - Sync 1 DAGs
[2026-08-08T17:47:13.500+0000] {logging_mixin.py:190} INFO - [2026-08-08T17:47:13.499+0000] {dag.py:4138} INFO - Setting next_dagrun for example_python_decorator to None, run_after=None
[2026-08-08T17:47:13.538+0000] {processor.py:208} INFO - Processing /home/airflow/.local/lib/python3.12/site-packages/airflow/example_dags/example_python_decorator.py took 0.230 seconds
[2026-08-08T17:47:44.153+0000] {processor.py:186} INFO - Started process (PID=157) to work on /home/airflow/.local/lib/python3.12/site-packages/airflow/example_dags/example_python_decorator.py
[2026-08-08T17:47:44.154+0000] {processor.py:914} INFO - Processing file /home/airflow/.local/lib/python3.12/site-packages/airflow/example_dags/example_python_decorator.py for tasks to queue
[2026-08-08T17:47:44.157+0000] {logging_mixin.py:190} INFO - [2026-08-08T17:47:44.156+0000] {dagbag.py:587} INFO - Filling up the DagBag from /home/airflow/.local/lib/python3.12/site-packages/airflow/example_dags/example_python_decorator.py
[2026-08-08T17:47:44.169+0000] {processor.py:925} INFO - DAG(s) 'example_python_decorator' retrieved from /home/airflow/.local/lib/python3.12/site-packages/airflow/example_dags/example_python_decorator.py
[2026-08-08T17:47:44.188+0000] {logging_mixin.py:190} INFO - [2026-08-08T17:47:44.188+0000] {dag.py:3211} INFO - Sync 1 DAGs
[2026-08-08T17:47:44.199+0000] {logging_mixin.py:190} INFO - [2026-08-08T17:47:44.199+0000] {dag.py:4138} INFO - Setting next_dagrun for example_python_decorator to None, run_after=None
[2026-08-08T17:47:44.223+0000] {processor.py:208} INFO - Processing /home/airflow/.local/lib/python3.12/site-packages/airflow/example_dags/example_python_decorator.py took 0.075 seconds
[2026-08-08T17:48:14.296+0000] {processor.py:186} INFO - Started process (PID=226) to work on /home/airflow/.local/lib/python3.12/site-packages/airflow/example_dags/example_python_decorator.py
[2026-08-08T17:48:14.298+0000] {processor.py:914} INFO - Processing file /home/airflow/.local/lib/python3.12/site-packages/airflow/example_dags/example_python_decorator.py for tasks to queue
[2026-08-08T17:48:14.302+0000] {logging_mixin.py:190} INFO - [2026-08-08T17:48:14.302+0000] {dagbag.py:587} INFO - Filling up the DagBag from /home/airflow/.local/lib/python3.12/site-packages/airflow/example_dags/example_python_decorator.py
[2026-08-08T17:48:14.318+0000] {processor.py:925} INFO - DAG(s) 'example_python_decorator' retrieved from /home/airflow/.local/lib/python3.12/site-packages/airflow/example_dags/example_python_decorator.py
[2026-08-08T17:48:14.342+0000] {logging_mixin.py:190} INFO - [2026-08-08T17:48:14.342+0000] {dag.py:3211} INFO - Sync 1 DAGs
[2026-08-08T17:48:14.355+0000] {logging_mixin.py:190} INFO - [2026-08-08T17:48:14.354+0000] {dag.py:4138} INFO - Setting next_dagrun for example_python_decorator to None, run_after=None
[2026-08-08T17:48:14.377+0000] {processor.py:208} INFO - Processing /home/airflow/.local/lib/python3.12/site-packages/airflow/example_dags/example_python_decorator.py took 0.091 seconds
[2026-08-08T17:48:44.960+0000] {processor.py:186} INFO - Started process (PID=289) to work on /home/airflow/.local/lib/python3.12/site-packages/airflow/example_dags/example_python_decorator.py
[2026-08-08T17:48:44.962+0000] {processor.py:914} INFO - Processing file /home/airflow/.local/lib/python3.12/site-packages/airflow/example_dags/example_python_decorator.py for tasks to queue
[2026-08-08T17:48:44.964+0000] {logging_mixin.py:190} INFO - [2026-08-08T17:48:44.964+0000] {dagbag.py:587} INFO - Filling up the DagBag from /home/airflow/.local/lib/python3.12/site-packages/airflow/example_dags/example_python_decorator.py
[2026-08-08T17:48:44.979+0000] {processor.py:925} INFO - DAG(s) 'example_python_decorator' retrieved from /home/airflow/.local/lib/python3.12/site-packages/airflow/example_dags/example_python_decorator.py
[2026-08-08T17:48:45.001+0000] {logging_mixin.py:190} INFO - [2026-08-08T17:48:45.001+0000] {dag.py:3211} INFO - Sync 1 DAGs
[2026-08-08T17:48:45.024+0000] {logging_mixin.py:190} INFO - [2026-08-08T17:48:45.023+0000] {dag.py:4138} INFO - Setting next_dagrun for example_python_decorator to None, run_after=None
[2026-08-08T17:48:45.056+0000] {processor.py:208} INFO - Processing /home/airflow/.local/lib/python3.12/site-packages/airflow/example_dags/example_python_decorator.py took 0.103 seconds
[2026-08-08T17:52:36.892+0000] {processor.py:186} INFO - Started process (PID=93) to work on /home/airflow/.local/lib/python3.12/site-packages/airflow/example_dags/example_python_decorator.py
[2026-08-08T17:52:36.893+0000] {processor.py:914} INFO - Processing file /home/airflow/.local/lib/python3.12/site-packages/airflow/example_dags/example_python_decorator.py for tasks to queue
[2026-08-08T17:52:36.896+0000] {logging_mixin.py:190} INFO - [2026-08-08T17:52:36.896+0000] {dagbag.py:587} INFO - Filling up the DagBag from /home/airflow/.local/lib/python3.12/site-packages/airflow/example_dags/example_python_decorator.py
[2026-08-08T17:52:36.912+0000] {processor.py:925} INFO - DAG(s) 'example_python_decorator' retrieved from /home/airflow/.local/lib/python3.12/site-packages/airflow/example_dags/example_python_decorator.py
[2026-08-08T17:52:37.028+0000] {logging_mixin.py:190} INFO - [2026-08-08T17:52:37.027+0000] {dag.py:3211} INFO - Sync 1 DAGs
[2026-08-08T17:52:37.048+0000] {logging_mixin.py:190} INFO - [2026-08-08T17:52:37.048+0000] {dag.py:4138} INFO - Setting next_dagrun for example_python_decorator to None, run_after=None
[2026-08-08T17:52:37.077+0000] {processor.py:208} INFO - Processing /home/airflow/.local/lib/python3.12/site-packages/airflow/example_dags/example_python_decorator.py took 0.191 seconds
[2026-08-08T17:53:07.183+0000] {processor.py:186} INFO - Started process (PID=156) to work on /home/airflow/.local/lib/python3.12/site-packages/airflow/example_dags/example_python_decorator.py
[2026-08-08T17:53:07.184+0000] {processor.py:914} INFO - Processing file /home/airflow/.local/lib/python3.12/site-packages/airflow/example_dags/example_python_decorator.py for tasks to queue
[2026-08-08T17:53:07.187+0000] {logging_mixin.py:190} INFO - [2026-08-08T17:53:07.187+0000] {dagbag.py:587} INFO - Filling up the DagBag from /home/airflow/.local/lib/python3.12/site-packages/airflow/example_dags/example_python_decorator.py
[2026-08-08T17:53:07.203+0000] {processor.py:925} INFO - DAG(s) 'example_python_decorator' retrieved from /home/airflow/.local/lib/python3.12/site-packages/airflow/example_dags/example_python_decorator.py
[2026-08-08T17:53:07.230+0000] {logging_mixin.py:190} INFO - [2026-08-08T17:53:07.229+0000] {dag.py:3211} INFO - Sync 1 DAGs
[2026-08-08T17:53:07.245+0000] {logging_mixin.py:190} INFO - [2026-08-08T17:53:07.245+0000] {dag.py:4138} INFO - Setting next_dagrun for example_python_decorator to None, run_after=None
[2026-08-08T17:53:07.269+0000] {processor.py:208} INFO - Processing /home/airflow/.local/lib/python3.12/site-packages/airflow/example_dags/example_python_decorator.py took 0.092 seconds
[2026-08-08T17:53:38.111+0000] {processor.py:186} INFO - Started process (PID=219) to work on /home/airflow/.local/lib/python3.12/site-packages/airflow/example_dags/example_python_decorator.py
[2026-08-08T17:53:38.113+0000] {processor.py:914} INFO - Processing file /home/airflow/.local/lib/python3.12/site-packages/airflow/example_dags/example_python_decorator.py for tasks to queue
[2026-08-08T17:53:38.118+0000] {logging_mixin.py:190} INFO - [2026-08-08T17:53:38.117+0000] {dagbag.py:587} INFO - Filling up the DagBag from /home/airflow/.local/lib/python3.12/site-packages/airflow/example_dags/example_python_decorator.py
[2026-08-08T17:53:38.139+0000] {processor.py:925} INFO - DAG(s) 'example_python_decorator' retrieved from /home/airflow/.local/lib/python3.12/site-packages/airflow/example_dags/example_python_decorator.py
[2026-08-08T17:53:38.170+0000] {logging_mixin.py:190} INFO - [2026-08-08T17:53:38.170+0000] {dag.py:3211} INFO - Sync 1 DAGs
[2026-08-08T17:53:38.188+0000] {logging_mixin.py:190} INFO - [2026-08-08T17:53:38.188+0000] {dag.py:4138} INFO - Setting next_dagrun for example_python_decorator to None, run_after=None
[2026-08-08T17:53:38.217+0000] {processor.py:208} INFO - Processing /home/airflow/.local/lib/python3.12/site-packages/airflow/example_dags/example_python_decorator.py took 0.114 seconds
[2026-08-08T17:54:08.784+0000] {processor.py:186} INFO - Started process (PID=282) to work on /home/airflow/.local/lib/python3.12/site-packages/airflow/example_dags/example_python_decorator.py
[2026-08-08T17:54:08.786+0000] {processor.py:914} INFO - Processing file /home/airflow/.local/lib/python3.12/site-packages/airflow/example_dags/example_python_decorator.py for tasks to queue
[2026-08-08T17:54:08.789+0000] {logging_mixin.py:190} INFO - [2026-08-08T17:54:08.788+0000] {dagbag.py:587} INFO - Filling up the DagBag from /home/airflow/.local/lib/python3.12/site-packages/airflow/example_dags/example_python_decorator.py
[2026-08-08T17:54:08.815+0000] {processor.py:925} INFO - DAG(s) 'example_python_decorator' retrieved from /home/airflow/.local/lib/python3.12/site-packages/airflow/example_dags/example_python_decorator.py
[2026-08-08T17:54:08.847+0000] {logging_mixin.py:190} INFO - [2026-08-08T17:54:08.847+0000] {dag.py:3211} INFO - Sync 1 DAGs
[2026-08-08T17:54:08.866+0000] {logging_mixin.py:190} INFO - [2026-08-08T17:54:08.865+0000] {dag.py:4138} INFO - Setting next_dagrun for example_python_decorator to None, run_after=None
[2026-08-08T17:54:08.891+0000] {processor.py:208} INFO - Processing /home/airflow/.local/lib/python3.12/site-packages/airflow/example_dags/example_python_decorator.py took 0.116 seconds
[2026-08-08T17:54:39.381+0000] {processor.py:186} INFO - Started process (PID=345) to work on /home/airflow/.local/lib/python3.12/site-packages/airflow/example_dags/example_python_decorator.py
[2026-08-08T17:54:39.382+0000] {processor.py:914} INFO - Processing file /home/airflow/.local/lib/python3.12/site-packages/airflow/example_dags/example_python_decorator.py for tasks to queue
[2026-08-08T17:54:39.384+0000] {logging_mixin.py:190} INFO - [2026-08-08T17:54:39.384+0000] {dagbag.py:587} INFO - Filling up the DagBag from /home/airflow/.local/lib/python3.12/site-packages/airflow/example_dags/example_python_decorator.py
[2026-08-08T17:54:39.396+0000] {processor.py:925} INFO - DAG(s) 'example_python_decorator' retrieved from /home/airflow/.local/lib/python3.12/site-packages/airflow/example_dags/example_python_decorator.py
[2026-08-08T17:54:39.417+0000] {logging_mixin.py:190} INFO - [2026-08-08T17:54:39.417+0000] {dag.py:3211} INFO - Sync 1 DAGs
[2026-08-08T17:54:39.432+0000] {logging_mixin.py:190} INFO - [2026-08-08T17:54:39.432+0000] {dag.py:4138} INFO - Setting next_dagrun for example_python_decorator to None, run_after=None
[2026-08-08T17:54:39.453+0000] {processor.py:208} INFO - Processing /home/airflow/.local/lib/python3.12/site-packages/airflow/example_dags/example_python_decorator.py took 0.078 seconds
[2026-08-08T17:55:09.743+0000] {processor.py:186} INFO - Started process (PID=408) to work on /home/airflow/.local/lib/python3.12/site-packages/airflow/example_dags/example_python_decorator.py
[2026-08-08T17:55:09.744+0000] {processor.py:914} INFO - Processing file /home/airflow/.local/lib/python3.12/site-packages/airflow/example_dags/example_python_decorator.py for tasks to queue
[2026-08-08T17:55:09.747+0000] {logging_mixin.py:190} INFO - [2026-08-08T17:55:09.746+0000] {dagbag.py:587} INFO - Filling up the DagBag from /home/airflow/.local/lib/python3.12/site-packages/airflow/example_dags/example_python_decorator.py
[2026-08-08T17:55:09.761+0000] {processor.py:925} INFO - DAG(s) 'example_python_decorator' retrieved from /home/airflow/.local/lib/python3.12/site-packages/airflow/example_dags/example_python_decorator.py
[2026-08-08T17:55:09.782+0000] {logging_mixin.py:190} INFO - [2026-08-08T17:55:09.782+0000] {dag.py:3211} INFO - Sync 1 DAGs
[2026-08-08T17:55:09.794+0000] {logging_mixin.py:190} INFO - [2026-08-08T17:55:09.794+0000] {dag.py:4138} INFO - Setting next_dagrun for example_python_decorator to None, run_after=None
[2026-08-08T17:55:09.813+0000] {processor.py:208} INFO - Processing /home/airflow/.local/lib/python3.12/site-packages/airflow/example_dags/example_python_decorator.py took 0.075 seconds
[2026-08-08T17:55:40.110+0000] {processor.py:186} INFO - Started process (PID=471) to work on /home/airflow/.local/lib/python3.12/site-packages/airflow/example_dags/example_python_decorator.py
[2026-08-08T17:55:40.112+0000] {processor.py:914} INFO - Processing file /home/airflow/.local/lib/python3.12/site-packages/airflow/example_dags/example_python_decorator.py for tasks to queue
[2026-08-08T17:55:40.114+0000] {logging_mixin.py:190} INFO - [2026-08-08T17:55:40.114+0000] {dagbag.py:587} INFO - Filling up the DagBag from /home/airflow/.local/lib/python3.12/site-packages/airflow/example_dags/example_python_decorator.py
[2026-08-08T17:55:40.128+0000] {processor.py:925} INFO - DAG(s) 'example_python_decorator' retrieved from /home/airflow/.local/lib/python3.12/site-packages/airflow/example_dags/example_python_decorator.py
[2026-08-08T17:55:40.149+0000] {logging_mixin.py:190} INFO - [2026-08-08T17:55:40.149+0000] {dag.py:3211} INFO - Sync 1 DAGs
[2026-08-08T17:55:40.161+0000] {logging_mixin.py:190} INFO - [2026-08-08T17:55:40.161+0000] {dag.py:4138} INFO - Setting next_dagrun for example_python_decorator to None, run_after=None
[2026-08-08T17:55:40.183+0000] {processor.py:208} INFO - Processing /home/airflow/.local/lib/python3.12/site-packages/airflow/example_dags/example_python_decorator.py took 0.078 seconds
[2026-08-08T17:56:10.538+0000] {processor.py:186} INFO - Started process (PID=534) to work on /home/airflow/.local/lib/python3.12/site-packages/airflow/example_dags/example_python_decorator.py
[2026-08-08T17:56:10.539+0000] {processor.py:914} INFO - Processing file /home/airflow/.local/lib/python3.12/site-packages/airflow/example_dags/example_python_decorator.py for tasks to queue
[2026-08-08T17:56:10.541+0000] {logging_mixin.py:190} INFO - [2026-08-08T17:56:10.541+0000] {dagbag.py:587} INFO - Filling up the DagBag from /home/airflow/.local/lib/python3.12/site-packages/airflow/example_dags/example_python_decorator.py
[2026-08-08T17:56:10.552+0000] {processor.py:925} INFO - DAG(s) 'example_python_decorator' retrieved from /home/airflow/.local/lib/python3.12/site-packages/airflow/example_dags/example_python_decorator.py
[2026-08-08T17:56:10.568+0000] {logging_mixin.py:190} INFO - [2026-08-08T17:56:10.568+0000] {dag.py:3211} INFO - Sync 1 DAGs
[2026-08-08T17:56:10.578+0000] {logging_mixin.py:190} INFO - [2026-08-08T17:56:10.578+0000] {dag.py:4138} INFO - Setting next_dagrun for example_python_decorator to None, run_after=None
[2026-08-08T17:56:10.598+0000] {processor.py:208} INFO - Processing /home/airflow/.local/lib/python3.12/site-packages/airflow/example_dags/example_python_decorator.py took 0.064 seconds
[2026-08-08T17:56:41.029+0000] {processor.py:186} INFO - Started process (PID=597) to work on /home/airflow/.local/lib/python3.12/site-packages/airflow/example_dags/example_python_decorator.py
[2026-08-08T17:56:41.030+0000] {processor.py:914} INFO - Processing file /home/airflow/.local/lib/python3.12/site-packages/airflow/example_dags/example_python_decorator.py for tasks to queue
[2026-08-08T17:56:41.033+0000] {logging_mixin.py:190} INFO - [2026-08-08T17:56:41.032+0000] {dagbag.py:587} INFO - Filling up the DagBag from /home/airflow/.local/lib/python3.12/site-packages/airflow/example_dags/example_python_decorator.py
[2026-08-08T17:56:41.045+0000] {processor.py:925} INFO - DAG(s) 'example_python_decorator' retrieved from /home/airflow/.local/lib/python3.12/site-packages/airflow/example_dags/example_python_decorator.py
[2026-08-08T17:56:41.070+0000] {logging_mixin.py:190} INFO - [2026-08-08T17:56:41.070+0000] {dag.py:3211} INFO - Sync 1 DAGs
[2026-08-08T17:56:41.084+0000] {logging_mixin.py:190} INFO - [2026-08-08T17:56:41.084+0000] {dag.py:4138} INFO - Setting next_dagrun for example_python_decorator to None, run_after=None
[2026-08-08T17:56:41.101+0000] {processor.py:208} INFO - Processing /home/airflow/.local/lib/python3.12/site-packages/airflow/example_dags/example_python_decorator.py took 0.078 seconds
[2026-08-08T17:57:11.551+0000] {processor.py:186} INFO - Started process (PID=660) to work on /home/airflow/.local/lib/python3.12/site-packages/airflow/example_dags/example_python_decorator.py
[2026-08-08T17:57:11.552+0000] {processor.py:914} INFO - Processing file /home/airflow/.local/lib/python3.12/site-packages/airflow/example_dags/example_python_decorator.py for tasks to queue
[2026-08-08T17:57:11.555+0000] {logging_mixin.py:190} INFO - [2026-08-08T17:57:11.555+0000] {dagbag.py:587} INFO - Filling up the DagBag from /home/airflow/.local/lib/python3.12/site-packages/airflow/example_dags/example_python_decorator.py
[2026-08-08T17:57:11.574+0000] {processor.py:925} INFO - DAG(s) 'example_python_decorator' retrieved from /home/airflow/.local/lib/python3.12/site-packages/airflow/example_dags/example_python_decorator.py
[2026-08-08T17:57:11.603+0000] {logging_mixin.py:190} INFO - [2026-08-08T17:57:11.602+0000] {dag.py:3211} INFO - Sync 1 DAGs
[2026-08-08T17:57:11.618+0000] {logging_mixin.py:190} INFO - [2026-08-08T17:57:11.618+0000] {dag.py:4138} INFO - Setting next_dagrun for example_python_decorator to None, run_after=None
[2026-08-08T17:57:11.640+0000] {processor.py:208} INFO - Processing /home/airflow/.local/lib/python3.12/site-packages/airflow/example_dags/example_python_decorator.py took 0.096 seconds
[2026-08-08T18:08:17.936+0000] {processor.py:186} INFO - Started process (PID=723) to work on /home/airflow/.local/lib/python3.12/site-packages/airflow/example_dags/example_python_decorator.py
[2026-08-08T18:08:17.939+0000] {processor.py:914} INFO - Processing file /home/airflow/.local/lib/python3.12/site-packages/airflow/example_dags/example_python_decorator.py for tasks to queue
[2026-08-08T18:08:17.946+0000] {logging_mixin.py:190} INFO - [2026-08-08T18:08:17.945+0000] {dagbag.py:587} INFO - Filling up the DagBag from /home/airflow/.local/lib/python3.12/site-packages/airflow/example_dags/example_python_decorator.py
[2026-08-08T18:08:17.974+0000] {processor.py:925} INFO - DAG(s) 'example_python_decorator' retrieved from /home/airflow/.local/lib/python3.12/site-packages/airflow/example_dags/example_python_decorator.py
[2026-08-08T18:08:18.019+0000] {logging_mixin.py:190} INFO - [2026-08-08T18:08:18.019+0000] {dag.py:3211} INFO - Sync 1 DAGs
[2026-08-08T18:08:18.055+0000] {logging_mixin.py:190} INFO - [2026-08-08T18:08:18.054+0000] {dag.py:4138} INFO - Setting next_dagrun for example_python_decorator to None, run_after=None
[2026-08-08T18:08:18.102+0000] {processor.py:208} INFO - Processing /home/airflow/.local/lib/python3.12/site-packages/airflow/example_dags/example_python_decorator.py took 0.178 seconds
[2026-08-08T18:08:48.219+0000] {processor.py:186} INFO - Started process (PID=786) to work on /home/airflow/.local/lib/python3.12/site-packages/airflow/example_dags/example_python_decorator.py
[2026-08-08T18:08:48.222+0000] {processor.py:914} INFO - Processing file /home/airflow/.local/lib/python3.12/site-packages/airflow/example_dags/example_python_decorator.py for tasks to queue
[2026-08-08T18:08:48.227+0000] {logging_mixin.py:190} INFO - [2026-08-08T18:08:48.226+0000] {dagbag.py:587} INFO - Filling up the DagBag from /home/airflow/.local/lib/python3.12/site-packages/airflow/example_dags/example_python_decorator.py
[2026-08-08T18:08:48.255+0000] {processor.py:925} INFO - DAG(s) 'example_python_decorator' retrieved from /home/airflow/.local/lib/python3.12/site-packages/airflow/example_dags/example_python_decorator.py
[2026-08-08T18:08:48.299+0000] {logging_mixin.py:190} INFO - [2026-08-08T18:08:48.298+0000] {dag.py:3211} INFO - Sync 1 DAGs
[2026-08-08T18:08:48.323+0000] {logging_mixin.py:190} INFO - [2026-08-08T18:08:48.323+0000] {dag.py:4138} INFO - Setting next_dagrun for example_python_decorator to None, run_after=None
[2026-08-08T18:08:48.357+0000] {processor.py:208} INFO - Processing /home/airflow/.local/lib/python3.12/site-packages/airflow/example_dags/example_python_decorator.py took 0.150 seconds
[2026-08-08T18:09:18.743+0000] {processor.py:186} INFO - Started process (PID=849) to work on /home/airflow/.local/lib/python3.12/site-packages/airflow/example_dags/example_python_decorator.py
[2026-08-08T18:09:18.746+0000] {processor.py:914} INFO - Processing file /home/airflow/.local/lib/python3.12/site-packages/airflow/example_dags/example_python_decorator.py for tasks to queue
[2026-08-08T18:09:18.752+0000] {logging_mixin.py:190} INFO - [2026-08-08T18:09:18.751+0000] {dagbag.py:587} INFO - Filling up the DagBag from /home/airflow/.local/lib/python3.12/site-packages/airflow/example_dags/example_python_decorator.py
[2026-08-08T18:09:18.772+0000] {processor.py:925} INFO - DAG(s) 'example_python_decorator' retrieved from /home/airflow/.local/lib/python3.12/site-packages/airflow/example_dags/example_python_decorator.py
[2026-08-08T18:09:18.807+0000] {logging_mixin.py:190} INFO - [2026-08-08T18:09:18.807+0000] {dag.py:3211} INFO - Sync 1 DAGs
[2026-08-08T18:09:18.829+0000] {logging_mixin.py:190} INFO - [2026-08-08T18:09:18.829+0000] {dag.py:4138} INFO - Setting next_dagrun for example_python_decorator to None, run_after=None
[2026-08-08T18:09:18.859+0000] {processor.py:208} INFO - Processing /home/airflow/.local/lib/python3.12/site-packages/airflow/example_dags/example_python_decorator.py took 0.126 seconds
[2026-08-08T18:09:49.375+0000] {processor.py:186} INFO - Started process (PID=912) to work on /home/airflow/.local/lib/python3.12/site-packages/airflow/example_dags/example_python_decorator.py
[2026-08-08T18:09:49.376+0000] {processor.py:914} INFO - Processing file /home/airflow/.local/lib/python3.12/site-packages/airflow/example_dags/example_python_decorator.py for tasks to queue
[2026-08-08T18:09:49.379+0000] {logging_mixin.py:190} INFO - [2026-08-08T18:09:49.379+0000] {dagbag.py:587} INFO - Filling up the DagBag from /home/airflow/.local/lib/python3.12/site-packages/airflow/example_dags/example_python_decorator.py
[2026-08-08T18:09:49.396+0000] {processor.py:925} INFO - DAG(s) 'example_python_decorator' retrieved from /home/airflow/.local/lib/python3.12/site-packages/airflow/example_dags/example_python_decorator.py
[2026-08-08T18:09:49.425+0000] {logging_mixin.py:190} INFO - [2026-08-08T18:09:49.425+0000] {dag.py:3211} INFO - Sync 1 DAGs
[2026-08-08T18:09:49.442+0000] {logging_mixin.py:190} INFO - [2026-08-08T18:09:49.442+0000] {dag.py:4138} INFO - Setting next_dagrun for example_python_decorator to None, run_after=None
[2026-08-08T18:09:49.465+0000] {processor.py:208} INFO - Processing /home/airflow/.local/lib/python3.12/site-packages/airflow/example_dags/example_python_decorator.py took 0.098 seconds
[2026-08-08T18:10:19.664+0000] {processor.py:186} INFO - Started process (PID=975) to work on /home/airflow/.local/lib/python3.12/site-packages/airflow/example_dags/example_python_decorator.py
[2026-08-08T18:10:19.666+0000] {processor.py:914} INFO - Processing file /home/airflow/.local/lib/python3.12/site-packages/airflow/example_dags/example_python_decorator.py for tasks to queue
[2026-08-08T18:10:19.672+0000] {logging_mixin.py:190} INFO - [2026-08-08T18:10:19.672+0000] {dagbag.py:587} INFO - Filling up the DagBag from /home/airflow/.local/lib/python3.12/site-packages/airflow/example_dags/example_python_decorator.py
[2026-08-08T18:10:19.710+0000] {processor.py:925} INFO - DAG(s) 'example_python_decorator' retrieved from /home/airflow/.local/lib/python3.12/site-packages/airflow/example_dags/example_python_decorator.py
[2026-08-08T18:10:19.760+0000] {logging_mixin.py:190} INFO - [2026-08-08T18:10:19.759+0000] {dag.py:3211} INFO - Sync 1 DAGs
[2026-08-08T18:10:19.785+0000] {logging_mixin.py:190} INFO - [2026-08-08T18:10:19.785+0000] {dag.py:4138} INFO - Setting next_dagrun for example_python_decorator to None, run_after=None
[2026-08-08T18:10:19.826+0000] {processor.py:208} INFO - Processing /home/airflow/.local/lib/python3.12/site-packages/airflow/example_dags/example_python_decorator.py took 0.174 seconds
[2026-08-08T18:10:50.040+0000] {processor.py:186} INFO - Started process (PID=1038) to work on /home/airflow/.local/lib/python3.12/site-packages/airflow/example_dags/example_python_decorator.py
[2026-08-08T18:10:50.043+0000] {processor.py:914} INFO - Processing file /home/airflow/.local/lib/python3.12/site-packages/airflow/example_dags/example_python_decorator.py for tasks to queue
[2026-08-08T18:10:50.047+0000] {logging_mixin.py:190} INFO - [2026-08-08T18:10:50.046+0000] {dagbag.py:587} INFO - Filling up the DagBag from /home/airflow/.local/lib/python3.12/site-packages/airflow/example_dags/example_python_decorator.py
[2026-08-08T18:10:50.063+0000] {processor.py:925} INFO - DAG(s) 'example_python_decorator' retrieved from /home/airflow/.local/lib/python3.12/site-packages/airflow/example_dags/example_python_decorator.py
[2026-08-08T18:10:50.086+0000] {logging_mixin.py:190} INFO - [2026-08-08T18:10:50.086+0000] {dag.py:3211} INFO - Sync 1 DAGs
[2026-08-08T18:10:50.101+0000] {logging_mixin.py:190} INFO - [2026-08-08T18:10:50.100+0000] {dag.py:4138} INFO - Setting next_dagrun for example_python_decorator to None, run_after=None
[2026-08-08T18:10:50.123+0000] {processor.py:208} INFO - Processing /home/airflow/.local/lib/python3.12/site-packages/airflow/example_dags/example_python_decorator.py took 0.089 seconds
[2026-08-08T18:11:20.395+0000] {processor.py:186} INFO - Started process (PID=1101) to work on /home/airflow/.local/lib/python3.12/site-packages/airflow/example_dags/example_python_decorator.py
[2026-08-08T18:11:20.396+0000] {processor.py:914} INFO - Processing file /home/airflow/.local/lib/python3.12/site-packages/airflow/example_dags/example_python_decorator.py for tasks to queue
[2026-08-08T18:11:20.402+0000] {logging_mixin.py:190} INFO - [2026-08-08T18:11:20.401+0000] {dagbag.py:587} INFO - Filling up the DagBag from /home/airflow/.local/lib/python3.12/site-packages/airflow/example_dags/example_python_decorator.py
[2026-08-08T18:11:20.428+0000] {processor.py:925} INFO - DAG(s) 'example_python_decorator' retrieved from /home/airflow/.local/lib/python3.12/site-packages/airflow/example_dags/example_python_decorator.py
[2026-08-08T18:11:20.459+0000] {logging_mixin.py:190} INFO - [2026-08-08T18:11:20.459+0000] {dag.py:3211} INFO - Sync 1 DAGs
[2026-08-08T18:11:20.477+0000] {logging_mixin.py:190} INFO - [2026-08-08T18:11:20.476+0000] {dag.py:4138} INFO - Setting next_dagrun for example_python_decorator to None, run_after=None
[2026-08-08T18:11:20.500+0000] {processor.py:208} INFO - Processing /home/airflow/.local/lib/python3.12/site-packages/airflow/example_dags/example_python_decorator.py took 0.114 seconds
[2026-08-08T18:11:51.205+0000] {processor.py:186} INFO - Started process (PID=1164) to work on /home/airflow/.local/lib/python3.12/site-packages/airflow/example_dags/example_python_decorator.py
[2026-08-08T18:11:51.207+0000] {processor.py:914} INFO - Processing file /home/airflow/.local/lib/python3.12/site-packages/airflow/example_dags/example_python_decorator.py for tasks to queue
[2026-08-08T18:11:51.211+0000] {logging_mixin.py:190} INFO - [2026-08-08T18:11:51.211+0000] {dagbag.py:587} INFO - Filling up the DagBag from /home/airflow/.local/lib/python3.12/site-packages/airflow/example_dags/example_python_decorator.py
[2026-08-08T18:11:51.230+0000] {processor.py:925} INFO - DAG(s) 'example_python_decorator' retrieved from /home/airflow/.local/lib/python3.12/site-packages/airflow/example_dags/example_python_decorator.py
[2026-08-08T18:11:51.260+0000] {logging_mixin.py:190} INFO - [2026-08-08T18:11:51.259+0000] {dag.py:3211} INFO - Sync 1 DAGs
[2026-08-08T18:11:51.276+0000] {logging_mixin.py:190} INFO - [2026-08-08T18:11:51.275+0000] {dag.py:4138} INFO - Setting next_dagrun for example_python_decorator to None, run_after=None
[2026-08-08T18:11:51.303+0000] {processor.py:208} INFO - Processing /home/airflow/.local/lib/python3.12/site-packages/airflow/example_dags/example_python_decorator.py took 0.109 seconds
[2026-08-08T18:13:06.973+0000] {processor.py:186} INFO - Started process (PID=99) to work on /home/airflow/.local/lib/python3.12/site-packages/airflow/example_dags/example_python_decorator.py
[2026-08-08T18:13:06.981+0000] {processor.py:914} INFO - Processing file /home/airflow/.local/lib/python3.12/site-packages/airflow/example_dags/example_python_decorator.py for tasks to queue
[2026-08-08T18:13:06.988+0000] {logging_mixin.py:190} INFO - [2026-08-08T18:13:06.987+0000] {dagbag.py:587} INFO - Filling up the DagBag from /home/airflow/.local/lib/python3.12/site-packages/airflow/example_dags/example_python_decorator.py
[2026-08-08T18:13:07.043+0000] {processor.py:925} INFO - DAG(s) 'example_python_decorator' retrieved from /home/airflow/.local/lib/python3.12/site-packages/airflow/example_dags/example_python_decorator.py
[2026-08-08T18:13:07.357+0000] {logging_mixin.py:190} INFO - [2026-08-08T18:13:07.357+0000] {dag.py:3211} INFO - Sync 1 DAGs
[2026-08-08T18:13:07.395+0000] {logging_mixin.py:190} INFO - [2026-08-08T18:13:07.394+0000] {dag.py:4138} INFO - Setting next_dagrun for example_python_decorator to None, run_after=None
[2026-08-08T18:13:07.435+0000] {processor.py:208} INFO - Processing /home/airflow/.local/lib/python3.12/site-packages/airflow/example_dags/example_python_decorator.py took 0.480 seconds
[2026-08-08T18:13:37.734+0000] {processor.py:186} INFO - Started process (PID=162) to work on /home/airflow/.local/lib/python3.12/site-packages/airflow/example_dags/example_python_decorator.py
[2026-08-08T18:13:37.737+0000] {processor.py:914} INFO - Processing file /home/airflow/.local/lib/python3.12/site-packages/airflow/example_dags/example_python_decorator.py for tasks to queue
[2026-08-08T18:13:37.741+0000] {logging_mixin.py:190} INFO - [2026-08-08T18:13:37.741+0000] {dagbag.py:587} INFO - Filling up the DagBag from /home/airflow/.local/lib/python3.12/site-packages/airflow/example_dags/example_python_decorator.py
[2026-08-08T18:13:37.764+0000] {processor.py:925} INFO - DAG(s) 'example_python_decorator' retrieved from /home/airflow/.local/lib/python3.12/site-packages/airflow/example_dags/example_python_decorator.py
[2026-08-08T18:13:37.793+0000] {logging_mixin.py:190} INFO - [2026-08-08T18:13:37.792+0000] {dag.py:3211} INFO - Sync 1 DAGs
[2026-08-08T18:13:37.809+0000] {logging_mixin.py:190} INFO - [2026-08-08T18:13:37.809+0000] {dag.py:4138} INFO - Setting next_dagrun for example_python_decorator to None, run_after=None
[2026-08-08T18:13:37.836+0000] {processor.py:208} INFO - Processing /home/airflow/.local/lib/python3.12/site-packages/airflow/example_dags/example_python_decorator.py took 0.111 seconds
[2026-08-08T18:14:08.362+0000] {processor.py:186} INFO - Started process (PID=225) to work on /home/airflow/.local/lib/python3.12/site-packages/airflow/example_dags/example_python_decorator.py
[2026-08-08T18:14:08.363+0000] {processor.py:914} INFO - Processing file /home/airflow/.local/lib/python3.12/site-packages/airflow/example_dags/example_python_decorator.py for tasks to queue
[2026-08-08T18:14:08.366+0000] {logging_mixin.py:190} INFO - [2026-08-08T18:14:08.365+0000] {dagbag.py:587} INFO - Filling up the DagBag from /home/airflow/.local/lib/python3.12/site-packages/airflow/example_dags/example_python_decorator.py
[2026-08-08T18:14:08.379+0000] {processor.py:925} INFO - DAG(s) 'example_python_decorator' retrieved from /home/airflow/.local/lib/python3.12/site-packages/airflow/example_dags/example_python_decorator.py
[2026-08-08T18:14:08.404+0000] {logging_mixin.py:190} INFO - [2026-08-08T18:14:08.404+0000] {dag.py:3211} INFO - Sync 1 DAGs
[2026-08-08T18:14:08.420+0000] {logging_mixin.py:190} INFO - [2026-08-08T18:14:08.420+0000] {dag.py:4138} INFO - Setting next_dagrun for example_python_decorator to None, run_after=None
[2026-08-08T18:14:08.446+0000] {processor.py:208} INFO - Processing /home/airflow/.local/lib/python3.12/site-packages/airflow/example_dags/example_python_decorator.py took 0.090 seconds
[2026-08-08T18:14:38.720+0000] {processor.py:186} INFO - Started process (PID=288) to work on /home/airflow/.local/lib/python3.12/site-packages/airflow/example_dags/example_python_decorator.py
[2026-08-08T18:14:38.721+0000] {processor.py:914} INFO - Processing file /home/airflow/.local/lib/python3.12/site-packages/airflow/example_dags/example_python_decorator.py for tasks to queue
[2026-08-08T18:14:38.724+0000] {logging_mixin.py:190} INFO - [2026-08-08T18:14:38.724+0000] {dagbag.py:587} INFO - Filling up the DagBag from /home/airflow/.local/lib/python3.12/site-packages/airflow/example_dags/example_python_decorator.py
[2026-08-08T18:14:38.739+0000] {processor.py:925} INFO - DAG(s) 'example_python_decorator' retrieved from /home/airflow/.local/lib/python3.12/site-packages/airflow/example_dags/example_python_decorator.py
[2026-08-08T18:14:38.762+0000] {logging_mixin.py:190} INFO - [2026-08-08T18:14:38.761+0000] {dag.py:3211} INFO - Sync 1 DAGs
[2026-08-08T18:14:38.776+0000] {logging_mixin.py:190} INFO - [2026-08-08T18:14:38.776+0000] {dag.py:4138} INFO - Setting next_dagrun for example_python_decorator to None, run_after=None
[2026-08-08T18:14:38.803+0000] {processor.py:208} INFO - Processing /home/airflow/.local/lib/python3.12/site-packages/airflow/example_dags/example_python_decorator.py took 0.088 seconds
[2026-08-08T18:15:09.903+0000] {processor.py:186} INFO - Started process (PID=351) to work on /home/airflow/.local/lib/python3.12/site-packages/airflow/example_dags/example_python_decorator.py
[2026-08-08T18:15:09.905+0000] {processor.py:914} INFO - Processing file /home/airflow/.local/lib/python3.12/site-packages/airflow/example_dags/example_python_decorator.py for tasks to queue
[2026-08-08T18:15:09.909+0000] {logging_mixin.py:190} INFO - [2026-08-08T18:15:09.908+0000] {dagbag.py:587} INFO - Filling up the DagBag from /home/airflow/.local/lib/python3.12/site-packages/airflow/example_dags/example_python_decorator.py
[2026-08-08T18:15:09.929+0000] {processor.py:925} INFO - DAG(s) 'example_python_decorator' retrieved from /home/airflow/.local/lib/python3.12/site-packages/airflow/example_dags/example_python_decorator.py
[2026-08-08T18:15:09.961+0000] {logging_mixin.py:190} INFO - [2026-08-08T18:15:09.961+0000] {dag.py:3211} INFO - Sync 1 DAGs
[2026-08-08T18:15:09.986+0000] {logging_mixin.py:190} INFO - [2026-08-08T18:15:09.985+0000] {dag.py:4138} INFO - Setting next_dagrun for example_python_decorator to None, run_after=None
[2026-08-08T18:15:10.014+0000] {processor.py:208} INFO - Processing /home/airflow/.local/lib/python3.12/site-packages/airflow/example_dags/example_python_decorator.py took 0.119 seconds
[2026-08-08T18:15:40.549+0000] {processor.py:186} INFO - Started process (PID=414) to work on /home/airflow/.local/lib/python3.12/site-packages/airflow/example_dags/example_python_decorator.py
[2026-08-08T18:15:40.551+0000] {processor.py:914} INFO - Processing file /home/airflow/.local/lib/python3.12/site-packages/airflow/example_dags/example_python_decorator.py for tasks to queue
[2026-08-08T18:15:40.554+0000] {logging_mixin.py:190} INFO - [2026-08-08T18:15:40.554+0000] {dagbag.py:587} INFO - Filling up the DagBag from /home/airflow/.local/lib/python3.12/site-packages/airflow/example_dags/example_python_decorator.py
[2026-08-08T18:15:40.570+0000] {processor.py:925} INFO - DAG(s) 'example_python_decorator' retrieved from /home/airflow/.local/lib/python3.12/site-packages/airflow/example_dags/example_python_decorator.py
[2026-08-08T18:15:40.594+0000] {logging_mixin.py:190} INFO - [2026-08-08T18:15:40.594+0000] {dag.py:3211} INFO - Sync 1 DAGs
[2026-08-08T18:15:40.607+0000] {logging_mixin.py:190} INFO - [2026-08-08T18:15:40.607+0000] {dag.py:4138} INFO - Setting next_dagrun for example_python_decorator to None, run_after=None
[2026-08-08T18:15:40.629+0000] {processor.py:208} INFO - Processing /home/airflow/.local/lib/python3.12/site-packages/airflow/example_dags/example_python_decorator.py took 0.087 seconds
[2026-08-08T18:17:12.140+0000] {processor.py:186} INFO - Started process (PID=112) to work on /home/airflow/.local/lib/python3.12/site-packages/airflow/example_dags/example_python_decorator.py
[2026-08-08T18:17:12.146+0000] {processor.py:914} INFO - Processing file /home/airflow/.local/lib/python3.12/site-packages/airflow/example_dags/example_python_decorator.py for tasks to queue
[2026-08-08T18:17:12.149+0000] {logging_mixin.py:190} INFO - [2026-08-08T18:17:12.149+0000] {dagbag.py:587} INFO - Filling up the DagBag from /home/airflow/.local/lib/python3.12/site-packages/airflow/example_dags/example_python_decorator.py
[2026-08-08T18:17:12.173+0000] {processor.py:925} INFO - DAG(s) 'example_python_decorator' retrieved from /home/airflow/.local/lib/python3.12/site-packages/airflow/example_dags/example_python_decorator.py
[2026-08-08T18:17:12.363+0000] {logging_mixin.py:190} INFO - [2026-08-08T18:17:12.362+0000] {dag.py:3211} INFO - Sync 1 DAGs
[2026-08-08T18:17:12.384+0000] {logging_mixin.py:190} INFO - [2026-08-08T18:17:12.384+0000] {dag.py:4138} INFO - Setting next_dagrun for example_python_decorator to None, run_after=None
[2026-08-08T18:17:12.424+0000] {processor.py:208} INFO - Processing /home/airflow/.local/lib/python3.12/site-packages/airflow/example_dags/example_python_decorator.py took 0.292 seconds
[2026-08-08T18:17:42.912+0000] {processor.py:186} INFO - Started process (PID=175) to work on /home/airflow/.local/lib/python3.12/site-packages/airflow/example_dags/example_python_decorator.py
[2026-08-08T18:17:42.913+0000] {processor.py:914} INFO - Processing file /home/airflow/.local/lib/python3.12/site-packages/airflow/example_dags/example_python_decorator.py for tasks to queue
[2026-08-08T18:17:42.916+0000] {logging_mixin.py:190} INFO - [2026-08-08T18:17:42.916+0000] {dagbag.py:587} INFO - Filling up the DagBag from /home/airflow/.local/lib/python3.12/site-packages/airflow/example_dags/example_python_decorator.py
[2026-08-08T18:17:42.933+0000] {processor.py:925} INFO - DAG(s) 'example_python_decorator' retrieved from /home/airflow/.local/lib/python3.12/site-packages/airflow/example_dags/example_python_decorator.py
[2026-08-08T18:17:42.958+0000] {logging_mixin.py:190} INFO - [2026-08-08T18:17:42.958+0000] {dag.py:3211} INFO - Sync 1 DAGs
[2026-08-08T18:17:42.971+0000] {logging_mixin.py:190} INFO - [2026-08-08T18:17:42.971+0000] {dag.py:4138} INFO - Setting next_dagrun for example_python_decorator to None, run_after=None
[2026-08-08T18:17:42.994+0000] {processor.py:208} INFO - Processing /home/airflow/.local/lib/python3.12/site-packages/airflow/example_dags/example_python_decorator.py took 0.088 seconds
[2026-08-08T18:18:13.728+0000] {processor.py:186} INFO - Started process (PID=238) to work on /home/airflow/.local/lib/python3.12/site-packages/airflow/example_dags/example_python_decorator.py
[2026-08-08T18:18:13.729+0000] {processor.py:914} INFO - Processing file /home/airflow/.local/lib/python3.12/site-packages/airflow/example_dags/example_python_decorator.py for tasks to queue
[2026-08-08T18:18:13.732+0000] {logging_mixin.py:190} INFO - [2026-08-08T18:18:13.732+0000] {dagbag.py:587} INFO - Filling up the DagBag from /home/airflow/.local/lib/python3.12/site-packages/airflow/example_dags/example_python_decorator.py
[2026-08-08T18:18:13.751+0000] {processor.py:925} INFO - DAG(s) 'example_python_decorator' retrieved from /home/airflow/.local/lib/python3.12/site-packages/airflow/example_dags/example_python_decorator.py
[2026-08-08T18:18:13.776+0000] {logging_mixin.py:190} INFO - [2026-08-08T18:18:13.776+0000] {dag.py:3211} INFO - Sync 1 DAGs
[2026-08-08T18:18:13.790+0000] {logging_mixin.py:190} INFO - [2026-08-08T18:18:13.790+0000] {dag.py:4138} INFO - Setting next_dagrun for example_python_decorator to None, run_after=None
[2026-08-08T18:18:13.810+0000] {processor.py:208} INFO - Processing /home/airflow/.local/lib/python3.12/site-packages/airflow/example_dags/example_python_decorator.py took 0.089 seconds
[2026-08-08T18:18:44.302+0000] {processor.py:186} INFO - Started process (PID=302) to work on /home/airflow/.local/lib/python3.12/site-packages/airflow/example_dags/example_python_decorator.py
[2026-08-08T18:18:44.304+0000] {processor.py:914} INFO - Processing file /home/airflow/.local/lib/python3.12/site-packages/airflow/example_dags/example_python_decorator.py for tasks to queue
[2026-08-08T18:18:44.310+0000] {logging_mixin.py:190} INFO - [2026-08-08T18:18:44.310+0000] {dagbag.py:587} INFO - Filling up the DagBag from /home/airflow/.local/lib/python3.12/site-packages/airflow/example_dags/example_python_decorator.py
[2026-08-08T18:18:44.327+0000] {processor.py:925} INFO - DAG(s) 'example_python_decorator' retrieved from /home/airflow/.local/lib/python3.12/site-packages/airflow/example_dags/example_python_decorator.py
[2026-08-08T18:18:44.349+0000] {logging_mixin.py:190} INFO - [2026-08-08T18:18:44.348+0000] {dag.py:3211} INFO - Sync 1 DAGs
[2026-08-08T18:18:44.361+0000] {logging_mixin.py:190} INFO - [2026-08-08T18:18:44.361+0000] {dag.py:4138} INFO - Setting next_dagrun for example_python_decorator to None, run_after=None
[2026-08-08T18:18:44.382+0000] {processor.py:208} INFO - Processing /home/airflow/.local/lib/python3.12/site-packages/airflow/example_dags/example_python_decorator.py took 0.086 seconds
[2026-08-08T18:19:15.163+0000] {processor.py:186} INFO - Started process (PID=365) to work on /home/airflow/.local/lib/python3.12/site-packages/airflow/example_dags/example_python_decorator.py
[2026-08-08T18:19:15.165+0000] {processor.py:914} INFO - Processing file /home/airflow/.local/lib/python3.12/site-packages/airflow/example_dags/example_python_decorator.py for tasks to queue
[2026-08-08T18:19:15.169+0000] {logging_mixin.py:190} INFO - [2026-08-08T18:19:15.168+0000] {dagbag.py:587} INFO - Filling up the DagBag from /home/airflow/.local/lib/python3.12/site-packages/airflow/example_dags/example_python_decorator.py
[2026-08-08T18:19:15.189+0000] {processor.py:925} INFO - DAG(s) 'example_python_decorator' retrieved from /home/airflow/.local/lib/python3.12/site-packages/airflow/example_dags/example_python_decorator.py
[2026-08-08T18:19:15.224+0000] {logging_mixin.py:190} INFO - [2026-08-08T18:19:15.224+0000] {dag.py:3211} INFO - Sync 1 DAGs
[2026-08-08T18:19:15.242+0000] {logging_mixin.py:190} INFO - [2026-08-08T18:19:15.241+0000] {dag.py:4138} INFO - Setting next_dagrun for example_python_decorator to None, run_after=None
[2026-08-08T18:19:15.266+0000] {processor.py:208} INFO - Processing /home/airflow/.local/lib/python3.12/site-packages/airflow/example_dags/example_python_decorator.py took 0.110 seconds
[2026-08-08T18:24:01.322+0000] {processor.py:186} INFO - Started process (PID=427) to work on /home/airflow/.local/lib/python3.12/site-packages/airflow/example_dags/example_python_decorator.py
[2026-08-08T18:24:01.338+0000] {processor.py:914} INFO - Processing file /home/airflow/.local/lib/python3.12/site-packages/airflow/example_dags/example_python_decorator.py for tasks to queue
[2026-08-08T18:24:01.341+0000] {logging_mixin.py:190} INFO - [2026-08-08T18:24:01.341+0000] {dagbag.py:587} INFO - Filling up the DagBag from /home/airflow/.local/lib/python3.12/site-packages/airflow/example_dags/example_python_decorator.py
[2026-08-08T18:24:01.353+0000] {processor.py:925} INFO - DAG(s) 'example_python_decorator' retrieved from /home/airflow/.local/lib/python3.12/site-packages/airflow/example_dags/example_python_decorator.py
[2026-08-08T18:24:01.374+0000] {logging_mixin.py:190} INFO - [2026-08-08T18:24:01.373+0000] {dag.py:3211} INFO - Sync 1 DAGs
[2026-08-08T18:24:01.384+0000] {logging_mixin.py:190} INFO - [2026-08-08T18:24:01.384+0000] {dag.py:4138} INFO - Setting next_dagrun for example_python_decorator to None, run_after=None
[2026-08-08T18:24:01.445+0000] {processor.py:208} INFO - Processing /home/airflow/.local/lib/python3.12/site-packages/airflow/example_dags/example_python_decorator.py took 0.127 seconds
[2026-08-08T18:24:31.808+0000] {processor.py:186} INFO - Started process (PID=490) to work on /home/airflow/.local/lib/python3.12/site-packages/airflow/example_dags/example_python_decorator.py
[2026-08-08T18:24:31.810+0000] {processor.py:914} INFO - Processing file /home/airflow/.local/lib/python3.12/site-packages/airflow/example_dags/example_python_decorator.py for tasks to queue
[2026-08-08T18:24:31.813+0000] {logging_mixin.py:190} INFO - [2026-08-08T18:24:31.813+0000] {dagbag.py:587} INFO - Filling up the DagBag from /home/airflow/.local/lib/python3.12/site-packages/airflow/example_dags/example_python_decorator.py
[2026-08-08T18:24:31.831+0000] {processor.py:925} INFO - DAG(s) 'example_python_decorator' retrieved from /home/airflow/.local/lib/python3.12/site-packages/airflow/example_dags/example_python_decorator.py
[2026-08-08T18:24:31.859+0000] {logging_mixin.py:190} INFO - [2026-08-08T18:24:31.859+0000] {dag.py:3211} INFO - Sync 1 DAGs
[2026-08-08T18:24:31.874+0000] {logging_mixin.py:190} INFO - [2026-08-08T18:24:31.874+0000] {dag.py:4138} INFO - Setting next_dagrun for example_python_decorator to None, run_after=None
[2026-08-08T18:24:31.894+0000] {processor.py:208} INFO - Processing /home/airflow/.local/lib/python3.12/site-packages/airflow/example_dags/example_python_decorator.py took 0.093 seconds
[2026-08-08T18:25:02.303+0000] {processor.py:186} INFO - Started process (PID=553) to work on /home/airflow/.local/lib/python3.12/site-packages/airflow/example_dags/example_python_decorator.py
[2026-08-08T18:25:02.304+0000] {processor.py:914} INFO - Processing file /home/airflow/.local/lib/python3.12/site-packages/airflow/example_dags/example_python_decorator.py for tasks to queue
[2026-08-08T18:25:02.309+0000] {logging_mixin.py:190} INFO - [2026-08-08T18:25:02.308+0000] {dagbag.py:587} INFO - Filling up the DagBag from /home/airflow/.local/lib/python3.12/site-packages/airflow/example_dags/example_python_decorator.py
[2026-08-08T18:25:02.325+0000] {processor.py:925} INFO - DAG(s) 'example_python_decorator' retrieved from /home/airflow/.local/lib/python3.12/site-packages/airflow/example_dags/example_python_decorator.py
[2026-08-08T18:25:02.350+0000] {logging_mixin.py:190} INFO - [2026-08-08T18:25:02.350+0000] {dag.py:3211} INFO - Sync 1 DAGs
[2026-08-08T18:25:02.367+0000] {logging_mixin.py:190} INFO - [2026-08-08T18:25:02.367+0000] {dag.py:4138} INFO - Setting next_dagrun for example_python_decorator to None, run_after=None
[2026-08-08T18:25:02.386+0000] {processor.py:208} INFO - Processing /home/airflow/.local/lib/python3.12/site-packages/airflow/example_dags/example_python_decorator.py took 0.091 seconds
[2026-08-08T18:25:32.869+0000] {processor.py:186} INFO - Started process (PID=616) to work on /home/airflow/.local/lib/python3.12/site-packages/airflow/example_dags/example_python_decorator.py
[2026-08-08T18:25:32.871+0000] {processor.py:914} INFO - Processing file /home/airflow/.local/lib/python3.12/site-packages/airflow/example_dags/example_python_decorator.py for tasks to queue
[2026-08-08T18:25:32.875+0000] {logging_mixin.py:190} INFO - [2026-08-08T18:25:32.874+0000] {dagbag.py:587} INFO - Filling up the DagBag from /home/airflow/.local/lib/python3.12/site-packages/airflow/example_dags/example_python_decorator.py
[2026-08-08T18:25:32.891+0000] {processor.py:925} INFO - DAG(s) 'example_python_decorator' retrieved from /home/airflow/.local/lib/python3.12/site-packages/airflow/example_dags/example_python_decorator.py
[2026-08-08T18:25:32.919+0000] {logging_mixin.py:190} INFO - [2026-08-08T18:25:32.919+0000] {dag.py:3211} INFO - Sync 1 DAGs
[2026-08-08T18:25:32.946+0000] {logging_mixin.py:190} INFO - [2026-08-08T18:25:32.946+0000] {dag.py:4138} INFO - Setting next_dagrun for example_python_decorator to None, run_after=None
[2026-08-08T18:25:32.978+0000] {processor.py:208} INFO - Processing /home/airflow/.local/lib/python3.12/site-packages/airflow/example_dags/example_python_decorator.py took 0.117 seconds
[2026-08-08T18:26:03.558+0000] {processor.py:186} INFO - Started process (PID=680) to work on /home/airflow/.local/lib/python3.12/site-packages/airflow/example_dags/example_python_decorator.py
[2026-08-08T18:26:03.559+0000] {processor.py:914} INFO - Processing file /home/airflow/.local/lib/python3.12/site-packages/airflow/example_dags/example_python_decorator.py for tasks to queue
[2026-08-08T18:26:03.563+0000] {logging_mixin.py:190} INFO - [2026-08-08T18:26:03.563+0000] {dagbag.py:587} INFO - Filling up the DagBag from /home/airflow/.local/lib/python3.12/site-packages/airflow/example_dags/example_python_decorator.py
[2026-08-08T18:26:03.580+0000] {processor.py:925} INFO - DAG(s) 'example_python_decorator' retrieved from /home/airflow/.local/lib/python3.12/site-packages/airflow/example_dags/example_python_decorator.py
[2026-08-08T18:26:03.609+0000] {logging_mixin.py:190} INFO - [2026-08-08T18:26:03.609+0000] {dag.py:3211} INFO - Sync 1 DAGs
[2026-08-08T18:26:03.626+0000] {logging_mixin.py:190} INFO - [2026-08-08T18:26:03.626+0000] {dag.py:4138} INFO - Setting next_dagrun for example_python_decorator to None, run_after=None
[2026-08-08T18:26:03.648+0000] {processor.py:208} INFO - Processing /home/airflow/.local/lib/python3.12/site-packages/airflow/example_dags/example_python_decorator.py took 0.099 seconds
[2026-08-08T18:26:34.196+0000] {processor.py:186} INFO - Started process (PID=743) to work on /home/airflow/.local/lib/python3.12/site-packages/airflow/example_dags/example_python_decorator.py
[2026-08-08T18:26:34.198+0000] {processor.py:914} INFO - Processing file /home/airflow/.local/lib/python3.12/site-packages/airflow/example_dags/example_python_decorator.py for tasks to queue
[2026-08-08T18:26:34.201+0000] {logging_mixin.py:190} INFO - [2026-08-08T18:26:34.200+0000] {dagbag.py:587} INFO - Filling up the DagBag from /home/airflow/.local/lib/python3.12/site-packages/airflow/example_dags/example_python_decorator.py
[2026-08-08T18:26:34.215+0000] {processor.py:925} INFO - DAG(s) 'example_python_decorator' retrieved from /home/airflow/.local/lib/python3.12/site-packages/airflow/example_dags/example_python_decorator.py
[2026-08-08T18:26:34.238+0000] {logging_mixin.py:190} INFO - [2026-08-08T18:26:34.237+0000] {dag.py:3211} INFO - Sync 1 DAGs
[2026-08-08T18:26:34.253+0000] {logging_mixin.py:190} INFO - [2026-08-08T18:26:34.253+0000] {dag.py:4138} INFO - Setting next_dagrun for example_python_decorator to None, run_after=None
[2026-08-08T18:26:34.275+0000] {processor.py:208} INFO - Processing /home/airflow/.local/lib/python3.12/site-packages/airflow/example_dags/example_python_decorator.py took 0.085 seconds
