[2026-08-08T17:25:12.041+0000] {processor.py:186} INFO - Started process (PID=102) to work on /home/airflow/.local/lib/python3.12/site-packages/airflow/example_dags/example_display_name.py
[2026-08-08T17:25:12.044+0000] {processor.py:914} INFO - Processing file /home/airflow/.local/lib/python3.12/site-packages/airflow/example_dags/example_display_name.py for tasks to queue
[2026-08-08T17:25:12.055+0000] {logging_mixin.py:190} INFO - [2026-08-08T17:25:12.055+0000] {dagbag.py:587} INFO - Filling up the DagBag from /home/airflow/.local/lib/python3.12/site-packages/airflow/example_dags/example_display_name.py
[2026-08-08T17:25:12.075+0000] {processor.py:925} INFO - DAG(s) 'example_display_name' retrieved from /home/airflow/.local/lib/python3.12/site-packages/airflow/example_dags/example_display_name.py
[2026-08-08T17:25:12.192+0000] {logging_mixin.py:190} INFO - [2026-08-08T17:25:12.192+0000] {override.py:1858} INFO - Created Permission View: can delete on DAG:example_display_name
[2026-08-08T17:25:12.203+0000] {logging_mixin.py:190} INFO - [2026-08-08T17:25:12.203+0000] {override.py:1858} INFO - Created Permission View: can edit on DAG:example_display_name
[2026-08-08T17:25:12.211+0000] {logging_mixin.py:190} INFO - [2026-08-08T17:25:12.211+0000] {override.py:1858} INFO - Created Permission View: can read on DAG:example_display_name
[2026-08-08T17:25:12.213+0000] {logging_mixin.py:190} INFO - [2026-08-08T17:25:12.212+0000] {dag.py:3211} INFO - Sync 1 DAGs
[2026-08-08T17:25:12.225+0000] {logging_mixin.py:190} INFO - [2026-08-08T17:25:12.225+0000] {dag.py:3234} INFO - Creating ORM DAG for example_display_name
[2026-08-08T17:25:12.226+0000] {logging_mixin.py:190} INFO - [2026-08-08T17:25:12.226+0000] {dag.py:4138} INFO - Setting next_dagrun for example_display_name to None, run_after=None
[2026-08-08T17:25:12.247+0000] {processor.py:208} INFO - Processing /home/airflow/.local/lib/python3.12/site-packages/airflow/example_dags/example_display_name.py took 0.218 seconds
[2026-08-08T17:25:42.340+0000] {processor.py:186} INFO - Started process (PID=165) to work on /home/airflow/.local/lib/python3.12/site-packages/airflow/example_dags/example_display_name.py
[2026-08-08T17:25:42.343+0000] {processor.py:914} INFO - Processing file /home/airflow/.local/lib/python3.12/site-packages/airflow/example_dags/example_display_name.py for tasks to queue
[2026-08-08T17:25:42.348+0000] {logging_mixin.py:190} INFO - [2026-08-08T17:25:42.347+0000] {dagbag.py:587} INFO - Filling up the DagBag from /home/airflow/.local/lib/python3.12/site-packages/airflow/example_dags/example_display_name.py
[2026-08-08T17:25:42.364+0000] {processor.py:925} INFO - DAG(s) 'example_display_name' retrieved from /home/airflow/.local/lib/python3.12/site-packages/airflow/example_dags/example_display_name.py
[2026-08-08T17:25:42.399+0000] {logging_mixin.py:190} INFO - [2026-08-08T17:25:42.399+0000] {dag.py:3211} INFO - Sync 1 DAGs
[2026-08-08T17:25:42.418+0000] {logging_mixin.py:190} INFO - [2026-08-08T17:25:42.418+0000] {dag.py:4138} INFO - Setting next_dagrun for example_display_name to None, run_after=None
[2026-08-08T17:25:42.443+0000] {processor.py:208} INFO - Processing /home/airflow/.local/lib/python3.12/site-packages/airflow/example_dags/example_display_name.py took 0.116 seconds
[2026-08-08T17:26:12.982+0000] {processor.py:186} INFO - Started process (PID=228) to work on /home/airflow/.local/lib/python3.12/site-packages/airflow/example_dags/example_display_name.py
[2026-08-08T17:26:12.983+0000] {processor.py:914} INFO - Processing file /home/airflow/.local/lib/python3.12/site-packages/airflow/example_dags/example_display_name.py for tasks to queue
[2026-08-08T17:26:12.985+0000] {logging_mixin.py:190} INFO - [2026-08-08T17:26:12.985+0000] {dagbag.py:587} INFO - Filling up the DagBag from /home/airflow/.local/lib/python3.12/site-packages/airflow/example_dags/example_display_name.py
[2026-08-08T17:26:12.992+0000] {processor.py:925} INFO - DAG(s) 'example_display_name' retrieved from /home/airflow/.local/lib/python3.12/site-packages/airflow/example_dags/example_display_name.py
[2026-08-08T17:26:13.009+0000] {logging_mixin.py:190} INFO - [2026-08-08T17:26:13.008+0000] {dag.py:3211} INFO - Sync 1 DAGs
[2026-08-08T17:26:13.018+0000] {logging_mixin.py:190} INFO - [2026-08-08T17:26:13.018+0000] {dag.py:4138} INFO - Setting next_dagrun for example_display_name to None, run_after=None
[2026-08-08T17:26:13.034+0000] {processor.py:208} INFO - Processing /home/airflow/.local/lib/python3.12/site-packages/airflow/example_dags/example_display_name.py took 0.057 seconds
[2026-08-08T17:26:43.143+0000] {processor.py:186} INFO - Started process (PID=291) to work on /home/airflow/.local/lib/python3.12/site-packages/airflow/example_dags/example_display_name.py
[2026-08-08T17:26:43.144+0000] {processor.py:914} INFO - Processing file /home/airflow/.local/lib/python3.12/site-packages/airflow/example_dags/example_display_name.py for tasks to queue
[2026-08-08T17:26:43.147+0000] {logging_mixin.py:190} INFO - [2026-08-08T17:26:43.146+0000] {dagbag.py:587} INFO - Filling up the DagBag from /home/airflow/.local/lib/python3.12/site-packages/airflow/example_dags/example_display_name.py
[2026-08-08T17:26:43.155+0000] {processor.py:925} INFO - DAG(s) 'example_display_name' retrieved from /home/airflow/.local/lib/python3.12/site-packages/airflow/example_dags/example_display_name.py
[2026-08-08T17:26:43.175+0000] {logging_mixin.py:190} INFO - [2026-08-08T17:26:43.174+0000] {dag.py:3211} INFO - Sync 1 DAGs
[2026-08-08T17:26:43.186+0000] {logging_mixin.py:190} INFO - [2026-08-08T17:26:43.186+0000] {dag.py:4138} INFO - Setting next_dagrun for example_display_name to None, run_after=None
[2026-08-08T17:26:43.208+0000] {processor.py:208} INFO - Processing /home/airflow/.local/lib/python3.12/site-packages/airflow/example_dags/example_display_name.py took 0.071 seconds
[2026-08-08T17:27:13.561+0000] {processor.py:186} INFO - Started process (PID=354) to work on /home/airflow/.local/lib/python3.12/site-packages/airflow/example_dags/example_display_name.py
[2026-08-08T17:27:13.563+0000] {processor.py:914} INFO - Processing file /home/airflow/.local/lib/python3.12/site-packages/airflow/example_dags/example_display_name.py for tasks to queue
[2026-08-08T17:27:13.565+0000] {logging_mixin.py:190} INFO - [2026-08-08T17:27:13.565+0000] {dagbag.py:587} INFO - Filling up the DagBag from /home/airflow/.local/lib/python3.12/site-packages/airflow/example_dags/example_display_name.py
[2026-08-08T17:27:13.571+0000] {processor.py:925} INFO - DAG(s) 'example_display_name' retrieved from /home/airflow/.local/lib/python3.12/site-packages/airflow/example_dags/example_display_name.py
[2026-08-08T17:27:13.586+0000] {logging_mixin.py:190} INFO - [2026-08-08T17:27:13.586+0000] {dag.py:3211} INFO - Sync 1 DAGs
[2026-08-08T17:27:13.596+0000] {logging_mixin.py:190} INFO - [2026-08-08T17:27:13.596+0000] {dag.py:4138} INFO - Setting next_dagrun for example_display_name to None, run_after=None
[2026-08-08T17:27:13.613+0000] {processor.py:208} INFO - Processing /home/airflow/.local/lib/python3.12/site-packages/airflow/example_dags/example_display_name.py took 0.056 seconds
[2026-08-08T17:27:44.058+0000] {processor.py:186} INFO - Started process (PID=417) to work on /home/airflow/.local/lib/python3.12/site-packages/airflow/example_dags/example_display_name.py
[2026-08-08T17:27:44.059+0000] {processor.py:914} INFO - Processing file /home/airflow/.local/lib/python3.12/site-packages/airflow/example_dags/example_display_name.py for tasks to queue
[2026-08-08T17:27:44.061+0000] {logging_mixin.py:190} INFO - [2026-08-08T17:27:44.061+0000] {dagbag.py:587} INFO - Filling up the DagBag from /home/airflow/.local/lib/python3.12/site-packages/airflow/example_dags/example_display_name.py
[2026-08-08T17:27:44.068+0000] {processor.py:925} INFO - DAG(s) 'example_display_name' retrieved from /home/airflow/.local/lib/python3.12/site-packages/airflow/example_dags/example_display_name.py
[2026-08-08T17:27:44.085+0000] {logging_mixin.py:190} INFO - [2026-08-08T17:27:44.085+0000] {dag.py:3211} INFO - Sync 1 DAGs
[2026-08-08T17:27:44.097+0000] {logging_mixin.py:190} INFO - [2026-08-08T17:27:44.097+0000] {dag.py:4138} INFO - Setting next_dagrun for example_display_name to None, run_after=None
[2026-08-08T17:27:44.121+0000] {processor.py:208} INFO - Processing /home/airflow/.local/lib/python3.12/site-packages/airflow/example_dags/example_display_name.py took 0.069 seconds
[2026-08-08T17:28:14.592+0000] {processor.py:186} INFO - Started process (PID=480) to work on /home/airflow/.local/lib/python3.12/site-packages/airflow/example_dags/example_display_name.py
[2026-08-08T17:28:14.593+0000] {processor.py:914} INFO - Processing file /home/airflow/.local/lib/python3.12/site-packages/airflow/example_dags/example_display_name.py for tasks to queue
[2026-08-08T17:28:14.595+0000] {logging_mixin.py:190} INFO - [2026-08-08T17:28:14.595+0000] {dagbag.py:587} INFO - Filling up the DagBag from /home/airflow/.local/lib/python3.12/site-packages/airflow/example_dags/example_display_name.py
[2026-08-08T17:28:14.601+0000] {processor.py:925} INFO - DAG(s) 'example_display_name' retrieved from /home/airflow/.local/lib/python3.12/site-packages/airflow/example_dags/example_display_name.py
[2026-08-08T17:28:14.616+0000] {logging_mixin.py:190} INFO - [2026-08-08T17:28:14.616+0000] {dag.py:3211} INFO - Sync 1 DAGs
[2026-08-08T17:28:14.625+0000] {logging_mixin.py:190} INFO - [2026-08-08T17:28:14.625+0000] {dag.py:4138} INFO - Setting next_dagrun for example_display_name to None, run_after=None
[2026-08-08T17:28:14.643+0000] {processor.py:208} INFO - Processing /home/airflow/.local/lib/python3.12/site-packages/airflow/example_dags/example_display_name.py took 0.056 seconds
[2026-08-08T17:28:45.683+0000] {processor.py:186} INFO - Started process (PID=543) to work on /home/airflow/.local/lib/python3.12/site-packages/airflow/example_dags/example_display_name.py
[2026-08-08T17:28:45.685+0000] {processor.py:914} INFO - Processing file /home/airflow/.local/lib/python3.12/site-packages/airflow/example_dags/example_display_name.py for tasks to queue
[2026-08-08T17:28:45.692+0000] {logging_mixin.py:190} INFO - [2026-08-08T17:28:45.691+0000] {dagbag.py:587} INFO - Filling up the DagBag from /home/airflow/.local/lib/python3.12/site-packages/airflow/example_dags/example_display_name.py
[2026-08-08T17:28:45.710+0000] {processor.py:925} INFO - DAG(s) 'example_display_name' retrieved from /home/airflow/.local/lib/python3.12/site-packages/airflow/example_dags/example_display_name.py
[2026-08-08T17:28:45.741+0000] {logging_mixin.py:190} INFO - [2026-08-08T17:28:45.741+0000] {dag.py:3211} INFO - Sync 1 DAGs
[2026-08-08T17:28:45.758+0000] {logging_mixin.py:190} INFO - [2026-08-08T17:28:45.758+0000] {dag.py:4138} INFO - Setting next_dagrun for example_display_name to None, run_after=None
[2026-08-08T17:28:45.804+0000] {processor.py:208} INFO - Processing /home/airflow/.local/lib/python3.12/site-packages/airflow/example_dags/example_display_name.py took 0.140 seconds
[2026-08-08T17:29:16.685+0000] {processor.py:186} INFO - Started process (PID=606) to work on /home/airflow/.local/lib/python3.12/site-packages/airflow/example_dags/example_display_name.py
[2026-08-08T17:29:16.687+0000] {processor.py:914} INFO - Processing file /home/airflow/.local/lib/python3.12/site-packages/airflow/example_dags/example_display_name.py for tasks to queue
[2026-08-08T17:29:16.690+0000] {logging_mixin.py:190} INFO - [2026-08-08T17:29:16.689+0000] {dagbag.py:587} INFO - Filling up the DagBag from /home/airflow/.local/lib/python3.12/site-packages/airflow/example_dags/example_display_name.py
[2026-08-08T17:29:16.698+0000] {processor.py:925} INFO - DAG(s) 'example_display_name' retrieved from /home/airflow/.local/lib/python3.12/site-packages/airflow/example_dags/example_display_name.py
[2026-08-08T17:29:16.722+0000] {logging_mixin.py:190} INFO - [2026-08-08T17:29:16.721+0000] {dag.py:3211} INFO - Sync 1 DAGs
[2026-08-08T17:29:16.736+0000] {logging_mixin.py:190} INFO - [2026-08-08T17:29:16.736+0000] {dag.py:4138} INFO - Setting next_dagrun for example_display_name to None, run_after=None
[2026-08-08T17:29:16.760+0000] {processor.py:208} INFO - Processing /home/airflow/.local/lib/python3.12/site-packages/airflow/example_dags/example_display_name.py took 0.081 seconds
[2026-08-08T17:29:46.939+0000] {processor.py:186} INFO - Started process (PID=669) to work on /home/airflow/.local/lib/python3.12/site-packages/airflow/example_dags/example_display_name.py
[2026-08-08T17:29:46.940+0000] {processor.py:914} INFO - Processing file /home/airflow/.local/lib/python3.12/site-packages/airflow/example_dags/example_display_name.py for tasks to queue
[2026-08-08T17:29:46.944+0000] {logging_mixin.py:190} INFO - [2026-08-08T17:29:46.944+0000] {dagbag.py:587} INFO - Filling up the DagBag from /home/airflow/.local/lib/python3.12/site-packages/airflow/example_dags/example_display_name.py
[2026-08-08T17:29:46.952+0000] {processor.py:925} INFO - DAG(s) 'example_display_name' retrieved from /home/airflow/.local/lib/python3.12/site-packages/airflow/example_dags/example_display_name.py
[2026-08-08T17:29:46.971+0000] {logging_mixin.py:190} INFO - [2026-08-08T17:29:46.970+0000] {dag.py:3211} INFO - Sync 1 DAGs
[2026-08-08T17:29:46.982+0000] {logging_mixin.py:190} INFO - [2026-08-08T17:29:46.982+0000] {dag.py:4138} INFO - Setting next_dagrun for example_display_name to None, run_after=None
[2026-08-08T17:29:46.999+0000] {processor.py:208} INFO - Processing /home/airflow/.local/lib/python3.12/site-packages/airflow/example_dags/example_display_name.py took 0.066 seconds
[2026-08-08T17:30:17.703+0000] {processor.py:186} INFO - Started process (PID=732) to work on /home/airflow/.local/lib/python3.12/site-packages/airflow/example_dags/example_display_name.py
[2026-08-08T17:30:17.705+0000] {processor.py:914} INFO - Processing file /home/airflow/.local/lib/python3.12/site-packages/airflow/example_dags/example_display_name.py for tasks to queue
[2026-08-08T17:30:17.707+0000] {logging_mixin.py:190} INFO - [2026-08-08T17:30:17.707+0000] {dagbag.py:587} INFO - Filling up the DagBag from /home/airflow/.local/lib/python3.12/site-packages/airflow/example_dags/example_display_name.py
[2026-08-08T17:30:17.716+0000] {processor.py:925} INFO - DAG(s) 'example_display_name' retrieved from /home/airflow/.local/lib/python3.12/site-packages/airflow/example_dags/example_display_name.py
[2026-08-08T17:30:17.738+0000] {logging_mixin.py:190} INFO - [2026-08-08T17:30:17.737+0000] {dag.py:3211} INFO - Sync 1 DAGs
[2026-08-08T17:30:17.750+0000] {logging_mixin.py:190} INFO - [2026-08-08T17:30:17.750+0000] {dag.py:4138} INFO - Setting next_dagrun for example_display_name to None, run_after=None
[2026-08-08T17:30:17.773+0000] {processor.py:208} INFO - Processing /home/airflow/.local/lib/python3.12/site-packages/airflow/example_dags/example_display_name.py took 0.075 seconds
[2026-08-08T17:30:48.080+0000] {processor.py:186} INFO - Started process (PID=795) to work on /home/airflow/.local/lib/python3.12/site-packages/airflow/example_dags/example_display_name.py
[2026-08-08T17:30:48.081+0000] {processor.py:914} INFO - Processing file /home/airflow/.local/lib/python3.12/site-packages/airflow/example_dags/example_display_name.py for tasks to queue
[2026-08-08T17:30:48.083+0000] {logging_mixin.py:190} INFO - [2026-08-08T17:30:48.083+0000] {dagbag.py:587} INFO - Filling up the DagBag from /home/airflow/.local/lib/python3.12/site-packages/airflow/example_dags/example_display_name.py
[2026-08-08T17:30:48.091+0000] {processor.py:925} INFO - DAG(s) 'example_display_name' retrieved from /home/airflow/.local/lib/python3.12/site-packages/airflow/example_dags/example_display_name.py
[2026-08-08T17:30:48.109+0000] {logging_mixin.py:190} INFO - [2026-08-08T17:30:48.109+0000] {dag.py:3211} INFO - Sync 1 DAGs
[2026-08-08T17:30:48.121+0000] {logging_mixin.py:190} INFO - [2026-08-08T17:30:48.121+0000] {dag.py:4138} INFO - Setting next_dagrun for example_display_name to None, run_after=None
[2026-08-08T17:30:48.142+0000] {processor.py:208} INFO - Processing /home/airflow/.local/lib/python3.12/site-packages/airflow/example_dags/example_display_name.py took 0.067 seconds
[2026-08-08T17:31:19.163+0000] {processor.py:186} INFO - Started process (PID=858) to work on /home/airflow/.local/lib/python3.12/site-packages/airflow/example_dags/example_display_name.py
[2026-08-08T17:31:19.165+0000] {processor.py:914} INFO - Processing file /home/airflow/.local/lib/python3.12/site-packages/airflow/example_dags/example_display_name.py for tasks to queue
[2026-08-08T17:31:19.168+0000] {logging_mixin.py:190} INFO - [2026-08-08T17:31:19.168+0000] {dagbag.py:587} INFO - Filling up the DagBag from /home/airflow/.local/lib/python3.12/site-packages/airflow/example_dags/example_display_name.py
[2026-08-08T17:31:19.177+0000] {processor.py:925} INFO - DAG(s) 'example_display_name' retrieved from /home/airflow/.local/lib/python3.12/site-packages/airflow/example_dags/example_display_name.py
[2026-08-08T17:31:19.206+0000] {logging_mixin.py:190} INFO - [2026-08-08T17:31:19.206+0000] {dag.py:3211} INFO - Sync 1 DAGs
[2026-08-08T17:31:19.228+0000] {logging_mixin.py:190} INFO - [2026-08-08T17:31:19.228+0000] {dag.py:4138} INFO - Setting next_dagrun for example_display_name to None, run_after=None
[2026-08-08T17:31:19.263+0000] {processor.py:208} INFO - Processing /home/airflow/.local/lib/python3.12/site-packages/airflow/example_dags/example_display_name.py took 0.107 seconds
[2026-08-08T17:31:49.374+0000] {processor.py:186} INFO - Started process (PID=921) to work on /home/airflow/.local/lib/python3.12/site-packages/airflow/example_dags/example_display_name.py
[2026-08-08T17:31:49.375+0000] {processor.py:914} INFO - Processing file /home/airflow/.local/lib/python3.12/site-packages/airflow/example_dags/example_display_name.py for tasks to queue
[2026-08-08T17:31:49.378+0000] {logging_mixin.py:190} INFO - [2026-08-08T17:31:49.378+0000] {dagbag.py:587} INFO - Filling up the DagBag from /home/airflow/.local/lib/python3.12/site-packages/airflow/example_dags/example_display_name.py
[2026-08-08T17:31:49.386+0000] {processor.py:925} INFO - DAG(s) 'example_display_name' retrieved from /home/airflow/.local/lib/python3.12/site-packages/airflow/example_dags/example_display_name.py
[2026-08-08T17:31:49.411+0000] {logging_mixin.py:190} INFO - [2026-08-08T17:31:49.411+0000] {dag.py:3211} INFO - Sync 1 DAGs
[2026-08-08T17:31:49.429+0000] {logging_mixin.py:190} INFO - [2026-08-08T17:31:49.429+0000] {dag.py:4138} INFO - Setting next_dagrun for example_display_name to None, run_after=None
[2026-08-08T17:31:49.450+0000] {processor.py:208} INFO - Processing /home/airflow/.local/lib/python3.12/site-packages/airflow/example_dags/example_display_name.py took 0.083 seconds
[2026-08-08T17:32:19.485+0000] {processor.py:186} INFO - Started process (PID=983) to work on /home/airflow/.local/lib/python3.12/site-packages/airflow/example_dags/example_display_name.py
[2026-08-08T17:32:19.487+0000] {processor.py:914} INFO - Processing file /home/airflow/.local/lib/python3.12/site-packages/airflow/example_dags/example_display_name.py for tasks to queue
[2026-08-08T17:32:19.490+0000] {logging_mixin.py:190} INFO - [2026-08-08T17:32:19.490+0000] {dagbag.py:587} INFO - Filling up the DagBag from /home/airflow/.local/lib/python3.12/site-packages/airflow/example_dags/example_display_name.py
[2026-08-08T17:32:19.497+0000] {processor.py:925} INFO - DAG(s) 'example_display_name' retrieved from /home/airflow/.local/lib/python3.12/site-packages/airflow/example_dags/example_display_name.py
[2026-08-08T17:32:19.520+0000] {logging_mixin.py:190} INFO - [2026-08-08T17:32:19.520+0000] {dag.py:3211} INFO - Sync 1 DAGs
[2026-08-08T17:32:19.533+0000] {logging_mixin.py:190} INFO - [2026-08-08T17:32:19.533+0000] {dag.py:4138} INFO - Setting next_dagrun for example_display_name to None, run_after=None
[2026-08-08T17:32:19.556+0000] {processor.py:208} INFO - Processing /home/airflow/.local/lib/python3.12/site-packages/airflow/example_dags/example_display_name.py took 0.078 seconds
[2026-08-08T17:32:50.052+0000] {processor.py:186} INFO - Started process (PID=1047) to work on /home/airflow/.local/lib/python3.12/site-packages/airflow/example_dags/example_display_name.py
[2026-08-08T17:32:50.053+0000] {processor.py:914} INFO - Processing file /home/airflow/.local/lib/python3.12/site-packages/airflow/example_dags/example_display_name.py for tasks to queue
[2026-08-08T17:32:50.056+0000] {logging_mixin.py:190} INFO - [2026-08-08T17:32:50.056+0000] {dagbag.py:587} INFO - Filling up the DagBag from /home/airflow/.local/lib/python3.12/site-packages/airflow/example_dags/example_display_name.py
[2026-08-08T17:32:50.063+0000] {processor.py:925} INFO - DAG(s) 'example_display_name' retrieved from /home/airflow/.local/lib/python3.12/site-packages/airflow/example_dags/example_display_name.py
[2026-08-08T17:32:50.081+0000] {logging_mixin.py:190} INFO - [2026-08-08T17:32:50.081+0000] {dag.py:3211} INFO - Sync 1 DAGs
[2026-08-08T17:32:50.094+0000] {logging_mixin.py:190} INFO - [2026-08-08T17:32:50.094+0000] {dag.py:4138} INFO - Setting next_dagrun for example_display_name to None, run_after=None
[2026-08-08T17:32:50.115+0000] {processor.py:208} INFO - Processing /home/airflow/.local/lib/python3.12/site-packages/airflow/example_dags/example_display_name.py took 0.069 seconds
[2026-08-08T17:33:20.712+0000] {processor.py:186} INFO - Started process (PID=1110) to work on /home/airflow/.local/lib/python3.12/site-packages/airflow/example_dags/example_display_name.py
[2026-08-08T17:33:20.713+0000] {processor.py:914} INFO - Processing file /home/airflow/.local/lib/python3.12/site-packages/airflow/example_dags/example_display_name.py for tasks to queue
[2026-08-08T17:33:20.716+0000] {logging_mixin.py:190} INFO - [2026-08-08T17:33:20.716+0000] {dagbag.py:587} INFO - Filling up the DagBag from /home/airflow/.local/lib/python3.12/site-packages/airflow/example_dags/example_display_name.py
[2026-08-08T17:33:20.723+0000] {processor.py:925} INFO - DAG(s) 'example_display_name' retrieved from /home/airflow/.local/lib/python3.12/site-packages/airflow/example_dags/example_display_name.py
[2026-08-08T17:33:20.737+0000] {logging_mixin.py:190} INFO - [2026-08-08T17:33:20.737+0000] {dag.py:3211} INFO - Sync 1 DAGs
[2026-08-08T17:33:20.747+0000] {logging_mixin.py:190} INFO - [2026-08-08T17:33:20.747+0000] {dag.py:4138} INFO - Setting next_dagrun for example_display_name to None, run_after=None
[2026-08-08T17:33:20.763+0000] {processor.py:208} INFO - Processing /home/airflow/.local/lib/python3.12/site-packages/airflow/example_dags/example_display_name.py took 0.057 seconds
[2026-08-08T17:33:51.011+0000] {processor.py:186} INFO - Started process (PID=1173) to work on /home/airflow/.local/lib/python3.12/site-packages/airflow/example_dags/example_display_name.py
[2026-08-08T17:33:51.013+0000] {processor.py:914} INFO - Processing file /home/airflow/.local/lib/python3.12/site-packages/airflow/example_dags/example_display_name.py for tasks to queue
[2026-08-08T17:33:51.015+0000] {logging_mixin.py:190} INFO - [2026-08-08T17:33:51.015+0000] {dagbag.py:587} INFO - Filling up the DagBag from /home/airflow/.local/lib/python3.12/site-packages/airflow/example_dags/example_display_name.py
[2026-08-08T17:33:51.023+0000] {processor.py:925} INFO - DAG(s) 'example_display_name' retrieved from /home/airflow/.local/lib/python3.12/site-packages/airflow/example_dags/example_display_name.py
[2026-08-08T17:33:51.038+0000] {logging_mixin.py:190} INFO - [2026-08-08T17:33:51.038+0000] {dag.py:3211} INFO - Sync 1 DAGs
[2026-08-08T17:33:51.048+0000] {logging_mixin.py:190} INFO - [2026-08-08T17:33:51.047+0000] {dag.py:4138} INFO - Setting next_dagrun for example_display_name to None, run_after=None
[2026-08-08T17:33:51.062+0000] {processor.py:208} INFO - Processing /home/airflow/.local/lib/python3.12/site-packages/airflow/example_dags/example_display_name.py took 0.056 seconds
[2026-08-08T17:34:21.342+0000] {processor.py:186} INFO - Started process (PID=1236) to work on /home/airflow/.local/lib/python3.12/site-packages/airflow/example_dags/example_display_name.py
[2026-08-08T17:34:21.343+0000] {processor.py:914} INFO - Processing file /home/airflow/.local/lib/python3.12/site-packages/airflow/example_dags/example_display_name.py for tasks to queue
[2026-08-08T17:34:21.345+0000] {logging_mixin.py:190} INFO - [2026-08-08T17:34:21.345+0000] {dagbag.py:587} INFO - Filling up the DagBag from /home/airflow/.local/lib/python3.12/site-packages/airflow/example_dags/example_display_name.py
[2026-08-08T17:34:21.352+0000] {processor.py:925} INFO - DAG(s) 'example_display_name' retrieved from /home/airflow/.local/lib/python3.12/site-packages/airflow/example_dags/example_display_name.py
[2026-08-08T17:34:21.366+0000] {logging_mixin.py:190} INFO - [2026-08-08T17:34:21.366+0000] {dag.py:3211} INFO - Sync 1 DAGs
[2026-08-08T17:34:21.377+0000] {logging_mixin.py:190} INFO - [2026-08-08T17:34:21.377+0000] {dag.py:4138} INFO - Setting next_dagrun for example_display_name to None, run_after=None
[2026-08-08T17:34:21.393+0000] {processor.py:208} INFO - Processing /home/airflow/.local/lib/python3.12/site-packages/airflow/example_dags/example_display_name.py took 0.058 seconds
[2026-08-08T17:34:52.310+0000] {processor.py:186} INFO - Started process (PID=1299) to work on /home/airflow/.local/lib/python3.12/site-packages/airflow/example_dags/example_display_name.py
[2026-08-08T17:34:52.312+0000] {processor.py:914} INFO - Processing file /home/airflow/.local/lib/python3.12/site-packages/airflow/example_dags/example_display_name.py for tasks to queue
[2026-08-08T17:34:52.316+0000] {logging_mixin.py:190} INFO - [2026-08-08T17:34:52.316+0000] {dagbag.py:587} INFO - Filling up the DagBag from /home/airflow/.local/lib/python3.12/site-packages/airflow/example_dags/example_display_name.py
[2026-08-08T17:34:52.328+0000] {processor.py:925} INFO - DAG(s) 'example_display_name' retrieved from /home/airflow/.local/lib/python3.12/site-packages/airflow/example_dags/example_display_name.py
[2026-08-08T17:34:52.356+0000] {logging_mixin.py:190} INFO - [2026-08-08T17:34:52.355+0000] {dag.py:3211} INFO - Sync 1 DAGs
[2026-08-08T17:34:52.374+0000] {logging_mixin.py:190} INFO - [2026-08-08T17:34:52.373+0000] {dag.py:4138} INFO - Setting next_dagrun for example_display_name to None, run_after=None
[2026-08-08T17:34:52.397+0000] {processor.py:208} INFO - Processing /home/airflow/.local/lib/python3.12/site-packages/airflow/example_dags/example_display_name.py took 0.100 seconds
[2026-08-08T17:35:22.887+0000] {processor.py:186} INFO - Started process (PID=1362) to work on /home/airflow/.local/lib/python3.12/site-packages/airflow/example_dags/example_display_name.py
[2026-08-08T17:35:22.888+0000] {processor.py:914} INFO - Processing file /home/airflow/.local/lib/python3.12/site-packages/airflow/example_dags/example_display_name.py for tasks to queue
[2026-08-08T17:35:22.891+0000] {logging_mixin.py:190} INFO - [2026-08-08T17:35:22.890+0000] {dagbag.py:587} INFO - Filling up the DagBag from /home/airflow/.local/lib/python3.12/site-packages/airflow/example_dags/example_display_name.py
[2026-08-08T17:35:22.897+0000] {processor.py:925} INFO - DAG(s) 'example_display_name' retrieved from /home/airflow/.local/lib/python3.12/site-packages/airflow/example_dags/example_display_name.py
[2026-08-08T17:35:22.912+0000] {logging_mixin.py:190} INFO - [2026-08-08T17:35:22.912+0000] {dag.py:3211} INFO - Sync 1 DAGs
[2026-08-08T17:35:22.922+0000] {logging_mixin.py:190} INFO - [2026-08-08T17:35:22.922+0000] {dag.py:4138} INFO - Setting next_dagrun for example_display_name to None, run_after=None
[2026-08-08T17:35:22.939+0000] {processor.py:208} INFO - Processing /home/airflow/.local/lib/python3.12/site-packages/airflow/example_dags/example_display_name.py took 0.059 seconds
[2026-08-08T17:35:53.950+0000] {processor.py:186} INFO - Started process (PID=1425) to work on /home/airflow/.local/lib/python3.12/site-packages/airflow/example_dags/example_display_name.py
[2026-08-08T17:35:53.952+0000] {processor.py:914} INFO - Processing file /home/airflow/.local/lib/python3.12/site-packages/airflow/example_dags/example_display_name.py for tasks to queue
[2026-08-08T17:35:53.956+0000] {logging_mixin.py:190} INFO - [2026-08-08T17:35:53.955+0000] {dagbag.py:587} INFO - Filling up the DagBag from /home/airflow/.local/lib/python3.12/site-packages/airflow/example_dags/example_display_name.py
[2026-08-08T17:35:53.963+0000] {processor.py:925} INFO - DAG(s) 'example_display_name' retrieved from /home/airflow/.local/lib/python3.12/site-packages/airflow/example_dags/example_display_name.py
[2026-08-08T17:35:53.980+0000] {logging_mixin.py:190} INFO - [2026-08-08T17:35:53.980+0000] {dag.py:3211} INFO - Sync 1 DAGs
[2026-08-08T17:35:53.992+0000] {logging_mixin.py:190} INFO - [2026-08-08T17:35:53.992+0000] {dag.py:4138} INFO - Setting next_dagrun for example_display_name to None, run_after=None
[2026-08-08T17:35:54.015+0000] {processor.py:208} INFO - Processing /home/airflow/.local/lib/python3.12/site-packages/airflow/example_dags/example_display_name.py took 0.073 seconds
[2026-08-08T17:36:24.578+0000] {processor.py:186} INFO - Started process (PID=1488) to work on /home/airflow/.local/lib/python3.12/site-packages/airflow/example_dags/example_display_name.py
[2026-08-08T17:36:24.579+0000] {processor.py:914} INFO - Processing file /home/airflow/.local/lib/python3.12/site-packages/airflow/example_dags/example_display_name.py for tasks to queue
[2026-08-08T17:36:24.582+0000] {logging_mixin.py:190} INFO - [2026-08-08T17:36:24.581+0000] {dagbag.py:587} INFO - Filling up the DagBag from /home/airflow/.local/lib/python3.12/site-packages/airflow/example_dags/example_display_name.py
[2026-08-08T17:36:24.592+0000] {processor.py:925} INFO - DAG(s) 'example_display_name' retrieved from /home/airflow/.local/lib/python3.12/site-packages/airflow/example_dags/example_display_name.py
[2026-08-08T17:36:24.619+0000] {logging_mixin.py:190} INFO - [2026-08-08T17:36:24.618+0000] {dag.py:3211} INFO - Sync 1 DAGs
[2026-08-08T17:36:24.637+0000] {logging_mixin.py:190} INFO - [2026-08-08T17:36:24.636+0000] {dag.py:4138} INFO - Setting next_dagrun for example_display_name to None, run_after=None
[2026-08-08T17:36:24.658+0000] {processor.py:208} INFO - Processing /home/airflow/.local/lib/python3.12/site-packages/airflow/example_dags/example_display_name.py took 0.086 seconds
[2026-08-08T17:38:16.275+0000] {processor.py:186} INFO - Started process (PID=90) to work on /home/airflow/.local/lib/python3.12/site-packages/airflow/example_dags/example_display_name.py
[2026-08-08T17:38:16.276+0000] {processor.py:914} INFO - Processing file /home/airflow/.local/lib/python3.12/site-packages/airflow/example_dags/example_display_name.py for tasks to queue
[2026-08-08T17:38:16.279+0000] {logging_mixin.py:190} INFO - [2026-08-08T17:38:16.279+0000] {dagbag.py:587} INFO - Filling up the DagBag from /home/airflow/.local/lib/python3.12/site-packages/airflow/example_dags/example_display_name.py
[2026-08-08T17:38:16.287+0000] {processor.py:925} INFO - DAG(s) 'example_display_name' retrieved from /home/airflow/.local/lib/python3.12/site-packages/airflow/example_dags/example_display_name.py
[2026-08-08T17:38:16.308+0000] {logging_mixin.py:190} INFO - [2026-08-08T17:38:16.308+0000] {dag.py:3211} INFO - Sync 1 DAGs
[2026-08-08T17:38:16.321+0000] {logging_mixin.py:190} INFO - [2026-08-08T17:38:16.321+0000] {dag.py:4138} INFO - Setting next_dagrun for example_display_name to None, run_after=None
[2026-08-08T17:38:16.343+0000] {processor.py:208} INFO - Processing /home/airflow/.local/lib/python3.12/site-packages/airflow/example_dags/example_display_name.py took 0.073 seconds
[2026-08-08T17:38:47.205+0000] {processor.py:186} INFO - Started process (PID=153) to work on /home/airflow/.local/lib/python3.12/site-packages/airflow/example_dags/example_display_name.py
[2026-08-08T17:38:47.209+0000] {processor.py:914} INFO - Processing file /home/airflow/.local/lib/python3.12/site-packages/airflow/example_dags/example_display_name.py for tasks to queue
[2026-08-08T17:38:47.218+0000] {logging_mixin.py:190} INFO - [2026-08-08T17:38:47.218+0000] {dagbag.py:587} INFO - Filling up the DagBag from /home/airflow/.local/lib/python3.12/site-packages/airflow/example_dags/example_display_name.py
[2026-08-08T17:38:47.235+0000] {processor.py:925} INFO - DAG(s) 'example_display_name' retrieved from /home/airflow/.local/lib/python3.12/site-packages/airflow/example_dags/example_display_name.py
[2026-08-08T17:38:47.262+0000] {logging_mixin.py:190} INFO - [2026-08-08T17:38:47.262+0000] {dag.py:3211} INFO - Sync 1 DAGs
[2026-08-08T17:38:47.285+0000] {logging_mixin.py:190} INFO - [2026-08-08T17:38:47.284+0000] {dag.py:4138} INFO - Setting next_dagrun for example_display_name to None, run_after=None
[2026-08-08T17:38:47.322+0000] {processor.py:208} INFO - Processing /home/airflow/.local/lib/python3.12/site-packages/airflow/example_dags/example_display_name.py took 0.126 seconds
[2026-08-08T17:39:18.301+0000] {processor.py:186} INFO - Started process (PID=216) to work on /home/airflow/.local/lib/python3.12/site-packages/airflow/example_dags/example_display_name.py
[2026-08-08T17:39:18.303+0000] {processor.py:914} INFO - Processing file /home/airflow/.local/lib/python3.12/site-packages/airflow/example_dags/example_display_name.py for tasks to queue
[2026-08-08T17:39:18.306+0000] {logging_mixin.py:190} INFO - [2026-08-08T17:39:18.306+0000] {dagbag.py:587} INFO - Filling up the DagBag from /home/airflow/.local/lib/python3.12/site-packages/airflow/example_dags/example_display_name.py
[2026-08-08T17:39:18.314+0000] {processor.py:925} INFO - DAG(s) 'example_display_name' retrieved from /home/airflow/.local/lib/python3.12/site-packages/airflow/example_dags/example_display_name.py
[2026-08-08T17:39:18.334+0000] {logging_mixin.py:190} INFO - [2026-08-08T17:39:18.334+0000] {dag.py:3211} INFO - Sync 1 DAGs
[2026-08-08T17:39:18.347+0000] {logging_mixin.py:190} INFO - [2026-08-08T17:39:18.347+0000] {dag.py:4138} INFO - Setting next_dagrun for example_display_name to None, run_after=None
[2026-08-08T17:39:18.368+0000] {processor.py:208} INFO - Processing /home/airflow/.local/lib/python3.12/site-packages/airflow/example_dags/example_display_name.py took 0.074 seconds
[2026-08-08T17:39:48.473+0000] {processor.py:186} INFO - Started process (PID=279) to work on /home/airflow/.local/lib/python3.12/site-packages/airflow/example_dags/example_display_name.py
[2026-08-08T17:39:48.474+0000] {processor.py:914} INFO - Processing file /home/airflow/.local/lib/python3.12/site-packages/airflow/example_dags/example_display_name.py for tasks to queue
[2026-08-08T17:39:48.477+0000] {logging_mixin.py:190} INFO - [2026-08-08T17:39:48.477+0000] {dagbag.py:587} INFO - Filling up the DagBag from /home/airflow/.local/lib/python3.12/site-packages/airflow/example_dags/example_display_name.py
[2026-08-08T17:39:48.487+0000] {processor.py:925} INFO - DAG(s) 'example_display_name' retrieved from /home/airflow/.local/lib/python3.12/site-packages/airflow/example_dags/example_display_name.py
[2026-08-08T17:39:48.512+0000] {logging_mixin.py:190} INFO - [2026-08-08T17:39:48.512+0000] {dag.py:3211} INFO - Sync 1 DAGs
[2026-08-08T17:39:48.530+0000] {logging_mixin.py:190} INFO - [2026-08-08T17:39:48.530+0000] {dag.py:4138} INFO - Setting next_dagrun for example_display_name to None, run_after=None
[2026-08-08T17:39:48.553+0000] {processor.py:208} INFO - Processing /home/airflow/.local/lib/python3.12/site-packages/airflow/example_dags/example_display_name.py took 0.087 seconds
[2026-08-08T17:42:40.504+0000] {processor.py:186} INFO - Started process (PID=102) to work on /home/airflow/.local/lib/python3.12/site-packages/airflow/example_dags/example_display_name.py
[2026-08-08T17:42:40.506+0000] {processor.py:914} INFO - Processing file /home/airflow/.local/lib/python3.12/site-packages/airflow/example_dags/example_display_name.py for tasks to queue
[2026-08-08T17:42:40.509+0000] {logging_mixin.py:190} INFO - [2026-08-08T17:42:40.509+0000] {dagbag.py:587} INFO - Filling up the DagBag from /home/airflow/.local/lib/python3.12/site-packages/airflow/example_dags/example_display_name.py
[2026-08-08T17:42:40.520+0000] {processor.py:925} INFO - DAG(s) 'example_display_name' retrieved from /home/airflow/.local/lib/python3.12/site-packages/airflow/example_dags/example_display_name.py
[2026-08-08T17:42:40.545+0000] {logging_mixin.py:190} INFO - [2026-08-08T17:42:40.545+0000] {dag.py:3211} INFO - Sync 1 DAGs
[2026-08-08T17:42:40.562+0000] {logging_mixin.py:190} INFO - [2026-08-08T17:42:40.561+0000] {dag.py:4138} INFO - Setting next_dagrun for example_display_name to None, run_after=None
[2026-08-08T17:42:40.592+0000] {processor.py:208} INFO - Processing /home/airflow/.local/lib/python3.12/site-packages/airflow/example_dags/example_display_name.py took 0.095 seconds
[2026-08-08T17:43:10.989+0000] {processor.py:186} INFO - Started process (PID=165) to work on /home/airflow/.local/lib/python3.12/site-packages/airflow/example_dags/example_display_name.py
[2026-08-08T17:43:10.991+0000] {processor.py:914} INFO - Processing file /home/airflow/.local/lib/python3.12/site-packages/airflow/example_dags/example_display_name.py for tasks to queue
[2026-08-08T17:43:10.995+0000] {logging_mixin.py:190} INFO - [2026-08-08T17:43:10.994+0000] {dagbag.py:587} INFO - Filling up the DagBag from /home/airflow/.local/lib/python3.12/site-packages/airflow/example_dags/example_display_name.py
[2026-08-08T17:43:11.008+0000] {processor.py:925} INFO - DAG(s) 'example_display_name' retrieved from /home/airflow/.local/lib/python3.12/site-packages/airflow/example_dags/example_display_name.py
[2026-08-08T17:43:11.038+0000] {logging_mixin.py:190} INFO - [2026-08-08T17:43:11.038+0000] {dag.py:3211} INFO - Sync 1 DAGs
[2026-08-08T17:43:11.058+0000] {logging_mixin.py:190} INFO - [2026-08-08T17:43:11.057+0000] {dag.py:4138} INFO - Setting next_dagrun for example_display_name to None, run_after=None
[2026-08-08T17:43:11.088+0000] {processor.py:208} INFO - Processing /home/airflow/.local/lib/python3.12/site-packages/airflow/example_dags/example_display_name.py took 0.109 seconds
[2026-08-08T17:43:42.175+0000] {processor.py:186} INFO - Started process (PID=228) to work on /home/airflow/.local/lib/python3.12/site-packages/airflow/example_dags/example_display_name.py
[2026-08-08T17:43:42.177+0000] {processor.py:914} INFO - Processing file /home/airflow/.local/lib/python3.12/site-packages/airflow/example_dags/example_display_name.py for tasks to queue
[2026-08-08T17:43:42.179+0000] {logging_mixin.py:190} INFO - [2026-08-08T17:43:42.179+0000] {dagbag.py:587} INFO - Filling up the DagBag from /home/airflow/.local/lib/python3.12/site-packages/airflow/example_dags/example_display_name.py
[2026-08-08T17:43:42.189+0000] {processor.py:925} INFO - DAG(s) 'example_display_name' retrieved from /home/airflow/.local/lib/python3.12/site-packages/airflow/example_dags/example_display_name.py
[2026-08-08T17:43:42.223+0000] {logging_mixin.py:190} INFO - [2026-08-08T17:43:42.223+0000] {dag.py:3211} INFO - Sync 1 DAGs
[2026-08-08T17:43:42.257+0000] {logging_mixin.py:190} INFO - [2026-08-08T17:43:42.256+0000] {dag.py:4138} INFO - Setting next_dagrun for example_display_name to None, run_after=None
[2026-08-08T17:43:42.286+0000] {processor.py:208} INFO - Processing /home/airflow/.local/lib/python3.12/site-packages/airflow/example_dags/example_display_name.py took 0.117 seconds
[2026-08-08T17:44:13.113+0000] {processor.py:186} INFO - Started process (PID=291) to work on /home/airflow/.local/lib/python3.12/site-packages/airflow/example_dags/example_display_name.py
[2026-08-08T17:44:13.115+0000] {processor.py:914} INFO - Processing file /home/airflow/.local/lib/python3.12/site-packages/airflow/example_dags/example_display_name.py for tasks to queue
[2026-08-08T17:44:13.118+0000] {logging_mixin.py:190} INFO - [2026-08-08T17:44:13.117+0000] {dagbag.py:587} INFO - Filling up the DagBag from /home/airflow/.local/lib/python3.12/site-packages/airflow/example_dags/example_display_name.py
[2026-08-08T17:44:13.128+0000] {processor.py:925} INFO - DAG(s) 'example_display_name' retrieved from /home/airflow/.local/lib/python3.12/site-packages/airflow/example_dags/example_display_name.py
[2026-08-08T17:44:13.151+0000] {logging_mixin.py:190} INFO - [2026-08-08T17:44:13.150+0000] {dag.py:3211} INFO - Sync 1 DAGs
[2026-08-08T17:44:13.164+0000] {logging_mixin.py:190} INFO - [2026-08-08T17:44:13.164+0000] {dag.py:4138} INFO - Setting next_dagrun for example_display_name to None, run_after=None
[2026-08-08T17:44:13.183+0000] {processor.py:208} INFO - Processing /home/airflow/.local/lib/python3.12/site-packages/airflow/example_dags/example_display_name.py took 0.078 seconds
[2026-08-08T17:44:43.953+0000] {processor.py:186} INFO - Started process (PID=354) to work on /home/airflow/.local/lib/python3.12/site-packages/airflow/example_dags/example_display_name.py
[2026-08-08T17:44:43.954+0000] {processor.py:914} INFO - Processing file /home/airflow/.local/lib/python3.12/site-packages/airflow/example_dags/example_display_name.py for tasks to queue
[2026-08-08T17:44:43.957+0000] {logging_mixin.py:190} INFO - [2026-08-08T17:44:43.956+0000] {dagbag.py:587} INFO - Filling up the DagBag from /home/airflow/.local/lib/python3.12/site-packages/airflow/example_dags/example_display_name.py
[2026-08-08T17:44:43.963+0000] {processor.py:925} INFO - DAG(s) 'example_display_name' retrieved from /home/airflow/.local/lib/python3.12/site-packages/airflow/example_dags/example_display_name.py
[2026-08-08T17:44:43.983+0000] {logging_mixin.py:190} INFO - [2026-08-08T17:44:43.983+0000] {dag.py:3211} INFO - Sync 1 DAGs
[2026-08-08T17:44:43.996+0000] {logging_mixin.py:190} INFO - [2026-08-08T17:44:43.996+0000] {dag.py:4138} INFO - Setting next_dagrun for example_display_name to None, run_after=None
[2026-08-08T17:44:44.016+0000] {processor.py:208} INFO - Processing /home/airflow/.local/lib/python3.12/site-packages/airflow/example_dags/example_display_name.py took 0.070 seconds
[2026-08-08T17:45:14.214+0000] {processor.py:186} INFO - Started process (PID=417) to work on /home/airflow/.local/lib/python3.12/site-packages/airflow/example_dags/example_display_name.py
[2026-08-08T17:45:14.215+0000] {processor.py:914} INFO - Processing file /home/airflow/.local/lib/python3.12/site-packages/airflow/example_dags/example_display_name.py for tasks to queue
[2026-08-08T17:45:14.217+0000] {logging_mixin.py:190} INFO - [2026-08-08T17:45:14.217+0000] {dagbag.py:587} INFO - Filling up the DagBag from /home/airflow/.local/lib/python3.12/site-packages/airflow/example_dags/example_display_name.py
[2026-08-08T17:45:14.224+0000] {processor.py:925} INFO - DAG(s) 'example_display_name' retrieved from /home/airflow/.local/lib/python3.12/site-packages/airflow/example_dags/example_display_name.py
[2026-08-08T17:45:14.239+0000] {logging_mixin.py:190} INFO - [2026-08-08T17:45:14.239+0000] {dag.py:3211} INFO - Sync 1 DAGs
[2026-08-08T17:45:14.249+0000] {logging_mixin.py:190} INFO - [2026-08-08T17:45:14.249+0000] {dag.py:4138} INFO - Setting next_dagrun for example_display_name to None, run_after=None
[2026-08-08T17:45:14.266+0000] {processor.py:208} INFO - Processing /home/airflow/.local/lib/python3.12/site-packages/airflow/example_dags/example_display_name.py took 0.057 seconds
[2026-08-08T17:45:44.607+0000] {processor.py:186} INFO - Started process (PID=480) to work on /home/airflow/.local/lib/python3.12/site-packages/airflow/example_dags/example_display_name.py
[2026-08-08T17:45:44.609+0000] {processor.py:914} INFO - Processing file /home/airflow/.local/lib/python3.12/site-packages/airflow/example_dags/example_display_name.py for tasks to queue
[2026-08-08T17:45:44.611+0000] {logging_mixin.py:190} INFO - [2026-08-08T17:45:44.611+0000] {dagbag.py:587} INFO - Filling up the DagBag from /home/airflow/.local/lib/python3.12/site-packages/airflow/example_dags/example_display_name.py
[2026-08-08T17:45:44.617+0000] {processor.py:925} INFO - DAG(s) 'example_display_name' retrieved from /home/airflow/.local/lib/python3.12/site-packages/airflow/example_dags/example_display_name.py
[2026-08-08T17:45:44.634+0000] {logging_mixin.py:190} INFO - [2026-08-08T17:45:44.634+0000] {dag.py:3211} INFO - Sync 1 DAGs
[2026-08-08T17:45:44.643+0000] {logging_mixin.py:190} INFO - [2026-08-08T17:45:44.643+0000] {dag.py:4138} INFO - Setting next_dagrun for example_display_name to None, run_after=None
[2026-08-08T17:45:44.657+0000] {processor.py:208} INFO - Processing /home/airflow/.local/lib/python3.12/site-packages/airflow/example_dags/example_display_name.py took 0.054 seconds
[2026-08-08T17:47:14.261+0000] {processor.py:186} INFO - Started process (PID=103) to work on /home/airflow/.local/lib/python3.12/site-packages/airflow/example_dags/example_display_name.py
[2026-08-08T17:47:14.263+0000] {processor.py:914} INFO - Processing file /home/airflow/.local/lib/python3.12/site-packages/airflow/example_dags/example_display_name.py for tasks to queue
[2026-08-08T17:47:14.266+0000] {logging_mixin.py:190} INFO - [2026-08-08T17:47:14.265+0000] {dagbag.py:587} INFO - Filling up the DagBag from /home/airflow/.local/lib/python3.12/site-packages/airflow/example_dags/example_display_name.py
[2026-08-08T17:47:14.275+0000] {processor.py:925} INFO - DAG(s) 'example_display_name' retrieved from /home/airflow/.local/lib/python3.12/site-packages/airflow/example_dags/example_display_name.py
[2026-08-08T17:47:14.299+0000] {logging_mixin.py:190} INFO - [2026-08-08T17:47:14.298+0000] {dag.py:3211} INFO - Sync 1 DAGs
[2026-08-08T17:47:14.314+0000] {logging_mixin.py:190} INFO - [2026-08-08T17:47:14.314+0000] {dag.py:4138} INFO - Setting next_dagrun for example_display_name to None, run_after=None
[2026-08-08T17:47:14.338+0000] {processor.py:208} INFO - Processing /home/airflow/.local/lib/python3.12/site-packages/airflow/example_dags/example_display_name.py took 0.082 seconds
[2026-08-08T17:47:45.013+0000] {processor.py:186} INFO - Started process (PID=166) to work on /home/airflow/.local/lib/python3.12/site-packages/airflow/example_dags/example_display_name.py
[2026-08-08T17:47:45.015+0000] {processor.py:914} INFO - Processing file /home/airflow/.local/lib/python3.12/site-packages/airflow/example_dags/example_display_name.py for tasks to queue
[2026-08-08T17:47:45.019+0000] {logging_mixin.py:190} INFO - [2026-08-08T17:47:45.018+0000] {dagbag.py:587} INFO - Filling up the DagBag from /home/airflow/.local/lib/python3.12/site-packages/airflow/example_dags/example_display_name.py
[2026-08-08T17:47:45.030+0000] {processor.py:925} INFO - DAG(s) 'example_display_name' retrieved from /home/airflow/.local/lib/python3.12/site-packages/airflow/example_dags/example_display_name.py
[2026-08-08T17:47:45.069+0000] {logging_mixin.py:190} INFO - [2026-08-08T17:47:45.068+0000] {dag.py:3211} INFO - Sync 1 DAGs
[2026-08-08T17:47:45.094+0000] {logging_mixin.py:190} INFO - [2026-08-08T17:47:45.094+0000] {dag.py:4138} INFO - Setting next_dagrun for example_display_name to None, run_after=None
[2026-08-08T17:47:45.120+0000] {processor.py:208} INFO - Processing /home/airflow/.local/lib/python3.12/site-packages/airflow/example_dags/example_display_name.py took 0.114 seconds
[2026-08-08T17:48:16.346+0000] {processor.py:186} INFO - Started process (PID=235) to work on /home/airflow/.local/lib/python3.12/site-packages/airflow/example_dags/example_display_name.py
[2026-08-08T17:48:16.349+0000] {processor.py:914} INFO - Processing file /home/airflow/.local/lib/python3.12/site-packages/airflow/example_dags/example_display_name.py for tasks to queue
[2026-08-08T17:48:16.353+0000] {logging_mixin.py:190} INFO - [2026-08-08T17:48:16.353+0000] {dagbag.py:587} INFO - Filling up the DagBag from /home/airflow/.local/lib/python3.12/site-packages/airflow/example_dags/example_display_name.py
[2026-08-08T17:48:16.366+0000] {processor.py:925} INFO - DAG(s) 'example_display_name' retrieved from /home/airflow/.local/lib/python3.12/site-packages/airflow/example_dags/example_display_name.py
[2026-08-08T17:48:16.395+0000] {logging_mixin.py:190} INFO - [2026-08-08T17:48:16.394+0000] {dag.py:3211} INFO - Sync 1 DAGs
[2026-08-08T17:48:16.416+0000] {logging_mixin.py:190} INFO - [2026-08-08T17:48:16.415+0000] {dag.py:4138} INFO - Setting next_dagrun for example_display_name to None, run_after=None
[2026-08-08T17:48:16.445+0000] {processor.py:208} INFO - Processing /home/airflow/.local/lib/python3.12/site-packages/airflow/example_dags/example_display_name.py took 0.105 seconds
[2026-08-08T17:48:47.018+0000] {processor.py:186} INFO - Started process (PID=298) to work on /home/airflow/.local/lib/python3.12/site-packages/airflow/example_dags/example_display_name.py
[2026-08-08T17:48:47.020+0000] {processor.py:914} INFO - Processing file /home/airflow/.local/lib/python3.12/site-packages/airflow/example_dags/example_display_name.py for tasks to queue
[2026-08-08T17:48:47.023+0000] {logging_mixin.py:190} INFO - [2026-08-08T17:48:47.023+0000] {dagbag.py:587} INFO - Filling up the DagBag from /home/airflow/.local/lib/python3.12/site-packages/airflow/example_dags/example_display_name.py
[2026-08-08T17:48:47.031+0000] {processor.py:925} INFO - DAG(s) 'example_display_name' retrieved from /home/airflow/.local/lib/python3.12/site-packages/airflow/example_dags/example_display_name.py
[2026-08-08T17:48:47.056+0000] {logging_mixin.py:190} INFO - [2026-08-08T17:48:47.056+0000] {dag.py:3211} INFO - Sync 1 DAGs
[2026-08-08T17:48:47.071+0000] {logging_mixin.py:190} INFO - [2026-08-08T17:48:47.071+0000] {dag.py:4138} INFO - Setting next_dagrun for example_display_name to None, run_after=None
[2026-08-08T17:48:47.097+0000] {processor.py:208} INFO - Processing /home/airflow/.local/lib/python3.12/site-packages/airflow/example_dags/example_display_name.py took 0.086 seconds
[2026-08-08T17:52:38.132+0000] {processor.py:186} INFO - Started process (PID=102) to work on /home/airflow/.local/lib/python3.12/site-packages/airflow/example_dags/example_display_name.py
[2026-08-08T17:52:38.134+0000] {processor.py:914} INFO - Processing file /home/airflow/.local/lib/python3.12/site-packages/airflow/example_dags/example_display_name.py for tasks to queue
[2026-08-08T17:52:38.137+0000] {logging_mixin.py:190} INFO - [2026-08-08T17:52:38.137+0000] {dagbag.py:587} INFO - Filling up the DagBag from /home/airflow/.local/lib/python3.12/site-packages/airflow/example_dags/example_display_name.py
[2026-08-08T17:52:38.148+0000] {processor.py:925} INFO - DAG(s) 'example_display_name' retrieved from /home/airflow/.local/lib/python3.12/site-packages/airflow/example_dags/example_display_name.py
[2026-08-08T17:52:38.176+0000] {logging_mixin.py:190} INFO - [2026-08-08T17:52:38.176+0000] {dag.py:3211} INFO - Sync 1 DAGs
[2026-08-08T17:52:38.205+0000] {logging_mixin.py:190} INFO - [2026-08-08T17:52:38.204+0000] {dag.py:4138} INFO - Setting next_dagrun for example_display_name to None, run_after=None
[2026-08-08T17:52:38.233+0000] {processor.py:208} INFO - Processing /home/airflow/.local/lib/python3.12/site-packages/airflow/example_dags/example_display_name.py took 0.111 seconds
[2026-08-08T17:53:08.787+0000] {processor.py:186} INFO - Started process (PID=165) to work on /home/airflow/.local/lib/python3.12/site-packages/airflow/example_dags/example_display_name.py
[2026-08-08T17:53:08.789+0000] {processor.py:914} INFO - Processing file /home/airflow/.local/lib/python3.12/site-packages/airflow/example_dags/example_display_name.py for tasks to queue
[2026-08-08T17:53:08.791+0000] {logging_mixin.py:190} INFO - [2026-08-08T17:53:08.791+0000] {dagbag.py:587} INFO - Filling up the DagBag from /home/airflow/.local/lib/python3.12/site-packages/airflow/example_dags/example_display_name.py
[2026-08-08T17:53:08.800+0000] {processor.py:925} INFO - DAG(s) 'example_display_name' retrieved from /home/airflow/.local/lib/python3.12/site-packages/airflow/example_dags/example_display_name.py
[2026-08-08T17:53:08.821+0000] {logging_mixin.py:190} INFO - [2026-08-08T17:53:08.821+0000] {dag.py:3211} INFO - Sync 1 DAGs
[2026-08-08T17:53:08.835+0000] {logging_mixin.py:190} INFO - [2026-08-08T17:53:08.835+0000] {dag.py:4138} INFO - Setting next_dagrun for example_display_name to None, run_after=None
[2026-08-08T17:53:08.861+0000] {processor.py:208} INFO - Processing /home/airflow/.local/lib/python3.12/site-packages/airflow/example_dags/example_display_name.py took 0.080 seconds
[2026-08-08T17:53:39.158+0000] {processor.py:186} INFO - Started process (PID=228) to work on /home/airflow/.local/lib/python3.12/site-packages/airflow/example_dags/example_display_name.py
[2026-08-08T17:53:39.160+0000] {processor.py:914} INFO - Processing file /home/airflow/.local/lib/python3.12/site-packages/airflow/example_dags/example_display_name.py for tasks to queue
[2026-08-08T17:53:39.162+0000] {logging_mixin.py:190} INFO - [2026-08-08T17:53:39.162+0000] {dagbag.py:587} INFO - Filling up the DagBag from /home/airflow/.local/lib/python3.12/site-packages/airflow/example_dags/example_display_name.py
[2026-08-08T17:53:39.169+0000] {processor.py:925} INFO - DAG(s) 'example_display_name' retrieved from /home/airflow/.local/lib/python3.12/site-packages/airflow/example_dags/example_display_name.py
[2026-08-08T17:53:39.192+0000] {logging_mixin.py:190} INFO - [2026-08-08T17:53:39.192+0000] {dag.py:3211} INFO - Sync 1 DAGs
[2026-08-08T17:53:39.205+0000] {logging_mixin.py:190} INFO - [2026-08-08T17:53:39.205+0000] {dag.py:4138} INFO - Setting next_dagrun for example_display_name to None, run_after=None
[2026-08-08T17:53:39.234+0000] {processor.py:208} INFO - Processing /home/airflow/.local/lib/python3.12/site-packages/airflow/example_dags/example_display_name.py took 0.082 seconds
[2026-08-08T17:54:10.131+0000] {processor.py:186} INFO - Started process (PID=291) to work on /home/airflow/.local/lib/python3.12/site-packages/airflow/example_dags/example_display_name.py
[2026-08-08T17:54:10.133+0000] {processor.py:914} INFO - Processing file /home/airflow/.local/lib/python3.12/site-packages/airflow/example_dags/example_display_name.py for tasks to queue
[2026-08-08T17:54:10.137+0000] {logging_mixin.py:190} INFO - [2026-08-08T17:54:10.136+0000] {dagbag.py:587} INFO - Filling up the DagBag from /home/airflow/.local/lib/python3.12/site-packages/airflow/example_dags/example_display_name.py
[2026-08-08T17:54:10.150+0000] {processor.py:925} INFO - DAG(s) 'example_display_name' retrieved from /home/airflow/.local/lib/python3.12/site-packages/airflow/example_dags/example_display_name.py
[2026-08-08T17:54:10.183+0000] {logging_mixin.py:190} INFO - [2026-08-08T17:54:10.183+0000] {dag.py:3211} INFO - Sync 1 DAGs
[2026-08-08T17:54:10.203+0000] {logging_mixin.py:190} INFO - [2026-08-08T17:54:10.203+0000] {dag.py:4138} INFO - Setting next_dagrun for example_display_name to None, run_after=None
[2026-08-08T17:54:10.241+0000] {processor.py:208} INFO - Processing /home/airflow/.local/lib/python3.12/site-packages/airflow/example_dags/example_display_name.py took 0.120 seconds
[2026-08-08T17:54:41.008+0000] {processor.py:186} INFO - Started process (PID=354) to work on /home/airflow/.local/lib/python3.12/site-packages/airflow/example_dags/example_display_name.py
[2026-08-08T17:54:41.010+0000] {processor.py:914} INFO - Processing file /home/airflow/.local/lib/python3.12/site-packages/airflow/example_dags/example_display_name.py for tasks to queue
[2026-08-08T17:54:41.013+0000] {logging_mixin.py:190} INFO - [2026-08-08T17:54:41.012+0000] {dagbag.py:587} INFO - Filling up the DagBag from /home/airflow/.local/lib/python3.12/site-packages/airflow/example_dags/example_display_name.py
[2026-08-08T17:54:41.023+0000] {processor.py:925} INFO - DAG(s) 'example_display_name' retrieved from /home/airflow/.local/lib/python3.12/site-packages/airflow/example_dags/example_display_name.py
[2026-08-08T17:54:41.048+0000] {logging_mixin.py:190} INFO - [2026-08-08T17:54:41.048+0000] {dag.py:3211} INFO - Sync 1 DAGs
[2026-08-08T17:54:41.065+0000] {logging_mixin.py:190} INFO - [2026-08-08T17:54:41.064+0000] {dag.py:4138} INFO - Setting next_dagrun for example_display_name to None, run_after=None
[2026-08-08T17:54:41.089+0000] {processor.py:208} INFO - Processing /home/airflow/.local/lib/python3.12/site-packages/airflow/example_dags/example_display_name.py took 0.087 seconds
[2026-08-08T17:55:11.305+0000] {processor.py:186} INFO - Started process (PID=417) to work on /home/airflow/.local/lib/python3.12/site-packages/airflow/example_dags/example_display_name.py
[2026-08-08T17:55:11.306+0000] {processor.py:914} INFO - Processing file /home/airflow/.local/lib/python3.12/site-packages/airflow/example_dags/example_display_name.py for tasks to queue
[2026-08-08T17:55:11.308+0000] {logging_mixin.py:190} INFO - [2026-08-08T17:55:11.308+0000] {dagbag.py:587} INFO - Filling up the DagBag from /home/airflow/.local/lib/python3.12/site-packages/airflow/example_dags/example_display_name.py
[2026-08-08T17:55:11.316+0000] {processor.py:925} INFO - DAG(s) 'example_display_name' retrieved from /home/airflow/.local/lib/python3.12/site-packages/airflow/example_dags/example_display_name.py
[2026-08-08T17:55:11.333+0000] {logging_mixin.py:190} INFO - [2026-08-08T17:55:11.333+0000] {dag.py:3211} INFO - Sync 1 DAGs
[2026-08-08T17:55:11.346+0000] {logging_mixin.py:190} INFO - [2026-08-08T17:55:11.346+0000] {dag.py:4138} INFO - Setting next_dagrun for example_display_name to None, run_after=None
[2026-08-08T17:55:11.363+0000] {processor.py:208} INFO - Processing /home/airflow/.local/lib/python3.12/site-packages/airflow/example_dags/example_display_name.py took 0.065 seconds
[2026-08-08T17:55:41.814+0000] {processor.py:186} INFO - Started process (PID=480) to work on /home/airflow/.local/lib/python3.12/site-packages/airflow/example_dags/example_display_name.py
[2026-08-08T17:55:41.815+0000] {processor.py:914} INFO - Processing file /home/airflow/.local/lib/python3.12/site-packages/airflow/example_dags/example_display_name.py for tasks to queue
[2026-08-08T17:55:41.818+0000] {logging_mixin.py:190} INFO - [2026-08-08T17:55:41.817+0000] {dagbag.py:587} INFO - Filling up the DagBag from /home/airflow/.local/lib/python3.12/site-packages/airflow/example_dags/example_display_name.py
[2026-08-08T17:55:41.824+0000] {processor.py:925} INFO - DAG(s) 'example_display_name' retrieved from /home/airflow/.local/lib/python3.12/site-packages/airflow/example_dags/example_display_name.py
[2026-08-08T17:55:41.843+0000] {logging_mixin.py:190} INFO - [2026-08-08T17:55:41.843+0000] {dag.py:3211} INFO - Sync 1 DAGs
[2026-08-08T17:55:41.856+0000] {logging_mixin.py:190} INFO - [2026-08-08T17:55:41.856+0000] {dag.py:4138} INFO - Setting next_dagrun for example_display_name to None, run_after=None
[2026-08-08T17:55:41.874+0000] {processor.py:208} INFO - Processing /home/airflow/.local/lib/python3.12/site-packages/airflow/example_dags/example_display_name.py took 0.065 seconds
[2026-08-08T17:56:12.130+0000] {processor.py:186} INFO - Started process (PID=543) to work on /home/airflow/.local/lib/python3.12/site-packages/airflow/example_dags/example_display_name.py
[2026-08-08T17:56:12.131+0000] {processor.py:914} INFO - Processing file /home/airflow/.local/lib/python3.12/site-packages/airflow/example_dags/example_display_name.py for tasks to queue
[2026-08-08T17:56:12.133+0000] {logging_mixin.py:190} INFO - [2026-08-08T17:56:12.133+0000] {dagbag.py:587} INFO - Filling up the DagBag from /home/airflow/.local/lib/python3.12/site-packages/airflow/example_dags/example_display_name.py
[2026-08-08T17:56:12.139+0000] {processor.py:925} INFO - DAG(s) 'example_display_name' retrieved from /home/airflow/.local/lib/python3.12/site-packages/airflow/example_dags/example_display_name.py
[2026-08-08T17:56:12.154+0000] {logging_mixin.py:190} INFO - [2026-08-08T17:56:12.153+0000] {dag.py:3211} INFO - Sync 1 DAGs
[2026-08-08T17:56:12.164+0000] {logging_mixin.py:190} INFO - [2026-08-08T17:56:12.163+0000] {dag.py:4138} INFO - Setting next_dagrun for example_display_name to None, run_after=None
[2026-08-08T17:56:12.181+0000] {processor.py:208} INFO - Processing /home/airflow/.local/lib/python3.12/site-packages/airflow/example_dags/example_display_name.py took 0.056 seconds
[2026-08-08T17:56:42.663+0000] {processor.py:186} INFO - Started process (PID=606) to work on /home/airflow/.local/lib/python3.12/site-packages/airflow/example_dags/example_display_name.py
[2026-08-08T17:56:42.665+0000] {processor.py:914} INFO - Processing file /home/airflow/.local/lib/python3.12/site-packages/airflow/example_dags/example_display_name.py for tasks to queue
[2026-08-08T17:56:42.667+0000] {logging_mixin.py:190} INFO - [2026-08-08T17:56:42.667+0000] {dagbag.py:587} INFO - Filling up the DagBag from /home/airflow/.local/lib/python3.12/site-packages/airflow/example_dags/example_display_name.py
[2026-08-08T17:56:42.673+0000] {processor.py:925} INFO - DAG(s) 'example_display_name' retrieved from /home/airflow/.local/lib/python3.12/site-packages/airflow/example_dags/example_display_name.py
[2026-08-08T17:56:42.689+0000] {logging_mixin.py:190} INFO - [2026-08-08T17:56:42.688+0000] {dag.py:3211} INFO - Sync 1 DAGs
[2026-08-08T17:56:42.701+0000] {logging_mixin.py:190} INFO - [2026-08-08T17:56:42.700+0000] {dag.py:4138} INFO - Setting next_dagrun for example_display_name to None, run_after=None
[2026-08-08T17:56:42.719+0000] {processor.py:208} INFO - Processing /home/airflow/.local/lib/python3.12/site-packages/airflow/example_dags/example_display_name.py took 0.060 seconds
[2026-08-08T17:57:13.327+0000] {processor.py:186} INFO - Started process (PID=669) to work on /home/airflow/.local/lib/python3.12/site-packages/airflow/example_dags/example_display_name.py
[2026-08-08T17:57:13.330+0000] {processor.py:914} INFO - Processing file /home/airflow/.local/lib/python3.12/site-packages/airflow/example_dags/example_display_name.py for tasks to queue
[2026-08-08T17:57:13.335+0000] {logging_mixin.py:190} INFO - [2026-08-08T17:57:13.334+0000] {dagbag.py:587} INFO - Filling up the DagBag from /home/airflow/.local/lib/python3.12/site-packages/airflow/example_dags/example_display_name.py
[2026-08-08T17:57:13.353+0000] {processor.py:925} INFO - DAG(s) 'example_display_name' retrieved from /home/airflow/.local/lib/python3.12/site-packages/airflow/example_dags/example_display_name.py
[2026-08-08T17:57:13.395+0000] {logging_mixin.py:190} INFO - [2026-08-08T17:57:13.394+0000] {dag.py:3211} INFO - Sync 1 DAGs
[2026-08-08T17:57:13.429+0000] {logging_mixin.py:190} INFO - [2026-08-08T17:57:13.428+0000] {dag.py:4138} INFO - Setting next_dagrun for example_display_name to None, run_after=None
[2026-08-08T17:57:13.477+0000] {processor.py:208} INFO - Processing /home/airflow/.local/lib/python3.12/site-packages/airflow/example_dags/example_display_name.py took 0.163 seconds
[2026-08-08T18:08:19.533+0000] {processor.py:186} INFO - Started process (PID=732) to work on /home/airflow/.local/lib/python3.12/site-packages/airflow/example_dags/example_display_name.py
[2026-08-08T18:08:19.537+0000] {processor.py:914} INFO - Processing file /home/airflow/.local/lib/python3.12/site-packages/airflow/example_dags/example_display_name.py for tasks to queue
[2026-08-08T18:08:19.543+0000] {logging_mixin.py:190} INFO - [2026-08-08T18:08:19.542+0000] {dagbag.py:587} INFO - Filling up the DagBag from /home/airflow/.local/lib/python3.12/site-packages/airflow/example_dags/example_display_name.py
[2026-08-08T18:08:19.569+0000] {processor.py:925} INFO - DAG(s) 'example_display_name' retrieved from /home/airflow/.local/lib/python3.12/site-packages/airflow/example_dags/example_display_name.py
[2026-08-08T18:08:19.617+0000] {logging_mixin.py:190} INFO - [2026-08-08T18:08:19.617+0000] {dag.py:3211} INFO - Sync 1 DAGs
[2026-08-08T18:08:19.648+0000] {logging_mixin.py:190} INFO - [2026-08-08T18:08:19.647+0000] {dag.py:4138} INFO - Setting next_dagrun for example_display_name to None, run_after=None
[2026-08-08T18:08:19.688+0000] {processor.py:208} INFO - Processing /home/airflow/.local/lib/python3.12/site-packages/airflow/example_dags/example_display_name.py took 0.169 seconds
[2026-08-08T18:08:49.814+0000] {processor.py:186} INFO - Started process (PID=795) to work on /home/airflow/.local/lib/python3.12/site-packages/airflow/example_dags/example_display_name.py
[2026-08-08T18:08:49.818+0000] {processor.py:914} INFO - Processing file /home/airflow/.local/lib/python3.12/site-packages/airflow/example_dags/example_display_name.py for tasks to queue
[2026-08-08T18:08:49.823+0000] {logging_mixin.py:190} INFO - [2026-08-08T18:08:49.822+0000] {dagbag.py:587} INFO - Filling up the DagBag from /home/airflow/.local/lib/python3.12/site-packages/airflow/example_dags/example_display_name.py
[2026-08-08T18:08:49.835+0000] {processor.py:925} INFO - DAG(s) 'example_display_name' retrieved from /home/airflow/.local/lib/python3.12/site-packages/airflow/example_dags/example_display_name.py
[2026-08-08T18:08:49.861+0000] {logging_mixin.py:190} INFO - [2026-08-08T18:08:49.861+0000] {dag.py:3211} INFO - Sync 1 DAGs
[2026-08-08T18:08:49.881+0000] {logging_mixin.py:190} INFO - [2026-08-08T18:08:49.881+0000] {dag.py:4138} INFO - Setting next_dagrun for example_display_name to None, run_after=None
[2026-08-08T18:08:49.910+0000] {processor.py:208} INFO - Processing /home/airflow/.local/lib/python3.12/site-packages/airflow/example_dags/example_display_name.py took 0.105 seconds
[2026-08-08T18:09:20.746+0000] {processor.py:186} INFO - Started process (PID=858) to work on /home/airflow/.local/lib/python3.12/site-packages/airflow/example_dags/example_display_name.py
[2026-08-08T18:09:20.747+0000] {processor.py:914} INFO - Processing file /home/airflow/.local/lib/python3.12/site-packages/airflow/example_dags/example_display_name.py for tasks to queue
[2026-08-08T18:09:20.751+0000] {logging_mixin.py:190} INFO - [2026-08-08T18:09:20.750+0000] {dagbag.py:587} INFO - Filling up the DagBag from /home/airflow/.local/lib/python3.12/site-packages/airflow/example_dags/example_display_name.py
[2026-08-08T18:09:20.760+0000] {processor.py:925} INFO - DAG(s) 'example_display_name' retrieved from /home/airflow/.local/lib/python3.12/site-packages/airflow/example_dags/example_display_name.py
[2026-08-08T18:09:20.786+0000] {logging_mixin.py:190} INFO - [2026-08-08T18:09:20.785+0000] {dag.py:3211} INFO - Sync 1 DAGs
[2026-08-08T18:09:20.809+0000] {logging_mixin.py:190} INFO - [2026-08-08T18:09:20.808+0000] {dag.py:4138} INFO - Setting next_dagrun for example_display_name to None, run_after=None
[2026-08-08T18:09:20.848+0000] {processor.py:208} INFO - Processing /home/airflow/.local/lib/python3.12/site-packages/airflow/example_dags/example_display_name.py took 0.110 seconds
[2026-08-08T18:09:51.360+0000] {processor.py:186} INFO - Started process (PID=921) to work on /home/airflow/.local/lib/python3.12/site-packages/airflow/example_dags/example_display_name.py
[2026-08-08T18:09:51.363+0000] {processor.py:914} INFO - Processing file /home/airflow/.local/lib/python3.12/site-packages/airflow/example_dags/example_display_name.py for tasks to queue
[2026-08-08T18:09:51.367+0000] {logging_mixin.py:190} INFO - [2026-08-08T18:09:51.366+0000] {dagbag.py:587} INFO - Filling up the DagBag from /home/airflow/.local/lib/python3.12/site-packages/airflow/example_dags/example_display_name.py
[2026-08-08T18:09:51.376+0000] {processor.py:925} INFO - DAG(s) 'example_display_name' retrieved from /home/airflow/.local/lib/python3.12/site-packages/airflow/example_dags/example_display_name.py
[2026-08-08T18:09:51.398+0000] {logging_mixin.py:190} INFO - [2026-08-08T18:09:51.398+0000] {dag.py:3211} INFO - Sync 1 DAGs
[2026-08-08T18:09:51.416+0000] {logging_mixin.py:190} INFO - [2026-08-08T18:09:51.416+0000] {dag.py:4138} INFO - Setting next_dagrun for example_display_name to None, run_after=None
[2026-08-08T18:09:51.441+0000] {processor.py:208} INFO - Processing /home/airflow/.local/lib/python3.12/site-packages/airflow/example_dags/example_display_name.py took 0.088 seconds
[2026-08-08T18:10:21.821+0000] {processor.py:186} INFO - Started process (PID=984) to work on /home/airflow/.local/lib/python3.12/site-packages/airflow/example_dags/example_display_name.py
[2026-08-08T18:10:21.823+0000] {processor.py:914} INFO - Processing file /home/airflow/.local/lib/python3.12/site-packages/airflow/example_dags/example_display_name.py for tasks to queue
[2026-08-08T18:10:21.828+0000] {logging_mixin.py:190} INFO - [2026-08-08T18:10:21.828+0000] {dagbag.py:587} INFO - Filling up the DagBag from /home/airflow/.local/lib/python3.12/site-packages/airflow/example_dags/example_display_name.py
[2026-08-08T18:10:21.843+0000] {processor.py:925} INFO - DAG(s) 'example_display_name' retrieved from /home/airflow/.local/lib/python3.12/site-packages/airflow/example_dags/example_display_name.py
[2026-08-08T18:10:21.885+0000] {logging_mixin.py:190} INFO - [2026-08-08T18:10:21.884+0000] {dag.py:3211} INFO - Sync 1 DAGs
[2026-08-08T18:10:21.917+0000] {logging_mixin.py:190} INFO - [2026-08-08T18:10:21.916+0000] {dag.py:4138} INFO - Setting next_dagrun for example_display_name to None, run_after=None
[2026-08-08T18:10:21.963+0000] {processor.py:208} INFO - Processing /home/airflow/.local/lib/python3.12/site-packages/airflow/example_dags/example_display_name.py took 0.154 seconds
[2026-08-08T18:10:52.880+0000] {processor.py:186} INFO - Started process (PID=1047) to work on /home/airflow/.local/lib/python3.12/site-packages/airflow/example_dags/example_display_name.py
[2026-08-08T18:10:52.882+0000] {processor.py:914} INFO - Processing file /home/airflow/.local/lib/python3.12/site-packages/airflow/example_dags/example_display_name.py for tasks to queue
[2026-08-08T18:10:52.885+0000] {logging_mixin.py:190} INFO - [2026-08-08T18:10:52.885+0000] {dagbag.py:587} INFO - Filling up the DagBag from /home/airflow/.local/lib/python3.12/site-packages/airflow/example_dags/example_display_name.py
[2026-08-08T18:10:52.894+0000] {processor.py:925} INFO - DAG(s) 'example_display_name' retrieved from /home/airflow/.local/lib/python3.12/site-packages/airflow/example_dags/example_display_name.py
[2026-08-08T18:10:52.912+0000] {logging_mixin.py:190} INFO - [2026-08-08T18:10:52.912+0000] {dag.py:3211} INFO - Sync 1 DAGs
[2026-08-08T18:10:52.924+0000] {logging_mixin.py:190} INFO - [2026-08-08T18:10:52.924+0000] {dag.py:4138} INFO - Setting next_dagrun for example_display_name to None, run_after=None
[2026-08-08T18:10:52.945+0000] {processor.py:208} INFO - Processing /home/airflow/.local/lib/python3.12/site-packages/airflow/example_dags/example_display_name.py took 0.071 seconds
[2026-08-08T18:11:23.202+0000] {processor.py:186} INFO - Started process (PID=1110) to work on /home/airflow/.local/lib/python3.12/site-packages/airflow/example_dags/example_display_name.py
[2026-08-08T18:11:23.204+0000] {processor.py:914} INFO - Processing file /home/airflow/.local/lib/python3.12/site-packages/airflow/example_dags/example_display_name.py for tasks to queue
[2026-08-08T18:11:23.207+0000] {logging_mixin.py:190} INFO - [2026-08-08T18:11:23.207+0000] {dagbag.py:587} INFO - Filling up the DagBag from /home/airflow/.local/lib/python3.12/site-packages/airflow/example_dags/example_display_name.py
[2026-08-08T18:11:23.217+0000] {processor.py:925} INFO - DAG(s) 'example_display_name' retrieved from /home/airflow/.local/lib/python3.12/site-packages/airflow/example_dags/example_display_name.py
[2026-08-08T18:11:23.250+0000] {logging_mixin.py:190} INFO - [2026-08-08T18:11:23.250+0000] {dag.py:3211} INFO - Sync 1 DAGs
[2026-08-08T18:11:23.269+0000] {logging_mixin.py:190} INFO - [2026-08-08T18:11:23.269+0000] {dag.py:4138} INFO - Setting next_dagrun for example_display_name to None, run_after=None
[2026-08-08T18:11:23.300+0000] {processor.py:208} INFO - Processing /home/airflow/.local/lib/python3.12/site-packages/airflow/example_dags/example_display_name.py took 0.104 seconds
[2026-08-08T18:11:53.382+0000] {processor.py:186} INFO - Started process (PID=1173) to work on /home/airflow/.local/lib/python3.12/site-packages/airflow/example_dags/example_display_name.py
[2026-08-08T18:11:53.383+0000] {processor.py:914} INFO - Processing file /home/airflow/.local/lib/python3.12/site-packages/airflow/example_dags/example_display_name.py for tasks to queue
[2026-08-08T18:11:53.386+0000] {logging_mixin.py:190} INFO - [2026-08-08T18:11:53.385+0000] {dagbag.py:587} INFO - Filling up the DagBag from /home/airflow/.local/lib/python3.12/site-packages/airflow/example_dags/example_display_name.py
[2026-08-08T18:11:53.393+0000] {processor.py:925} INFO - DAG(s) 'example_display_name' retrieved from /home/airflow/.local/lib/python3.12/site-packages/airflow/example_dags/example_display_name.py
[2026-08-08T18:11:53.412+0000] {logging_mixin.py:190} INFO - [2026-08-08T18:11:53.412+0000] {dag.py:3211} INFO - Sync 1 DAGs
[2026-08-08T18:11:53.428+0000] {logging_mixin.py:190} INFO - [2026-08-08T18:11:53.428+0000] {dag.py:4138} INFO - Setting next_dagrun for example_display_name to None, run_after=None
[2026-08-08T18:11:53.451+0000] {processor.py:208} INFO - Processing /home/airflow/.local/lib/python3.12/site-packages/airflow/example_dags/example_display_name.py took 0.073 seconds
[2026-08-08T18:13:08.323+0000] {processor.py:186} INFO - Started process (PID=108) to work on /home/airflow/.local/lib/python3.12/site-packages/airflow/example_dags/example_display_name.py
[2026-08-08T18:13:08.325+0000] {processor.py:914} INFO - Processing file /home/airflow/.local/lib/python3.12/site-packages/airflow/example_dags/example_display_name.py for tasks to queue
[2026-08-08T18:13:08.329+0000] {logging_mixin.py:190} INFO - [2026-08-08T18:13:08.328+0000] {dagbag.py:587} INFO - Filling up the DagBag from /home/airflow/.local/lib/python3.12/site-packages/airflow/example_dags/example_display_name.py
[2026-08-08T18:13:08.340+0000] {processor.py:925} INFO - DAG(s) 'example_display_name' retrieved from /home/airflow/.local/lib/python3.12/site-packages/airflow/example_dags/example_display_name.py
[2026-08-08T18:13:08.368+0000] {logging_mixin.py:190} INFO - [2026-08-08T18:13:08.368+0000] {dag.py:3211} INFO - Sync 1 DAGs
[2026-08-08T18:13:08.385+0000] {logging_mixin.py:190} INFO - [2026-08-08T18:13:08.385+0000] {dag.py:4138} INFO - Setting next_dagrun for example_display_name to None, run_after=None
[2026-08-08T18:13:08.421+0000] {processor.py:208} INFO - Processing /home/airflow/.local/lib/python3.12/site-packages/airflow/example_dags/example_display_name.py took 0.107 seconds
[2026-08-08T18:13:38.533+0000] {processor.py:186} INFO - Started process (PID=171) to work on /home/airflow/.local/lib/python3.12/site-packages/airflow/example_dags/example_display_name.py
[2026-08-08T18:13:38.534+0000] {processor.py:914} INFO - Processing file /home/airflow/.local/lib/python3.12/site-packages/airflow/example_dags/example_display_name.py for tasks to queue
[2026-08-08T18:13:38.537+0000] {logging_mixin.py:190} INFO - [2026-08-08T18:13:38.536+0000] {dagbag.py:587} INFO - Filling up the DagBag from /home/airflow/.local/lib/python3.12/site-packages/airflow/example_dags/example_display_name.py
[2026-08-08T18:13:38.548+0000] {processor.py:925} INFO - DAG(s) 'example_display_name' retrieved from /home/airflow/.local/lib/python3.12/site-packages/airflow/example_dags/example_display_name.py
[2026-08-08T18:13:38.566+0000] {logging_mixin.py:190} INFO - [2026-08-08T18:13:38.566+0000] {dag.py:3211} INFO - Sync 1 DAGs
[2026-08-08T18:13:38.581+0000] {logging_mixin.py:190} INFO - [2026-08-08T18:13:38.580+0000] {dag.py:4138} INFO - Setting next_dagrun for example_display_name to None, run_after=None
[2026-08-08T18:13:38.605+0000] {processor.py:208} INFO - Processing /home/airflow/.local/lib/python3.12/site-packages/airflow/example_dags/example_display_name.py took 0.077 seconds
[2026-08-08T18:14:09.072+0000] {processor.py:186} INFO - Started process (PID=234) to work on /home/airflow/.local/lib/python3.12/site-packages/airflow/example_dags/example_display_name.py
[2026-08-08T18:14:09.079+0000] {processor.py:914} INFO - Processing file /home/airflow/.local/lib/python3.12/site-packages/airflow/example_dags/example_display_name.py for tasks to queue
[2026-08-08T18:14:09.087+0000] {logging_mixin.py:190} INFO - [2026-08-08T18:14:09.086+0000] {dagbag.py:587} INFO - Filling up the DagBag from /home/airflow/.local/lib/python3.12/site-packages/airflow/example_dags/example_display_name.py
[2026-08-08T18:14:09.117+0000] {processor.py:925} INFO - DAG(s) 'example_display_name' retrieved from /home/airflow/.local/lib/python3.12/site-packages/airflow/example_dags/example_display_name.py
[2026-08-08T18:14:09.163+0000] {logging_mixin.py:190} INFO - [2026-08-08T18:14:09.162+0000] {dag.py:3211} INFO - Sync 1 DAGs
[2026-08-08T18:14:09.185+0000] {logging_mixin.py:190} INFO - [2026-08-08T18:14:09.185+0000] {dag.py:4138} INFO - Setting next_dagrun for example_display_name to None, run_after=None
[2026-08-08T18:14:09.212+0000] {processor.py:208} INFO - Processing /home/airflow/.local/lib/python3.12/site-packages/airflow/example_dags/example_display_name.py took 0.151 seconds
[2026-08-08T18:14:39.395+0000] {processor.py:186} INFO - Started process (PID=297) to work on /home/airflow/.local/lib/python3.12/site-packages/airflow/example_dags/example_display_name.py
[2026-08-08T18:14:39.396+0000] {processor.py:914} INFO - Processing file /home/airflow/.local/lib/python3.12/site-packages/airflow/example_dags/example_display_name.py for tasks to queue
[2026-08-08T18:14:39.398+0000] {logging_mixin.py:190} INFO - [2026-08-08T18:14:39.398+0000] {dagbag.py:587} INFO - Filling up the DagBag from /home/airflow/.local/lib/python3.12/site-packages/airflow/example_dags/example_display_name.py
[2026-08-08T18:14:39.406+0000] {processor.py:925} INFO - DAG(s) 'example_display_name' retrieved from /home/airflow/.local/lib/python3.12/site-packages/airflow/example_dags/example_display_name.py
[2026-08-08T18:14:39.429+0000] {logging_mixin.py:190} INFO - [2026-08-08T18:14:39.429+0000] {dag.py:3211} INFO - Sync 1 DAGs
[2026-08-08T18:14:39.444+0000] {logging_mixin.py:190} INFO - [2026-08-08T18:14:39.443+0000] {dag.py:4138} INFO - Setting next_dagrun for example_display_name to None, run_after=None
[2026-08-08T18:14:39.465+0000] {processor.py:208} INFO - Processing /home/airflow/.local/lib/python3.12/site-packages/airflow/example_dags/example_display_name.py took 0.076 seconds
[2026-08-08T18:15:11.181+0000] {processor.py:186} INFO - Started process (PID=360) to work on /home/airflow/.local/lib/python3.12/site-packages/airflow/example_dags/example_display_name.py
[2026-08-08T18:15:11.184+0000] {processor.py:914} INFO - Processing file /home/airflow/.local/lib/python3.12/site-packages/airflow/example_dags/example_display_name.py for tasks to queue
[2026-08-08T18:15:11.189+0000] {logging_mixin.py:190} INFO - [2026-08-08T18:15:11.188+0000] {dagbag.py:587} INFO - Filling up the DagBag from /home/airflow/.local/lib/python3.12/site-packages/airflow/example_dags/example_display_name.py
[2026-08-08T18:15:11.201+0000] {processor.py:925} INFO - DAG(s) 'example_display_name' retrieved from /home/airflow/.local/lib/python3.12/site-packages/airflow/example_dags/example_display_name.py
[2026-08-08T18:15:11.229+0000] {logging_mixin.py:190} INFO - [2026-08-08T18:15:11.228+0000] {dag.py:3211} INFO - Sync 1 DAGs
[2026-08-08T18:15:11.246+0000] {logging_mixin.py:190} INFO - [2026-08-08T18:15:11.246+0000] {dag.py:4138} INFO - Setting next_dagrun for example_display_name to None, run_after=None
[2026-08-08T18:15:11.281+0000] {processor.py:208} INFO - Processing /home/airflow/.local/lib/python3.12/site-packages/airflow/example_dags/example_display_name.py took 0.109 seconds
[2026-08-08T18:15:42.503+0000] {processor.py:186} INFO - Started process (PID=423) to work on /home/airflow/.local/lib/python3.12/site-packages/airflow/example_dags/example_display_name.py
[2026-08-08T18:15:42.505+0000] {processor.py:914} INFO - Processing file /home/airflow/.local/lib/python3.12/site-packages/airflow/example_dags/example_display_name.py for tasks to queue
[2026-08-08T18:15:42.508+0000] {logging_mixin.py:190} INFO - [2026-08-08T18:15:42.508+0000] {dagbag.py:587} INFO - Filling up the DagBag from /home/airflow/.local/lib/python3.12/site-packages/airflow/example_dags/example_display_name.py
[2026-08-08T18:15:42.518+0000] {processor.py:925} INFO - DAG(s) 'example_display_name' retrieved from /home/airflow/.local/lib/python3.12/site-packages/airflow/example_dags/example_display_name.py
[2026-08-08T18:15:42.545+0000] {logging_mixin.py:190} INFO - [2026-08-08T18:15:42.545+0000] {dag.py:3211} INFO - Sync 1 DAGs
[2026-08-08T18:15:42.566+0000] {logging_mixin.py:190} INFO - [2026-08-08T18:15:42.566+0000] {dag.py:4138} INFO - Setting next_dagrun for example_display_name to None, run_after=None
[2026-08-08T18:15:42.595+0000] {processor.py:208} INFO - Processing /home/airflow/.local/lib/python3.12/site-packages/airflow/example_dags/example_display_name.py took 0.101 seconds
[2026-08-08T18:17:13.306+0000] {processor.py:186} INFO - Started process (PID=121) to work on /home/airflow/.local/lib/python3.12/site-packages/airflow/example_dags/example_display_name.py
[2026-08-08T18:17:13.308+0000] {processor.py:914} INFO - Processing file /home/airflow/.local/lib/python3.12/site-packages/airflow/example_dags/example_display_name.py for tasks to queue
[2026-08-08T18:17:13.311+0000] {logging_mixin.py:190} INFO - [2026-08-08T18:17:13.311+0000] {dagbag.py:587} INFO - Filling up the DagBag from /home/airflow/.local/lib/python3.12/site-packages/airflow/example_dags/example_display_name.py
[2026-08-08T18:17:13.321+0000] {processor.py:925} INFO - DAG(s) 'example_display_name' retrieved from /home/airflow/.local/lib/python3.12/site-packages/airflow/example_dags/example_display_name.py
[2026-08-08T18:17:13.348+0000] {logging_mixin.py:190} INFO - [2026-08-08T18:17:13.348+0000] {dag.py:3211} INFO - Sync 1 DAGs
[2026-08-08T18:17:13.367+0000] {logging_mixin.py:190} INFO - [2026-08-08T18:17:13.366+0000] {dag.py:4138} INFO - Setting next_dagrun for example_display_name to None, run_after=None
[2026-08-08T18:17:13.394+0000] {processor.py:208} INFO - Processing /home/airflow/.local/lib/python3.12/site-packages/airflow/example_dags/example_display_name.py took 0.094 seconds
[2026-08-08T18:17:43.567+0000] {processor.py:186} INFO - Started process (PID=184) to work on /home/airflow/.local/lib/python3.12/site-packages/airflow/example_dags/example_display_name.py
[2026-08-08T18:17:43.569+0000] {processor.py:914} INFO - Processing file /home/airflow/.local/lib/python3.12/site-packages/airflow/example_dags/example_display_name.py for tasks to queue
[2026-08-08T18:17:43.571+0000] {logging_mixin.py:190} INFO - [2026-08-08T18:17:43.571+0000] {dagbag.py:587} INFO - Filling up the DagBag from /home/airflow/.local/lib/python3.12/site-packages/airflow/example_dags/example_display_name.py
[2026-08-08T18:17:43.583+0000] {processor.py:925} INFO - DAG(s) 'example_display_name' retrieved from /home/airflow/.local/lib/python3.12/site-packages/airflow/example_dags/example_display_name.py
[2026-08-08T18:17:43.609+0000] {logging_mixin.py:190} INFO - [2026-08-08T18:17:43.608+0000] {dag.py:3211} INFO - Sync 1 DAGs
[2026-08-08T18:17:43.627+0000] {logging_mixin.py:190} INFO - [2026-08-08T18:17:43.626+0000] {dag.py:4138} INFO - Setting next_dagrun for example_display_name to None, run_after=None
[2026-08-08T18:17:43.652+0000] {processor.py:208} INFO - Processing /home/airflow/.local/lib/python3.12/site-packages/airflow/example_dags/example_display_name.py took 0.092 seconds
[2026-08-08T18:18:14.432+0000] {processor.py:186} INFO - Started process (PID=247) to work on /home/airflow/.local/lib/python3.12/site-packages/airflow/example_dags/example_display_name.py
[2026-08-08T18:18:14.434+0000] {processor.py:914} INFO - Processing file /home/airflow/.local/lib/python3.12/site-packages/airflow/example_dags/example_display_name.py for tasks to queue
[2026-08-08T18:18:14.438+0000] {logging_mixin.py:190} INFO - [2026-08-08T18:18:14.437+0000] {dagbag.py:587} INFO - Filling up the DagBag from /home/airflow/.local/lib/python3.12/site-packages/airflow/example_dags/example_display_name.py
[2026-08-08T18:18:14.448+0000] {processor.py:925} INFO - DAG(s) 'example_display_name' retrieved from /home/airflow/.local/lib/python3.12/site-packages/airflow/example_dags/example_display_name.py
[2026-08-08T18:18:14.477+0000] {logging_mixin.py:190} INFO - [2026-08-08T18:18:14.477+0000] {dag.py:3211} INFO - Sync 1 DAGs
[2026-08-08T18:18:14.494+0000] {logging_mixin.py:190} INFO - [2026-08-08T18:18:14.494+0000] {dag.py:4138} INFO - Setting next_dagrun for example_display_name to None, run_after=None
[2026-08-08T18:18:14.518+0000] {processor.py:208} INFO - Processing /home/airflow/.local/lib/python3.12/site-packages/airflow/example_dags/example_display_name.py took 0.093 seconds
[2026-08-08T18:18:44.852+0000] {processor.py:186} INFO - Started process (PID=310) to work on /home/airflow/.local/lib/python3.12/site-packages/airflow/example_dags/example_display_name.py
[2026-08-08T18:18:44.853+0000] {processor.py:914} INFO - Processing file /home/airflow/.local/lib/python3.12/site-packages/airflow/example_dags/example_display_name.py for tasks to queue
[2026-08-08T18:18:44.857+0000] {logging_mixin.py:190} INFO - [2026-08-08T18:18:44.856+0000] {dagbag.py:587} INFO - Filling up the DagBag from /home/airflow/.local/lib/python3.12/site-packages/airflow/example_dags/example_display_name.py
[2026-08-08T18:18:44.866+0000] {processor.py:925} INFO - DAG(s) 'example_display_name' retrieved from /home/airflow/.local/lib/python3.12/site-packages/airflow/example_dags/example_display_name.py
[2026-08-08T18:18:44.893+0000] {logging_mixin.py:190} INFO - [2026-08-08T18:18:44.893+0000] {dag.py:3211} INFO - Sync 1 DAGs
[2026-08-08T18:18:44.909+0000] {logging_mixin.py:190} INFO - [2026-08-08T18:18:44.909+0000] {dag.py:4138} INFO - Setting next_dagrun for example_display_name to None, run_after=None
[2026-08-08T18:18:44.954+0000] {processor.py:208} INFO - Processing /home/airflow/.local/lib/python3.12/site-packages/airflow/example_dags/example_display_name.py took 0.110 seconds
[2026-08-08T18:19:15.780+0000] {processor.py:186} INFO - Started process (PID=373) to work on /home/airflow/.local/lib/python3.12/site-packages/airflow/example_dags/example_display_name.py
[2026-08-08T18:19:15.781+0000] {processor.py:914} INFO - Processing file /home/airflow/.local/lib/python3.12/site-packages/airflow/example_dags/example_display_name.py for tasks to queue
[2026-08-08T18:19:15.785+0000] {logging_mixin.py:190} INFO - [2026-08-08T18:19:15.784+0000] {dagbag.py:587} INFO - Filling up the DagBag from /home/airflow/.local/lib/python3.12/site-packages/airflow/example_dags/example_display_name.py
[2026-08-08T18:19:15.794+0000] {processor.py:925} INFO - DAG(s) 'example_display_name' retrieved from /home/airflow/.local/lib/python3.12/site-packages/airflow/example_dags/example_display_name.py
[2026-08-08T18:19:15.820+0000] {logging_mixin.py:190} INFO - [2026-08-08T18:19:15.820+0000] {dag.py:3211} INFO - Sync 1 DAGs
[2026-08-08T18:19:15.835+0000] {logging_mixin.py:190} INFO - [2026-08-08T18:19:15.835+0000] {dag.py:4138} INFO - Setting next_dagrun for example_display_name to None, run_after=None
[2026-08-08T18:19:15.857+0000] {processor.py:208} INFO - Processing /home/airflow/.local/lib/python3.12/site-packages/airflow/example_dags/example_display_name.py took 0.084 seconds
[2026-08-08T18:24:03.218+0000] {processor.py:186} INFO - Started process (PID=436) to work on /home/airflow/.local/lib/python3.12/site-packages/airflow/example_dags/example_display_name.py
[2026-08-08T18:24:03.225+0000] {processor.py:914} INFO - Processing file /home/airflow/.local/lib/python3.12/site-packages/airflow/example_dags/example_display_name.py for tasks to queue
[2026-08-08T18:24:03.231+0000] {logging_mixin.py:190} INFO - [2026-08-08T18:24:03.230+0000] {dagbag.py:587} INFO - Filling up the DagBag from /home/airflow/.local/lib/python3.12/site-packages/airflow/example_dags/example_display_name.py
[2026-08-08T18:24:03.250+0000] {processor.py:925} INFO - DAG(s) 'example_display_name' retrieved from /home/airflow/.local/lib/python3.12/site-packages/airflow/example_dags/example_display_name.py
[2026-08-08T18:24:03.282+0000] {logging_mixin.py:190} INFO - [2026-08-08T18:24:03.282+0000] {dag.py:3211} INFO - Sync 1 DAGs
[2026-08-08T18:24:03.312+0000] {logging_mixin.py:190} INFO - [2026-08-08T18:24:03.311+0000] {dag.py:4138} INFO - Setting next_dagrun for example_display_name to None, run_after=None
[2026-08-08T18:24:03.352+0000] {processor.py:208} INFO - Processing /home/airflow/.local/lib/python3.12/site-packages/airflow/example_dags/example_display_name.py took 0.148 seconds
[2026-08-08T18:24:33.641+0000] {processor.py:186} INFO - Started process (PID=499) to work on /home/airflow/.local/lib/python3.12/site-packages/airflow/example_dags/example_display_name.py
[2026-08-08T18:24:33.647+0000] {processor.py:914} INFO - Processing file /home/airflow/.local/lib/python3.12/site-packages/airflow/example_dags/example_display_name.py for tasks to queue
[2026-08-08T18:24:33.657+0000] {logging_mixin.py:190} INFO - [2026-08-08T18:24:33.656+0000] {dagbag.py:587} INFO - Filling up the DagBag from /home/airflow/.local/lib/python3.12/site-packages/airflow/example_dags/example_display_name.py
[2026-08-08T18:24:33.676+0000] {processor.py:925} INFO - DAG(s) 'example_display_name' retrieved from /home/airflow/.local/lib/python3.12/site-packages/airflow/example_dags/example_display_name.py
[2026-08-08T18:24:33.716+0000] {logging_mixin.py:190} INFO - [2026-08-08T18:24:33.715+0000] {dag.py:3211} INFO - Sync 1 DAGs
[2026-08-08T18:24:33.742+0000] {logging_mixin.py:190} INFO - [2026-08-08T18:24:33.741+0000] {dag.py:4138} INFO - Setting next_dagrun for example_display_name to None, run_after=None
[2026-08-08T18:24:33.772+0000] {processor.py:208} INFO - Processing /home/airflow/.local/lib/python3.12/site-packages/airflow/example_dags/example_display_name.py took 0.151 seconds
[2026-08-08T18:25:04.190+0000] {processor.py:186} INFO - Started process (PID=562) to work on /home/airflow/.local/lib/python3.12/site-packages/airflow/example_dags/example_display_name.py
[2026-08-08T18:25:04.191+0000] {processor.py:914} INFO - Processing file /home/airflow/.local/lib/python3.12/site-packages/airflow/example_dags/example_display_name.py for tasks to queue
[2026-08-08T18:25:04.194+0000] {logging_mixin.py:190} INFO - [2026-08-08T18:25:04.194+0000] {dagbag.py:587} INFO - Filling up the DagBag from /home/airflow/.local/lib/python3.12/site-packages/airflow/example_dags/example_display_name.py
[2026-08-08T18:25:04.203+0000] {processor.py:925} INFO - DAG(s) 'example_display_name' retrieved from /home/airflow/.local/lib/python3.12/site-packages/airflow/example_dags/example_display_name.py
[2026-08-08T18:25:04.226+0000] {logging_mixin.py:190} INFO - [2026-08-08T18:25:04.226+0000] {dag.py:3211} INFO - Sync 1 DAGs
[2026-08-08T18:25:04.242+0000] {logging_mixin.py:190} INFO - [2026-08-08T18:25:04.241+0000] {dag.py:4138} INFO - Setting next_dagrun for example_display_name to None, run_after=None
[2026-08-08T18:25:04.260+0000] {processor.py:208} INFO - Processing /home/airflow/.local/lib/python3.12/site-packages/airflow/example_dags/example_display_name.py took 0.076 seconds
[2026-08-08T18:25:34.645+0000] {processor.py:186} INFO - Started process (PID=625) to work on /home/airflow/.local/lib/python3.12/site-packages/airflow/example_dags/example_display_name.py
[2026-08-08T18:25:34.647+0000] {processor.py:914} INFO - Processing file /home/airflow/.local/lib/python3.12/site-packages/airflow/example_dags/example_display_name.py for tasks to queue
[2026-08-08T18:25:34.650+0000] {logging_mixin.py:190} INFO - [2026-08-08T18:25:34.649+0000] {dagbag.py:587} INFO - Filling up the DagBag from /home/airflow/.local/lib/python3.12/site-packages/airflow/example_dags/example_display_name.py
[2026-08-08T18:25:34.658+0000] {processor.py:925} INFO - DAG(s) 'example_display_name' retrieved from /home/airflow/.local/lib/python3.12/site-packages/airflow/example_dags/example_display_name.py
[2026-08-08T18:25:34.679+0000] {logging_mixin.py:190} INFO - [2026-08-08T18:25:34.679+0000] {dag.py:3211} INFO - Sync 1 DAGs
[2026-08-08T18:25:34.693+0000] {logging_mixin.py:190} INFO - [2026-08-08T18:25:34.693+0000] {dag.py:4138} INFO - Setting next_dagrun for example_display_name to None, run_after=None
[2026-08-08T18:25:34.712+0000] {processor.py:208} INFO - Processing /home/airflow/.local/lib/python3.12/site-packages/airflow/example_dags/example_display_name.py took 0.073 seconds
[2026-08-08T18:26:05.301+0000] {processor.py:186} INFO - Started process (PID=689) to work on /home/airflow/.local/lib/python3.12/site-packages/airflow/example_dags/example_display_name.py
[2026-08-08T18:26:05.302+0000] {processor.py:914} INFO - Processing file /home/airflow/.local/lib/python3.12/site-packages/airflow/example_dags/example_display_name.py for tasks to queue
[2026-08-08T18:26:05.304+0000] {logging_mixin.py:190} INFO - [2026-08-08T18:26:05.304+0000] {dagbag.py:587} INFO - Filling up the DagBag from /home/airflow/.local/lib/python3.12/site-packages/airflow/example_dags/example_display_name.py
[2026-08-08T18:26:05.311+0000] {processor.py:925} INFO - DAG(s) 'example_display_name' retrieved from /home/airflow/.local/lib/python3.12/site-packages/airflow/example_dags/example_display_name.py
[2026-08-08T18:26:05.327+0000] {logging_mixin.py:190} INFO - [2026-08-08T18:26:05.326+0000] {dag.py:3211} INFO - Sync 1 DAGs
[2026-08-08T18:26:05.337+0000] {logging_mixin.py:190} INFO - [2026-08-08T18:26:05.337+0000] {dag.py:4138} INFO - Setting next_dagrun for example_display_name to None, run_after=None
[2026-08-08T18:26:05.354+0000] {processor.py:208} INFO - Processing /home/airflow/.local/lib/python3.12/site-packages/airflow/example_dags/example_display_name.py took 0.058 seconds
[2026-08-08T18:26:35.963+0000] {processor.py:186} INFO - Started process (PID=752) to work on /home/airflow/.local/lib/python3.12/site-packages/airflow/example_dags/example_display_name.py
[2026-08-08T18:26:35.964+0000] {processor.py:914} INFO - Processing file /home/airflow/.local/lib/python3.12/site-packages/airflow/example_dags/example_display_name.py for tasks to queue
[2026-08-08T18:26:35.968+0000] {logging_mixin.py:190} INFO - [2026-08-08T18:26:35.967+0000] {dagbag.py:587} INFO - Filling up the DagBag from /home/airflow/.local/lib/python3.12/site-packages/airflow/example_dags/example_display_name.py
[2026-08-08T18:26:35.977+0000] {processor.py:925} INFO - DAG(s) 'example_display_name' retrieved from /home/airflow/.local/lib/python3.12/site-packages/airflow/example_dags/example_display_name.py
[2026-08-08T18:26:35.998+0000] {logging_mixin.py:190} INFO - [2026-08-08T18:26:35.998+0000] {dag.py:3211} INFO - Sync 1 DAGs
[2026-08-08T18:26:36.012+0000] {logging_mixin.py:190} INFO - [2026-08-08T18:26:36.012+0000] {dag.py:4138} INFO - Setting next_dagrun for example_display_name to None, run_after=None
[2026-08-08T18:26:36.032+0000] {processor.py:208} INFO - Processing /home/airflow/.local/lib/python3.12/site-packages/airflow/example_dags/example_display_name.py took 0.077 seconds
