[2026-08-08T17:25:11.052+0000] {processor.py:186} INFO - Started process (PID=97) to work on /home/airflow/.local/lib/python3.12/site-packages/airflow/example_dags/example_bash_decorator.py
[2026-08-08T17:25:11.053+0000] {processor.py:914} INFO - Processing file /home/airflow/.local/lib/python3.12/site-packages/airflow/example_dags/example_bash_decorator.py for tasks to queue
[2026-08-08T17:25:11.056+0000] {logging_mixin.py:190} INFO - [2026-08-08T17:25:11.056+0000] {dagbag.py:587} INFO - Filling up the DagBag from /home/airflow/.local/lib/python3.12/site-packages/airflow/example_dags/example_bash_decorator.py
[2026-08-08T17:25:11.070+0000] {processor.py:925} INFO - DAG(s) 'example_bash_decorator' retrieved from /home/airflow/.local/lib/python3.12/site-packages/airflow/example_dags/example_bash_decorator.py
[2026-08-08T17:25:11.176+0000] {logging_mixin.py:190} INFO - [2026-08-08T17:25:11.175+0000] {override.py:1858} INFO - Created Permission View: can delete on DAG:example_bash_decorator
[2026-08-08T17:25:11.186+0000] {logging_mixin.py:190} INFO - [2026-08-08T17:25:11.186+0000] {override.py:1858} INFO - Created Permission View: can edit on DAG:example_bash_decorator
[2026-08-08T17:25:11.193+0000] {logging_mixin.py:190} INFO - [2026-08-08T17:25:11.193+0000] {override.py:1858} INFO - Created Permission View: can read on DAG:example_bash_decorator
[2026-08-08T17:25:11.194+0000] {logging_mixin.py:190} INFO - [2026-08-08T17:25:11.194+0000] {dag.py:3211} INFO - Sync 1 DAGs
[2026-08-08T17:25:11.205+0000] {logging_mixin.py:190} INFO - [2026-08-08T17:25:11.205+0000] {dag.py:3234} INFO - Creating ORM DAG for example_bash_decorator
[2026-08-08T17:25:11.206+0000] {logging_mixin.py:190} INFO - [2026-08-08T17:25:11.206+0000] {dag.py:4138} INFO - Setting next_dagrun for example_bash_decorator to None, run_after=None
[2026-08-08T17:25:11.219+0000] {processor.py:208} INFO - Processing /home/airflow/.local/lib/python3.12/site-packages/airflow/example_dags/example_bash_decorator.py took 0.173 seconds
[2026-08-08T17:25:41.668+0000] {processor.py:186} INFO - Started process (PID=160) to work on /home/airflow/.local/lib/python3.12/site-packages/airflow/example_dags/example_bash_decorator.py
[2026-08-08T17:25:41.670+0000] {processor.py:914} INFO - Processing file /home/airflow/.local/lib/python3.12/site-packages/airflow/example_dags/example_bash_decorator.py for tasks to queue
[2026-08-08T17:25:41.674+0000] {logging_mixin.py:190} INFO - [2026-08-08T17:25:41.673+0000] {dagbag.py:587} INFO - Filling up the DagBag from /home/airflow/.local/lib/python3.12/site-packages/airflow/example_dags/example_bash_decorator.py
[2026-08-08T17:25:41.697+0000] {processor.py:925} INFO - DAG(s) 'example_bash_decorator' retrieved from /home/airflow/.local/lib/python3.12/site-packages/airflow/example_dags/example_bash_decorator.py
[2026-08-08T17:25:41.736+0000] {logging_mixin.py:190} INFO - [2026-08-08T17:25:41.735+0000] {dag.py:3211} INFO - Sync 1 DAGs
[2026-08-08T17:25:41.764+0000] {logging_mixin.py:190} INFO - [2026-08-08T17:25:41.764+0000] {dag.py:4138} INFO - Setting next_dagrun for example_bash_decorator to None, run_after=None
[2026-08-08T17:25:41.795+0000] {processor.py:208} INFO - Processing /home/airflow/.local/lib/python3.12/site-packages/airflow/example_dags/example_bash_decorator.py took 0.136 seconds
[2026-08-08T17:26:12.305+0000] {processor.py:186} INFO - Started process (PID=223) to work on /home/airflow/.local/lib/python3.12/site-packages/airflow/example_dags/example_bash_decorator.py
[2026-08-08T17:26:12.307+0000] {processor.py:914} INFO - Processing file /home/airflow/.local/lib/python3.12/site-packages/airflow/example_dags/example_bash_decorator.py for tasks to queue
[2026-08-08T17:26:12.311+0000] {logging_mixin.py:190} INFO - [2026-08-08T17:26:12.310+0000] {dagbag.py:587} INFO - Filling up the DagBag from /home/airflow/.local/lib/python3.12/site-packages/airflow/example_dags/example_bash_decorator.py
[2026-08-08T17:26:12.326+0000] {processor.py:925} INFO - DAG(s) 'example_bash_decorator' retrieved from /home/airflow/.local/lib/python3.12/site-packages/airflow/example_dags/example_bash_decorator.py
[2026-08-08T17:26:12.350+0000] {logging_mixin.py:190} INFO - [2026-08-08T17:26:12.350+0000] {dag.py:3211} INFO - Sync 1 DAGs
[2026-08-08T17:26:12.370+0000] {logging_mixin.py:190} INFO - [2026-08-08T17:26:12.369+0000] {dag.py:4138} INFO - Setting next_dagrun for example_bash_decorator to None, run_after=None
[2026-08-08T17:26:12.393+0000] {processor.py:208} INFO - Processing /home/airflow/.local/lib/python3.12/site-packages/airflow/example_dags/example_bash_decorator.py took 0.098 seconds
[2026-08-08T17:26:42.579+0000] {processor.py:186} INFO - Started process (PID=286) to work on /home/airflow/.local/lib/python3.12/site-packages/airflow/example_dags/example_bash_decorator.py
[2026-08-08T17:26:42.582+0000] {processor.py:914} INFO - Processing file /home/airflow/.local/lib/python3.12/site-packages/airflow/example_dags/example_bash_decorator.py for tasks to queue
[2026-08-08T17:26:42.586+0000] {logging_mixin.py:190} INFO - [2026-08-08T17:26:42.585+0000] {dagbag.py:587} INFO - Filling up the DagBag from /home/airflow/.local/lib/python3.12/site-packages/airflow/example_dags/example_bash_decorator.py
[2026-08-08T17:26:42.606+0000] {processor.py:925} INFO - DAG(s) 'example_bash_decorator' retrieved from /home/airflow/.local/lib/python3.12/site-packages/airflow/example_dags/example_bash_decorator.py
[2026-08-08T17:26:42.639+0000] {logging_mixin.py:190} INFO - [2026-08-08T17:26:42.639+0000] {dag.py:3211} INFO - Sync 1 DAGs
[2026-08-08T17:26:42.653+0000] {logging_mixin.py:190} INFO - [2026-08-08T17:26:42.653+0000] {dag.py:4138} INFO - Setting next_dagrun for example_bash_decorator to None, run_after=None
[2026-08-08T17:26:42.685+0000] {processor.py:208} INFO - Processing /home/airflow/.local/lib/python3.12/site-packages/airflow/example_dags/example_bash_decorator.py took 0.115 seconds
[2026-08-08T17:27:13.006+0000] {processor.py:186} INFO - Started process (PID=349) to work on /home/airflow/.local/lib/python3.12/site-packages/airflow/example_dags/example_bash_decorator.py
[2026-08-08T17:27:13.007+0000] {processor.py:914} INFO - Processing file /home/airflow/.local/lib/python3.12/site-packages/airflow/example_dags/example_bash_decorator.py for tasks to queue
[2026-08-08T17:27:13.009+0000] {logging_mixin.py:190} INFO - [2026-08-08T17:27:13.009+0000] {dagbag.py:587} INFO - Filling up the DagBag from /home/airflow/.local/lib/python3.12/site-packages/airflow/example_dags/example_bash_decorator.py
[2026-08-08T17:27:13.021+0000] {processor.py:925} INFO - DAG(s) 'example_bash_decorator' retrieved from /home/airflow/.local/lib/python3.12/site-packages/airflow/example_dags/example_bash_decorator.py
[2026-08-08T17:27:13.039+0000] {logging_mixin.py:190} INFO - [2026-08-08T17:27:13.039+0000] {dag.py:3211} INFO - Sync 1 DAGs
[2026-08-08T17:27:13.050+0000] {logging_mixin.py:190} INFO - [2026-08-08T17:27:13.050+0000] {dag.py:4138} INFO - Setting next_dagrun for example_bash_decorator to None, run_after=None
[2026-08-08T17:27:13.068+0000] {processor.py:208} INFO - Processing /home/airflow/.local/lib/python3.12/site-packages/airflow/example_dags/example_bash_decorator.py took 0.066 seconds
[2026-08-08T17:27:43.547+0000] {processor.py:186} INFO - Started process (PID=412) to work on /home/airflow/.local/lib/python3.12/site-packages/airflow/example_dags/example_bash_decorator.py
[2026-08-08T17:27:43.548+0000] {processor.py:914} INFO - Processing file /home/airflow/.local/lib/python3.12/site-packages/airflow/example_dags/example_bash_decorator.py for tasks to queue
[2026-08-08T17:27:43.551+0000] {logging_mixin.py:190} INFO - [2026-08-08T17:27:43.550+0000] {dagbag.py:587} INFO - Filling up the DagBag from /home/airflow/.local/lib/python3.12/site-packages/airflow/example_dags/example_bash_decorator.py
[2026-08-08T17:27:43.566+0000] {processor.py:925} INFO - DAG(s) 'example_bash_decorator' retrieved from /home/airflow/.local/lib/python3.12/site-packages/airflow/example_dags/example_bash_decorator.py
[2026-08-08T17:27:43.586+0000] {logging_mixin.py:190} INFO - [2026-08-08T17:27:43.586+0000] {dag.py:3211} INFO - Sync 1 DAGs
[2026-08-08T17:27:43.597+0000] {logging_mixin.py:190} INFO - [2026-08-08T17:27:43.596+0000] {dag.py:4138} INFO - Setting next_dagrun for example_bash_decorator to None, run_after=None
[2026-08-08T17:27:43.615+0000] {processor.py:208} INFO - Processing /home/airflow/.local/lib/python3.12/site-packages/airflow/example_dags/example_bash_decorator.py took 0.073 seconds
[2026-08-08T17:28:14.041+0000] {processor.py:186} INFO - Started process (PID=475) to work on /home/airflow/.local/lib/python3.12/site-packages/airflow/example_dags/example_bash_decorator.py
[2026-08-08T17:28:14.043+0000] {processor.py:914} INFO - Processing file /home/airflow/.local/lib/python3.12/site-packages/airflow/example_dags/example_bash_decorator.py for tasks to queue
[2026-08-08T17:28:14.046+0000] {logging_mixin.py:190} INFO - [2026-08-08T17:28:14.046+0000] {dagbag.py:587} INFO - Filling up the DagBag from /home/airflow/.local/lib/python3.12/site-packages/airflow/example_dags/example_bash_decorator.py
[2026-08-08T17:28:14.059+0000] {processor.py:925} INFO - DAG(s) 'example_bash_decorator' retrieved from /home/airflow/.local/lib/python3.12/site-packages/airflow/example_dags/example_bash_decorator.py
[2026-08-08T17:28:14.084+0000] {logging_mixin.py:190} INFO - [2026-08-08T17:28:14.084+0000] {dag.py:3211} INFO - Sync 1 DAGs
[2026-08-08T17:28:14.096+0000] {logging_mixin.py:190} INFO - [2026-08-08T17:28:14.096+0000] {dag.py:4138} INFO - Setting next_dagrun for example_bash_decorator to None, run_after=None
[2026-08-08T17:28:14.119+0000] {processor.py:208} INFO - Processing /home/airflow/.local/lib/python3.12/site-packages/airflow/example_dags/example_bash_decorator.py took 0.084 seconds
[2026-08-08T17:28:44.932+0000] {processor.py:186} INFO - Started process (PID=538) to work on /home/airflow/.local/lib/python3.12/site-packages/airflow/example_dags/example_bash_decorator.py
[2026-08-08T17:28:44.934+0000] {processor.py:914} INFO - Processing file /home/airflow/.local/lib/python3.12/site-packages/airflow/example_dags/example_bash_decorator.py for tasks to queue
[2026-08-08T17:28:44.936+0000] {logging_mixin.py:190} INFO - [2026-08-08T17:28:44.936+0000] {dagbag.py:587} INFO - Filling up the DagBag from /home/airflow/.local/lib/python3.12/site-packages/airflow/example_dags/example_bash_decorator.py
[2026-08-08T17:28:44.951+0000] {processor.py:925} INFO - DAG(s) 'example_bash_decorator' retrieved from /home/airflow/.local/lib/python3.12/site-packages/airflow/example_dags/example_bash_decorator.py
[2026-08-08T17:28:44.975+0000] {logging_mixin.py:190} INFO - [2026-08-08T17:28:44.974+0000] {dag.py:3211} INFO - Sync 1 DAGs
[2026-08-08T17:28:44.988+0000] {logging_mixin.py:190} INFO - [2026-08-08T17:28:44.988+0000] {dag.py:4138} INFO - Setting next_dagrun for example_bash_decorator to None, run_after=None
[2026-08-08T17:28:45.011+0000] {processor.py:208} INFO - Processing /home/airflow/.local/lib/python3.12/site-packages/airflow/example_dags/example_bash_decorator.py took 0.084 seconds
[2026-08-08T17:29:15.160+0000] {processor.py:186} INFO - Started process (PID=601) to work on /home/airflow/.local/lib/python3.12/site-packages/airflow/example_dags/example_bash_decorator.py
[2026-08-08T17:29:15.161+0000] {processor.py:914} INFO - Processing file /home/airflow/.local/lib/python3.12/site-packages/airflow/example_dags/example_bash_decorator.py for tasks to queue
[2026-08-08T17:29:15.164+0000] {logging_mixin.py:190} INFO - [2026-08-08T17:29:15.164+0000] {dagbag.py:587} INFO - Filling up the DagBag from /home/airflow/.local/lib/python3.12/site-packages/airflow/example_dags/example_bash_decorator.py
[2026-08-08T17:29:15.178+0000] {processor.py:925} INFO - DAG(s) 'example_bash_decorator' retrieved from /home/airflow/.local/lib/python3.12/site-packages/airflow/example_dags/example_bash_decorator.py
[2026-08-08T17:29:15.200+0000] {logging_mixin.py:190} INFO - [2026-08-08T17:29:15.200+0000] {dag.py:3211} INFO - Sync 1 DAGs
[2026-08-08T17:29:15.211+0000] {logging_mixin.py:190} INFO - [2026-08-08T17:29:15.211+0000] {dag.py:4138} INFO - Setting next_dagrun for example_bash_decorator to None, run_after=None
[2026-08-08T17:29:15.232+0000] {processor.py:208} INFO - Processing /home/airflow/.local/lib/python3.12/site-packages/airflow/example_dags/example_bash_decorator.py took 0.078 seconds
[2026-08-08T17:29:45.321+0000] {processor.py:186} INFO - Started process (PID=664) to work on /home/airflow/.local/lib/python3.12/site-packages/airflow/example_dags/example_bash_decorator.py
[2026-08-08T17:29:45.322+0000] {processor.py:914} INFO - Processing file /home/airflow/.local/lib/python3.12/site-packages/airflow/example_dags/example_bash_decorator.py for tasks to queue
[2026-08-08T17:29:45.325+0000] {logging_mixin.py:190} INFO - [2026-08-08T17:29:45.324+0000] {dagbag.py:587} INFO - Filling up the DagBag from /home/airflow/.local/lib/python3.12/site-packages/airflow/example_dags/example_bash_decorator.py
[2026-08-08T17:29:45.340+0000] {processor.py:925} INFO - DAG(s) 'example_bash_decorator' retrieved from /home/airflow/.local/lib/python3.12/site-packages/airflow/example_dags/example_bash_decorator.py
[2026-08-08T17:29:45.361+0000] {logging_mixin.py:190} INFO - [2026-08-08T17:29:45.360+0000] {dag.py:3211} INFO - Sync 1 DAGs
[2026-08-08T17:29:45.371+0000] {logging_mixin.py:190} INFO - [2026-08-08T17:29:45.371+0000] {dag.py:4138} INFO - Setting next_dagrun for example_bash_decorator to None, run_after=None
[2026-08-08T17:29:45.386+0000] {processor.py:208} INFO - Processing /home/airflow/.local/lib/python3.12/site-packages/airflow/example_dags/example_bash_decorator.py took 0.070 seconds
[2026-08-08T17:30:16.372+0000] {processor.py:186} INFO - Started process (PID=727) to work on /home/airflow/.local/lib/python3.12/site-packages/airflow/example_dags/example_bash_decorator.py
[2026-08-08T17:30:16.374+0000] {processor.py:914} INFO - Processing file /home/airflow/.local/lib/python3.12/site-packages/airflow/example_dags/example_bash_decorator.py for tasks to queue
[2026-08-08T17:30:16.377+0000] {logging_mixin.py:190} INFO - [2026-08-08T17:30:16.377+0000] {dagbag.py:587} INFO - Filling up the DagBag from /home/airflow/.local/lib/python3.12/site-packages/airflow/example_dags/example_bash_decorator.py
[2026-08-08T17:30:16.396+0000] {processor.py:925} INFO - DAG(s) 'example_bash_decorator' retrieved from /home/airflow/.local/lib/python3.12/site-packages/airflow/example_dags/example_bash_decorator.py
[2026-08-08T17:30:16.425+0000] {logging_mixin.py:190} INFO - [2026-08-08T17:30:16.425+0000] {dag.py:3211} INFO - Sync 1 DAGs
[2026-08-08T17:30:16.445+0000] {logging_mixin.py:190} INFO - [2026-08-08T17:30:16.444+0000] {dag.py:4138} INFO - Setting next_dagrun for example_bash_decorator to None, run_after=None
[2026-08-08T17:30:16.469+0000] {processor.py:208} INFO - Processing /home/airflow/.local/lib/python3.12/site-packages/airflow/example_dags/example_bash_decorator.py took 0.106 seconds
[2026-08-08T17:30:46.845+0000] {processor.py:186} INFO - Started process (PID=790) to work on /home/airflow/.local/lib/python3.12/site-packages/airflow/example_dags/example_bash_decorator.py
[2026-08-08T17:30:46.846+0000] {processor.py:914} INFO - Processing file /home/airflow/.local/lib/python3.12/site-packages/airflow/example_dags/example_bash_decorator.py for tasks to queue
[2026-08-08T17:30:46.849+0000] {logging_mixin.py:190} INFO - [2026-08-08T17:30:46.848+0000] {dagbag.py:587} INFO - Filling up the DagBag from /home/airflow/.local/lib/python3.12/site-packages/airflow/example_dags/example_bash_decorator.py
[2026-08-08T17:30:46.859+0000] {processor.py:925} INFO - DAG(s) 'example_bash_decorator' retrieved from /home/airflow/.local/lib/python3.12/site-packages/airflow/example_dags/example_bash_decorator.py
[2026-08-08T17:30:46.877+0000] {logging_mixin.py:190} INFO - [2026-08-08T17:30:46.877+0000] {dag.py:3211} INFO - Sync 1 DAGs
[2026-08-08T17:30:46.887+0000] {logging_mixin.py:190} INFO - [2026-08-08T17:30:46.887+0000] {dag.py:4138} INFO - Setting next_dagrun for example_bash_decorator to None, run_after=None
[2026-08-08T17:30:46.904+0000] {processor.py:208} INFO - Processing /home/airflow/.local/lib/python3.12/site-packages/airflow/example_dags/example_bash_decorator.py took 0.064 seconds
[2026-08-08T17:31:17.550+0000] {processor.py:186} INFO - Started process (PID=853) to work on /home/airflow/.local/lib/python3.12/site-packages/airflow/example_dags/example_bash_decorator.py
[2026-08-08T17:31:17.557+0000] {processor.py:914} INFO - Processing file /home/airflow/.local/lib/python3.12/site-packages/airflow/example_dags/example_bash_decorator.py for tasks to queue
[2026-08-08T17:31:17.570+0000] {logging_mixin.py:190} INFO - [2026-08-08T17:31:17.569+0000] {dagbag.py:587} INFO - Filling up the DagBag from /home/airflow/.local/lib/python3.12/site-packages/airflow/example_dags/example_bash_decorator.py
[2026-08-08T17:31:17.629+0000] {processor.py:925} INFO - DAG(s) 'example_bash_decorator' retrieved from /home/airflow/.local/lib/python3.12/site-packages/airflow/example_dags/example_bash_decorator.py
[2026-08-08T17:31:17.675+0000] {logging_mixin.py:190} INFO - [2026-08-08T17:31:17.675+0000] {dag.py:3211} INFO - Sync 1 DAGs
[2026-08-08T17:31:17.722+0000] {logging_mixin.py:190} INFO - [2026-08-08T17:31:17.722+0000] {dag.py:4138} INFO - Setting next_dagrun for example_bash_decorator to None, run_after=None
[2026-08-08T17:31:17.760+0000] {processor.py:208} INFO - Processing /home/airflow/.local/lib/python3.12/site-packages/airflow/example_dags/example_bash_decorator.py took 0.238 seconds
[2026-08-08T17:31:47.832+0000] {processor.py:186} INFO - Started process (PID=916) to work on /home/airflow/.local/lib/python3.12/site-packages/airflow/example_dags/example_bash_decorator.py
[2026-08-08T17:31:47.834+0000] {processor.py:914} INFO - Processing file /home/airflow/.local/lib/python3.12/site-packages/airflow/example_dags/example_bash_decorator.py for tasks to queue
[2026-08-08T17:31:47.836+0000] {logging_mixin.py:190} INFO - [2026-08-08T17:31:47.835+0000] {dagbag.py:587} INFO - Filling up the DagBag from /home/airflow/.local/lib/python3.12/site-packages/airflow/example_dags/example_bash_decorator.py
[2026-08-08T17:31:47.849+0000] {processor.py:925} INFO - DAG(s) 'example_bash_decorator' retrieved from /home/airflow/.local/lib/python3.12/site-packages/airflow/example_dags/example_bash_decorator.py
[2026-08-08T17:31:47.868+0000] {logging_mixin.py:190} INFO - [2026-08-08T17:31:47.867+0000] {dag.py:3211} INFO - Sync 1 DAGs
[2026-08-08T17:31:47.877+0000] {logging_mixin.py:190} INFO - [2026-08-08T17:31:47.877+0000] {dag.py:4138} INFO - Setting next_dagrun for example_bash_decorator to None, run_after=None
[2026-08-08T17:31:47.900+0000] {processor.py:208} INFO - Processing /home/airflow/.local/lib/python3.12/site-packages/airflow/example_dags/example_bash_decorator.py took 0.074 seconds
[2026-08-08T17:32:18.248+0000] {processor.py:186} INFO - Started process (PID=979) to work on /home/airflow/.local/lib/python3.12/site-packages/airflow/example_dags/example_bash_decorator.py
[2026-08-08T17:32:18.249+0000] {processor.py:914} INFO - Processing file /home/airflow/.local/lib/python3.12/site-packages/airflow/example_dags/example_bash_decorator.py for tasks to queue
[2026-08-08T17:32:18.252+0000] {logging_mixin.py:190} INFO - [2026-08-08T17:32:18.251+0000] {dagbag.py:587} INFO - Filling up the DagBag from /home/airflow/.local/lib/python3.12/site-packages/airflow/example_dags/example_bash_decorator.py
[2026-08-08T17:32:18.266+0000] {processor.py:925} INFO - DAG(s) 'example_bash_decorator' retrieved from /home/airflow/.local/lib/python3.12/site-packages/airflow/example_dags/example_bash_decorator.py
[2026-08-08T17:32:18.290+0000] {logging_mixin.py:190} INFO - [2026-08-08T17:32:18.289+0000] {dag.py:3211} INFO - Sync 1 DAGs
[2026-08-08T17:32:18.303+0000] {logging_mixin.py:190} INFO - [2026-08-08T17:32:18.303+0000] {dag.py:4138} INFO - Setting next_dagrun for example_bash_decorator to None, run_after=None
[2026-08-08T17:32:18.324+0000] {processor.py:208} INFO - Processing /home/airflow/.local/lib/python3.12/site-packages/airflow/example_dags/example_bash_decorator.py took 0.081 seconds
[2026-08-08T17:32:48.640+0000] {processor.py:186} INFO - Started process (PID=1042) to work on /home/airflow/.local/lib/python3.12/site-packages/airflow/example_dags/example_bash_decorator.py
[2026-08-08T17:32:48.642+0000] {processor.py:914} INFO - Processing file /home/airflow/.local/lib/python3.12/site-packages/airflow/example_dags/example_bash_decorator.py for tasks to queue
[2026-08-08T17:32:48.644+0000] {logging_mixin.py:190} INFO - [2026-08-08T17:32:48.644+0000] {dagbag.py:587} INFO - Filling up the DagBag from /home/airflow/.local/lib/python3.12/site-packages/airflow/example_dags/example_bash_decorator.py
[2026-08-08T17:32:48.663+0000] {processor.py:925} INFO - DAG(s) 'example_bash_decorator' retrieved from /home/airflow/.local/lib/python3.12/site-packages/airflow/example_dags/example_bash_decorator.py
[2026-08-08T17:32:48.691+0000] {logging_mixin.py:190} INFO - [2026-08-08T17:32:48.690+0000] {dag.py:3211} INFO - Sync 1 DAGs
[2026-08-08T17:32:48.706+0000] {logging_mixin.py:190} INFO - [2026-08-08T17:32:48.706+0000] {dag.py:4138} INFO - Setting next_dagrun for example_bash_decorator to None, run_after=None
[2026-08-08T17:32:48.733+0000] {processor.py:208} INFO - Processing /home/airflow/.local/lib/python3.12/site-packages/airflow/example_dags/example_bash_decorator.py took 0.099 seconds
[2026-08-08T17:33:19.401+0000] {processor.py:186} INFO - Started process (PID=1105) to work on /home/airflow/.local/lib/python3.12/site-packages/airflow/example_dags/example_bash_decorator.py
[2026-08-08T17:33:19.402+0000] {processor.py:914} INFO - Processing file /home/airflow/.local/lib/python3.12/site-packages/airflow/example_dags/example_bash_decorator.py for tasks to queue
[2026-08-08T17:33:19.406+0000] {logging_mixin.py:190} INFO - [2026-08-08T17:33:19.405+0000] {dagbag.py:587} INFO - Filling up the DagBag from /home/airflow/.local/lib/python3.12/site-packages/airflow/example_dags/example_bash_decorator.py
[2026-08-08T17:33:19.428+0000] {processor.py:925} INFO - DAG(s) 'example_bash_decorator' retrieved from /home/airflow/.local/lib/python3.12/site-packages/airflow/example_dags/example_bash_decorator.py
[2026-08-08T17:33:19.453+0000] {logging_mixin.py:190} INFO - [2026-08-08T17:33:19.453+0000] {dag.py:3211} INFO - Sync 1 DAGs
[2026-08-08T17:33:19.467+0000] {logging_mixin.py:190} INFO - [2026-08-08T17:33:19.467+0000] {dag.py:4138} INFO - Setting next_dagrun for example_bash_decorator to None, run_after=None
[2026-08-08T17:33:19.486+0000] {processor.py:208} INFO - Processing /home/airflow/.local/lib/python3.12/site-packages/airflow/example_dags/example_bash_decorator.py took 0.098 seconds
[2026-08-08T17:33:49.687+0000] {processor.py:186} INFO - Started process (PID=1168) to work on /home/airflow/.local/lib/python3.12/site-packages/airflow/example_dags/example_bash_decorator.py
[2026-08-08T17:33:49.689+0000] {processor.py:914} INFO - Processing file /home/airflow/.local/lib/python3.12/site-packages/airflow/example_dags/example_bash_decorator.py for tasks to queue
[2026-08-08T17:33:49.691+0000] {logging_mixin.py:190} INFO - [2026-08-08T17:33:49.691+0000] {dagbag.py:587} INFO - Filling up the DagBag from /home/airflow/.local/lib/python3.12/site-packages/airflow/example_dags/example_bash_decorator.py
[2026-08-08T17:33:49.704+0000] {processor.py:925} INFO - DAG(s) 'example_bash_decorator' retrieved from /home/airflow/.local/lib/python3.12/site-packages/airflow/example_dags/example_bash_decorator.py
[2026-08-08T17:33:49.729+0000] {logging_mixin.py:190} INFO - [2026-08-08T17:33:49.729+0000] {dag.py:3211} INFO - Sync 1 DAGs
[2026-08-08T17:33:49.744+0000] {logging_mixin.py:190} INFO - [2026-08-08T17:33:49.743+0000] {dag.py:4138} INFO - Setting next_dagrun for example_bash_decorator to None, run_after=None
[2026-08-08T17:33:49.761+0000] {processor.py:208} INFO - Processing /home/airflow/.local/lib/python3.12/site-packages/airflow/example_dags/example_bash_decorator.py took 0.079 seconds
[2026-08-08T17:34:20.032+0000] {processor.py:186} INFO - Started process (PID=1231) to work on /home/airflow/.local/lib/python3.12/site-packages/airflow/example_dags/example_bash_decorator.py
[2026-08-08T17:34:20.033+0000] {processor.py:914} INFO - Processing file /home/airflow/.local/lib/python3.12/site-packages/airflow/example_dags/example_bash_decorator.py for tasks to queue
[2026-08-08T17:34:20.035+0000] {logging_mixin.py:190} INFO - [2026-08-08T17:34:20.035+0000] {dagbag.py:587} INFO - Filling up the DagBag from /home/airflow/.local/lib/python3.12/site-packages/airflow/example_dags/example_bash_decorator.py
[2026-08-08T17:34:20.047+0000] {processor.py:925} INFO - DAG(s) 'example_bash_decorator' retrieved from /home/airflow/.local/lib/python3.12/site-packages/airflow/example_dags/example_bash_decorator.py
[2026-08-08T17:34:20.069+0000] {logging_mixin.py:190} INFO - [2026-08-08T17:34:20.069+0000] {dag.py:3211} INFO - Sync 1 DAGs
[2026-08-08T17:34:20.084+0000] {logging_mixin.py:190} INFO - [2026-08-08T17:34:20.084+0000] {dag.py:4138} INFO - Setting next_dagrun for example_bash_decorator to None, run_after=None
[2026-08-08T17:34:20.101+0000] {processor.py:208} INFO - Processing /home/airflow/.local/lib/python3.12/site-packages/airflow/example_dags/example_bash_decorator.py took 0.076 seconds
[2026-08-08T17:34:50.943+0000] {processor.py:186} INFO - Started process (PID=1294) to work on /home/airflow/.local/lib/python3.12/site-packages/airflow/example_dags/example_bash_decorator.py
[2026-08-08T17:34:50.944+0000] {processor.py:914} INFO - Processing file /home/airflow/.local/lib/python3.12/site-packages/airflow/example_dags/example_bash_decorator.py for tasks to queue
[2026-08-08T17:34:50.947+0000] {logging_mixin.py:190} INFO - [2026-08-08T17:34:50.946+0000] {dagbag.py:587} INFO - Filling up the DagBag from /home/airflow/.local/lib/python3.12/site-packages/airflow/example_dags/example_bash_decorator.py
[2026-08-08T17:34:50.959+0000] {processor.py:925} INFO - DAG(s) 'example_bash_decorator' retrieved from /home/airflow/.local/lib/python3.12/site-packages/airflow/example_dags/example_bash_decorator.py
[2026-08-08T17:34:50.983+0000] {logging_mixin.py:190} INFO - [2026-08-08T17:34:50.982+0000] {dag.py:3211} INFO - Sync 1 DAGs
[2026-08-08T17:34:50.996+0000] {logging_mixin.py:190} INFO - [2026-08-08T17:34:50.996+0000] {dag.py:4138} INFO - Setting next_dagrun for example_bash_decorator to None, run_after=None
[2026-08-08T17:34:51.013+0000] {processor.py:208} INFO - Processing /home/airflow/.local/lib/python3.12/site-packages/airflow/example_dags/example_bash_decorator.py took 0.075 seconds
[2026-08-08T17:35:21.555+0000] {processor.py:186} INFO - Started process (PID=1357) to work on /home/airflow/.local/lib/python3.12/site-packages/airflow/example_dags/example_bash_decorator.py
[2026-08-08T17:35:21.556+0000] {processor.py:914} INFO - Processing file /home/airflow/.local/lib/python3.12/site-packages/airflow/example_dags/example_bash_decorator.py for tasks to queue
[2026-08-08T17:35:21.559+0000] {logging_mixin.py:190} INFO - [2026-08-08T17:35:21.559+0000] {dagbag.py:587} INFO - Filling up the DagBag from /home/airflow/.local/lib/python3.12/site-packages/airflow/example_dags/example_bash_decorator.py
[2026-08-08T17:35:21.575+0000] {processor.py:925} INFO - DAG(s) 'example_bash_decorator' retrieved from /home/airflow/.local/lib/python3.12/site-packages/airflow/example_dags/example_bash_decorator.py
[2026-08-08T17:35:21.597+0000] {logging_mixin.py:190} INFO - [2026-08-08T17:35:21.597+0000] {dag.py:3211} INFO - Sync 1 DAGs
[2026-08-08T17:35:21.611+0000] {logging_mixin.py:190} INFO - [2026-08-08T17:35:21.611+0000] {dag.py:4138} INFO - Setting next_dagrun for example_bash_decorator to None, run_after=None
[2026-08-08T17:35:21.630+0000] {processor.py:208} INFO - Processing /home/airflow/.local/lib/python3.12/site-packages/airflow/example_dags/example_bash_decorator.py took 0.081 seconds
[2026-08-08T17:35:52.652+0000] {processor.py:186} INFO - Started process (PID=1420) to work on /home/airflow/.local/lib/python3.12/site-packages/airflow/example_dags/example_bash_decorator.py
[2026-08-08T17:35:52.653+0000] {processor.py:914} INFO - Processing file /home/airflow/.local/lib/python3.12/site-packages/airflow/example_dags/example_bash_decorator.py for tasks to queue
[2026-08-08T17:35:52.656+0000] {logging_mixin.py:190} INFO - [2026-08-08T17:35:52.656+0000] {dagbag.py:587} INFO - Filling up the DagBag from /home/airflow/.local/lib/python3.12/site-packages/airflow/example_dags/example_bash_decorator.py
[2026-08-08T17:35:52.674+0000] {processor.py:925} INFO - DAG(s) 'example_bash_decorator' retrieved from /home/airflow/.local/lib/python3.12/site-packages/airflow/example_dags/example_bash_decorator.py
[2026-08-08T17:35:52.694+0000] {logging_mixin.py:190} INFO - [2026-08-08T17:35:52.693+0000] {dag.py:3211} INFO - Sync 1 DAGs
[2026-08-08T17:35:52.707+0000] {logging_mixin.py:190} INFO - [2026-08-08T17:35:52.707+0000] {dag.py:4138} INFO - Setting next_dagrun for example_bash_decorator to None, run_after=None
[2026-08-08T17:35:52.726+0000] {processor.py:208} INFO - Processing /home/airflow/.local/lib/python3.12/site-packages/airflow/example_dags/example_bash_decorator.py took 0.081 seconds
[2026-08-08T17:36:23.168+0000] {processor.py:186} INFO - Started process (PID=1483) to work on /home/airflow/.local/lib/python3.12/site-packages/airflow/example_dags/example_bash_decorator.py
[2026-08-08T17:36:23.169+0000] {processor.py:914} INFO - Processing file /home/airflow/.local/lib/python3.12/site-packages/airflow/example_dags/example_bash_decorator.py for tasks to queue
[2026-08-08T17:36:23.172+0000] {logging_mixin.py:190} INFO - [2026-08-08T17:36:23.172+0000] {dagbag.py:587} INFO - Filling up the DagBag from /home/airflow/.local/lib/python3.12/site-packages/airflow/example_dags/example_bash_decorator.py
[2026-08-08T17:36:23.187+0000] {processor.py:925} INFO - DAG(s) 'example_bash_decorator' retrieved from /home/airflow/.local/lib/python3.12/site-packages/airflow/example_dags/example_bash_decorator.py
[2026-08-08T17:36:23.207+0000] {logging_mixin.py:190} INFO - [2026-08-08T17:36:23.207+0000] {dag.py:3211} INFO - Sync 1 DAGs
[2026-08-08T17:36:23.217+0000] {logging_mixin.py:190} INFO - [2026-08-08T17:36:23.217+0000] {dag.py:4138} INFO - Setting next_dagrun for example_bash_decorator to None, run_after=None
[2026-08-08T17:36:23.238+0000] {processor.py:208} INFO - Processing /home/airflow/.local/lib/python3.12/site-packages/airflow/example_dags/example_bash_decorator.py took 0.076 seconds
[2026-08-08T17:38:15.827+0000] {processor.py:186} INFO - Started process (PID=85) to work on /home/airflow/.local/lib/python3.12/site-packages/airflow/example_dags/example_bash_decorator.py
[2026-08-08T17:38:15.829+0000] {processor.py:914} INFO - Processing file /home/airflow/.local/lib/python3.12/site-packages/airflow/example_dags/example_bash_decorator.py for tasks to queue
[2026-08-08T17:38:15.831+0000] {logging_mixin.py:190} INFO - [2026-08-08T17:38:15.831+0000] {dagbag.py:587} INFO - Filling up the DagBag from /home/airflow/.local/lib/python3.12/site-packages/airflow/example_dags/example_bash_decorator.py
[2026-08-08T17:38:15.846+0000] {processor.py:925} INFO - DAG(s) 'example_bash_decorator' retrieved from /home/airflow/.local/lib/python3.12/site-packages/airflow/example_dags/example_bash_decorator.py
[2026-08-08T17:38:15.938+0000] {logging_mixin.py:190} INFO - [2026-08-08T17:38:15.938+0000] {dag.py:3211} INFO - Sync 1 DAGs
[2026-08-08T17:38:15.948+0000] {logging_mixin.py:190} INFO - [2026-08-08T17:38:15.948+0000] {dag.py:4138} INFO - Setting next_dagrun for example_bash_decorator to None, run_after=None
[2026-08-08T17:38:15.969+0000] {processor.py:208} INFO - Processing /home/airflow/.local/lib/python3.12/site-packages/airflow/example_dags/example_bash_decorator.py took 0.147 seconds
[2026-08-08T17:38:46.597+0000] {processor.py:186} INFO - Started process (PID=148) to work on /home/airflow/.local/lib/python3.12/site-packages/airflow/example_dags/example_bash_decorator.py
[2026-08-08T17:38:46.608+0000] {processor.py:914} INFO - Processing file /home/airflow/.local/lib/python3.12/site-packages/airflow/example_dags/example_bash_decorator.py for tasks to queue
[2026-08-08T17:38:46.615+0000] {logging_mixin.py:190} INFO - [2026-08-08T17:38:46.615+0000] {dagbag.py:587} INFO - Filling up the DagBag from /home/airflow/.local/lib/python3.12/site-packages/airflow/example_dags/example_bash_decorator.py
[2026-08-08T17:38:46.636+0000] {processor.py:925} INFO - DAG(s) 'example_bash_decorator' retrieved from /home/airflow/.local/lib/python3.12/site-packages/airflow/example_dags/example_bash_decorator.py
[2026-08-08T17:38:46.678+0000] {logging_mixin.py:190} INFO - [2026-08-08T17:38:46.678+0000] {dag.py:3211} INFO - Sync 1 DAGs
[2026-08-08T17:38:46.700+0000] {logging_mixin.py:190} INFO - [2026-08-08T17:38:46.699+0000] {dag.py:4138} INFO - Setting next_dagrun for example_bash_decorator to None, run_after=None
[2026-08-08T17:38:46.735+0000] {processor.py:208} INFO - Processing /home/airflow/.local/lib/python3.12/site-packages/airflow/example_dags/example_bash_decorator.py took 0.147 seconds
[2026-08-08T17:39:16.872+0000] {processor.py:186} INFO - Started process (PID=211) to work on /home/airflow/.local/lib/python3.12/site-packages/airflow/example_dags/example_bash_decorator.py
[2026-08-08T17:39:16.874+0000] {processor.py:914} INFO - Processing file /home/airflow/.local/lib/python3.12/site-packages/airflow/example_dags/example_bash_decorator.py for tasks to queue
[2026-08-08T17:39:16.876+0000] {logging_mixin.py:190} INFO - [2026-08-08T17:39:16.876+0000] {dagbag.py:587} INFO - Filling up the DagBag from /home/airflow/.local/lib/python3.12/site-packages/airflow/example_dags/example_bash_decorator.py
[2026-08-08T17:39:16.888+0000] {processor.py:925} INFO - DAG(s) 'example_bash_decorator' retrieved from /home/airflow/.local/lib/python3.12/site-packages/airflow/example_dags/example_bash_decorator.py
[2026-08-08T17:39:16.909+0000] {logging_mixin.py:190} INFO - [2026-08-08T17:39:16.909+0000] {dag.py:3211} INFO - Sync 1 DAGs
[2026-08-08T17:39:16.922+0000] {logging_mixin.py:190} INFO - [2026-08-08T17:39:16.922+0000] {dag.py:4138} INFO - Setting next_dagrun for example_bash_decorator to None, run_after=None
[2026-08-08T17:39:16.940+0000] {processor.py:208} INFO - Processing /home/airflow/.local/lib/python3.12/site-packages/airflow/example_dags/example_bash_decorator.py took 0.073 seconds
[2026-08-08T17:39:47.960+0000] {processor.py:186} INFO - Started process (PID=274) to work on /home/airflow/.local/lib/python3.12/site-packages/airflow/example_dags/example_bash_decorator.py
[2026-08-08T17:39:47.962+0000] {processor.py:914} INFO - Processing file /home/airflow/.local/lib/python3.12/site-packages/airflow/example_dags/example_bash_decorator.py for tasks to queue
[2026-08-08T17:39:47.964+0000] {logging_mixin.py:190} INFO - [2026-08-08T17:39:47.964+0000] {dagbag.py:587} INFO - Filling up the DagBag from /home/airflow/.local/lib/python3.12/site-packages/airflow/example_dags/example_bash_decorator.py
[2026-08-08T17:39:47.979+0000] {processor.py:925} INFO - DAG(s) 'example_bash_decorator' retrieved from /home/airflow/.local/lib/python3.12/site-packages/airflow/example_dags/example_bash_decorator.py
[2026-08-08T17:39:48.004+0000] {logging_mixin.py:190} INFO - [2026-08-08T17:39:48.004+0000] {dag.py:3211} INFO - Sync 1 DAGs
[2026-08-08T17:39:48.016+0000] {logging_mixin.py:190} INFO - [2026-08-08T17:39:48.015+0000] {dag.py:4138} INFO - Setting next_dagrun for example_bash_decorator to None, run_after=None
[2026-08-08T17:39:48.040+0000] {processor.py:208} INFO - Processing /home/airflow/.local/lib/python3.12/site-packages/airflow/example_dags/example_bash_decorator.py took 0.086 seconds
[2026-08-08T17:42:39.830+0000] {processor.py:186} INFO - Started process (PID=97) to work on /home/airflow/.local/lib/python3.12/site-packages/airflow/example_dags/example_bash_decorator.py
[2026-08-08T17:42:39.831+0000] {processor.py:914} INFO - Processing file /home/airflow/.local/lib/python3.12/site-packages/airflow/example_dags/example_bash_decorator.py for tasks to queue
[2026-08-08T17:42:39.834+0000] {logging_mixin.py:190} INFO - [2026-08-08T17:42:39.833+0000] {dagbag.py:587} INFO - Filling up the DagBag from /home/airflow/.local/lib/python3.12/site-packages/airflow/example_dags/example_bash_decorator.py
[2026-08-08T17:42:39.846+0000] {processor.py:925} INFO - DAG(s) 'example_bash_decorator' retrieved from /home/airflow/.local/lib/python3.12/site-packages/airflow/example_dags/example_bash_decorator.py
[2026-08-08T17:42:39.933+0000] {logging_mixin.py:190} INFO - [2026-08-08T17:42:39.933+0000] {dag.py:3211} INFO - Sync 1 DAGs
[2026-08-08T17:42:39.943+0000] {logging_mixin.py:190} INFO - [2026-08-08T17:42:39.943+0000] {dag.py:4138} INFO - Setting next_dagrun for example_bash_decorator to None, run_after=None
[2026-08-08T17:42:39.965+0000] {processor.py:208} INFO - Processing /home/airflow/.local/lib/python3.12/site-packages/airflow/example_dags/example_bash_decorator.py took 0.140 seconds
[2026-08-08T17:43:10.444+0000] {processor.py:186} INFO - Started process (PID=160) to work on /home/airflow/.local/lib/python3.12/site-packages/airflow/example_dags/example_bash_decorator.py
[2026-08-08T17:43:10.446+0000] {processor.py:914} INFO - Processing file /home/airflow/.local/lib/python3.12/site-packages/airflow/example_dags/example_bash_decorator.py for tasks to queue
[2026-08-08T17:43:10.451+0000] {logging_mixin.py:190} INFO - [2026-08-08T17:43:10.450+0000] {dagbag.py:587} INFO - Filling up the DagBag from /home/airflow/.local/lib/python3.12/site-packages/airflow/example_dags/example_bash_decorator.py
[2026-08-08T17:43:10.474+0000] {processor.py:925} INFO - DAG(s) 'example_bash_decorator' retrieved from /home/airflow/.local/lib/python3.12/site-packages/airflow/example_dags/example_bash_decorator.py
[2026-08-08T17:43:10.503+0000] {logging_mixin.py:190} INFO - [2026-08-08T17:43:10.503+0000] {dag.py:3211} INFO - Sync 1 DAGs
[2026-08-08T17:43:10.523+0000] {logging_mixin.py:190} INFO - [2026-08-08T17:43:10.523+0000] {dag.py:4138} INFO - Setting next_dagrun for example_bash_decorator to None, run_after=None
[2026-08-08T17:43:10.552+0000] {processor.py:208} INFO - Processing /home/airflow/.local/lib/python3.12/site-packages/airflow/example_dags/example_bash_decorator.py took 0.117 seconds
[2026-08-08T17:43:41.373+0000] {processor.py:186} INFO - Started process (PID=223) to work on /home/airflow/.local/lib/python3.12/site-packages/airflow/example_dags/example_bash_decorator.py
[2026-08-08T17:43:41.375+0000] {processor.py:914} INFO - Processing file /home/airflow/.local/lib/python3.12/site-packages/airflow/example_dags/example_bash_decorator.py for tasks to queue
[2026-08-08T17:43:41.381+0000] {logging_mixin.py:190} INFO - [2026-08-08T17:43:41.380+0000] {dagbag.py:587} INFO - Filling up the DagBag from /home/airflow/.local/lib/python3.12/site-packages/airflow/example_dags/example_bash_decorator.py
[2026-08-08T17:43:41.411+0000] {processor.py:925} INFO - DAG(s) 'example_bash_decorator' retrieved from /home/airflow/.local/lib/python3.12/site-packages/airflow/example_dags/example_bash_decorator.py
[2026-08-08T17:43:41.455+0000] {logging_mixin.py:190} INFO - [2026-08-08T17:43:41.455+0000] {dag.py:3211} INFO - Sync 1 DAGs
[2026-08-08T17:43:41.474+0000] {logging_mixin.py:190} INFO - [2026-08-08T17:43:41.474+0000] {dag.py:4138} INFO - Setting next_dagrun for example_bash_decorator to None, run_after=None
[2026-08-08T17:43:41.507+0000] {processor.py:208} INFO - Processing /home/airflow/.local/lib/python3.12/site-packages/airflow/example_dags/example_bash_decorator.py took 0.149 seconds
[2026-08-08T17:44:12.397+0000] {processor.py:186} INFO - Started process (PID=286) to work on /home/airflow/.local/lib/python3.12/site-packages/airflow/example_dags/example_bash_decorator.py
[2026-08-08T17:44:12.399+0000] {processor.py:914} INFO - Processing file /home/airflow/.local/lib/python3.12/site-packages/airflow/example_dags/example_bash_decorator.py for tasks to queue
[2026-08-08T17:44:12.403+0000] {logging_mixin.py:190} INFO - [2026-08-08T17:44:12.403+0000] {dagbag.py:587} INFO - Filling up the DagBag from /home/airflow/.local/lib/python3.12/site-packages/airflow/example_dags/example_bash_decorator.py
[2026-08-08T17:44:12.424+0000] {processor.py:925} INFO - DAG(s) 'example_bash_decorator' retrieved from /home/airflow/.local/lib/python3.12/site-packages/airflow/example_dags/example_bash_decorator.py
[2026-08-08T17:44:12.455+0000] {logging_mixin.py:190} INFO - [2026-08-08T17:44:12.454+0000] {dag.py:3211} INFO - Sync 1 DAGs
[2026-08-08T17:44:12.472+0000] {logging_mixin.py:190} INFO - [2026-08-08T17:44:12.472+0000] {dag.py:4138} INFO - Setting next_dagrun for example_bash_decorator to None, run_after=None
[2026-08-08T17:44:12.496+0000] {processor.py:208} INFO - Processing /home/airflow/.local/lib/python3.12/site-packages/airflow/example_dags/example_bash_decorator.py took 0.111 seconds
[2026-08-08T17:44:43.473+0000] {processor.py:186} INFO - Started process (PID=349) to work on /home/airflow/.local/lib/python3.12/site-packages/airflow/example_dags/example_bash_decorator.py
[2026-08-08T17:44:43.475+0000] {processor.py:914} INFO - Processing file /home/airflow/.local/lib/python3.12/site-packages/airflow/example_dags/example_bash_decorator.py for tasks to queue
[2026-08-08T17:44:43.477+0000] {logging_mixin.py:190} INFO - [2026-08-08T17:44:43.477+0000] {dagbag.py:587} INFO - Filling up the DagBag from /home/airflow/.local/lib/python3.12/site-packages/airflow/example_dags/example_bash_decorator.py
[2026-08-08T17:44:43.490+0000] {processor.py:925} INFO - DAG(s) 'example_bash_decorator' retrieved from /home/airflow/.local/lib/python3.12/site-packages/airflow/example_dags/example_bash_decorator.py
[2026-08-08T17:44:43.511+0000] {logging_mixin.py:190} INFO - [2026-08-08T17:44:43.511+0000] {dag.py:3211} INFO - Sync 1 DAGs
[2026-08-08T17:44:43.523+0000] {logging_mixin.py:190} INFO - [2026-08-08T17:44:43.523+0000] {dag.py:4138} INFO - Setting next_dagrun for example_bash_decorator to None, run_after=None
[2026-08-08T17:44:43.546+0000] {processor.py:208} INFO - Processing /home/airflow/.local/lib/python3.12/site-packages/airflow/example_dags/example_bash_decorator.py took 0.078 seconds
[2026-08-08T17:45:13.637+0000] {processor.py:186} INFO - Started process (PID=412) to work on /home/airflow/.local/lib/python3.12/site-packages/airflow/example_dags/example_bash_decorator.py
[2026-08-08T17:45:13.638+0000] {processor.py:914} INFO - Processing file /home/airflow/.local/lib/python3.12/site-packages/airflow/example_dags/example_bash_decorator.py for tasks to queue
[2026-08-08T17:45:13.641+0000] {logging_mixin.py:190} INFO - [2026-08-08T17:45:13.641+0000] {dagbag.py:587} INFO - Filling up the DagBag from /home/airflow/.local/lib/python3.12/site-packages/airflow/example_dags/example_bash_decorator.py
[2026-08-08T17:45:13.656+0000] {processor.py:925} INFO - DAG(s) 'example_bash_decorator' retrieved from /home/airflow/.local/lib/python3.12/site-packages/airflow/example_dags/example_bash_decorator.py
[2026-08-08T17:45:13.677+0000] {logging_mixin.py:190} INFO - [2026-08-08T17:45:13.676+0000] {dag.py:3211} INFO - Sync 1 DAGs
[2026-08-08T17:45:13.688+0000] {logging_mixin.py:190} INFO - [2026-08-08T17:45:13.688+0000] {dag.py:4138} INFO - Setting next_dagrun for example_bash_decorator to None, run_after=None
[2026-08-08T17:45:13.705+0000] {processor.py:208} INFO - Processing /home/airflow/.local/lib/python3.12/site-packages/airflow/example_dags/example_bash_decorator.py took 0.074 seconds
[2026-08-08T17:45:44.076+0000] {processor.py:186} INFO - Started process (PID=475) to work on /home/airflow/.local/lib/python3.12/site-packages/airflow/example_dags/example_bash_decorator.py
[2026-08-08T17:45:44.077+0000] {processor.py:914} INFO - Processing file /home/airflow/.local/lib/python3.12/site-packages/airflow/example_dags/example_bash_decorator.py for tasks to queue
[2026-08-08T17:45:44.081+0000] {logging_mixin.py:190} INFO - [2026-08-08T17:45:44.080+0000] {dagbag.py:587} INFO - Filling up the DagBag from /home/airflow/.local/lib/python3.12/site-packages/airflow/example_dags/example_bash_decorator.py
[2026-08-08T17:45:44.098+0000] {processor.py:925} INFO - DAG(s) 'example_bash_decorator' retrieved from /home/airflow/.local/lib/python3.12/site-packages/airflow/example_dags/example_bash_decorator.py
[2026-08-08T17:45:44.120+0000] {logging_mixin.py:190} INFO - [2026-08-08T17:45:44.120+0000] {dag.py:3211} INFO - Sync 1 DAGs
[2026-08-08T17:45:44.131+0000] {logging_mixin.py:190} INFO - [2026-08-08T17:45:44.131+0000] {dag.py:4138} INFO - Setting next_dagrun for example_bash_decorator to None, run_after=None
[2026-08-08T17:45:44.147+0000] {processor.py:208} INFO - Processing /home/airflow/.local/lib/python3.12/site-packages/airflow/example_dags/example_bash_decorator.py took 0.077 seconds
[2026-08-08T17:47:13.778+0000] {processor.py:186} INFO - Started process (PID=98) to work on /home/airflow/.local/lib/python3.12/site-packages/airflow/example_dags/example_bash_decorator.py
[2026-08-08T17:47:13.780+0000] {processor.py:914} INFO - Processing file /home/airflow/.local/lib/python3.12/site-packages/airflow/example_dags/example_bash_decorator.py for tasks to queue
[2026-08-08T17:47:13.783+0000] {logging_mixin.py:190} INFO - [2026-08-08T17:47:13.783+0000] {dagbag.py:587} INFO - Filling up the DagBag from /home/airflow/.local/lib/python3.12/site-packages/airflow/example_dags/example_bash_decorator.py
[2026-08-08T17:47:13.801+0000] {processor.py:925} INFO - DAG(s) 'example_bash_decorator' retrieved from /home/airflow/.local/lib/python3.12/site-packages/airflow/example_dags/example_bash_decorator.py
[2026-08-08T17:47:13.916+0000] {logging_mixin.py:190} INFO - [2026-08-08T17:47:13.915+0000] {dag.py:3211} INFO - Sync 1 DAGs
[2026-08-08T17:47:13.928+0000] {logging_mixin.py:190} INFO - [2026-08-08T17:47:13.928+0000] {dag.py:4138} INFO - Setting next_dagrun for example_bash_decorator to None, run_after=None
[2026-08-08T17:47:13.954+0000] {processor.py:208} INFO - Processing /home/airflow/.local/lib/python3.12/site-packages/airflow/example_dags/example_bash_decorator.py took 0.183 seconds
[2026-08-08T17:47:44.575+0000] {processor.py:186} INFO - Started process (PID=161) to work on /home/airflow/.local/lib/python3.12/site-packages/airflow/example_dags/example_bash_decorator.py
[2026-08-08T17:47:44.576+0000] {processor.py:914} INFO - Processing file /home/airflow/.local/lib/python3.12/site-packages/airflow/example_dags/example_bash_decorator.py for tasks to queue
[2026-08-08T17:47:44.578+0000] {logging_mixin.py:190} INFO - [2026-08-08T17:47:44.578+0000] {dagbag.py:587} INFO - Filling up the DagBag from /home/airflow/.local/lib/python3.12/site-packages/airflow/example_dags/example_bash_decorator.py
[2026-08-08T17:47:44.595+0000] {processor.py:925} INFO - DAG(s) 'example_bash_decorator' retrieved from /home/airflow/.local/lib/python3.12/site-packages/airflow/example_dags/example_bash_decorator.py
[2026-08-08T17:47:44.616+0000] {logging_mixin.py:190} INFO - [2026-08-08T17:47:44.616+0000] {dag.py:3211} INFO - Sync 1 DAGs
[2026-08-08T17:47:44.627+0000] {logging_mixin.py:190} INFO - [2026-08-08T17:47:44.627+0000] {dag.py:4138} INFO - Setting next_dagrun for example_bash_decorator to None, run_after=None
[2026-08-08T17:47:44.647+0000] {processor.py:208} INFO - Processing /home/airflow/.local/lib/python3.12/site-packages/airflow/example_dags/example_bash_decorator.py took 0.077 seconds
[2026-08-08T17:48:15.767+0000] {processor.py:186} INFO - Started process (PID=230) to work on /home/airflow/.local/lib/python3.12/site-packages/airflow/example_dags/example_bash_decorator.py
[2026-08-08T17:48:15.769+0000] {processor.py:914} INFO - Processing file /home/airflow/.local/lib/python3.12/site-packages/airflow/example_dags/example_bash_decorator.py for tasks to queue
[2026-08-08T17:48:15.773+0000] {logging_mixin.py:190} INFO - [2026-08-08T17:48:15.772+0000] {dagbag.py:587} INFO - Filling up the DagBag from /home/airflow/.local/lib/python3.12/site-packages/airflow/example_dags/example_bash_decorator.py
[2026-08-08T17:48:15.800+0000] {processor.py:925} INFO - DAG(s) 'example_bash_decorator' retrieved from /home/airflow/.local/lib/python3.12/site-packages/airflow/example_dags/example_bash_decorator.py
[2026-08-08T17:48:15.834+0000] {logging_mixin.py:190} INFO - [2026-08-08T17:48:15.834+0000] {dag.py:3211} INFO - Sync 1 DAGs
[2026-08-08T17:48:15.851+0000] {logging_mixin.py:190} INFO - [2026-08-08T17:48:15.850+0000] {dag.py:4138} INFO - Setting next_dagrun for example_bash_decorator to None, run_after=None
[2026-08-08T17:48:15.879+0000] {processor.py:208} INFO - Processing /home/airflow/.local/lib/python3.12/site-packages/airflow/example_dags/example_bash_decorator.py took 0.120 seconds
[2026-08-08T17:48:46.233+0000] {processor.py:186} INFO - Started process (PID=293) to work on /home/airflow/.local/lib/python3.12/site-packages/airflow/example_dags/example_bash_decorator.py
[2026-08-08T17:48:46.234+0000] {processor.py:914} INFO - Processing file /home/airflow/.local/lib/python3.12/site-packages/airflow/example_dags/example_bash_decorator.py for tasks to queue
[2026-08-08T17:48:46.238+0000] {logging_mixin.py:190} INFO - [2026-08-08T17:48:46.237+0000] {dagbag.py:587} INFO - Filling up the DagBag from /home/airflow/.local/lib/python3.12/site-packages/airflow/example_dags/example_bash_decorator.py
[2026-08-08T17:48:46.265+0000] {processor.py:925} INFO - DAG(s) 'example_bash_decorator' retrieved from /home/airflow/.local/lib/python3.12/site-packages/airflow/example_dags/example_bash_decorator.py
[2026-08-08T17:48:46.306+0000] {logging_mixin.py:190} INFO - [2026-08-08T17:48:46.306+0000] {dag.py:3211} INFO - Sync 1 DAGs
[2026-08-08T17:48:46.331+0000] {logging_mixin.py:190} INFO - [2026-08-08T17:48:46.330+0000] {dag.py:4138} INFO - Setting next_dagrun for example_bash_decorator to None, run_after=None
[2026-08-08T17:48:46.356+0000] {processor.py:208} INFO - Processing /home/airflow/.local/lib/python3.12/site-packages/airflow/example_dags/example_bash_decorator.py took 0.133 seconds
[2026-08-08T17:52:37.376+0000] {processor.py:186} INFO - Started process (PID=97) to work on /home/airflow/.local/lib/python3.12/site-packages/airflow/example_dags/example_bash_decorator.py
[2026-08-08T17:52:37.379+0000] {processor.py:914} INFO - Processing file /home/airflow/.local/lib/python3.12/site-packages/airflow/example_dags/example_bash_decorator.py for tasks to queue
[2026-08-08T17:52:37.382+0000] {logging_mixin.py:190} INFO - [2026-08-08T17:52:37.382+0000] {dagbag.py:587} INFO - Filling up the DagBag from /home/airflow/.local/lib/python3.12/site-packages/airflow/example_dags/example_bash_decorator.py
[2026-08-08T17:52:37.402+0000] {processor.py:925} INFO - DAG(s) 'example_bash_decorator' retrieved from /home/airflow/.local/lib/python3.12/site-packages/airflow/example_dags/example_bash_decorator.py
[2026-08-08T17:52:37.559+0000] {logging_mixin.py:190} INFO - [2026-08-08T17:52:37.558+0000] {dag.py:3211} INFO - Sync 1 DAGs
[2026-08-08T17:52:37.581+0000] {logging_mixin.py:190} INFO - [2026-08-08T17:52:37.581+0000] {dag.py:4138} INFO - Setting next_dagrun for example_bash_decorator to None, run_after=None
[2026-08-08T17:52:37.624+0000] {processor.py:208} INFO - Processing /home/airflow/.local/lib/python3.12/site-packages/airflow/example_dags/example_bash_decorator.py took 0.256 seconds
[2026-08-08T17:53:08.328+0000] {processor.py:186} INFO - Started process (PID=160) to work on /home/airflow/.local/lib/python3.12/site-packages/airflow/example_dags/example_bash_decorator.py
[2026-08-08T17:53:08.330+0000] {processor.py:914} INFO - Processing file /home/airflow/.local/lib/python3.12/site-packages/airflow/example_dags/example_bash_decorator.py for tasks to queue
[2026-08-08T17:53:08.333+0000] {logging_mixin.py:190} INFO - [2026-08-08T17:53:08.333+0000] {dagbag.py:587} INFO - Filling up the DagBag from /home/airflow/.local/lib/python3.12/site-packages/airflow/example_dags/example_bash_decorator.py
[2026-08-08T17:53:08.343+0000] {processor.py:925} INFO - DAG(s) 'example_bash_decorator' retrieved from /home/airflow/.local/lib/python3.12/site-packages/airflow/example_dags/example_bash_decorator.py
[2026-08-08T17:53:08.366+0000] {logging_mixin.py:190} INFO - [2026-08-08T17:53:08.366+0000] {dag.py:3211} INFO - Sync 1 DAGs
[2026-08-08T17:53:08.378+0000] {logging_mixin.py:190} INFO - [2026-08-08T17:53:08.378+0000] {dag.py:4138} INFO - Setting next_dagrun for example_bash_decorator to None, run_after=None
[2026-08-08T17:53:08.394+0000] {processor.py:208} INFO - Processing /home/airflow/.local/lib/python3.12/site-packages/airflow/example_dags/example_bash_decorator.py took 0.070 seconds
[2026-08-08T17:53:38.558+0000] {processor.py:186} INFO - Started process (PID=223) to work on /home/airflow/.local/lib/python3.12/site-packages/airflow/example_dags/example_bash_decorator.py
[2026-08-08T17:53:38.560+0000] {processor.py:914} INFO - Processing file /home/airflow/.local/lib/python3.12/site-packages/airflow/example_dags/example_bash_decorator.py for tasks to queue
[2026-08-08T17:53:38.562+0000] {logging_mixin.py:190} INFO - [2026-08-08T17:53:38.562+0000] {dagbag.py:587} INFO - Filling up the DagBag from /home/airflow/.local/lib/python3.12/site-packages/airflow/example_dags/example_bash_decorator.py
[2026-08-08T17:53:38.585+0000] {processor.py:925} INFO - DAG(s) 'example_bash_decorator' retrieved from /home/airflow/.local/lib/python3.12/site-packages/airflow/example_dags/example_bash_decorator.py
[2026-08-08T17:53:38.612+0000] {logging_mixin.py:190} INFO - [2026-08-08T17:53:38.612+0000] {dag.py:3211} INFO - Sync 1 DAGs
[2026-08-08T17:53:38.626+0000] {logging_mixin.py:190} INFO - [2026-08-08T17:53:38.626+0000] {dag.py:4138} INFO - Setting next_dagrun for example_bash_decorator to None, run_after=None
[2026-08-08T17:53:38.647+0000] {processor.py:208} INFO - Processing /home/airflow/.local/lib/python3.12/site-packages/airflow/example_dags/example_bash_decorator.py took 0.096 seconds
[2026-08-08T17:54:09.311+0000] {processor.py:186} INFO - Started process (PID=286) to work on /home/airflow/.local/lib/python3.12/site-packages/airflow/example_dags/example_bash_decorator.py
[2026-08-08T17:54:09.313+0000] {processor.py:914} INFO - Processing file /home/airflow/.local/lib/python3.12/site-packages/airflow/example_dags/example_bash_decorator.py for tasks to queue
[2026-08-08T17:54:09.318+0000] {logging_mixin.py:190} INFO - [2026-08-08T17:54:09.317+0000] {dagbag.py:587} INFO - Filling up the DagBag from /home/airflow/.local/lib/python3.12/site-packages/airflow/example_dags/example_bash_decorator.py
[2026-08-08T17:54:09.343+0000] {processor.py:925} INFO - DAG(s) 'example_bash_decorator' retrieved from /home/airflow/.local/lib/python3.12/site-packages/airflow/example_dags/example_bash_decorator.py
[2026-08-08T17:54:09.373+0000] {logging_mixin.py:190} INFO - [2026-08-08T17:54:09.373+0000] {dag.py:3211} INFO - Sync 1 DAGs
[2026-08-08T17:54:09.388+0000] {logging_mixin.py:190} INFO - [2026-08-08T17:54:09.388+0000] {dag.py:4138} INFO - Setting next_dagrun for example_bash_decorator to None, run_after=None
[2026-08-08T17:54:09.410+0000] {processor.py:208} INFO - Processing /home/airflow/.local/lib/python3.12/site-packages/airflow/example_dags/example_bash_decorator.py took 0.109 seconds
[2026-08-08T17:54:39.605+0000] {processor.py:186} INFO - Started process (PID=349) to work on /home/airflow/.local/lib/python3.12/site-packages/airflow/example_dags/example_bash_decorator.py
[2026-08-08T17:54:39.607+0000] {processor.py:914} INFO - Processing file /home/airflow/.local/lib/python3.12/site-packages/airflow/example_dags/example_bash_decorator.py for tasks to queue
[2026-08-08T17:54:39.609+0000] {logging_mixin.py:190} INFO - [2026-08-08T17:54:39.609+0000] {dagbag.py:587} INFO - Filling up the DagBag from /home/airflow/.local/lib/python3.12/site-packages/airflow/example_dags/example_bash_decorator.py
[2026-08-08T17:54:39.625+0000] {processor.py:925} INFO - DAG(s) 'example_bash_decorator' retrieved from /home/airflow/.local/lib/python3.12/site-packages/airflow/example_dags/example_bash_decorator.py
[2026-08-08T17:54:39.650+0000] {logging_mixin.py:190} INFO - [2026-08-08T17:54:39.649+0000] {dag.py:3211} INFO - Sync 1 DAGs
[2026-08-08T17:54:39.663+0000] {logging_mixin.py:190} INFO - [2026-08-08T17:54:39.663+0000] {dag.py:4138} INFO - Setting next_dagrun for example_bash_decorator to None, run_after=None
[2026-08-08T17:54:39.684+0000] {processor.py:208} INFO - Processing /home/airflow/.local/lib/python3.12/site-packages/airflow/example_dags/example_bash_decorator.py took 0.086 seconds
[2026-08-08T17:55:09.961+0000] {processor.py:186} INFO - Started process (PID=412) to work on /home/airflow/.local/lib/python3.12/site-packages/airflow/example_dags/example_bash_decorator.py
[2026-08-08T17:55:09.962+0000] {processor.py:914} INFO - Processing file /home/airflow/.local/lib/python3.12/site-packages/airflow/example_dags/example_bash_decorator.py for tasks to queue
[2026-08-08T17:55:09.965+0000] {logging_mixin.py:190} INFO - [2026-08-08T17:55:09.964+0000] {dagbag.py:587} INFO - Filling up the DagBag from /home/airflow/.local/lib/python3.12/site-packages/airflow/example_dags/example_bash_decorator.py
[2026-08-08T17:55:09.978+0000] {processor.py:925} INFO - DAG(s) 'example_bash_decorator' retrieved from /home/airflow/.local/lib/python3.12/site-packages/airflow/example_dags/example_bash_decorator.py
[2026-08-08T17:55:10.001+0000] {logging_mixin.py:190} INFO - [2026-08-08T17:55:10.001+0000] {dag.py:3211} INFO - Sync 1 DAGs
[2026-08-08T17:55:10.013+0000] {logging_mixin.py:190} INFO - [2026-08-08T17:55:10.013+0000] {dag.py:4138} INFO - Setting next_dagrun for example_bash_decorator to None, run_after=None
[2026-08-08T17:55:10.032+0000] {processor.py:208} INFO - Processing /home/airflow/.local/lib/python3.12/site-packages/airflow/example_dags/example_bash_decorator.py took 0.077 seconds
[2026-08-08T17:55:40.462+0000] {processor.py:186} INFO - Started process (PID=475) to work on /home/airflow/.local/lib/python3.12/site-packages/airflow/example_dags/example_bash_decorator.py
[2026-08-08T17:55:40.463+0000] {processor.py:914} INFO - Processing file /home/airflow/.local/lib/python3.12/site-packages/airflow/example_dags/example_bash_decorator.py for tasks to queue
[2026-08-08T17:55:40.466+0000] {logging_mixin.py:190} INFO - [2026-08-08T17:55:40.466+0000] {dagbag.py:587} INFO - Filling up the DagBag from /home/airflow/.local/lib/python3.12/site-packages/airflow/example_dags/example_bash_decorator.py
[2026-08-08T17:55:40.477+0000] {processor.py:925} INFO - DAG(s) 'example_bash_decorator' retrieved from /home/airflow/.local/lib/python3.12/site-packages/airflow/example_dags/example_bash_decorator.py
[2026-08-08T17:55:40.500+0000] {logging_mixin.py:190} INFO - [2026-08-08T17:55:40.500+0000] {dag.py:3211} INFO - Sync 1 DAGs
[2026-08-08T17:55:40.511+0000] {logging_mixin.py:190} INFO - [2026-08-08T17:55:40.511+0000] {dag.py:4138} INFO - Setting next_dagrun for example_bash_decorator to None, run_after=None
[2026-08-08T17:55:40.528+0000] {processor.py:208} INFO - Processing /home/airflow/.local/lib/python3.12/site-packages/airflow/example_dags/example_bash_decorator.py took 0.073 seconds
[2026-08-08T17:56:10.774+0000] {processor.py:186} INFO - Started process (PID=538) to work on /home/airflow/.local/lib/python3.12/site-packages/airflow/example_dags/example_bash_decorator.py
[2026-08-08T17:56:10.775+0000] {processor.py:914} INFO - Processing file /home/airflow/.local/lib/python3.12/site-packages/airflow/example_dags/example_bash_decorator.py for tasks to queue
[2026-08-08T17:56:10.777+0000] {logging_mixin.py:190} INFO - [2026-08-08T17:56:10.777+0000] {dagbag.py:587} INFO - Filling up the DagBag from /home/airflow/.local/lib/python3.12/site-packages/airflow/example_dags/example_bash_decorator.py
[2026-08-08T17:56:10.792+0000] {processor.py:925} INFO - DAG(s) 'example_bash_decorator' retrieved from /home/airflow/.local/lib/python3.12/site-packages/airflow/example_dags/example_bash_decorator.py
[2026-08-08T17:56:10.811+0000] {logging_mixin.py:190} INFO - [2026-08-08T17:56:10.811+0000] {dag.py:3211} INFO - Sync 1 DAGs
[2026-08-08T17:56:10.825+0000] {logging_mixin.py:190} INFO - [2026-08-08T17:56:10.825+0000] {dag.py:4138} INFO - Setting next_dagrun for example_bash_decorator to None, run_after=None
[2026-08-08T17:56:10.844+0000] {processor.py:208} INFO - Processing /home/airflow/.local/lib/python3.12/site-packages/airflow/example_dags/example_bash_decorator.py took 0.076 seconds
[2026-08-08T17:56:41.293+0000] {processor.py:186} INFO - Started process (PID=601) to work on /home/airflow/.local/lib/python3.12/site-packages/airflow/example_dags/example_bash_decorator.py
[2026-08-08T17:56:41.295+0000] {processor.py:914} INFO - Processing file /home/airflow/.local/lib/python3.12/site-packages/airflow/example_dags/example_bash_decorator.py for tasks to queue
[2026-08-08T17:56:41.298+0000] {logging_mixin.py:190} INFO - [2026-08-08T17:56:41.297+0000] {dagbag.py:587} INFO - Filling up the DagBag from /home/airflow/.local/lib/python3.12/site-packages/airflow/example_dags/example_bash_decorator.py
[2026-08-08T17:56:41.314+0000] {processor.py:925} INFO - DAG(s) 'example_bash_decorator' retrieved from /home/airflow/.local/lib/python3.12/site-packages/airflow/example_dags/example_bash_decorator.py
[2026-08-08T17:56:41.336+0000] {logging_mixin.py:190} INFO - [2026-08-08T17:56:41.336+0000] {dag.py:3211} INFO - Sync 1 DAGs
[2026-08-08T17:56:41.352+0000] {logging_mixin.py:190} INFO - [2026-08-08T17:56:41.352+0000] {dag.py:4138} INFO - Setting next_dagrun for example_bash_decorator to None, run_after=None
[2026-08-08T17:56:41.372+0000] {processor.py:208} INFO - Processing /home/airflow/.local/lib/python3.12/site-packages/airflow/example_dags/example_bash_decorator.py took 0.085 seconds
[2026-08-08T17:57:11.827+0000] {processor.py:186} INFO - Started process (PID=664) to work on /home/airflow/.local/lib/python3.12/site-packages/airflow/example_dags/example_bash_decorator.py
[2026-08-08T17:57:11.829+0000] {processor.py:914} INFO - Processing file /home/airflow/.local/lib/python3.12/site-packages/airflow/example_dags/example_bash_decorator.py for tasks to queue
[2026-08-08T17:57:11.832+0000] {logging_mixin.py:190} INFO - [2026-08-08T17:57:11.832+0000] {dagbag.py:587} INFO - Filling up the DagBag from /home/airflow/.local/lib/python3.12/site-packages/airflow/example_dags/example_bash_decorator.py
[2026-08-08T17:57:11.848+0000] {processor.py:925} INFO - DAG(s) 'example_bash_decorator' retrieved from /home/airflow/.local/lib/python3.12/site-packages/airflow/example_dags/example_bash_decorator.py
[2026-08-08T17:57:11.876+0000] {logging_mixin.py:190} INFO - [2026-08-08T17:57:11.875+0000] {dag.py:3211} INFO - Sync 1 DAGs
[2026-08-08T17:57:11.892+0000] {logging_mixin.py:190} INFO - [2026-08-08T17:57:11.892+0000] {dag.py:4138} INFO - Setting next_dagrun for example_bash_decorator to None, run_after=None
[2026-08-08T17:57:11.916+0000] {processor.py:208} INFO - Processing /home/airflow/.local/lib/python3.12/site-packages/airflow/example_dags/example_bash_decorator.py took 0.096 seconds
[2026-08-08T18:08:18.403+0000] {processor.py:186} INFO - Started process (PID=727) to work on /home/airflow/.local/lib/python3.12/site-packages/airflow/example_dags/example_bash_decorator.py
[2026-08-08T18:08:18.407+0000] {processor.py:914} INFO - Processing file /home/airflow/.local/lib/python3.12/site-packages/airflow/example_dags/example_bash_decorator.py for tasks to queue
[2026-08-08T18:08:18.413+0000] {logging_mixin.py:190} INFO - [2026-08-08T18:08:18.412+0000] {dagbag.py:587} INFO - Filling up the DagBag from /home/airflow/.local/lib/python3.12/site-packages/airflow/example_dags/example_bash_decorator.py
[2026-08-08T18:08:18.451+0000] {processor.py:925} INFO - DAG(s) 'example_bash_decorator' retrieved from /home/airflow/.local/lib/python3.12/site-packages/airflow/example_dags/example_bash_decorator.py
[2026-08-08T18:08:18.508+0000] {logging_mixin.py:190} INFO - [2026-08-08T18:08:18.507+0000] {dag.py:3211} INFO - Sync 1 DAGs
[2026-08-08T18:08:18.543+0000] {logging_mixin.py:190} INFO - [2026-08-08T18:08:18.543+0000] {dag.py:4138} INFO - Setting next_dagrun for example_bash_decorator to None, run_after=None
[2026-08-08T18:08:18.610+0000] {processor.py:208} INFO - Processing /home/airflow/.local/lib/python3.12/site-packages/airflow/example_dags/example_bash_decorator.py took 0.218 seconds
[2026-08-08T18:08:48.919+0000] {processor.py:186} INFO - Started process (PID=790) to work on /home/airflow/.local/lib/python3.12/site-packages/airflow/example_dags/example_bash_decorator.py
[2026-08-08T18:08:48.925+0000] {processor.py:914} INFO - Processing file /home/airflow/.local/lib/python3.12/site-packages/airflow/example_dags/example_bash_decorator.py for tasks to queue
[2026-08-08T18:08:48.933+0000] {logging_mixin.py:190} INFO - [2026-08-08T18:08:48.932+0000] {dagbag.py:587} INFO - Filling up the DagBag from /home/airflow/.local/lib/python3.12/site-packages/airflow/example_dags/example_bash_decorator.py
[2026-08-08T18:08:48.958+0000] {processor.py:925} INFO - DAG(s) 'example_bash_decorator' retrieved from /home/airflow/.local/lib/python3.12/site-packages/airflow/example_dags/example_bash_decorator.py
[2026-08-08T18:08:49.017+0000] {logging_mixin.py:190} INFO - [2026-08-08T18:08:49.016+0000] {dag.py:3211} INFO - Sync 1 DAGs
[2026-08-08T18:08:49.040+0000] {logging_mixin.py:190} INFO - [2026-08-08T18:08:49.039+0000] {dag.py:4138} INFO - Setting next_dagrun for example_bash_decorator to None, run_after=None
[2026-08-08T18:08:49.069+0000] {processor.py:208} INFO - Processing /home/airflow/.local/lib/python3.12/site-packages/airflow/example_dags/example_bash_decorator.py took 0.160 seconds
[2026-08-08T18:09:19.160+0000] {processor.py:186} INFO - Started process (PID=853) to work on /home/airflow/.local/lib/python3.12/site-packages/airflow/example_dags/example_bash_decorator.py
[2026-08-08T18:09:19.163+0000] {processor.py:914} INFO - Processing file /home/airflow/.local/lib/python3.12/site-packages/airflow/example_dags/example_bash_decorator.py for tasks to queue
[2026-08-08T18:09:19.167+0000] {logging_mixin.py:190} INFO - [2026-08-08T18:09:19.167+0000] {dagbag.py:587} INFO - Filling up the DagBag from /home/airflow/.local/lib/python3.12/site-packages/airflow/example_dags/example_bash_decorator.py
[2026-08-08T18:09:19.191+0000] {processor.py:925} INFO - DAG(s) 'example_bash_decorator' retrieved from /home/airflow/.local/lib/python3.12/site-packages/airflow/example_dags/example_bash_decorator.py
[2026-08-08T18:09:19.229+0000] {logging_mixin.py:190} INFO - [2026-08-08T18:09:19.229+0000] {dag.py:3211} INFO - Sync 1 DAGs
[2026-08-08T18:09:19.255+0000] {logging_mixin.py:190} INFO - [2026-08-08T18:09:19.254+0000] {dag.py:4138} INFO - Setting next_dagrun for example_bash_decorator to None, run_after=None
[2026-08-08T18:09:19.288+0000] {processor.py:208} INFO - Processing /home/airflow/.local/lib/python3.12/site-packages/airflow/example_dags/example_bash_decorator.py took 0.138 seconds
[2026-08-08T18:09:49.942+0000] {processor.py:186} INFO - Started process (PID=916) to work on /home/airflow/.local/lib/python3.12/site-packages/airflow/example_dags/example_bash_decorator.py
[2026-08-08T18:09:49.946+0000] {processor.py:914} INFO - Processing file /home/airflow/.local/lib/python3.12/site-packages/airflow/example_dags/example_bash_decorator.py for tasks to queue
[2026-08-08T18:09:49.950+0000] {logging_mixin.py:190} INFO - [2026-08-08T18:09:49.950+0000] {dagbag.py:587} INFO - Filling up the DagBag from /home/airflow/.local/lib/python3.12/site-packages/airflow/example_dags/example_bash_decorator.py
[2026-08-08T18:09:49.970+0000] {processor.py:925} INFO - DAG(s) 'example_bash_decorator' retrieved from /home/airflow/.local/lib/python3.12/site-packages/airflow/example_dags/example_bash_decorator.py
[2026-08-08T18:09:50.001+0000] {logging_mixin.py:190} INFO - [2026-08-08T18:09:50.000+0000] {dag.py:3211} INFO - Sync 1 DAGs
[2026-08-08T18:09:50.023+0000] {logging_mixin.py:190} INFO - [2026-08-08T18:09:50.022+0000] {dag.py:4138} INFO - Setting next_dagrun for example_bash_decorator to None, run_after=None
[2026-08-08T18:09:50.053+0000] {processor.py:208} INFO - Processing /home/airflow/.local/lib/python3.12/site-packages/airflow/example_dags/example_bash_decorator.py took 0.121 seconds
[2026-08-08T18:10:20.251+0000] {processor.py:186} INFO - Started process (PID=979) to work on /home/airflow/.local/lib/python3.12/site-packages/airflow/example_dags/example_bash_decorator.py
[2026-08-08T18:10:20.253+0000] {processor.py:914} INFO - Processing file /home/airflow/.local/lib/python3.12/site-packages/airflow/example_dags/example_bash_decorator.py for tasks to queue
[2026-08-08T18:10:20.257+0000] {logging_mixin.py:190} INFO - [2026-08-08T18:10:20.257+0000] {dagbag.py:587} INFO - Filling up the DagBag from /home/airflow/.local/lib/python3.12/site-packages/airflow/example_dags/example_bash_decorator.py
[2026-08-08T18:10:20.279+0000] {processor.py:925} INFO - DAG(s) 'example_bash_decorator' retrieved from /home/airflow/.local/lib/python3.12/site-packages/airflow/example_dags/example_bash_decorator.py
[2026-08-08T18:10:20.311+0000] {logging_mixin.py:190} INFO - [2026-08-08T18:10:20.311+0000] {dag.py:3211} INFO - Sync 1 DAGs
[2026-08-08T18:10:20.332+0000] {logging_mixin.py:190} INFO - [2026-08-08T18:10:20.331+0000] {dag.py:4138} INFO - Setting next_dagrun for example_bash_decorator to None, run_after=None
[2026-08-08T18:10:20.363+0000] {processor.py:208} INFO - Processing /home/airflow/.local/lib/python3.12/site-packages/airflow/example_dags/example_bash_decorator.py took 0.120 seconds
[2026-08-08T18:10:50.631+0000] {processor.py:186} INFO - Started process (PID=1042) to work on /home/airflow/.local/lib/python3.12/site-packages/airflow/example_dags/example_bash_decorator.py
[2026-08-08T18:10:50.633+0000] {processor.py:914} INFO - Processing file /home/airflow/.local/lib/python3.12/site-packages/airflow/example_dags/example_bash_decorator.py for tasks to queue
[2026-08-08T18:10:50.637+0000] {logging_mixin.py:190} INFO - [2026-08-08T18:10:50.637+0000] {dagbag.py:587} INFO - Filling up the DagBag from /home/airflow/.local/lib/python3.12/site-packages/airflow/example_dags/example_bash_decorator.py
[2026-08-08T18:10:50.661+0000] {processor.py:925} INFO - DAG(s) 'example_bash_decorator' retrieved from /home/airflow/.local/lib/python3.12/site-packages/airflow/example_dags/example_bash_decorator.py
[2026-08-08T18:10:50.698+0000] {logging_mixin.py:190} INFO - [2026-08-08T18:10:50.697+0000] {dag.py:3211} INFO - Sync 1 DAGs
[2026-08-08T18:10:50.715+0000] {logging_mixin.py:190} INFO - [2026-08-08T18:10:50.715+0000] {dag.py:4138} INFO - Setting next_dagrun for example_bash_decorator to None, run_after=None
[2026-08-08T18:10:50.750+0000] {processor.py:208} INFO - Processing /home/airflow/.local/lib/python3.12/site-packages/airflow/example_dags/example_bash_decorator.py took 0.127 seconds
[2026-08-08T18:11:21.712+0000] {processor.py:186} INFO - Started process (PID=1105) to work on /home/airflow/.local/lib/python3.12/site-packages/airflow/example_dags/example_bash_decorator.py
[2026-08-08T18:11:21.713+0000] {processor.py:914} INFO - Processing file /home/airflow/.local/lib/python3.12/site-packages/airflow/example_dags/example_bash_decorator.py for tasks to queue
[2026-08-08T18:11:21.717+0000] {logging_mixin.py:190} INFO - [2026-08-08T18:11:21.716+0000] {dagbag.py:587} INFO - Filling up the DagBag from /home/airflow/.local/lib/python3.12/site-packages/airflow/example_dags/example_bash_decorator.py
[2026-08-08T18:11:21.735+0000] {processor.py:925} INFO - DAG(s) 'example_bash_decorator' retrieved from /home/airflow/.local/lib/python3.12/site-packages/airflow/example_dags/example_bash_decorator.py
[2026-08-08T18:11:21.759+0000] {logging_mixin.py:190} INFO - [2026-08-08T18:11:21.759+0000] {dag.py:3211} INFO - Sync 1 DAGs
[2026-08-08T18:11:21.773+0000] {logging_mixin.py:190} INFO - [2026-08-08T18:11:21.773+0000] {dag.py:4138} INFO - Setting next_dagrun for example_bash_decorator to None, run_after=None
[2026-08-08T18:11:21.797+0000] {processor.py:208} INFO - Processing /home/airflow/.local/lib/python3.12/site-packages/airflow/example_dags/example_bash_decorator.py took 0.090 seconds
[2026-08-08T18:11:51.932+0000] {processor.py:186} INFO - Started process (PID=1168) to work on /home/airflow/.local/lib/python3.12/site-packages/airflow/example_dags/example_bash_decorator.py
[2026-08-08T18:11:51.934+0000] {processor.py:914} INFO - Processing file /home/airflow/.local/lib/python3.12/site-packages/airflow/example_dags/example_bash_decorator.py for tasks to queue
[2026-08-08T18:11:51.939+0000] {logging_mixin.py:190} INFO - [2026-08-08T18:11:51.938+0000] {dagbag.py:587} INFO - Filling up the DagBag from /home/airflow/.local/lib/python3.12/site-packages/airflow/example_dags/example_bash_decorator.py
[2026-08-08T18:11:51.963+0000] {processor.py:925} INFO - DAG(s) 'example_bash_decorator' retrieved from /home/airflow/.local/lib/python3.12/site-packages/airflow/example_dags/example_bash_decorator.py
[2026-08-08T18:11:51.999+0000] {logging_mixin.py:190} INFO - [2026-08-08T18:11:51.999+0000] {dag.py:3211} INFO - Sync 1 DAGs
[2026-08-08T18:11:52.021+0000] {logging_mixin.py:190} INFO - [2026-08-08T18:11:52.021+0000] {dag.py:4138} INFO - Setting next_dagrun for example_bash_decorator to None, run_after=None
[2026-08-08T18:11:52.049+0000] {processor.py:208} INFO - Processing /home/airflow/.local/lib/python3.12/site-packages/airflow/example_dags/example_bash_decorator.py took 0.132 seconds
[2026-08-08T18:13:07.691+0000] {processor.py:186} INFO - Started process (PID=103) to work on /home/airflow/.local/lib/python3.12/site-packages/airflow/example_dags/example_bash_decorator.py
[2026-08-08T18:13:07.693+0000] {processor.py:914} INFO - Processing file /home/airflow/.local/lib/python3.12/site-packages/airflow/example_dags/example_bash_decorator.py for tasks to queue
[2026-08-08T18:13:07.698+0000] {logging_mixin.py:190} INFO - [2026-08-08T18:13:07.697+0000] {dagbag.py:587} INFO - Filling up the DagBag from /home/airflow/.local/lib/python3.12/site-packages/airflow/example_dags/example_bash_decorator.py
[2026-08-08T18:13:07.719+0000] {processor.py:925} INFO - DAG(s) 'example_bash_decorator' retrieved from /home/airflow/.local/lib/python3.12/site-packages/airflow/example_dags/example_bash_decorator.py
[2026-08-08T18:13:07.876+0000] {logging_mixin.py:190} INFO - [2026-08-08T18:13:07.875+0000] {dag.py:3211} INFO - Sync 1 DAGs
[2026-08-08T18:13:07.893+0000] {logging_mixin.py:190} INFO - [2026-08-08T18:13:07.893+0000] {dag.py:4138} INFO - Setting next_dagrun for example_bash_decorator to None, run_after=None
[2026-08-08T18:13:07.922+0000] {processor.py:208} INFO - Processing /home/airflow/.local/lib/python3.12/site-packages/airflow/example_dags/example_bash_decorator.py took 0.242 seconds
[2026-08-08T18:13:38.028+0000] {processor.py:186} INFO - Started process (PID=166) to work on /home/airflow/.local/lib/python3.12/site-packages/airflow/example_dags/example_bash_decorator.py
[2026-08-08T18:13:38.029+0000] {processor.py:914} INFO - Processing file /home/airflow/.local/lib/python3.12/site-packages/airflow/example_dags/example_bash_decorator.py for tasks to queue
[2026-08-08T18:13:38.032+0000] {logging_mixin.py:190} INFO - [2026-08-08T18:13:38.031+0000] {dagbag.py:587} INFO - Filling up the DagBag from /home/airflow/.local/lib/python3.12/site-packages/airflow/example_dags/example_bash_decorator.py
[2026-08-08T18:13:38.048+0000] {processor.py:925} INFO - DAG(s) 'example_bash_decorator' retrieved from /home/airflow/.local/lib/python3.12/site-packages/airflow/example_dags/example_bash_decorator.py
[2026-08-08T18:13:38.073+0000] {logging_mixin.py:190} INFO - [2026-08-08T18:13:38.072+0000] {dag.py:3211} INFO - Sync 1 DAGs
[2026-08-08T18:13:38.087+0000] {logging_mixin.py:190} INFO - [2026-08-08T18:13:38.087+0000] {dag.py:4138} INFO - Setting next_dagrun for example_bash_decorator to None, run_after=None
[2026-08-08T18:13:38.106+0000] {processor.py:208} INFO - Processing /home/airflow/.local/lib/python3.12/site-packages/airflow/example_dags/example_bash_decorator.py took 0.086 seconds
[2026-08-08T18:14:08.634+0000] {processor.py:186} INFO - Started process (PID=229) to work on /home/airflow/.local/lib/python3.12/site-packages/airflow/example_dags/example_bash_decorator.py
[2026-08-08T18:14:08.636+0000] {processor.py:914} INFO - Processing file /home/airflow/.local/lib/python3.12/site-packages/airflow/example_dags/example_bash_decorator.py for tasks to queue
[2026-08-08T18:14:08.638+0000] {logging_mixin.py:190} INFO - [2026-08-08T18:14:08.638+0000] {dagbag.py:587} INFO - Filling up the DagBag from /home/airflow/.local/lib/python3.12/site-packages/airflow/example_dags/example_bash_decorator.py
[2026-08-08T18:14:08.655+0000] {processor.py:925} INFO - DAG(s) 'example_bash_decorator' retrieved from /home/airflow/.local/lib/python3.12/site-packages/airflow/example_dags/example_bash_decorator.py
[2026-08-08T18:14:08.684+0000] {logging_mixin.py:190} INFO - [2026-08-08T18:14:08.684+0000] {dag.py:3211} INFO - Sync 1 DAGs
[2026-08-08T18:14:08.703+0000] {logging_mixin.py:190} INFO - [2026-08-08T18:14:08.702+0000] {dag.py:4138} INFO - Setting next_dagrun for example_bash_decorator to None, run_after=None
[2026-08-08T18:14:08.729+0000] {processor.py:208} INFO - Processing /home/airflow/.local/lib/python3.12/site-packages/airflow/example_dags/example_bash_decorator.py took 0.102 seconds
[2026-08-08T18:14:38.970+0000] {processor.py:186} INFO - Started process (PID=292) to work on /home/airflow/.local/lib/python3.12/site-packages/airflow/example_dags/example_bash_decorator.py
[2026-08-08T18:14:38.971+0000] {processor.py:914} INFO - Processing file /home/airflow/.local/lib/python3.12/site-packages/airflow/example_dags/example_bash_decorator.py for tasks to queue
[2026-08-08T18:14:38.975+0000] {logging_mixin.py:190} INFO - [2026-08-08T18:14:38.974+0000] {dagbag.py:587} INFO - Filling up the DagBag from /home/airflow/.local/lib/python3.12/site-packages/airflow/example_dags/example_bash_decorator.py
[2026-08-08T18:14:38.993+0000] {processor.py:925} INFO - DAG(s) 'example_bash_decorator' retrieved from /home/airflow/.local/lib/python3.12/site-packages/airflow/example_dags/example_bash_decorator.py
[2026-08-08T18:14:39.042+0000] {logging_mixin.py:190} INFO - [2026-08-08T18:14:39.042+0000] {dag.py:3211} INFO - Sync 1 DAGs
[2026-08-08T18:14:39.061+0000] {logging_mixin.py:190} INFO - [2026-08-08T18:14:39.061+0000] {dag.py:4138} INFO - Setting next_dagrun for example_bash_decorator to None, run_after=None
[2026-08-08T18:14:39.088+0000] {processor.py:208} INFO - Processing /home/airflow/.local/lib/python3.12/site-packages/airflow/example_dags/example_bash_decorator.py took 0.124 seconds
[2026-08-08T18:15:10.559+0000] {processor.py:186} INFO - Started process (PID=355) to work on /home/airflow/.local/lib/python3.12/site-packages/airflow/example_dags/example_bash_decorator.py
[2026-08-08T18:15:10.561+0000] {processor.py:914} INFO - Processing file /home/airflow/.local/lib/python3.12/site-packages/airflow/example_dags/example_bash_decorator.py for tasks to queue
[2026-08-08T18:15:10.565+0000] {logging_mixin.py:190} INFO - [2026-08-08T18:15:10.565+0000] {dagbag.py:587} INFO - Filling up the DagBag from /home/airflow/.local/lib/python3.12/site-packages/airflow/example_dags/example_bash_decorator.py
[2026-08-08T18:15:10.590+0000] {processor.py:925} INFO - DAG(s) 'example_bash_decorator' retrieved from /home/airflow/.local/lib/python3.12/site-packages/airflow/example_dags/example_bash_decorator.py
[2026-08-08T18:15:10.626+0000] {logging_mixin.py:190} INFO - [2026-08-08T18:15:10.626+0000] {dag.py:3211} INFO - Sync 1 DAGs
[2026-08-08T18:15:10.646+0000] {logging_mixin.py:190} INFO - [2026-08-08T18:15:10.646+0000] {dag.py:4138} INFO - Setting next_dagrun for example_bash_decorator to None, run_after=None
[2026-08-08T18:15:10.678+0000] {processor.py:208} INFO - Processing /home/airflow/.local/lib/python3.12/site-packages/airflow/example_dags/example_bash_decorator.py took 0.127 seconds
[2026-08-08T18:15:40.806+0000] {processor.py:186} INFO - Started process (PID=418) to work on /home/airflow/.local/lib/python3.12/site-packages/airflow/example_dags/example_bash_decorator.py
[2026-08-08T18:15:40.807+0000] {processor.py:914} INFO - Processing file /home/airflow/.local/lib/python3.12/site-packages/airflow/example_dags/example_bash_decorator.py for tasks to queue
[2026-08-08T18:15:40.809+0000] {logging_mixin.py:190} INFO - [2026-08-08T18:15:40.809+0000] {dagbag.py:587} INFO - Filling up the DagBag from /home/airflow/.local/lib/python3.12/site-packages/airflow/example_dags/example_bash_decorator.py
[2026-08-08T18:15:40.824+0000] {processor.py:925} INFO - DAG(s) 'example_bash_decorator' retrieved from /home/airflow/.local/lib/python3.12/site-packages/airflow/example_dags/example_bash_decorator.py
[2026-08-08T18:15:40.846+0000] {logging_mixin.py:190} INFO - [2026-08-08T18:15:40.846+0000] {dag.py:3211} INFO - Sync 1 DAGs
[2026-08-08T18:15:40.860+0000] {logging_mixin.py:190} INFO - [2026-08-08T18:15:40.860+0000] {dag.py:4138} INFO - Setting next_dagrun for example_bash_decorator to None, run_after=None
[2026-08-08T18:15:40.879+0000] {processor.py:208} INFO - Processing /home/airflow/.local/lib/python3.12/site-packages/airflow/example_dags/example_bash_decorator.py took 0.080 seconds
[2026-08-08T18:17:12.662+0000] {processor.py:186} INFO - Started process (PID=116) to work on /home/airflow/.local/lib/python3.12/site-packages/airflow/example_dags/example_bash_decorator.py
[2026-08-08T18:17:12.664+0000] {processor.py:914} INFO - Processing file /home/airflow/.local/lib/python3.12/site-packages/airflow/example_dags/example_bash_decorator.py for tasks to queue
[2026-08-08T18:17:12.669+0000] {logging_mixin.py:190} INFO - [2026-08-08T18:17:12.668+0000] {dagbag.py:587} INFO - Filling up the DagBag from /home/airflow/.local/lib/python3.12/site-packages/airflow/example_dags/example_bash_decorator.py
[2026-08-08T18:17:12.691+0000] {processor.py:925} INFO - DAG(s) 'example_bash_decorator' retrieved from /home/airflow/.local/lib/python3.12/site-packages/airflow/example_dags/example_bash_decorator.py
[2026-08-08T18:17:12.838+0000] {logging_mixin.py:190} INFO - [2026-08-08T18:17:12.838+0000] {dag.py:3211} INFO - Sync 1 DAGs
[2026-08-08T18:17:12.853+0000] {logging_mixin.py:190} INFO - [2026-08-08T18:17:12.852+0000] {dag.py:4138} INFO - Setting next_dagrun for example_bash_decorator to None, run_after=None
[2026-08-08T18:17:12.885+0000] {processor.py:208} INFO - Processing /home/airflow/.local/lib/python3.12/site-packages/airflow/example_dags/example_bash_decorator.py took 0.234 seconds
[2026-08-08T18:17:43.162+0000] {processor.py:186} INFO - Started process (PID=179) to work on /home/airflow/.local/lib/python3.12/site-packages/airflow/example_dags/example_bash_decorator.py
[2026-08-08T18:17:43.163+0000] {processor.py:914} INFO - Processing file /home/airflow/.local/lib/python3.12/site-packages/airflow/example_dags/example_bash_decorator.py for tasks to queue
[2026-08-08T18:17:43.166+0000] {logging_mixin.py:190} INFO - [2026-08-08T18:17:43.165+0000] {dagbag.py:587} INFO - Filling up the DagBag from /home/airflow/.local/lib/python3.12/site-packages/airflow/example_dags/example_bash_decorator.py
[2026-08-08T18:17:43.181+0000] {processor.py:925} INFO - DAG(s) 'example_bash_decorator' retrieved from /home/airflow/.local/lib/python3.12/site-packages/airflow/example_dags/example_bash_decorator.py
[2026-08-08T18:17:43.204+0000] {logging_mixin.py:190} INFO - [2026-08-08T18:17:43.204+0000] {dag.py:3211} INFO - Sync 1 DAGs
[2026-08-08T18:17:43.219+0000] {logging_mixin.py:190} INFO - [2026-08-08T18:17:43.218+0000] {dag.py:4138} INFO - Setting next_dagrun for example_bash_decorator to None, run_after=None
[2026-08-08T18:17:43.238+0000] {processor.py:208} INFO - Processing /home/airflow/.local/lib/python3.12/site-packages/airflow/example_dags/example_bash_decorator.py took 0.082 seconds
[2026-08-08T18:18:13.996+0000] {processor.py:186} INFO - Started process (PID=242) to work on /home/airflow/.local/lib/python3.12/site-packages/airflow/example_dags/example_bash_decorator.py
[2026-08-08T18:18:13.997+0000] {processor.py:914} INFO - Processing file /home/airflow/.local/lib/python3.12/site-packages/airflow/example_dags/example_bash_decorator.py for tasks to queue
[2026-08-08T18:18:14.000+0000] {logging_mixin.py:190} INFO - [2026-08-08T18:18:14.000+0000] {dagbag.py:587} INFO - Filling up the DagBag from /home/airflow/.local/lib/python3.12/site-packages/airflow/example_dags/example_bash_decorator.py
[2026-08-08T18:18:14.017+0000] {processor.py:925} INFO - DAG(s) 'example_bash_decorator' retrieved from /home/airflow/.local/lib/python3.12/site-packages/airflow/example_dags/example_bash_decorator.py
[2026-08-08T18:18:14.043+0000] {logging_mixin.py:190} INFO - [2026-08-08T18:18:14.043+0000] {dag.py:3211} INFO - Sync 1 DAGs
[2026-08-08T18:18:14.058+0000] {logging_mixin.py:190} INFO - [2026-08-08T18:18:14.058+0000] {dag.py:4138} INFO - Setting next_dagrun for example_bash_decorator to None, run_after=None
[2026-08-08T18:18:14.087+0000] {processor.py:208} INFO - Processing /home/airflow/.local/lib/python3.12/site-packages/airflow/example_dags/example_bash_decorator.py took 0.100 seconds
[2026-08-08T18:18:44.569+0000] {processor.py:186} INFO - Started process (PID=306) to work on /home/airflow/.local/lib/python3.12/site-packages/airflow/example_dags/example_bash_decorator.py
[2026-08-08T18:18:44.571+0000] {processor.py:914} INFO - Processing file /home/airflow/.local/lib/python3.12/site-packages/airflow/example_dags/example_bash_decorator.py for tasks to queue
[2026-08-08T18:18:44.574+0000] {logging_mixin.py:190} INFO - [2026-08-08T18:18:44.574+0000] {dagbag.py:587} INFO - Filling up the DagBag from /home/airflow/.local/lib/python3.12/site-packages/airflow/example_dags/example_bash_decorator.py
[2026-08-08T18:18:44.590+0000] {processor.py:925} INFO - DAG(s) 'example_bash_decorator' retrieved from /home/airflow/.local/lib/python3.12/site-packages/airflow/example_dags/example_bash_decorator.py
[2026-08-08T18:18:44.618+0000] {logging_mixin.py:190} INFO - [2026-08-08T18:18:44.618+0000] {dag.py:3211} INFO - Sync 1 DAGs
[2026-08-08T18:18:44.634+0000] {logging_mixin.py:190} INFO - [2026-08-08T18:18:44.634+0000] {dag.py:4138} INFO - Setting next_dagrun for example_bash_decorator to None, run_after=None
[2026-08-08T18:18:44.658+0000] {processor.py:208} INFO - Processing /home/airflow/.local/lib/python3.12/site-packages/airflow/example_dags/example_bash_decorator.py took 0.095 seconds
[2026-08-08T18:19:15.472+0000] {processor.py:186} INFO - Started process (PID=369) to work on /home/airflow/.local/lib/python3.12/site-packages/airflow/example_dags/example_bash_decorator.py
[2026-08-08T18:19:15.474+0000] {processor.py:914} INFO - Processing file /home/airflow/.local/lib/python3.12/site-packages/airflow/example_dags/example_bash_decorator.py for tasks to queue
[2026-08-08T18:19:15.478+0000] {logging_mixin.py:190} INFO - [2026-08-08T18:19:15.478+0000] {dagbag.py:587} INFO - Filling up the DagBag from /home/airflow/.local/lib/python3.12/site-packages/airflow/example_dags/example_bash_decorator.py
[2026-08-08T18:19:15.498+0000] {processor.py:925} INFO - DAG(s) 'example_bash_decorator' retrieved from /home/airflow/.local/lib/python3.12/site-packages/airflow/example_dags/example_bash_decorator.py
[2026-08-08T18:19:15.526+0000] {logging_mixin.py:190} INFO - [2026-08-08T18:19:15.526+0000] {dag.py:3211} INFO - Sync 1 DAGs
[2026-08-08T18:19:15.541+0000] {logging_mixin.py:190} INFO - [2026-08-08T18:19:15.541+0000] {dag.py:4138} INFO - Setting next_dagrun for example_bash_decorator to None, run_after=None
[2026-08-08T18:19:15.575+0000] {processor.py:208} INFO - Processing /home/airflow/.local/lib/python3.12/site-packages/airflow/example_dags/example_bash_decorator.py took 0.112 seconds
[2026-08-08T18:24:01.706+0000] {processor.py:186} INFO - Started process (PID=431) to work on /home/airflow/.local/lib/python3.12/site-packages/airflow/example_dags/example_bash_decorator.py
[2026-08-08T18:24:01.708+0000] {processor.py:914} INFO - Processing file /home/airflow/.local/lib/python3.12/site-packages/airflow/example_dags/example_bash_decorator.py for tasks to queue
[2026-08-08T18:24:01.715+0000] {logging_mixin.py:190} INFO - [2026-08-08T18:24:01.714+0000] {dagbag.py:587} INFO - Filling up the DagBag from /home/airflow/.local/lib/python3.12/site-packages/airflow/example_dags/example_bash_decorator.py
[2026-08-08T18:24:01.738+0000] {processor.py:925} INFO - DAG(s) 'example_bash_decorator' retrieved from /home/airflow/.local/lib/python3.12/site-packages/airflow/example_dags/example_bash_decorator.py
[2026-08-08T18:24:01.781+0000] {logging_mixin.py:190} INFO - [2026-08-08T18:24:01.781+0000] {dag.py:3211} INFO - Sync 1 DAGs
[2026-08-08T18:24:01.806+0000] {logging_mixin.py:190} INFO - [2026-08-08T18:24:01.805+0000] {dag.py:4138} INFO - Setting next_dagrun for example_bash_decorator to None, run_after=None
[2026-08-08T18:24:01.846+0000] {processor.py:208} INFO - Processing /home/airflow/.local/lib/python3.12/site-packages/airflow/example_dags/example_bash_decorator.py took 0.146 seconds
[2026-08-08T18:24:32.068+0000] {processor.py:186} INFO - Started process (PID=494) to work on /home/airflow/.local/lib/python3.12/site-packages/airflow/example_dags/example_bash_decorator.py
[2026-08-08T18:24:32.069+0000] {processor.py:914} INFO - Processing file /home/airflow/.local/lib/python3.12/site-packages/airflow/example_dags/example_bash_decorator.py for tasks to queue
[2026-08-08T18:24:32.073+0000] {logging_mixin.py:190} INFO - [2026-08-08T18:24:32.072+0000] {dagbag.py:587} INFO - Filling up the DagBag from /home/airflow/.local/lib/python3.12/site-packages/airflow/example_dags/example_bash_decorator.py
[2026-08-08T18:24:32.089+0000] {processor.py:925} INFO - DAG(s) 'example_bash_decorator' retrieved from /home/airflow/.local/lib/python3.12/site-packages/airflow/example_dags/example_bash_decorator.py
[2026-08-08T18:24:32.117+0000] {logging_mixin.py:190} INFO - [2026-08-08T18:24:32.116+0000] {dag.py:3211} INFO - Sync 1 DAGs
[2026-08-08T18:24:32.131+0000] {logging_mixin.py:190} INFO - [2026-08-08T18:24:32.131+0000] {dag.py:4138} INFO - Setting next_dagrun for example_bash_decorator to None, run_after=None
[2026-08-08T18:24:32.150+0000] {processor.py:208} INFO - Processing /home/airflow/.local/lib/python3.12/site-packages/airflow/example_dags/example_bash_decorator.py took 0.089 seconds
[2026-08-08T18:25:02.613+0000] {processor.py:186} INFO - Started process (PID=557) to work on /home/airflow/.local/lib/python3.12/site-packages/airflow/example_dags/example_bash_decorator.py
[2026-08-08T18:25:02.615+0000] {processor.py:914} INFO - Processing file /home/airflow/.local/lib/python3.12/site-packages/airflow/example_dags/example_bash_decorator.py for tasks to queue
[2026-08-08T18:25:02.619+0000] {logging_mixin.py:190} INFO - [2026-08-08T18:25:02.618+0000] {dagbag.py:587} INFO - Filling up the DagBag from /home/airflow/.local/lib/python3.12/site-packages/airflow/example_dags/example_bash_decorator.py
[2026-08-08T18:25:02.641+0000] {processor.py:925} INFO - DAG(s) 'example_bash_decorator' retrieved from /home/airflow/.local/lib/python3.12/site-packages/airflow/example_dags/example_bash_decorator.py
[2026-08-08T18:25:02.679+0000] {logging_mixin.py:190} INFO - [2026-08-08T18:25:02.678+0000] {dag.py:3211} INFO - Sync 1 DAGs
[2026-08-08T18:25:02.703+0000] {logging_mixin.py:190} INFO - [2026-08-08T18:25:02.703+0000] {dag.py:4138} INFO - Setting next_dagrun for example_bash_decorator to None, run_after=None
[2026-08-08T18:25:02.725+0000] {processor.py:208} INFO - Processing /home/airflow/.local/lib/python3.12/site-packages/airflow/example_dags/example_bash_decorator.py took 0.120 seconds
[2026-08-08T18:25:33.179+0000] {processor.py:186} INFO - Started process (PID=620) to work on /home/airflow/.local/lib/python3.12/site-packages/airflow/example_dags/example_bash_decorator.py
[2026-08-08T18:25:33.181+0000] {processor.py:914} INFO - Processing file /home/airflow/.local/lib/python3.12/site-packages/airflow/example_dags/example_bash_decorator.py for tasks to queue
[2026-08-08T18:25:33.185+0000] {logging_mixin.py:190} INFO - [2026-08-08T18:25:33.185+0000] {dagbag.py:587} INFO - Filling up the DagBag from /home/airflow/.local/lib/python3.12/site-packages/airflow/example_dags/example_bash_decorator.py
[2026-08-08T18:25:33.205+0000] {processor.py:925} INFO - DAG(s) 'example_bash_decorator' retrieved from /home/airflow/.local/lib/python3.12/site-packages/airflow/example_dags/example_bash_decorator.py
[2026-08-08T18:25:33.233+0000] {logging_mixin.py:190} INFO - [2026-08-08T18:25:33.233+0000] {dag.py:3211} INFO - Sync 1 DAGs
[2026-08-08T18:25:33.246+0000] {logging_mixin.py:190} INFO - [2026-08-08T18:25:33.245+0000] {dag.py:4138} INFO - Setting next_dagrun for example_bash_decorator to None, run_after=None
[2026-08-08T18:25:33.263+0000] {processor.py:208} INFO - Processing /home/airflow/.local/lib/python3.12/site-packages/airflow/example_dags/example_bash_decorator.py took 0.094 seconds
[2026-08-08T18:26:03.918+0000] {processor.py:186} INFO - Started process (PID=684) to work on /home/airflow/.local/lib/python3.12/site-packages/airflow/example_dags/example_bash_decorator.py
[2026-08-08T18:26:03.921+0000] {processor.py:914} INFO - Processing file /home/airflow/.local/lib/python3.12/site-packages/airflow/example_dags/example_bash_decorator.py for tasks to queue
[2026-08-08T18:26:03.926+0000] {logging_mixin.py:190} INFO - [2026-08-08T18:26:03.926+0000] {dagbag.py:587} INFO - Filling up the DagBag from /home/airflow/.local/lib/python3.12/site-packages/airflow/example_dags/example_bash_decorator.py
[2026-08-08T18:26:03.940+0000] {processor.py:925} INFO - DAG(s) 'example_bash_decorator' retrieved from /home/airflow/.local/lib/python3.12/site-packages/airflow/example_dags/example_bash_decorator.py
[2026-08-08T18:26:03.963+0000] {logging_mixin.py:190} INFO - [2026-08-08T18:26:03.963+0000] {dag.py:3211} INFO - Sync 1 DAGs
[2026-08-08T18:26:03.975+0000] {logging_mixin.py:190} INFO - [2026-08-08T18:26:03.975+0000] {dag.py:4138} INFO - Setting next_dagrun for example_bash_decorator to None, run_after=None
[2026-08-08T18:26:03.995+0000] {processor.py:208} INFO - Processing /home/airflow/.local/lib/python3.12/site-packages/airflow/example_dags/example_bash_decorator.py took 0.083 seconds
[2026-08-08T18:26:34.702+0000] {processor.py:186} INFO - Started process (PID=747) to work on /home/airflow/.local/lib/python3.12/site-packages/airflow/example_dags/example_bash_decorator.py
[2026-08-08T18:26:34.704+0000] {processor.py:914} INFO - Processing file /home/airflow/.local/lib/python3.12/site-packages/airflow/example_dags/example_bash_decorator.py for tasks to queue
[2026-08-08T18:26:34.708+0000] {logging_mixin.py:190} INFO - [2026-08-08T18:26:34.707+0000] {dagbag.py:587} INFO - Filling up the DagBag from /home/airflow/.local/lib/python3.12/site-packages/airflow/example_dags/example_bash_decorator.py
[2026-08-08T18:26:34.729+0000] {processor.py:925} INFO - DAG(s) 'example_bash_decorator' retrieved from /home/airflow/.local/lib/python3.12/site-packages/airflow/example_dags/example_bash_decorator.py
[2026-08-08T18:26:34.757+0000] {logging_mixin.py:190} INFO - [2026-08-08T18:26:34.757+0000] {dag.py:3211} INFO - Sync 1 DAGs
[2026-08-08T18:26:34.772+0000] {logging_mixin.py:190} INFO - [2026-08-08T18:26:34.772+0000] {dag.py:4138} INFO - Setting next_dagrun for example_bash_decorator to None, run_after=None
[2026-08-08T18:26:34.796+0000] {processor.py:208} INFO - Processing /home/airflow/.local/lib/python3.12/site-packages/airflow/example_dags/example_bash_decorator.py took 0.102 seconds
