[2026-08-08T17:25:12.815+0000] {processor.py:186} INFO - Started process (PID=108) to work on /home/airflow/.local/lib/python3.12/site-packages/airflow/example_dags/example_latest_only.py
[2026-08-08T17:25:12.816+0000] {processor.py:914} INFO - Processing file /home/airflow/.local/lib/python3.12/site-packages/airflow/example_dags/example_latest_only.py for tasks to queue
[2026-08-08T17:25:12.819+0000] {logging_mixin.py:190} INFO - [2026-08-08T17:25:12.818+0000] {dagbag.py:587} INFO - Filling up the DagBag from /home/airflow/.local/lib/python3.12/site-packages/airflow/example_dags/example_latest_only.py
[2026-08-08T17:25:12.825+0000] {processor.py:925} INFO - DAG(s) 'latest_only' retrieved from /home/airflow/.local/lib/python3.12/site-packages/airflow/example_dags/example_latest_only.py
[2026-08-08T17:25:12.928+0000] {logging_mixin.py:190} INFO - [2026-08-08T17:25:12.928+0000] {override.py:1858} INFO - Created Permission View: can delete on DAG:latest_only
[2026-08-08T17:25:12.938+0000] {logging_mixin.py:190} INFO - [2026-08-08T17:25:12.938+0000] {override.py:1858} INFO - Created Permission View: can edit on DAG:latest_only
[2026-08-08T17:25:12.947+0000] {logging_mixin.py:190} INFO - [2026-08-08T17:25:12.946+0000] {override.py:1858} INFO - Created Permission View: can read on DAG:latest_only
[2026-08-08T17:25:12.948+0000] {logging_mixin.py:190} INFO - [2026-08-08T17:25:12.947+0000] {dag.py:3211} INFO - Sync 1 DAGs
[2026-08-08T17:25:12.960+0000] {logging_mixin.py:190} INFO - [2026-08-08T17:25:12.960+0000] {dag.py:3234} INFO - Creating ORM DAG for latest_only
[2026-08-08T17:25:12.968+0000] {logging_mixin.py:190} INFO - [2026-08-08T17:25:12.967+0000] {dag.py:4138} INFO - Setting next_dagrun for latest_only to 2026-08-08 12:00:00+00:00, run_after=2026-08-08 16:00:00+00:00
[2026-08-08T17:25:12.984+0000] {processor.py:208} INFO - Processing /home/airflow/.local/lib/python3.12/site-packages/airflow/example_dags/example_latest_only.py took 0.175 seconds
[2026-08-08T17:25:43.732+0000] {processor.py:186} INFO - Started process (PID=171) to work on /home/airflow/.local/lib/python3.12/site-packages/airflow/example_dags/example_latest_only.py
[2026-08-08T17:25:43.734+0000] {processor.py:914} INFO - Processing file /home/airflow/.local/lib/python3.12/site-packages/airflow/example_dags/example_latest_only.py for tasks to queue
[2026-08-08T17:25:43.738+0000] {logging_mixin.py:190} INFO - [2026-08-08T17:25:43.738+0000] {dagbag.py:587} INFO - Filling up the DagBag from /home/airflow/.local/lib/python3.12/site-packages/airflow/example_dags/example_latest_only.py
[2026-08-08T17:25:43.746+0000] {processor.py:925} INFO - DAG(s) 'latest_only' retrieved from /home/airflow/.local/lib/python3.12/site-packages/airflow/example_dags/example_latest_only.py
[2026-08-08T17:25:43.768+0000] {logging_mixin.py:190} INFO - [2026-08-08T17:25:43.767+0000] {dag.py:3211} INFO - Sync 1 DAGs
[2026-08-08T17:25:43.790+0000] {logging_mixin.py:190} INFO - [2026-08-08T17:25:43.789+0000] {dag.py:4138} INFO - Setting next_dagrun for latest_only to 2026-08-08 12:00:00+00:00, run_after=2026-08-08 16:00:00+00:00
[2026-08-08T17:25:43.813+0000] {processor.py:208} INFO - Processing /home/airflow/.local/lib/python3.12/site-packages/airflow/example_dags/example_latest_only.py took 0.087 seconds
[2026-08-08T17:26:14.322+0000] {processor.py:186} INFO - Started process (PID=234) to work on /home/airflow/.local/lib/python3.12/site-packages/airflow/example_dags/example_latest_only.py
[2026-08-08T17:26:14.323+0000] {processor.py:914} INFO - Processing file /home/airflow/.local/lib/python3.12/site-packages/airflow/example_dags/example_latest_only.py for tasks to queue
[2026-08-08T17:26:14.327+0000] {logging_mixin.py:190} INFO - [2026-08-08T17:26:14.326+0000] {dagbag.py:587} INFO - Filling up the DagBag from /home/airflow/.local/lib/python3.12/site-packages/airflow/example_dags/example_latest_only.py
[2026-08-08T17:26:14.336+0000] {processor.py:925} INFO - DAG(s) 'latest_only' retrieved from /home/airflow/.local/lib/python3.12/site-packages/airflow/example_dags/example_latest_only.py
[2026-08-08T17:26:14.360+0000] {logging_mixin.py:190} INFO - [2026-08-08T17:26:14.360+0000] {dag.py:3211} INFO - Sync 1 DAGs
[2026-08-08T17:26:14.390+0000] {logging_mixin.py:190} INFO - [2026-08-08T17:26:14.389+0000] {dag.py:4138} INFO - Setting next_dagrun for latest_only to 2026-08-08 12:00:00+00:00, run_after=2026-08-08 16:00:00+00:00
[2026-08-08T17:26:14.427+0000] {processor.py:208} INFO - Processing /home/airflow/.local/lib/python3.12/site-packages/airflow/example_dags/example_latest_only.py took 0.113 seconds
[2026-08-08T17:26:44.528+0000] {processor.py:186} INFO - Started process (PID=297) to work on /home/airflow/.local/lib/python3.12/site-packages/airflow/example_dags/example_latest_only.py
[2026-08-08T17:26:44.529+0000] {processor.py:914} INFO - Processing file /home/airflow/.local/lib/python3.12/site-packages/airflow/example_dags/example_latest_only.py for tasks to queue
[2026-08-08T17:26:44.532+0000] {logging_mixin.py:190} INFO - [2026-08-08T17:26:44.532+0000] {dagbag.py:587} INFO - Filling up the DagBag from /home/airflow/.local/lib/python3.12/site-packages/airflow/example_dags/example_latest_only.py
[2026-08-08T17:26:44.540+0000] {processor.py:925} INFO - DAG(s) 'latest_only' retrieved from /home/airflow/.local/lib/python3.12/site-packages/airflow/example_dags/example_latest_only.py
[2026-08-08T17:26:44.563+0000] {logging_mixin.py:190} INFO - [2026-08-08T17:26:44.563+0000] {dag.py:3211} INFO - Sync 1 DAGs
[2026-08-08T17:26:44.584+0000] {logging_mixin.py:190} INFO - [2026-08-08T17:26:44.584+0000] {dag.py:4138} INFO - Setting next_dagrun for latest_only to 2026-08-08 12:00:00+00:00, run_after=2026-08-08 16:00:00+00:00
[2026-08-08T17:26:44.603+0000] {processor.py:208} INFO - Processing /home/airflow/.local/lib/python3.12/site-packages/airflow/example_dags/example_latest_only.py took 0.080 seconds
[2026-08-08T17:27:14.798+0000] {processor.py:186} INFO - Started process (PID=360) to work on /home/airflow/.local/lib/python3.12/site-packages/airflow/example_dags/example_latest_only.py
[2026-08-08T17:27:14.799+0000] {processor.py:914} INFO - Processing file /home/airflow/.local/lib/python3.12/site-packages/airflow/example_dags/example_latest_only.py for tasks to queue
[2026-08-08T17:27:14.802+0000] {logging_mixin.py:190} INFO - [2026-08-08T17:27:14.802+0000] {dagbag.py:587} INFO - Filling up the DagBag from /home/airflow/.local/lib/python3.12/site-packages/airflow/example_dags/example_latest_only.py
[2026-08-08T17:27:14.809+0000] {processor.py:925} INFO - DAG(s) 'latest_only' retrieved from /home/airflow/.local/lib/python3.12/site-packages/airflow/example_dags/example_latest_only.py
[2026-08-08T17:27:14.829+0000] {logging_mixin.py:190} INFO - [2026-08-08T17:27:14.829+0000] {dag.py:3211} INFO - Sync 1 DAGs
[2026-08-08T17:27:14.847+0000] {logging_mixin.py:190} INFO - [2026-08-08T17:27:14.847+0000] {dag.py:4138} INFO - Setting next_dagrun for latest_only to 2026-08-08 12:00:00+00:00, run_after=2026-08-08 16:00:00+00:00
[2026-08-08T17:27:14.864+0000] {processor.py:208} INFO - Processing /home/airflow/.local/lib/python3.12/site-packages/airflow/example_dags/example_latest_only.py took 0.072 seconds
[2026-08-08T17:27:45.464+0000] {processor.py:186} INFO - Started process (PID=423) to work on /home/airflow/.local/lib/python3.12/site-packages/airflow/example_dags/example_latest_only.py
[2026-08-08T17:27:45.465+0000] {processor.py:914} INFO - Processing file /home/airflow/.local/lib/python3.12/site-packages/airflow/example_dags/example_latest_only.py for tasks to queue
[2026-08-08T17:27:45.467+0000] {logging_mixin.py:190} INFO - [2026-08-08T17:27:45.467+0000] {dagbag.py:587} INFO - Filling up the DagBag from /home/airflow/.local/lib/python3.12/site-packages/airflow/example_dags/example_latest_only.py
[2026-08-08T17:27:45.474+0000] {processor.py:925} INFO - DAG(s) 'latest_only' retrieved from /home/airflow/.local/lib/python3.12/site-packages/airflow/example_dags/example_latest_only.py
[2026-08-08T17:27:45.495+0000] {logging_mixin.py:190} INFO - [2026-08-08T17:27:45.495+0000] {dag.py:3211} INFO - Sync 1 DAGs
[2026-08-08T17:27:45.516+0000] {logging_mixin.py:190} INFO - [2026-08-08T17:27:45.516+0000] {dag.py:4138} INFO - Setting next_dagrun for latest_only to 2026-08-08 12:00:00+00:00, run_after=2026-08-08 16:00:00+00:00
[2026-08-08T17:27:45.537+0000] {processor.py:208} INFO - Processing /home/airflow/.local/lib/python3.12/site-packages/airflow/example_dags/example_latest_only.py took 0.078 seconds
[2026-08-08T17:28:15.839+0000] {processor.py:186} INFO - Started process (PID=486) to work on /home/airflow/.local/lib/python3.12/site-packages/airflow/example_dags/example_latest_only.py
[2026-08-08T17:28:15.841+0000] {processor.py:914} INFO - Processing file /home/airflow/.local/lib/python3.12/site-packages/airflow/example_dags/example_latest_only.py for tasks to queue
[2026-08-08T17:28:15.844+0000] {logging_mixin.py:190} INFO - [2026-08-08T17:28:15.843+0000] {dagbag.py:587} INFO - Filling up the DagBag from /home/airflow/.local/lib/python3.12/site-packages/airflow/example_dags/example_latest_only.py
[2026-08-08T17:28:15.850+0000] {processor.py:925} INFO - DAG(s) 'latest_only' retrieved from /home/airflow/.local/lib/python3.12/site-packages/airflow/example_dags/example_latest_only.py
[2026-08-08T17:28:15.867+0000] {logging_mixin.py:190} INFO - [2026-08-08T17:28:15.866+0000] {dag.py:3211} INFO - Sync 1 DAGs
[2026-08-08T17:28:15.884+0000] {logging_mixin.py:190} INFO - [2026-08-08T17:28:15.884+0000] {dag.py:4138} INFO - Setting next_dagrun for latest_only to 2026-08-08 12:00:00+00:00, run_after=2026-08-08 16:00:00+00:00
[2026-08-08T17:28:15.902+0000] {processor.py:208} INFO - Processing /home/airflow/.local/lib/python3.12/site-packages/airflow/example_dags/example_latest_only.py took 0.069 seconds
[2026-08-08T17:28:46.166+0000] {processor.py:186} INFO - Started process (PID=549) to work on /home/airflow/.local/lib/python3.12/site-packages/airflow/example_dags/example_latest_only.py
[2026-08-08T17:28:46.167+0000] {processor.py:914} INFO - Processing file /home/airflow/.local/lib/python3.12/site-packages/airflow/example_dags/example_latest_only.py for tasks to queue
[2026-08-08T17:28:46.170+0000] {logging_mixin.py:190} INFO - [2026-08-08T17:28:46.170+0000] {dagbag.py:587} INFO - Filling up the DagBag from /home/airflow/.local/lib/python3.12/site-packages/airflow/example_dags/example_latest_only.py
[2026-08-08T17:28:46.180+0000] {processor.py:925} INFO - DAG(s) 'latest_only' retrieved from /home/airflow/.local/lib/python3.12/site-packages/airflow/example_dags/example_latest_only.py
[2026-08-08T17:28:46.204+0000] {logging_mixin.py:190} INFO - [2026-08-08T17:28:46.204+0000] {dag.py:3211} INFO - Sync 1 DAGs
[2026-08-08T17:28:46.229+0000] {logging_mixin.py:190} INFO - [2026-08-08T17:28:46.229+0000] {dag.py:4138} INFO - Setting next_dagrun for latest_only to 2026-08-08 12:00:00+00:00, run_after=2026-08-08 16:00:00+00:00
[2026-08-08T17:28:46.251+0000] {processor.py:208} INFO - Processing /home/airflow/.local/lib/python3.12/site-packages/airflow/example_dags/example_latest_only.py took 0.091 seconds
[2026-08-08T17:29:17.253+0000] {processor.py:186} INFO - Started process (PID=612) to work on /home/airflow/.local/lib/python3.12/site-packages/airflow/example_dags/example_latest_only.py
[2026-08-08T17:29:17.254+0000] {processor.py:914} INFO - Processing file /home/airflow/.local/lib/python3.12/site-packages/airflow/example_dags/example_latest_only.py for tasks to queue
[2026-08-08T17:29:17.259+0000] {logging_mixin.py:190} INFO - [2026-08-08T17:29:17.258+0000] {dagbag.py:587} INFO - Filling up the DagBag from /home/airflow/.local/lib/python3.12/site-packages/airflow/example_dags/example_latest_only.py
[2026-08-08T17:29:17.268+0000] {processor.py:925} INFO - DAG(s) 'latest_only' retrieved from /home/airflow/.local/lib/python3.12/site-packages/airflow/example_dags/example_latest_only.py
[2026-08-08T17:29:17.296+0000] {logging_mixin.py:190} INFO - [2026-08-08T17:29:17.296+0000] {dag.py:3211} INFO - Sync 1 DAGs
[2026-08-08T17:29:17.321+0000] {logging_mixin.py:190} INFO - [2026-08-08T17:29:17.320+0000] {dag.py:4138} INFO - Setting next_dagrun for latest_only to 2026-08-08 12:00:00+00:00, run_after=2026-08-08 16:00:00+00:00
[2026-08-08T17:29:17.350+0000] {processor.py:208} INFO - Processing /home/airflow/.local/lib/python3.12/site-packages/airflow/example_dags/example_latest_only.py took 0.104 seconds
[2026-08-08T17:29:48.302+0000] {processor.py:186} INFO - Started process (PID=675) to work on /home/airflow/.local/lib/python3.12/site-packages/airflow/example_dags/example_latest_only.py
[2026-08-08T17:29:48.303+0000] {processor.py:914} INFO - Processing file /home/airflow/.local/lib/python3.12/site-packages/airflow/example_dags/example_latest_only.py for tasks to queue
[2026-08-08T17:29:48.306+0000] {logging_mixin.py:190} INFO - [2026-08-08T17:29:48.306+0000] {dagbag.py:587} INFO - Filling up the DagBag from /home/airflow/.local/lib/python3.12/site-packages/airflow/example_dags/example_latest_only.py
[2026-08-08T17:29:48.315+0000] {processor.py:925} INFO - DAG(s) 'latest_only' retrieved from /home/airflow/.local/lib/python3.12/site-packages/airflow/example_dags/example_latest_only.py
[2026-08-08T17:29:48.334+0000] {logging_mixin.py:190} INFO - [2026-08-08T17:29:48.334+0000] {dag.py:3211} INFO - Sync 1 DAGs
[2026-08-08T17:29:48.355+0000] {logging_mixin.py:190} INFO - [2026-08-08T17:29:48.355+0000] {dag.py:4138} INFO - Setting next_dagrun for latest_only to 2026-08-08 12:00:00+00:00, run_after=2026-08-08 16:00:00+00:00
[2026-08-08T17:29:48.376+0000] {processor.py:208} INFO - Processing /home/airflow/.local/lib/python3.12/site-packages/airflow/example_dags/example_latest_only.py took 0.080 seconds
[2026-08-08T17:30:19.120+0000] {processor.py:186} INFO - Started process (PID=738) to work on /home/airflow/.local/lib/python3.12/site-packages/airflow/example_dags/example_latest_only.py
[2026-08-08T17:30:19.122+0000] {processor.py:914} INFO - Processing file /home/airflow/.local/lib/python3.12/site-packages/airflow/example_dags/example_latest_only.py for tasks to queue
[2026-08-08T17:30:19.125+0000] {logging_mixin.py:190} INFO - [2026-08-08T17:30:19.125+0000] {dagbag.py:587} INFO - Filling up the DagBag from /home/airflow/.local/lib/python3.12/site-packages/airflow/example_dags/example_latest_only.py
[2026-08-08T17:30:19.134+0000] {processor.py:925} INFO - DAG(s) 'latest_only' retrieved from /home/airflow/.local/lib/python3.12/site-packages/airflow/example_dags/example_latest_only.py
[2026-08-08T17:30:19.159+0000] {logging_mixin.py:190} INFO - [2026-08-08T17:30:19.159+0000] {dag.py:3211} INFO - Sync 1 DAGs
[2026-08-08T17:30:19.183+0000] {logging_mixin.py:190} INFO - [2026-08-08T17:30:19.182+0000] {dag.py:4138} INFO - Setting next_dagrun for latest_only to 2026-08-08 12:00:00+00:00, run_after=2026-08-08 16:00:00+00:00
[2026-08-08T17:30:19.211+0000] {processor.py:208} INFO - Processing /home/airflow/.local/lib/python3.12/site-packages/airflow/example_dags/example_latest_only.py took 0.102 seconds
[2026-08-08T17:30:49.449+0000] {processor.py:186} INFO - Started process (PID=801) to work on /home/airflow/.local/lib/python3.12/site-packages/airflow/example_dags/example_latest_only.py
[2026-08-08T17:30:49.450+0000] {processor.py:914} INFO - Processing file /home/airflow/.local/lib/python3.12/site-packages/airflow/example_dags/example_latest_only.py for tasks to queue
[2026-08-08T17:30:49.454+0000] {logging_mixin.py:190} INFO - [2026-08-08T17:30:49.454+0000] {dagbag.py:587} INFO - Filling up the DagBag from /home/airflow/.local/lib/python3.12/site-packages/airflow/example_dags/example_latest_only.py
[2026-08-08T17:30:49.461+0000] {processor.py:925} INFO - DAG(s) 'latest_only' retrieved from /home/airflow/.local/lib/python3.12/site-packages/airflow/example_dags/example_latest_only.py
[2026-08-08T17:30:49.485+0000] {logging_mixin.py:190} INFO - [2026-08-08T17:30:49.485+0000] {dag.py:3211} INFO - Sync 1 DAGs
[2026-08-08T17:30:49.508+0000] {logging_mixin.py:190} INFO - [2026-08-08T17:30:49.508+0000] {dag.py:4138} INFO - Setting next_dagrun for latest_only to 2026-08-08 12:00:00+00:00, run_after=2026-08-08 16:00:00+00:00
[2026-08-08T17:30:49.531+0000] {processor.py:208} INFO - Processing /home/airflow/.local/lib/python3.12/site-packages/airflow/example_dags/example_latest_only.py took 0.089 seconds
[2026-08-08T17:31:20.046+0000] {processor.py:186} INFO - Started process (PID=864) to work on /home/airflow/.local/lib/python3.12/site-packages/airflow/example_dags/example_latest_only.py
[2026-08-08T17:31:20.048+0000] {processor.py:914} INFO - Processing file /home/airflow/.local/lib/python3.12/site-packages/airflow/example_dags/example_latest_only.py for tasks to queue
[2026-08-08T17:31:20.051+0000] {logging_mixin.py:190} INFO - [2026-08-08T17:31:20.050+0000] {dagbag.py:587} INFO - Filling up the DagBag from /home/airflow/.local/lib/python3.12/site-packages/airflow/example_dags/example_latest_only.py
[2026-08-08T17:31:20.058+0000] {processor.py:925} INFO - DAG(s) 'latest_only' retrieved from /home/airflow/.local/lib/python3.12/site-packages/airflow/example_dags/example_latest_only.py
[2026-08-08T17:31:20.084+0000] {logging_mixin.py:190} INFO - [2026-08-08T17:31:20.084+0000] {dag.py:3211} INFO - Sync 1 DAGs
[2026-08-08T17:31:20.113+0000] {logging_mixin.py:190} INFO - [2026-08-08T17:31:20.112+0000] {dag.py:4138} INFO - Setting next_dagrun for latest_only to 2026-08-08 12:00:00+00:00, run_after=2026-08-08 16:00:00+00:00
[2026-08-08T17:31:20.135+0000] {processor.py:208} INFO - Processing /home/airflow/.local/lib/python3.12/site-packages/airflow/example_dags/example_latest_only.py took 0.095 seconds
[2026-08-08T17:31:51.054+0000] {processor.py:186} INFO - Started process (PID=927) to work on /home/airflow/.local/lib/python3.12/site-packages/airflow/example_dags/example_latest_only.py
[2026-08-08T17:31:51.056+0000] {processor.py:914} INFO - Processing file /home/airflow/.local/lib/python3.12/site-packages/airflow/example_dags/example_latest_only.py for tasks to queue
[2026-08-08T17:31:51.059+0000] {logging_mixin.py:190} INFO - [2026-08-08T17:31:51.059+0000] {dagbag.py:587} INFO - Filling up the DagBag from /home/airflow/.local/lib/python3.12/site-packages/airflow/example_dags/example_latest_only.py
[2026-08-08T17:31:51.067+0000] {processor.py:925} INFO - DAG(s) 'latest_only' retrieved from /home/airflow/.local/lib/python3.12/site-packages/airflow/example_dags/example_latest_only.py
[2026-08-08T17:31:51.088+0000] {logging_mixin.py:190} INFO - [2026-08-08T17:31:51.088+0000] {dag.py:3211} INFO - Sync 1 DAGs
[2026-08-08T17:31:51.109+0000] {logging_mixin.py:190} INFO - [2026-08-08T17:31:51.108+0000] {dag.py:4138} INFO - Setting next_dagrun for latest_only to 2026-08-08 12:00:00+00:00, run_after=2026-08-08 16:00:00+00:00
[2026-08-08T17:31:51.131+0000] {processor.py:208} INFO - Processing /home/airflow/.local/lib/python3.12/site-packages/airflow/example_dags/example_latest_only.py took 0.084 seconds
[2026-08-08T17:32:22.044+0000] {processor.py:186} INFO - Started process (PID=990) to work on /home/airflow/.local/lib/python3.12/site-packages/airflow/example_dags/example_latest_only.py
[2026-08-08T17:32:22.048+0000] {processor.py:914} INFO - Processing file /home/airflow/.local/lib/python3.12/site-packages/airflow/example_dags/example_latest_only.py for tasks to queue
[2026-08-08T17:32:22.054+0000] {logging_mixin.py:190} INFO - [2026-08-08T17:32:22.053+0000] {dagbag.py:587} INFO - Filling up the DagBag from /home/airflow/.local/lib/python3.12/site-packages/airflow/example_dags/example_latest_only.py
[2026-08-08T17:32:22.068+0000] {processor.py:925} INFO - DAG(s) 'latest_only' retrieved from /home/airflow/.local/lib/python3.12/site-packages/airflow/example_dags/example_latest_only.py
[2026-08-08T17:32:22.106+0000] {logging_mixin.py:190} INFO - [2026-08-08T17:32:22.105+0000] {dag.py:3211} INFO - Sync 1 DAGs
[2026-08-08T17:32:22.145+0000] {logging_mixin.py:190} INFO - [2026-08-08T17:32:22.144+0000] {dag.py:4138} INFO - Setting next_dagrun for latest_only to 2026-08-08 12:00:00+00:00, run_after=2026-08-08 16:00:00+00:00
[2026-08-08T17:32:22.178+0000] {processor.py:208} INFO - Processing /home/airflow/.local/lib/python3.12/site-packages/airflow/example_dags/example_latest_only.py took 0.145 seconds
[2026-08-08T17:32:52.571+0000] {processor.py:186} INFO - Started process (PID=1054) to work on /home/airflow/.local/lib/python3.12/site-packages/airflow/example_dags/example_latest_only.py
[2026-08-08T17:32:52.573+0000] {processor.py:914} INFO - Processing file /home/airflow/.local/lib/python3.12/site-packages/airflow/example_dags/example_latest_only.py for tasks to queue
[2026-08-08T17:32:52.576+0000] {logging_mixin.py:190} INFO - [2026-08-08T17:32:52.576+0000] {dagbag.py:587} INFO - Filling up the DagBag from /home/airflow/.local/lib/python3.12/site-packages/airflow/example_dags/example_latest_only.py
[2026-08-08T17:32:52.586+0000] {processor.py:925} INFO - DAG(s) 'latest_only' retrieved from /home/airflow/.local/lib/python3.12/site-packages/airflow/example_dags/example_latest_only.py
[2026-08-08T17:32:52.606+0000] {logging_mixin.py:190} INFO - [2026-08-08T17:32:52.606+0000] {dag.py:3211} INFO - Sync 1 DAGs
[2026-08-08T17:32:52.629+0000] {logging_mixin.py:190} INFO - [2026-08-08T17:32:52.628+0000] {dag.py:4138} INFO - Setting next_dagrun for latest_only to 2026-08-08 12:00:00+00:00, run_after=2026-08-08 16:00:00+00:00
[2026-08-08T17:32:52.653+0000] {processor.py:208} INFO - Processing /home/airflow/.local/lib/python3.12/site-packages/airflow/example_dags/example_latest_only.py took 0.090 seconds
[2026-08-08T17:33:23.292+0000] {processor.py:186} INFO - Started process (PID=1117) to work on /home/airflow/.local/lib/python3.12/site-packages/airflow/example_dags/example_latest_only.py
[2026-08-08T17:33:23.294+0000] {processor.py:914} INFO - Processing file /home/airflow/.local/lib/python3.12/site-packages/airflow/example_dags/example_latest_only.py for tasks to queue
[2026-08-08T17:33:23.297+0000] {logging_mixin.py:190} INFO - [2026-08-08T17:33:23.296+0000] {dagbag.py:587} INFO - Filling up the DagBag from /home/airflow/.local/lib/python3.12/site-packages/airflow/example_dags/example_latest_only.py
[2026-08-08T17:33:23.304+0000] {processor.py:925} INFO - DAG(s) 'latest_only' retrieved from /home/airflow/.local/lib/python3.12/site-packages/airflow/example_dags/example_latest_only.py
[2026-08-08T17:33:23.324+0000] {logging_mixin.py:190} INFO - [2026-08-08T17:33:23.324+0000] {dag.py:3211} INFO - Sync 1 DAGs
[2026-08-08T17:33:23.344+0000] {logging_mixin.py:190} INFO - [2026-08-08T17:33:23.344+0000] {dag.py:4138} INFO - Setting next_dagrun for latest_only to 2026-08-08 12:00:00+00:00, run_after=2026-08-08 16:00:00+00:00
[2026-08-08T17:33:23.364+0000] {processor.py:208} INFO - Processing /home/airflow/.local/lib/python3.12/site-packages/airflow/example_dags/example_latest_only.py took 0.076 seconds
[2026-08-08T17:33:53.567+0000] {processor.py:186} INFO - Started process (PID=1180) to work on /home/airflow/.local/lib/python3.12/site-packages/airflow/example_dags/example_latest_only.py
[2026-08-08T17:33:53.568+0000] {processor.py:914} INFO - Processing file /home/airflow/.local/lib/python3.12/site-packages/airflow/example_dags/example_latest_only.py for tasks to queue
[2026-08-08T17:33:53.572+0000] {logging_mixin.py:190} INFO - [2026-08-08T17:33:53.571+0000] {dagbag.py:587} INFO - Filling up the DagBag from /home/airflow/.local/lib/python3.12/site-packages/airflow/example_dags/example_latest_only.py
[2026-08-08T17:33:53.579+0000] {processor.py:925} INFO - DAG(s) 'latest_only' retrieved from /home/airflow/.local/lib/python3.12/site-packages/airflow/example_dags/example_latest_only.py
[2026-08-08T17:33:53.597+0000] {logging_mixin.py:190} INFO - [2026-08-08T17:33:53.597+0000] {dag.py:3211} INFO - Sync 1 DAGs
[2026-08-08T17:33:53.615+0000] {logging_mixin.py:190} INFO - [2026-08-08T17:33:53.615+0000] {dag.py:4138} INFO - Setting next_dagrun for latest_only to 2026-08-08 12:00:00+00:00, run_after=2026-08-08 16:00:00+00:00
[2026-08-08T17:33:53.637+0000] {processor.py:208} INFO - Processing /home/airflow/.local/lib/python3.12/site-packages/airflow/example_dags/example_latest_only.py took 0.075 seconds
[2026-08-08T17:34:23.814+0000] {processor.py:186} INFO - Started process (PID=1243) to work on /home/airflow/.local/lib/python3.12/site-packages/airflow/example_dags/example_latest_only.py
[2026-08-08T17:34:23.815+0000] {processor.py:914} INFO - Processing file /home/airflow/.local/lib/python3.12/site-packages/airflow/example_dags/example_latest_only.py for tasks to queue
[2026-08-08T17:34:23.818+0000] {logging_mixin.py:190} INFO - [2026-08-08T17:34:23.817+0000] {dagbag.py:587} INFO - Filling up the DagBag from /home/airflow/.local/lib/python3.12/site-packages/airflow/example_dags/example_latest_only.py
[2026-08-08T17:34:23.823+0000] {processor.py:925} INFO - DAG(s) 'latest_only' retrieved from /home/airflow/.local/lib/python3.12/site-packages/airflow/example_dags/example_latest_only.py
[2026-08-08T17:34:23.844+0000] {logging_mixin.py:190} INFO - [2026-08-08T17:34:23.844+0000] {dag.py:3211} INFO - Sync 1 DAGs
[2026-08-08T17:34:23.864+0000] {logging_mixin.py:190} INFO - [2026-08-08T17:34:23.864+0000] {dag.py:4138} INFO - Setting next_dagrun for latest_only to 2026-08-08 12:00:00+00:00, run_after=2026-08-08 16:00:00+00:00
[2026-08-08T17:34:23.886+0000] {processor.py:208} INFO - Processing /home/airflow/.local/lib/python3.12/site-packages/airflow/example_dags/example_latest_only.py took 0.077 seconds
[2026-08-08T17:34:54.715+0000] {processor.py:186} INFO - Started process (PID=1306) to work on /home/airflow/.local/lib/python3.12/site-packages/airflow/example_dags/example_latest_only.py
[2026-08-08T17:34:54.717+0000] {processor.py:914} INFO - Processing file /home/airflow/.local/lib/python3.12/site-packages/airflow/example_dags/example_latest_only.py for tasks to queue
[2026-08-08T17:34:54.720+0000] {logging_mixin.py:190} INFO - [2026-08-08T17:34:54.720+0000] {dagbag.py:587} INFO - Filling up the DagBag from /home/airflow/.local/lib/python3.12/site-packages/airflow/example_dags/example_latest_only.py
[2026-08-08T17:34:54.726+0000] {processor.py:925} INFO - DAG(s) 'latest_only' retrieved from /home/airflow/.local/lib/python3.12/site-packages/airflow/example_dags/example_latest_only.py
[2026-08-08T17:34:54.749+0000] {logging_mixin.py:190} INFO - [2026-08-08T17:34:54.749+0000] {dag.py:3211} INFO - Sync 1 DAGs
[2026-08-08T17:34:54.772+0000] {logging_mixin.py:190} INFO - [2026-08-08T17:34:54.772+0000] {dag.py:4138} INFO - Setting next_dagrun for latest_only to 2026-08-08 12:00:00+00:00, run_after=2026-08-08 16:00:00+00:00
[2026-08-08T17:34:54.792+0000] {processor.py:208} INFO - Processing /home/airflow/.local/lib/python3.12/site-packages/airflow/example_dags/example_latest_only.py took 0.082 seconds
[2026-08-08T17:35:25.304+0000] {processor.py:186} INFO - Started process (PID=1369) to work on /home/airflow/.local/lib/python3.12/site-packages/airflow/example_dags/example_latest_only.py
[2026-08-08T17:35:25.306+0000] {processor.py:914} INFO - Processing file /home/airflow/.local/lib/python3.12/site-packages/airflow/example_dags/example_latest_only.py for tasks to queue
[2026-08-08T17:35:25.308+0000] {logging_mixin.py:190} INFO - [2026-08-08T17:35:25.308+0000] {dagbag.py:587} INFO - Filling up the DagBag from /home/airflow/.local/lib/python3.12/site-packages/airflow/example_dags/example_latest_only.py
[2026-08-08T17:35:25.315+0000] {processor.py:925} INFO - DAG(s) 'latest_only' retrieved from /home/airflow/.local/lib/python3.12/site-packages/airflow/example_dags/example_latest_only.py
[2026-08-08T17:35:25.335+0000] {logging_mixin.py:190} INFO - [2026-08-08T17:35:25.335+0000] {dag.py:3211} INFO - Sync 1 DAGs
[2026-08-08T17:35:25.354+0000] {logging_mixin.py:190} INFO - [2026-08-08T17:35:25.353+0000] {dag.py:4138} INFO - Setting next_dagrun for latest_only to 2026-08-08 12:00:00+00:00, run_after=2026-08-08 16:00:00+00:00
[2026-08-08T17:35:25.374+0000] {processor.py:208} INFO - Processing /home/airflow/.local/lib/python3.12/site-packages/airflow/example_dags/example_latest_only.py took 0.074 seconds
[2026-08-08T17:35:55.727+0000] {processor.py:186} INFO - Started process (PID=1432) to work on /home/airflow/.local/lib/python3.12/site-packages/airflow/example_dags/example_latest_only.py
[2026-08-08T17:35:55.729+0000] {processor.py:914} INFO - Processing file /home/airflow/.local/lib/python3.12/site-packages/airflow/example_dags/example_latest_only.py for tasks to queue
[2026-08-08T17:35:55.732+0000] {logging_mixin.py:190} INFO - [2026-08-08T17:35:55.731+0000] {dagbag.py:587} INFO - Filling up the DagBag from /home/airflow/.local/lib/python3.12/site-packages/airflow/example_dags/example_latest_only.py
[2026-08-08T17:35:55.739+0000] {processor.py:925} INFO - DAG(s) 'latest_only' retrieved from /home/airflow/.local/lib/python3.12/site-packages/airflow/example_dags/example_latest_only.py
[2026-08-08T17:35:55.759+0000] {logging_mixin.py:190} INFO - [2026-08-08T17:35:55.759+0000] {dag.py:3211} INFO - Sync 1 DAGs
[2026-08-08T17:35:55.778+0000] {logging_mixin.py:190} INFO - [2026-08-08T17:35:55.778+0000] {dag.py:4138} INFO - Setting next_dagrun for latest_only to 2026-08-08 12:00:00+00:00, run_after=2026-08-08 16:00:00+00:00
[2026-08-08T17:35:55.798+0000] {processor.py:208} INFO - Processing /home/airflow/.local/lib/python3.12/site-packages/airflow/example_dags/example_latest_only.py took 0.076 seconds
[2026-08-08T17:36:26.125+0000] {processor.py:186} INFO - Started process (PID=1495) to work on /home/airflow/.local/lib/python3.12/site-packages/airflow/example_dags/example_latest_only.py
[2026-08-08T17:36:26.127+0000] {processor.py:914} INFO - Processing file /home/airflow/.local/lib/python3.12/site-packages/airflow/example_dags/example_latest_only.py for tasks to queue
[2026-08-08T17:36:26.129+0000] {logging_mixin.py:190} INFO - [2026-08-08T17:36:26.129+0000] {dagbag.py:587} INFO - Filling up the DagBag from /home/airflow/.local/lib/python3.12/site-packages/airflow/example_dags/example_latest_only.py
[2026-08-08T17:36:26.138+0000] {processor.py:925} INFO - DAG(s) 'latest_only' retrieved from /home/airflow/.local/lib/python3.12/site-packages/airflow/example_dags/example_latest_only.py
[2026-08-08T17:36:26.157+0000] {logging_mixin.py:190} INFO - [2026-08-08T17:36:26.156+0000] {dag.py:3211} INFO - Sync 1 DAGs
[2026-08-08T17:36:26.177+0000] {logging_mixin.py:190} INFO - [2026-08-08T17:36:26.177+0000] {dag.py:4138} INFO - Setting next_dagrun for latest_only to 2026-08-08 12:00:00+00:00, run_after=2026-08-08 16:00:00+00:00
[2026-08-08T17:36:26.196+0000] {processor.py:208} INFO - Processing /home/airflow/.local/lib/python3.12/site-packages/airflow/example_dags/example_latest_only.py took 0.078 seconds
[2026-08-08T17:38:16.815+0000] {processor.py:186} INFO - Started process (PID=96) to work on /home/airflow/.local/lib/python3.12/site-packages/airflow/example_dags/example_latest_only.py
[2026-08-08T17:38:16.817+0000] {processor.py:914} INFO - Processing file /home/airflow/.local/lib/python3.12/site-packages/airflow/example_dags/example_latest_only.py for tasks to queue
[2026-08-08T17:38:16.820+0000] {logging_mixin.py:190} INFO - [2026-08-08T17:38:16.820+0000] {dagbag.py:587} INFO - Filling up the DagBag from /home/airflow/.local/lib/python3.12/site-packages/airflow/example_dags/example_latest_only.py
[2026-08-08T17:38:16.828+0000] {processor.py:925} INFO - DAG(s) 'latest_only' retrieved from /home/airflow/.local/lib/python3.12/site-packages/airflow/example_dags/example_latest_only.py
[2026-08-08T17:38:16.853+0000] {logging_mixin.py:190} INFO - [2026-08-08T17:38:16.852+0000] {dag.py:3211} INFO - Sync 1 DAGs
[2026-08-08T17:38:16.874+0000] {logging_mixin.py:190} INFO - [2026-08-08T17:38:16.874+0000] {dag.py:4138} INFO - Setting next_dagrun for latest_only to 2026-08-08 12:00:00+00:00, run_after=2026-08-08 16:00:00+00:00
[2026-08-08T17:38:16.896+0000] {processor.py:208} INFO - Processing /home/airflow/.local/lib/python3.12/site-packages/airflow/example_dags/example_latest_only.py took 0.087 seconds
[2026-08-08T17:38:47.859+0000] {processor.py:186} INFO - Started process (PID=159) to work on /home/airflow/.local/lib/python3.12/site-packages/airflow/example_dags/example_latest_only.py
[2026-08-08T17:38:47.863+0000] {processor.py:914} INFO - Processing file /home/airflow/.local/lib/python3.12/site-packages/airflow/example_dags/example_latest_only.py for tasks to queue
[2026-08-08T17:38:47.868+0000] {logging_mixin.py:190} INFO - [2026-08-08T17:38:47.867+0000] {dagbag.py:587} INFO - Filling up the DagBag from /home/airflow/.local/lib/python3.12/site-packages/airflow/example_dags/example_latest_only.py
[2026-08-08T17:38:47.882+0000] {processor.py:925} INFO - DAG(s) 'latest_only' retrieved from /home/airflow/.local/lib/python3.12/site-packages/airflow/example_dags/example_latest_only.py
[2026-08-08T17:38:47.918+0000] {logging_mixin.py:190} INFO - [2026-08-08T17:38:47.917+0000] {dag.py:3211} INFO - Sync 1 DAGs
[2026-08-08T17:38:47.947+0000] {logging_mixin.py:190} INFO - [2026-08-08T17:38:47.947+0000] {dag.py:4138} INFO - Setting next_dagrun for latest_only to 2026-08-08 12:00:00+00:00, run_after=2026-08-08 16:00:00+00:00
[2026-08-08T17:38:47.976+0000] {processor.py:208} INFO - Processing /home/airflow/.local/lib/python3.12/site-packages/airflow/example_dags/example_latest_only.py took 0.125 seconds
[2026-08-08T17:39:18.827+0000] {processor.py:186} INFO - Started process (PID=222) to work on /home/airflow/.local/lib/python3.12/site-packages/airflow/example_dags/example_latest_only.py
[2026-08-08T17:39:18.829+0000] {processor.py:914} INFO - Processing file /home/airflow/.local/lib/python3.12/site-packages/airflow/example_dags/example_latest_only.py for tasks to queue
[2026-08-08T17:39:18.833+0000] {logging_mixin.py:190} INFO - [2026-08-08T17:39:18.832+0000] {dagbag.py:587} INFO - Filling up the DagBag from /home/airflow/.local/lib/python3.12/site-packages/airflow/example_dags/example_latest_only.py
[2026-08-08T17:39:18.841+0000] {processor.py:925} INFO - DAG(s) 'latest_only' retrieved from /home/airflow/.local/lib/python3.12/site-packages/airflow/example_dags/example_latest_only.py
[2026-08-08T17:39:18.865+0000] {logging_mixin.py:190} INFO - [2026-08-08T17:39:18.864+0000] {dag.py:3211} INFO - Sync 1 DAGs
[2026-08-08T17:39:18.891+0000] {logging_mixin.py:190} INFO - [2026-08-08T17:39:18.891+0000] {dag.py:4138} INFO - Setting next_dagrun for latest_only to 2026-08-08 12:00:00+00:00, run_after=2026-08-08 16:00:00+00:00
[2026-08-08T17:39:18.913+0000] {processor.py:208} INFO - Processing /home/airflow/.local/lib/python3.12/site-packages/airflow/example_dags/example_latest_only.py took 0.092 seconds
[2026-08-08T17:39:49.128+0000] {processor.py:186} INFO - Started process (PID=285) to work on /home/airflow/.local/lib/python3.12/site-packages/airflow/example_dags/example_latest_only.py
[2026-08-08T17:39:49.130+0000] {processor.py:914} INFO - Processing file /home/airflow/.local/lib/python3.12/site-packages/airflow/example_dags/example_latest_only.py for tasks to queue
[2026-08-08T17:39:49.132+0000] {logging_mixin.py:190} INFO - [2026-08-08T17:39:49.132+0000] {dagbag.py:587} INFO - Filling up the DagBag from /home/airflow/.local/lib/python3.12/site-packages/airflow/example_dags/example_latest_only.py
[2026-08-08T17:39:49.140+0000] {processor.py:925} INFO - DAG(s) 'latest_only' retrieved from /home/airflow/.local/lib/python3.12/site-packages/airflow/example_dags/example_latest_only.py
[2026-08-08T17:39:49.160+0000] {logging_mixin.py:190} INFO - [2026-08-08T17:39:49.160+0000] {dag.py:3211} INFO - Sync 1 DAGs
[2026-08-08T17:39:49.178+0000] {logging_mixin.py:190} INFO - [2026-08-08T17:39:49.178+0000] {dag.py:4138} INFO - Setting next_dagrun for latest_only to 2026-08-08 12:00:00+00:00, run_after=2026-08-08 16:00:00+00:00
[2026-08-08T17:39:49.199+0000] {processor.py:208} INFO - Processing /home/airflow/.local/lib/python3.12/site-packages/airflow/example_dags/example_latest_only.py took 0.075 seconds
[2026-08-08T17:42:40.971+0000] {processor.py:186} INFO - Started process (PID=108) to work on /home/airflow/.local/lib/python3.12/site-packages/airflow/example_dags/example_latest_only.py
[2026-08-08T17:42:40.972+0000] {processor.py:914} INFO - Processing file /home/airflow/.local/lib/python3.12/site-packages/airflow/example_dags/example_latest_only.py for tasks to queue
[2026-08-08T17:42:40.976+0000] {logging_mixin.py:190} INFO - [2026-08-08T17:42:40.975+0000] {dagbag.py:587} INFO - Filling up the DagBag from /home/airflow/.local/lib/python3.12/site-packages/airflow/example_dags/example_latest_only.py
[2026-08-08T17:42:40.984+0000] {processor.py:925} INFO - DAG(s) 'latest_only' retrieved from /home/airflow/.local/lib/python3.12/site-packages/airflow/example_dags/example_latest_only.py
[2026-08-08T17:42:41.011+0000] {logging_mixin.py:190} INFO - [2026-08-08T17:42:41.011+0000] {dag.py:3211} INFO - Sync 1 DAGs
[2026-08-08T17:42:41.035+0000] {logging_mixin.py:190} INFO - [2026-08-08T17:42:41.035+0000] {dag.py:4138} INFO - Setting next_dagrun for latest_only to 2026-08-08 12:00:00+00:00, run_after=2026-08-08 16:00:00+00:00
[2026-08-08T17:42:41.054+0000] {processor.py:208} INFO - Processing /home/airflow/.local/lib/python3.12/site-packages/airflow/example_dags/example_latest_only.py took 0.088 seconds
[2026-08-08T17:43:11.515+0000] {processor.py:186} INFO - Started process (PID=171) to work on /home/airflow/.local/lib/python3.12/site-packages/airflow/example_dags/example_latest_only.py
[2026-08-08T17:43:11.519+0000] {processor.py:914} INFO - Processing file /home/airflow/.local/lib/python3.12/site-packages/airflow/example_dags/example_latest_only.py for tasks to queue
[2026-08-08T17:43:11.523+0000] {logging_mixin.py:190} INFO - [2026-08-08T17:43:11.522+0000] {dagbag.py:587} INFO - Filling up the DagBag from /home/airflow/.local/lib/python3.12/site-packages/airflow/example_dags/example_latest_only.py
[2026-08-08T17:43:11.533+0000] {processor.py:925} INFO - DAG(s) 'latest_only' retrieved from /home/airflow/.local/lib/python3.12/site-packages/airflow/example_dags/example_latest_only.py
[2026-08-08T17:43:11.559+0000] {logging_mixin.py:190} INFO - [2026-08-08T17:43:11.559+0000] {dag.py:3211} INFO - Sync 1 DAGs
[2026-08-08T17:43:11.587+0000] {logging_mixin.py:190} INFO - [2026-08-08T17:43:11.587+0000] {dag.py:4138} INFO - Setting next_dagrun for latest_only to 2026-08-08 12:00:00+00:00, run_after=2026-08-08 16:00:00+00:00
[2026-08-08T17:43:11.608+0000] {processor.py:208} INFO - Processing /home/airflow/.local/lib/python3.12/site-packages/airflow/example_dags/example_latest_only.py took 0.100 seconds
[2026-08-08T17:43:43.079+0000] {processor.py:186} INFO - Started process (PID=234) to work on /home/airflow/.local/lib/python3.12/site-packages/airflow/example_dags/example_latest_only.py
[2026-08-08T17:43:43.082+0000] {processor.py:914} INFO - Processing file /home/airflow/.local/lib/python3.12/site-packages/airflow/example_dags/example_latest_only.py for tasks to queue
[2026-08-08T17:43:43.085+0000] {logging_mixin.py:190} INFO - [2026-08-08T17:43:43.085+0000] {dagbag.py:587} INFO - Filling up the DagBag from /home/airflow/.local/lib/python3.12/site-packages/airflow/example_dags/example_latest_only.py
[2026-08-08T17:43:43.095+0000] {processor.py:925} INFO - DAG(s) 'latest_only' retrieved from /home/airflow/.local/lib/python3.12/site-packages/airflow/example_dags/example_latest_only.py
[2026-08-08T17:43:43.118+0000] {logging_mixin.py:190} INFO - [2026-08-08T17:43:43.118+0000] {dag.py:3211} INFO - Sync 1 DAGs
[2026-08-08T17:43:43.141+0000] {logging_mixin.py:190} INFO - [2026-08-08T17:43:43.141+0000] {dag.py:4138} INFO - Setting next_dagrun for latest_only to 2026-08-08 12:00:00+00:00, run_after=2026-08-08 16:00:00+00:00
[2026-08-08T17:43:43.164+0000] {processor.py:208} INFO - Processing /home/airflow/.local/lib/python3.12/site-packages/airflow/example_dags/example_latest_only.py took 0.091 seconds
[2026-08-08T17:44:13.684+0000] {processor.py:186} INFO - Started process (PID=297) to work on /home/airflow/.local/lib/python3.12/site-packages/airflow/example_dags/example_latest_only.py
[2026-08-08T17:44:13.686+0000] {processor.py:914} INFO - Processing file /home/airflow/.local/lib/python3.12/site-packages/airflow/example_dags/example_latest_only.py for tasks to queue
[2026-08-08T17:44:13.689+0000] {logging_mixin.py:190} INFO - [2026-08-08T17:44:13.688+0000] {dagbag.py:587} INFO - Filling up the DagBag from /home/airflow/.local/lib/python3.12/site-packages/airflow/example_dags/example_latest_only.py
[2026-08-08T17:44:13.696+0000] {processor.py:925} INFO - DAG(s) 'latest_only' retrieved from /home/airflow/.local/lib/python3.12/site-packages/airflow/example_dags/example_latest_only.py
[2026-08-08T17:44:13.720+0000] {logging_mixin.py:190} INFO - [2026-08-08T17:44:13.720+0000] {dag.py:3211} INFO - Sync 1 DAGs
[2026-08-08T17:44:13.746+0000] {logging_mixin.py:190} INFO - [2026-08-08T17:44:13.746+0000] {dag.py:4138} INFO - Setting next_dagrun for latest_only to 2026-08-08 12:00:00+00:00, run_after=2026-08-08 16:00:00+00:00
[2026-08-08T17:44:13.776+0000] {processor.py:208} INFO - Processing /home/airflow/.local/lib/python3.12/site-packages/airflow/example_dags/example_latest_only.py took 0.098 seconds
[2026-08-08T17:44:44.423+0000] {processor.py:186} INFO - Started process (PID=360) to work on /home/airflow/.local/lib/python3.12/site-packages/airflow/example_dags/example_latest_only.py
[2026-08-08T17:44:44.425+0000] {processor.py:914} INFO - Processing file /home/airflow/.local/lib/python3.12/site-packages/airflow/example_dags/example_latest_only.py for tasks to queue
[2026-08-08T17:44:44.427+0000] {logging_mixin.py:190} INFO - [2026-08-08T17:44:44.427+0000] {dagbag.py:587} INFO - Filling up the DagBag from /home/airflow/.local/lib/python3.12/site-packages/airflow/example_dags/example_latest_only.py
[2026-08-08T17:44:44.434+0000] {processor.py:925} INFO - DAG(s) 'latest_only' retrieved from /home/airflow/.local/lib/python3.12/site-packages/airflow/example_dags/example_latest_only.py
[2026-08-08T17:44:44.456+0000] {logging_mixin.py:190} INFO - [2026-08-08T17:44:44.456+0000] {dag.py:3211} INFO - Sync 1 DAGs
[2026-08-08T17:44:44.472+0000] {logging_mixin.py:190} INFO - [2026-08-08T17:44:44.472+0000] {dag.py:4138} INFO - Setting next_dagrun for latest_only to 2026-08-08 12:00:00+00:00, run_after=2026-08-08 16:00:00+00:00
[2026-08-08T17:44:44.491+0000] {processor.py:208} INFO - Processing /home/airflow/.local/lib/python3.12/site-packages/airflow/example_dags/example_latest_only.py took 0.072 seconds
[2026-08-08T17:45:14.791+0000] {processor.py:186} INFO - Started process (PID=423) to work on /home/airflow/.local/lib/python3.12/site-packages/airflow/example_dags/example_latest_only.py
[2026-08-08T17:45:14.793+0000] {processor.py:914} INFO - Processing file /home/airflow/.local/lib/python3.12/site-packages/airflow/example_dags/example_latest_only.py for tasks to queue
[2026-08-08T17:45:14.798+0000] {logging_mixin.py:190} INFO - [2026-08-08T17:45:14.797+0000] {dagbag.py:587} INFO - Filling up the DagBag from /home/airflow/.local/lib/python3.12/site-packages/airflow/example_dags/example_latest_only.py
[2026-08-08T17:45:14.809+0000] {processor.py:925} INFO - DAG(s) 'latest_only' retrieved from /home/airflow/.local/lib/python3.12/site-packages/airflow/example_dags/example_latest_only.py
[2026-08-08T17:45:14.839+0000] {logging_mixin.py:190} INFO - [2026-08-08T17:45:14.839+0000] {dag.py:3211} INFO - Sync 1 DAGs
[2026-08-08T17:45:14.863+0000] {logging_mixin.py:190} INFO - [2026-08-08T17:45:14.863+0000] {dag.py:4138} INFO - Setting next_dagrun for latest_only to 2026-08-08 12:00:00+00:00, run_after=2026-08-08 16:00:00+00:00
[2026-08-08T17:45:14.883+0000] {processor.py:208} INFO - Processing /home/airflow/.local/lib/python3.12/site-packages/airflow/example_dags/example_latest_only.py took 0.097 seconds
[2026-08-08T17:45:45.080+0000] {processor.py:186} INFO - Started process (PID=486) to work on /home/airflow/.local/lib/python3.12/site-packages/airflow/example_dags/example_latest_only.py
[2026-08-08T17:45:45.081+0000] {processor.py:914} INFO - Processing file /home/airflow/.local/lib/python3.12/site-packages/airflow/example_dags/example_latest_only.py for tasks to queue
[2026-08-08T17:45:45.084+0000] {logging_mixin.py:190} INFO - [2026-08-08T17:45:45.084+0000] {dagbag.py:587} INFO - Filling up the DagBag from /home/airflow/.local/lib/python3.12/site-packages/airflow/example_dags/example_latest_only.py
[2026-08-08T17:45:45.090+0000] {processor.py:925} INFO - DAG(s) 'latest_only' retrieved from /home/airflow/.local/lib/python3.12/site-packages/airflow/example_dags/example_latest_only.py
[2026-08-08T17:45:45.106+0000] {logging_mixin.py:190} INFO - [2026-08-08T17:45:45.105+0000] {dag.py:3211} INFO - Sync 1 DAGs
[2026-08-08T17:45:45.123+0000] {logging_mixin.py:190} INFO - [2026-08-08T17:45:45.123+0000] {dag.py:4138} INFO - Setting next_dagrun for latest_only to 2026-08-08 12:00:00+00:00, run_after=2026-08-08 16:00:00+00:00
[2026-08-08T17:45:45.138+0000] {processor.py:208} INFO - Processing /home/airflow/.local/lib/python3.12/site-packages/airflow/example_dags/example_latest_only.py took 0.063 seconds
[2026-08-08T17:47:14.827+0000] {processor.py:186} INFO - Started process (PID=109) to work on /home/airflow/.local/lib/python3.12/site-packages/airflow/example_dags/example_latest_only.py
[2026-08-08T17:47:14.828+0000] {processor.py:914} INFO - Processing file /home/airflow/.local/lib/python3.12/site-packages/airflow/example_dags/example_latest_only.py for tasks to queue
[2026-08-08T17:47:14.832+0000] {logging_mixin.py:190} INFO - [2026-08-08T17:47:14.832+0000] {dagbag.py:587} INFO - Filling up the DagBag from /home/airflow/.local/lib/python3.12/site-packages/airflow/example_dags/example_latest_only.py
[2026-08-08T17:47:14.841+0000] {processor.py:925} INFO - DAG(s) 'latest_only' retrieved from /home/airflow/.local/lib/python3.12/site-packages/airflow/example_dags/example_latest_only.py
[2026-08-08T17:47:14.865+0000] {logging_mixin.py:190} INFO - [2026-08-08T17:47:14.865+0000] {dag.py:3211} INFO - Sync 1 DAGs
[2026-08-08T17:47:14.887+0000] {logging_mixin.py:190} INFO - [2026-08-08T17:47:14.887+0000] {dag.py:4138} INFO - Setting next_dagrun for latest_only to 2026-08-08 12:00:00+00:00, run_after=2026-08-08 16:00:00+00:00
[2026-08-08T17:47:14.908+0000] {processor.py:208} INFO - Processing /home/airflow/.local/lib/python3.12/site-packages/airflow/example_dags/example_latest_only.py took 0.086 seconds
[2026-08-08T17:47:45.712+0000] {processor.py:186} INFO - Started process (PID=172) to work on /home/airflow/.local/lib/python3.12/site-packages/airflow/example_dags/example_latest_only.py
[2026-08-08T17:47:45.714+0000] {processor.py:914} INFO - Processing file /home/airflow/.local/lib/python3.12/site-packages/airflow/example_dags/example_latest_only.py for tasks to queue
[2026-08-08T17:47:45.717+0000] {logging_mixin.py:190} INFO - [2026-08-08T17:47:45.716+0000] {dagbag.py:587} INFO - Filling up the DagBag from /home/airflow/.local/lib/python3.12/site-packages/airflow/example_dags/example_latest_only.py
[2026-08-08T17:47:45.724+0000] {processor.py:925} INFO - DAG(s) 'latest_only' retrieved from /home/airflow/.local/lib/python3.12/site-packages/airflow/example_dags/example_latest_only.py
[2026-08-08T17:47:45.744+0000] {logging_mixin.py:190} INFO - [2026-08-08T17:47:45.744+0000] {dag.py:3211} INFO - Sync 1 DAGs
[2026-08-08T17:47:45.768+0000] {logging_mixin.py:190} INFO - [2026-08-08T17:47:45.768+0000] {dag.py:4138} INFO - Setting next_dagrun for latest_only to 2026-08-08 12:00:00+00:00, run_after=2026-08-08 16:00:00+00:00
[2026-08-08T17:47:45.788+0000] {processor.py:208} INFO - Processing /home/airflow/.local/lib/python3.12/site-packages/airflow/example_dags/example_latest_only.py took 0.080 seconds
[2026-08-08T17:48:17.145+0000] {processor.py:186} INFO - Started process (PID=241) to work on /home/airflow/.local/lib/python3.12/site-packages/airflow/example_dags/example_latest_only.py
[2026-08-08T17:48:17.147+0000] {processor.py:914} INFO - Processing file /home/airflow/.local/lib/python3.12/site-packages/airflow/example_dags/example_latest_only.py for tasks to queue
[2026-08-08T17:48:17.150+0000] {logging_mixin.py:190} INFO - [2026-08-08T17:48:17.149+0000] {dagbag.py:587} INFO - Filling up the DagBag from /home/airflow/.local/lib/python3.12/site-packages/airflow/example_dags/example_latest_only.py
[2026-08-08T17:48:17.157+0000] {processor.py:925} INFO - DAG(s) 'latest_only' retrieved from /home/airflow/.local/lib/python3.12/site-packages/airflow/example_dags/example_latest_only.py
[2026-08-08T17:48:17.180+0000] {logging_mixin.py:190} INFO - [2026-08-08T17:48:17.179+0000] {dag.py:3211} INFO - Sync 1 DAGs
[2026-08-08T17:48:17.200+0000] {logging_mixin.py:190} INFO - [2026-08-08T17:48:17.200+0000] {dag.py:4138} INFO - Setting next_dagrun for latest_only to 2026-08-08 12:00:00+00:00, run_after=2026-08-08 16:00:00+00:00
[2026-08-08T17:48:17.223+0000] {processor.py:208} INFO - Processing /home/airflow/.local/lib/python3.12/site-packages/airflow/example_dags/example_latest_only.py took 0.083 seconds
[2026-08-08T17:48:47.608+0000] {processor.py:186} INFO - Started process (PID=304) to work on /home/airflow/.local/lib/python3.12/site-packages/airflow/example_dags/example_latest_only.py
[2026-08-08T17:48:47.609+0000] {processor.py:914} INFO - Processing file /home/airflow/.local/lib/python3.12/site-packages/airflow/example_dags/example_latest_only.py for tasks to queue
[2026-08-08T17:48:47.612+0000] {logging_mixin.py:190} INFO - [2026-08-08T17:48:47.612+0000] {dagbag.py:587} INFO - Filling up the DagBag from /home/airflow/.local/lib/python3.12/site-packages/airflow/example_dags/example_latest_only.py
[2026-08-08T17:48:47.620+0000] {processor.py:925} INFO - DAG(s) 'latest_only' retrieved from /home/airflow/.local/lib/python3.12/site-packages/airflow/example_dags/example_latest_only.py
[2026-08-08T17:48:47.645+0000] {logging_mixin.py:190} INFO - [2026-08-08T17:48:47.644+0000] {dag.py:3211} INFO - Sync 1 DAGs
[2026-08-08T17:48:47.670+0000] {logging_mixin.py:190} INFO - [2026-08-08T17:48:47.670+0000] {dag.py:4138} INFO - Setting next_dagrun for latest_only to 2026-08-08 12:00:00+00:00, run_after=2026-08-08 16:00:00+00:00
[2026-08-08T17:48:47.694+0000] {processor.py:208} INFO - Processing /home/airflow/.local/lib/python3.12/site-packages/airflow/example_dags/example_latest_only.py took 0.092 seconds
[2026-08-08T17:52:38.640+0000] {processor.py:186} INFO - Started process (PID=108) to work on /home/airflow/.local/lib/python3.12/site-packages/airflow/example_dags/example_latest_only.py
[2026-08-08T17:52:38.644+0000] {processor.py:914} INFO - Processing file /home/airflow/.local/lib/python3.12/site-packages/airflow/example_dags/example_latest_only.py for tasks to queue
[2026-08-08T17:52:38.650+0000] {logging_mixin.py:190} INFO - [2026-08-08T17:52:38.650+0000] {dagbag.py:587} INFO - Filling up the DagBag from /home/airflow/.local/lib/python3.12/site-packages/airflow/example_dags/example_latest_only.py
[2026-08-08T17:52:38.665+0000] {processor.py:925} INFO - DAG(s) 'latest_only' retrieved from /home/airflow/.local/lib/python3.12/site-packages/airflow/example_dags/example_latest_only.py
[2026-08-08T17:52:38.700+0000] {logging_mixin.py:190} INFO - [2026-08-08T17:52:38.699+0000] {dag.py:3211} INFO - Sync 1 DAGs
[2026-08-08T17:52:38.731+0000] {logging_mixin.py:190} INFO - [2026-08-08T17:52:38.731+0000] {dag.py:4138} INFO - Setting next_dagrun for latest_only to 2026-08-08 12:00:00+00:00, run_after=2026-08-08 16:00:00+00:00
[2026-08-08T17:52:38.759+0000] {processor.py:208} INFO - Processing /home/airflow/.local/lib/python3.12/site-packages/airflow/example_dags/example_latest_only.py took 0.130 seconds
[2026-08-08T17:53:09.278+0000] {processor.py:186} INFO - Started process (PID=171) to work on /home/airflow/.local/lib/python3.12/site-packages/airflow/example_dags/example_latest_only.py
[2026-08-08T17:53:09.279+0000] {processor.py:914} INFO - Processing file /home/airflow/.local/lib/python3.12/site-packages/airflow/example_dags/example_latest_only.py for tasks to queue
[2026-08-08T17:53:09.282+0000] {logging_mixin.py:190} INFO - [2026-08-08T17:53:09.282+0000] {dagbag.py:587} INFO - Filling up the DagBag from /home/airflow/.local/lib/python3.12/site-packages/airflow/example_dags/example_latest_only.py
[2026-08-08T17:53:09.288+0000] {processor.py:925} INFO - DAG(s) 'latest_only' retrieved from /home/airflow/.local/lib/python3.12/site-packages/airflow/example_dags/example_latest_only.py
[2026-08-08T17:53:09.307+0000] {logging_mixin.py:190} INFO - [2026-08-08T17:53:09.307+0000] {dag.py:3211} INFO - Sync 1 DAGs
[2026-08-08T17:53:09.324+0000] {logging_mixin.py:190} INFO - [2026-08-08T17:53:09.324+0000] {dag.py:4138} INFO - Setting next_dagrun for latest_only to 2026-08-08 12:00:00+00:00, run_after=2026-08-08 16:00:00+00:00
[2026-08-08T17:53:09.343+0000] {processor.py:208} INFO - Processing /home/airflow/.local/lib/python3.12/site-packages/airflow/example_dags/example_latest_only.py took 0.072 seconds
[2026-08-08T17:53:39.836+0000] {processor.py:186} INFO - Started process (PID=234) to work on /home/airflow/.local/lib/python3.12/site-packages/airflow/example_dags/example_latest_only.py
[2026-08-08T17:53:39.838+0000] {processor.py:914} INFO - Processing file /home/airflow/.local/lib/python3.12/site-packages/airflow/example_dags/example_latest_only.py for tasks to queue
[2026-08-08T17:53:39.840+0000] {logging_mixin.py:190} INFO - [2026-08-08T17:53:39.840+0000] {dagbag.py:587} INFO - Filling up the DagBag from /home/airflow/.local/lib/python3.12/site-packages/airflow/example_dags/example_latest_only.py
[2026-08-08T17:53:39.849+0000] {processor.py:925} INFO - DAG(s) 'latest_only' retrieved from /home/airflow/.local/lib/python3.12/site-packages/airflow/example_dags/example_latest_only.py
[2026-08-08T17:53:39.869+0000] {logging_mixin.py:190} INFO - [2026-08-08T17:53:39.869+0000] {dag.py:3211} INFO - Sync 1 DAGs
[2026-08-08T17:53:39.899+0000] {logging_mixin.py:190} INFO - [2026-08-08T17:53:39.898+0000] {dag.py:4138} INFO - Setting next_dagrun for latest_only to 2026-08-08 12:00:00+00:00, run_after=2026-08-08 16:00:00+00:00
[2026-08-08T17:53:39.927+0000] {processor.py:208} INFO - Processing /home/airflow/.local/lib/python3.12/site-packages/airflow/example_dags/example_latest_only.py took 0.096 seconds
[2026-08-08T17:54:11.034+0000] {processor.py:186} INFO - Started process (PID=297) to work on /home/airflow/.local/lib/python3.12/site-packages/airflow/example_dags/example_latest_only.py
[2026-08-08T17:54:11.037+0000] {processor.py:914} INFO - Processing file /home/airflow/.local/lib/python3.12/site-packages/airflow/example_dags/example_latest_only.py for tasks to queue
[2026-08-08T17:54:11.042+0000] {logging_mixin.py:190} INFO - [2026-08-08T17:54:11.042+0000] {dagbag.py:587} INFO - Filling up the DagBag from /home/airflow/.local/lib/python3.12/site-packages/airflow/example_dags/example_latest_only.py
[2026-08-08T17:54:11.051+0000] {processor.py:925} INFO - DAG(s) 'latest_only' retrieved from /home/airflow/.local/lib/python3.12/site-packages/airflow/example_dags/example_latest_only.py
[2026-08-08T17:54:11.075+0000] {logging_mixin.py:190} INFO - [2026-08-08T17:54:11.075+0000] {dag.py:3211} INFO - Sync 1 DAGs
[2026-08-08T17:54:11.099+0000] {logging_mixin.py:190} INFO - [2026-08-08T17:54:11.099+0000] {dag.py:4138} INFO - Setting next_dagrun for latest_only to 2026-08-08 12:00:00+00:00, run_after=2026-08-08 16:00:00+00:00
[2026-08-08T17:54:11.120+0000] {processor.py:208} INFO - Processing /home/airflow/.local/lib/python3.12/site-packages/airflow/example_dags/example_latest_only.py took 0.094 seconds
[2026-08-08T17:54:41.446+0000] {processor.py:186} INFO - Started process (PID=360) to work on /home/airflow/.local/lib/python3.12/site-packages/airflow/example_dags/example_latest_only.py
[2026-08-08T17:54:41.448+0000] {processor.py:914} INFO - Processing file /home/airflow/.local/lib/python3.12/site-packages/airflow/example_dags/example_latest_only.py for tasks to queue
[2026-08-08T17:54:41.451+0000] {logging_mixin.py:190} INFO - [2026-08-08T17:54:41.451+0000] {dagbag.py:587} INFO - Filling up the DagBag from /home/airflow/.local/lib/python3.12/site-packages/airflow/example_dags/example_latest_only.py
[2026-08-08T17:54:41.459+0000] {processor.py:925} INFO - DAG(s) 'latest_only' retrieved from /home/airflow/.local/lib/python3.12/site-packages/airflow/example_dags/example_latest_only.py
[2026-08-08T17:54:41.481+0000] {logging_mixin.py:190} INFO - [2026-08-08T17:54:41.481+0000] {dag.py:3211} INFO - Sync 1 DAGs
[2026-08-08T17:54:41.506+0000] {logging_mixin.py:190} INFO - [2026-08-08T17:54:41.506+0000] {dag.py:4138} INFO - Setting next_dagrun for latest_only to 2026-08-08 12:00:00+00:00, run_after=2026-08-08 16:00:00+00:00
[2026-08-08T17:54:41.529+0000] {processor.py:208} INFO - Processing /home/airflow/.local/lib/python3.12/site-packages/airflow/example_dags/example_latest_only.py took 0.091 seconds
[2026-08-08T17:55:11.723+0000] {processor.py:186} INFO - Started process (PID=423) to work on /home/airflow/.local/lib/python3.12/site-packages/airflow/example_dags/example_latest_only.py
[2026-08-08T17:55:11.724+0000] {processor.py:914} INFO - Processing file /home/airflow/.local/lib/python3.12/site-packages/airflow/example_dags/example_latest_only.py for tasks to queue
[2026-08-08T17:55:11.727+0000] {logging_mixin.py:190} INFO - [2026-08-08T17:55:11.727+0000] {dagbag.py:587} INFO - Filling up the DagBag from /home/airflow/.local/lib/python3.12/site-packages/airflow/example_dags/example_latest_only.py
[2026-08-08T17:55:11.734+0000] {processor.py:925} INFO - DAG(s) 'latest_only' retrieved from /home/airflow/.local/lib/python3.12/site-packages/airflow/example_dags/example_latest_only.py
[2026-08-08T17:55:11.752+0000] {logging_mixin.py:190} INFO - [2026-08-08T17:55:11.752+0000] {dag.py:3211} INFO - Sync 1 DAGs
[2026-08-08T17:55:11.774+0000] {logging_mixin.py:190} INFO - [2026-08-08T17:55:11.774+0000] {dag.py:4138} INFO - Setting next_dagrun for latest_only to 2026-08-08 12:00:00+00:00, run_after=2026-08-08 16:00:00+00:00
[2026-08-08T17:55:11.792+0000] {processor.py:208} INFO - Processing /home/airflow/.local/lib/python3.12/site-packages/airflow/example_dags/example_latest_only.py took 0.075 seconds
[2026-08-08T17:55:42.248+0000] {processor.py:186} INFO - Started process (PID=486) to work on /home/airflow/.local/lib/python3.12/site-packages/airflow/example_dags/example_latest_only.py
[2026-08-08T17:55:42.250+0000] {processor.py:914} INFO - Processing file /home/airflow/.local/lib/python3.12/site-packages/airflow/example_dags/example_latest_only.py for tasks to queue
[2026-08-08T17:55:42.252+0000] {logging_mixin.py:190} INFO - [2026-08-08T17:55:42.252+0000] {dagbag.py:587} INFO - Filling up the DagBag from /home/airflow/.local/lib/python3.12/site-packages/airflow/example_dags/example_latest_only.py
[2026-08-08T17:55:42.259+0000] {processor.py:925} INFO - DAG(s) 'latest_only' retrieved from /home/airflow/.local/lib/python3.12/site-packages/airflow/example_dags/example_latest_only.py
[2026-08-08T17:55:42.277+0000] {logging_mixin.py:190} INFO - [2026-08-08T17:55:42.276+0000] {dag.py:3211} INFO - Sync 1 DAGs
[2026-08-08T17:55:42.295+0000] {logging_mixin.py:190} INFO - [2026-08-08T17:55:42.295+0000] {dag.py:4138} INFO - Setting next_dagrun for latest_only to 2026-08-08 12:00:00+00:00, run_after=2026-08-08 16:00:00+00:00
[2026-08-08T17:55:42.315+0000] {processor.py:208} INFO - Processing /home/airflow/.local/lib/python3.12/site-packages/airflow/example_dags/example_latest_only.py took 0.073 seconds
[2026-08-08T17:56:12.568+0000] {processor.py:186} INFO - Started process (PID=549) to work on /home/airflow/.local/lib/python3.12/site-packages/airflow/example_dags/example_latest_only.py
[2026-08-08T17:56:12.569+0000] {processor.py:914} INFO - Processing file /home/airflow/.local/lib/python3.12/site-packages/airflow/example_dags/example_latest_only.py for tasks to queue
[2026-08-08T17:56:12.572+0000] {logging_mixin.py:190} INFO - [2026-08-08T17:56:12.572+0000] {dagbag.py:587} INFO - Filling up the DagBag from /home/airflow/.local/lib/python3.12/site-packages/airflow/example_dags/example_latest_only.py
[2026-08-08T17:56:12.579+0000] {processor.py:925} INFO - DAG(s) 'latest_only' retrieved from /home/airflow/.local/lib/python3.12/site-packages/airflow/example_dags/example_latest_only.py
[2026-08-08T17:56:12.600+0000] {logging_mixin.py:190} INFO - [2026-08-08T17:56:12.600+0000] {dag.py:3211} INFO - Sync 1 DAGs
[2026-08-08T17:56:12.618+0000] {logging_mixin.py:190} INFO - [2026-08-08T17:56:12.618+0000] {dag.py:4138} INFO - Setting next_dagrun for latest_only to 2026-08-08 12:00:00+00:00, run_after=2026-08-08 16:00:00+00:00
[2026-08-08T17:56:12.638+0000] {processor.py:208} INFO - Processing /home/airflow/.local/lib/python3.12/site-packages/airflow/example_dags/example_latest_only.py took 0.076 seconds
[2026-08-08T17:56:43.079+0000] {processor.py:186} INFO - Started process (PID=612) to work on /home/airflow/.local/lib/python3.12/site-packages/airflow/example_dags/example_latest_only.py
[2026-08-08T17:56:43.081+0000] {processor.py:914} INFO - Processing file /home/airflow/.local/lib/python3.12/site-packages/airflow/example_dags/example_latest_only.py for tasks to queue
[2026-08-08T17:56:43.084+0000] {logging_mixin.py:190} INFO - [2026-08-08T17:56:43.084+0000] {dagbag.py:587} INFO - Filling up the DagBag from /home/airflow/.local/lib/python3.12/site-packages/airflow/example_dags/example_latest_only.py
[2026-08-08T17:56:43.091+0000] {processor.py:925} INFO - DAG(s) 'latest_only' retrieved from /home/airflow/.local/lib/python3.12/site-packages/airflow/example_dags/example_latest_only.py
[2026-08-08T17:56:43.109+0000] {logging_mixin.py:190} INFO - [2026-08-08T17:56:43.108+0000] {dag.py:3211} INFO - Sync 1 DAGs
[2026-08-08T17:56:43.127+0000] {logging_mixin.py:190} INFO - [2026-08-08T17:56:43.127+0000] {dag.py:4138} INFO - Setting next_dagrun for latest_only to 2026-08-08 12:00:00+00:00, run_after=2026-08-08 16:00:00+00:00
[2026-08-08T17:56:43.148+0000] {processor.py:208} INFO - Processing /home/airflow/.local/lib/python3.12/site-packages/airflow/example_dags/example_latest_only.py took 0.074 seconds
[2026-08-08T17:57:13.972+0000] {processor.py:186} INFO - Started process (PID=675) to work on /home/airflow/.local/lib/python3.12/site-packages/airflow/example_dags/example_latest_only.py
[2026-08-08T17:57:13.974+0000] {processor.py:914} INFO - Processing file /home/airflow/.local/lib/python3.12/site-packages/airflow/example_dags/example_latest_only.py for tasks to queue
[2026-08-08T17:57:13.978+0000] {logging_mixin.py:190} INFO - [2026-08-08T17:57:13.977+0000] {dagbag.py:587} INFO - Filling up the DagBag from /home/airflow/.local/lib/python3.12/site-packages/airflow/example_dags/example_latest_only.py
[2026-08-08T17:57:13.987+0000] {processor.py:925} INFO - DAG(s) 'latest_only' retrieved from /home/airflow/.local/lib/python3.12/site-packages/airflow/example_dags/example_latest_only.py
[2026-08-08T17:57:14.012+0000] {logging_mixin.py:190} INFO - [2026-08-08T17:57:14.012+0000] {dag.py:3211} INFO - Sync 1 DAGs
[2026-08-08T17:57:14.045+0000] {logging_mixin.py:190} INFO - [2026-08-08T17:57:14.045+0000] {dag.py:4138} INFO - Setting next_dagrun for latest_only to 2026-08-08 12:00:00+00:00, run_after=2026-08-08 16:00:00+00:00
[2026-08-08T17:57:14.076+0000] {processor.py:208} INFO - Processing /home/airflow/.local/lib/python3.12/site-packages/airflow/example_dags/example_latest_only.py took 0.110 seconds
[2026-08-08T18:08:20.513+0000] {processor.py:186} INFO - Started process (PID=738) to work on /home/airflow/.local/lib/python3.12/site-packages/airflow/example_dags/example_latest_only.py
[2026-08-08T18:08:20.524+0000] {processor.py:914} INFO - Processing file /home/airflow/.local/lib/python3.12/site-packages/airflow/example_dags/example_latest_only.py for tasks to queue
[2026-08-08T18:08:20.530+0000] {logging_mixin.py:190} INFO - [2026-08-08T18:08:20.529+0000] {dagbag.py:587} INFO - Filling up the DagBag from /home/airflow/.local/lib/python3.12/site-packages/airflow/example_dags/example_latest_only.py
[2026-08-08T18:08:20.542+0000] {processor.py:925} INFO - DAG(s) 'latest_only' retrieved from /home/airflow/.local/lib/python3.12/site-packages/airflow/example_dags/example_latest_only.py
[2026-08-08T18:08:20.584+0000] {logging_mixin.py:190} INFO - [2026-08-08T18:08:20.583+0000] {dag.py:3211} INFO - Sync 1 DAGs
[2026-08-08T18:08:20.637+0000] {logging_mixin.py:190} INFO - [2026-08-08T18:08:20.637+0000] {dag.py:4138} INFO - Setting next_dagrun for latest_only to 2026-08-08 12:00:00+00:00, run_after=2026-08-08 16:00:00+00:00
[2026-08-08T18:08:20.674+0000] {processor.py:208} INFO - Processing /home/airflow/.local/lib/python3.12/site-packages/airflow/example_dags/example_latest_only.py took 0.170 seconds
[2026-08-08T18:08:51.401+0000] {processor.py:186} INFO - Started process (PID=801) to work on /home/airflow/.local/lib/python3.12/site-packages/airflow/example_dags/example_latest_only.py
[2026-08-08T18:08:51.405+0000] {processor.py:914} INFO - Processing file /home/airflow/.local/lib/python3.12/site-packages/airflow/example_dags/example_latest_only.py for tasks to queue
[2026-08-08T18:08:51.409+0000] {logging_mixin.py:190} INFO - [2026-08-08T18:08:51.409+0000] {dagbag.py:587} INFO - Filling up the DagBag from /home/airflow/.local/lib/python3.12/site-packages/airflow/example_dags/example_latest_only.py
[2026-08-08T18:08:51.422+0000] {processor.py:925} INFO - DAG(s) 'latest_only' retrieved from /home/airflow/.local/lib/python3.12/site-packages/airflow/example_dags/example_latest_only.py
[2026-08-08T18:08:51.455+0000] {logging_mixin.py:190} INFO - [2026-08-08T18:08:51.454+0000] {dag.py:3211} INFO - Sync 1 DAGs
[2026-08-08T18:08:51.489+0000] {logging_mixin.py:190} INFO - [2026-08-08T18:08:51.488+0000] {dag.py:4138} INFO - Setting next_dagrun for latest_only to 2026-08-08 12:00:00+00:00, run_after=2026-08-08 16:00:00+00:00
[2026-08-08T18:08:51.517+0000] {processor.py:208} INFO - Processing /home/airflow/.local/lib/python3.12/site-packages/airflow/example_dags/example_latest_only.py took 0.125 seconds
[2026-08-08T18:09:21.689+0000] {processor.py:186} INFO - Started process (PID=864) to work on /home/airflow/.local/lib/python3.12/site-packages/airflow/example_dags/example_latest_only.py
[2026-08-08T18:09:21.691+0000] {processor.py:914} INFO - Processing file /home/airflow/.local/lib/python3.12/site-packages/airflow/example_dags/example_latest_only.py for tasks to queue
[2026-08-08T18:09:21.695+0000] {logging_mixin.py:190} INFO - [2026-08-08T18:09:21.694+0000] {dagbag.py:587} INFO - Filling up the DagBag from /home/airflow/.local/lib/python3.12/site-packages/airflow/example_dags/example_latest_only.py
[2026-08-08T18:09:21.707+0000] {processor.py:925} INFO - DAG(s) 'latest_only' retrieved from /home/airflow/.local/lib/python3.12/site-packages/airflow/example_dags/example_latest_only.py
[2026-08-08T18:09:21.743+0000] {logging_mixin.py:190} INFO - [2026-08-08T18:09:21.743+0000] {dag.py:3211} INFO - Sync 1 DAGs
[2026-08-08T18:09:21.782+0000] {logging_mixin.py:190} INFO - [2026-08-08T18:09:21.782+0000] {dag.py:4138} INFO - Setting next_dagrun for latest_only to 2026-08-08 12:00:00+00:00, run_after=2026-08-08 16:00:00+00:00
[2026-08-08T18:09:21.815+0000] {processor.py:208} INFO - Processing /home/airflow/.local/lib/python3.12/site-packages/airflow/example_dags/example_latest_only.py took 0.136 seconds
[2026-08-08T18:09:52.122+0000] {processor.py:186} INFO - Started process (PID=927) to work on /home/airflow/.local/lib/python3.12/site-packages/airflow/example_dags/example_latest_only.py
[2026-08-08T18:09:52.123+0000] {processor.py:914} INFO - Processing file /home/airflow/.local/lib/python3.12/site-packages/airflow/example_dags/example_latest_only.py for tasks to queue
[2026-08-08T18:09:52.128+0000] {logging_mixin.py:190} INFO - [2026-08-08T18:09:52.128+0000] {dagbag.py:587} INFO - Filling up the DagBag from /home/airflow/.local/lib/python3.12/site-packages/airflow/example_dags/example_latest_only.py
[2026-08-08T18:09:52.140+0000] {processor.py:925} INFO - DAG(s) 'latest_only' retrieved from /home/airflow/.local/lib/python3.12/site-packages/airflow/example_dags/example_latest_only.py
[2026-08-08T18:09:52.171+0000] {logging_mixin.py:190} INFO - [2026-08-08T18:09:52.171+0000] {dag.py:3211} INFO - Sync 1 DAGs
[2026-08-08T18:09:52.200+0000] {logging_mixin.py:190} INFO - [2026-08-08T18:09:52.200+0000] {dag.py:4138} INFO - Setting next_dagrun for latest_only to 2026-08-08 12:00:00+00:00, run_after=2026-08-08 16:00:00+00:00
[2026-08-08T18:09:52.229+0000] {processor.py:208} INFO - Processing /home/airflow/.local/lib/python3.12/site-packages/airflow/example_dags/example_latest_only.py took 0.115 seconds
[2026-08-08T18:10:22.331+0000] {processor.py:186} INFO - Started process (PID=989) to work on /home/airflow/.local/lib/python3.12/site-packages/airflow/example_dags/example_latest_only.py
[2026-08-08T18:10:22.333+0000] {processor.py:914} INFO - Processing file /home/airflow/.local/lib/python3.12/site-packages/airflow/example_dags/example_latest_only.py for tasks to queue
[2026-08-08T18:10:22.338+0000] {logging_mixin.py:190} INFO - [2026-08-08T18:10:22.337+0000] {dagbag.py:587} INFO - Filling up the DagBag from /home/airflow/.local/lib/python3.12/site-packages/airflow/example_dags/example_latest_only.py
[2026-08-08T18:10:22.350+0000] {processor.py:925} INFO - DAG(s) 'latest_only' retrieved from /home/airflow/.local/lib/python3.12/site-packages/airflow/example_dags/example_latest_only.py
[2026-08-08T18:10:22.380+0000] {logging_mixin.py:190} INFO - [2026-08-08T18:10:22.380+0000] {dag.py:3211} INFO - Sync 1 DAGs
[2026-08-08T18:10:22.410+0000] {logging_mixin.py:190} INFO - [2026-08-08T18:10:22.410+0000] {dag.py:4138} INFO - Setting next_dagrun for latest_only to 2026-08-08 12:00:00+00:00, run_after=2026-08-08 16:00:00+00:00
[2026-08-08T18:10:22.439+0000] {processor.py:208} INFO - Processing /home/airflow/.local/lib/python3.12/site-packages/airflow/example_dags/example_latest_only.py took 0.119 seconds
[2026-08-08T18:10:53.255+0000] {processor.py:186} INFO - Started process (PID=1053) to work on /home/airflow/.local/lib/python3.12/site-packages/airflow/example_dags/example_latest_only.py
[2026-08-08T18:10:53.256+0000] {processor.py:914} INFO - Processing file /home/airflow/.local/lib/python3.12/site-packages/airflow/example_dags/example_latest_only.py for tasks to queue
[2026-08-08T18:10:53.259+0000] {logging_mixin.py:190} INFO - [2026-08-08T18:10:53.258+0000] {dagbag.py:587} INFO - Filling up the DagBag from /home/airflow/.local/lib/python3.12/site-packages/airflow/example_dags/example_latest_only.py
[2026-08-08T18:10:53.267+0000] {processor.py:925} INFO - DAG(s) 'latest_only' retrieved from /home/airflow/.local/lib/python3.12/site-packages/airflow/example_dags/example_latest_only.py
[2026-08-08T18:10:53.286+0000] {logging_mixin.py:190} INFO - [2026-08-08T18:10:53.286+0000] {dag.py:3211} INFO - Sync 1 DAGs
[2026-08-08T18:10:53.308+0000] {logging_mixin.py:190} INFO - [2026-08-08T18:10:53.307+0000] {dag.py:4138} INFO - Setting next_dagrun for latest_only to 2026-08-08 12:00:00+00:00, run_after=2026-08-08 16:00:00+00:00
[2026-08-08T18:10:53.325+0000] {processor.py:208} INFO - Processing /home/airflow/.local/lib/python3.12/site-packages/airflow/example_dags/example_latest_only.py took 0.076 seconds
[2026-08-08T18:11:23.712+0000] {processor.py:186} INFO - Started process (PID=1116) to work on /home/airflow/.local/lib/python3.12/site-packages/airflow/example_dags/example_latest_only.py
[2026-08-08T18:11:23.714+0000] {processor.py:914} INFO - Processing file /home/airflow/.local/lib/python3.12/site-packages/airflow/example_dags/example_latest_only.py for tasks to queue
[2026-08-08T18:11:23.718+0000] {logging_mixin.py:190} INFO - [2026-08-08T18:11:23.718+0000] {dagbag.py:587} INFO - Filling up the DagBag from /home/airflow/.local/lib/python3.12/site-packages/airflow/example_dags/example_latest_only.py
[2026-08-08T18:11:23.727+0000] {processor.py:925} INFO - DAG(s) 'latest_only' retrieved from /home/airflow/.local/lib/python3.12/site-packages/airflow/example_dags/example_latest_only.py
[2026-08-08T18:11:23.752+0000] {logging_mixin.py:190} INFO - [2026-08-08T18:11:23.751+0000] {dag.py:3211} INFO - Sync 1 DAGs
[2026-08-08T18:11:23.780+0000] {logging_mixin.py:190} INFO - [2026-08-08T18:11:23.780+0000] {dag.py:4138} INFO - Setting next_dagrun for latest_only to 2026-08-08 12:00:00+00:00, run_after=2026-08-08 16:00:00+00:00
[2026-08-08T18:11:23.803+0000] {processor.py:208} INFO - Processing /home/airflow/.local/lib/python3.12/site-packages/airflow/example_dags/example_latest_only.py took 0.099 seconds
[2026-08-08T18:11:53.894+0000] {processor.py:186} INFO - Started process (PID=1179) to work on /home/airflow/.local/lib/python3.12/site-packages/airflow/example_dags/example_latest_only.py
[2026-08-08T18:11:53.896+0000] {processor.py:914} INFO - Processing file /home/airflow/.local/lib/python3.12/site-packages/airflow/example_dags/example_latest_only.py for tasks to queue
[2026-08-08T18:11:53.898+0000] {logging_mixin.py:190} INFO - [2026-08-08T18:11:53.898+0000] {dagbag.py:587} INFO - Filling up the DagBag from /home/airflow/.local/lib/python3.12/site-packages/airflow/example_dags/example_latest_only.py
[2026-08-08T18:11:53.906+0000] {processor.py:925} INFO - DAG(s) 'latest_only' retrieved from /home/airflow/.local/lib/python3.12/site-packages/airflow/example_dags/example_latest_only.py
[2026-08-08T18:11:53.929+0000] {logging_mixin.py:190} INFO - [2026-08-08T18:11:53.929+0000] {dag.py:3211} INFO - Sync 1 DAGs
[2026-08-08T18:11:53.953+0000] {logging_mixin.py:190} INFO - [2026-08-08T18:11:53.953+0000] {dag.py:4138} INFO - Setting next_dagrun for latest_only to 2026-08-08 12:00:00+00:00, run_after=2026-08-08 16:00:00+00:00
[2026-08-08T18:11:53.985+0000] {processor.py:208} INFO - Processing /home/airflow/.local/lib/python3.12/site-packages/airflow/example_dags/example_latest_only.py took 0.098 seconds
[2026-08-08T18:13:08.861+0000] {processor.py:186} INFO - Started process (PID=114) to work on /home/airflow/.local/lib/python3.12/site-packages/airflow/example_dags/example_latest_only.py
[2026-08-08T18:13:08.863+0000] {processor.py:914} INFO - Processing file /home/airflow/.local/lib/python3.12/site-packages/airflow/example_dags/example_latest_only.py for tasks to queue
[2026-08-08T18:13:08.866+0000] {logging_mixin.py:190} INFO - [2026-08-08T18:13:08.866+0000] {dagbag.py:587} INFO - Filling up the DagBag from /home/airflow/.local/lib/python3.12/site-packages/airflow/example_dags/example_latest_only.py
[2026-08-08T18:13:08.873+0000] {processor.py:925} INFO - DAG(s) 'latest_only' retrieved from /home/airflow/.local/lib/python3.12/site-packages/airflow/example_dags/example_latest_only.py
[2026-08-08T18:13:08.897+0000] {logging_mixin.py:190} INFO - [2026-08-08T18:13:08.896+0000] {dag.py:3211} INFO - Sync 1 DAGs
[2026-08-08T18:13:08.924+0000] {logging_mixin.py:190} INFO - [2026-08-08T18:13:08.924+0000] {dag.py:4138} INFO - Setting next_dagrun for latest_only to 2026-08-08 12:00:00+00:00, run_after=2026-08-08 16:00:00+00:00
[2026-08-08T18:13:08.954+0000] {processor.py:208} INFO - Processing /home/airflow/.local/lib/python3.12/site-packages/airflow/example_dags/example_latest_only.py took 0.100 seconds
[2026-08-08T18:13:39.156+0000] {processor.py:186} INFO - Started process (PID=177) to work on /home/airflow/.local/lib/python3.12/site-packages/airflow/example_dags/example_latest_only.py
[2026-08-08T18:13:39.158+0000] {processor.py:914} INFO - Processing file /home/airflow/.local/lib/python3.12/site-packages/airflow/example_dags/example_latest_only.py for tasks to queue
[2026-08-08T18:13:39.160+0000] {logging_mixin.py:190} INFO - [2026-08-08T18:13:39.160+0000] {dagbag.py:587} INFO - Filling up the DagBag from /home/airflow/.local/lib/python3.12/site-packages/airflow/example_dags/example_latest_only.py
[2026-08-08T18:13:39.167+0000] {processor.py:925} INFO - DAG(s) 'latest_only' retrieved from /home/airflow/.local/lib/python3.12/site-packages/airflow/example_dags/example_latest_only.py
[2026-08-08T18:13:39.184+0000] {logging_mixin.py:190} INFO - [2026-08-08T18:13:39.184+0000] {dag.py:3211} INFO - Sync 1 DAGs
[2026-08-08T18:13:39.201+0000] {logging_mixin.py:190} INFO - [2026-08-08T18:13:39.201+0000] {dag.py:4138} INFO - Setting next_dagrun for latest_only to 2026-08-08 12:00:00+00:00, run_after=2026-08-08 16:00:00+00:00
[2026-08-08T18:13:39.220+0000] {processor.py:208} INFO - Processing /home/airflow/.local/lib/python3.12/site-packages/airflow/example_dags/example_latest_only.py took 0.070 seconds
[2026-08-08T18:14:09.594+0000] {processor.py:186} INFO - Started process (PID=240) to work on /home/airflow/.local/lib/python3.12/site-packages/airflow/example_dags/example_latest_only.py
[2026-08-08T18:14:09.595+0000] {processor.py:914} INFO - Processing file /home/airflow/.local/lib/python3.12/site-packages/airflow/example_dags/example_latest_only.py for tasks to queue
[2026-08-08T18:14:09.598+0000] {logging_mixin.py:190} INFO - [2026-08-08T18:14:09.598+0000] {dagbag.py:587} INFO - Filling up the DagBag from /home/airflow/.local/lib/python3.12/site-packages/airflow/example_dags/example_latest_only.py
[2026-08-08T18:14:09.606+0000] {processor.py:925} INFO - DAG(s) 'latest_only' retrieved from /home/airflow/.local/lib/python3.12/site-packages/airflow/example_dags/example_latest_only.py
[2026-08-08T18:14:09.630+0000] {logging_mixin.py:190} INFO - [2026-08-08T18:14:09.629+0000] {dag.py:3211} INFO - Sync 1 DAGs
[2026-08-08T18:14:09.659+0000] {logging_mixin.py:190} INFO - [2026-08-08T18:14:09.658+0000] {dag.py:4138} INFO - Setting next_dagrun for latest_only to 2026-08-08 12:00:00+00:00, run_after=2026-08-08 16:00:00+00:00
[2026-08-08T18:14:09.686+0000] {processor.py:208} INFO - Processing /home/airflow/.local/lib/python3.12/site-packages/airflow/example_dags/example_latest_only.py took 0.102 seconds
[2026-08-08T18:14:39.733+0000] {processor.py:186} INFO - Started process (PID=303) to work on /home/airflow/.local/lib/python3.12/site-packages/airflow/example_dags/example_latest_only.py
[2026-08-08T18:14:39.734+0000] {processor.py:914} INFO - Processing file /home/airflow/.local/lib/python3.12/site-packages/airflow/example_dags/example_latest_only.py for tasks to queue
[2026-08-08T18:14:39.737+0000] {logging_mixin.py:190} INFO - [2026-08-08T18:14:39.737+0000] {dagbag.py:587} INFO - Filling up the DagBag from /home/airflow/.local/lib/python3.12/site-packages/airflow/example_dags/example_latest_only.py
[2026-08-08T18:14:39.745+0000] {processor.py:925} INFO - DAG(s) 'latest_only' retrieved from /home/airflow/.local/lib/python3.12/site-packages/airflow/example_dags/example_latest_only.py
[2026-08-08T18:14:39.764+0000] {logging_mixin.py:190} INFO - [2026-08-08T18:14:39.764+0000] {dag.py:3211} INFO - Sync 1 DAGs
[2026-08-08T18:14:39.786+0000] {logging_mixin.py:190} INFO - [2026-08-08T18:14:39.785+0000] {dag.py:4138} INFO - Setting next_dagrun for latest_only to 2026-08-08 12:00:00+00:00, run_after=2026-08-08 16:00:00+00:00
[2026-08-08T18:14:39.802+0000] {processor.py:208} INFO - Processing /home/airflow/.local/lib/python3.12/site-packages/airflow/example_dags/example_latest_only.py took 0.075 seconds
[2026-08-08T18:15:12.085+0000] {processor.py:186} INFO - Started process (PID=366) to work on /home/airflow/.local/lib/python3.12/site-packages/airflow/example_dags/example_latest_only.py
[2026-08-08T18:15:12.087+0000] {processor.py:914} INFO - Processing file /home/airflow/.local/lib/python3.12/site-packages/airflow/example_dags/example_latest_only.py for tasks to queue
[2026-08-08T18:15:12.092+0000] {logging_mixin.py:190} INFO - [2026-08-08T18:15:12.091+0000] {dagbag.py:587} INFO - Filling up the DagBag from /home/airflow/.local/lib/python3.12/site-packages/airflow/example_dags/example_latest_only.py
[2026-08-08T18:15:12.109+0000] {processor.py:925} INFO - DAG(s) 'latest_only' retrieved from /home/airflow/.local/lib/python3.12/site-packages/airflow/example_dags/example_latest_only.py
[2026-08-08T18:15:12.148+0000] {logging_mixin.py:190} INFO - [2026-08-08T18:15:12.147+0000] {dag.py:3211} INFO - Sync 1 DAGs
[2026-08-08T18:15:12.189+0000] {logging_mixin.py:190} INFO - [2026-08-08T18:15:12.189+0000] {dag.py:4138} INFO - Setting next_dagrun for latest_only to 2026-08-08 12:00:00+00:00, run_after=2026-08-08 16:00:00+00:00
[2026-08-08T18:15:12.228+0000] {processor.py:208} INFO - Processing /home/airflow/.local/lib/python3.12/site-packages/airflow/example_dags/example_latest_only.py took 0.153 seconds
[2026-08-08T18:15:43.146+0000] {processor.py:186} INFO - Started process (PID=429) to work on /home/airflow/.local/lib/python3.12/site-packages/airflow/example_dags/example_latest_only.py
[2026-08-08T18:15:43.148+0000] {processor.py:914} INFO - Processing file /home/airflow/.local/lib/python3.12/site-packages/airflow/example_dags/example_latest_only.py for tasks to queue
[2026-08-08T18:15:43.152+0000] {logging_mixin.py:190} INFO - [2026-08-08T18:15:43.152+0000] {dagbag.py:587} INFO - Filling up the DagBag from /home/airflow/.local/lib/python3.12/site-packages/airflow/example_dags/example_latest_only.py
[2026-08-08T18:15:43.161+0000] {processor.py:925} INFO - DAG(s) 'latest_only' retrieved from /home/airflow/.local/lib/python3.12/site-packages/airflow/example_dags/example_latest_only.py
[2026-08-08T18:15:43.191+0000] {logging_mixin.py:190} INFO - [2026-08-08T18:15:43.190+0000] {dag.py:3211} INFO - Sync 1 DAGs
[2026-08-08T18:15:43.229+0000] {logging_mixin.py:190} INFO - [2026-08-08T18:15:43.228+0000] {dag.py:4138} INFO - Setting next_dagrun for latest_only to 2026-08-08 12:00:00+00:00, run_after=2026-08-08 16:00:00+00:00
[2026-08-08T18:15:43.272+0000] {processor.py:208} INFO - Processing /home/airflow/.local/lib/python3.12/site-packages/airflow/example_dags/example_latest_only.py took 0.132 seconds
[2026-08-08T18:17:13.824+0000] {processor.py:186} INFO - Started process (PID=127) to work on /home/airflow/.local/lib/python3.12/site-packages/airflow/example_dags/example_latest_only.py
[2026-08-08T18:17:13.826+0000] {processor.py:914} INFO - Processing file /home/airflow/.local/lib/python3.12/site-packages/airflow/example_dags/example_latest_only.py for tasks to queue
[2026-08-08T18:17:13.829+0000] {logging_mixin.py:190} INFO - [2026-08-08T18:17:13.829+0000] {dagbag.py:587} INFO - Filling up the DagBag from /home/airflow/.local/lib/python3.12/site-packages/airflow/example_dags/example_latest_only.py
[2026-08-08T18:17:13.838+0000] {processor.py:925} INFO - DAG(s) 'latest_only' retrieved from /home/airflow/.local/lib/python3.12/site-packages/airflow/example_dags/example_latest_only.py
[2026-08-08T18:17:13.866+0000] {logging_mixin.py:190} INFO - [2026-08-08T18:17:13.866+0000] {dag.py:3211} INFO - Sync 1 DAGs
[2026-08-08T18:17:13.895+0000] {logging_mixin.py:190} INFO - [2026-08-08T18:17:13.895+0000] {dag.py:4138} INFO - Setting next_dagrun for latest_only to 2026-08-08 12:00:00+00:00, run_after=2026-08-08 16:00:00+00:00
[2026-08-08T18:17:13.917+0000] {processor.py:208} INFO - Processing /home/airflow/.local/lib/python3.12/site-packages/airflow/example_dags/example_latest_only.py took 0.100 seconds
[2026-08-08T18:17:44.244+0000] {processor.py:186} INFO - Started process (PID=190) to work on /home/airflow/.local/lib/python3.12/site-packages/airflow/example_dags/example_latest_only.py
[2026-08-08T18:17:44.246+0000] {processor.py:914} INFO - Processing file /home/airflow/.local/lib/python3.12/site-packages/airflow/example_dags/example_latest_only.py for tasks to queue
[2026-08-08T18:17:44.249+0000] {logging_mixin.py:190} INFO - [2026-08-08T18:17:44.249+0000] {dagbag.py:587} INFO - Filling up the DagBag from /home/airflow/.local/lib/python3.12/site-packages/airflow/example_dags/example_latest_only.py
[2026-08-08T18:17:44.258+0000] {processor.py:925} INFO - DAG(s) 'latest_only' retrieved from /home/airflow/.local/lib/python3.12/site-packages/airflow/example_dags/example_latest_only.py
[2026-08-08T18:17:44.281+0000] {logging_mixin.py:190} INFO - [2026-08-08T18:17:44.280+0000] {dag.py:3211} INFO - Sync 1 DAGs
[2026-08-08T18:17:44.303+0000] {logging_mixin.py:190} INFO - [2026-08-08T18:17:44.302+0000] {dag.py:4138} INFO - Setting next_dagrun for latest_only to 2026-08-08 12:00:00+00:00, run_after=2026-08-08 16:00:00+00:00
[2026-08-08T18:17:44.331+0000] {processor.py:208} INFO - Processing /home/airflow/.local/lib/python3.12/site-packages/airflow/example_dags/example_latest_only.py took 0.092 seconds
[2026-08-08T18:18:14.892+0000] {processor.py:186} INFO - Started process (PID=253) to work on /home/airflow/.local/lib/python3.12/site-packages/airflow/example_dags/example_latest_only.py
[2026-08-08T18:18:14.895+0000] {processor.py:914} INFO - Processing file /home/airflow/.local/lib/python3.12/site-packages/airflow/example_dags/example_latest_only.py for tasks to queue
[2026-08-08T18:18:14.904+0000] {logging_mixin.py:190} INFO - [2026-08-08T18:18:14.903+0000] {dagbag.py:587} INFO - Filling up the DagBag from /home/airflow/.local/lib/python3.12/site-packages/airflow/example_dags/example_latest_only.py
[2026-08-08T18:18:14.925+0000] {processor.py:925} INFO - DAG(s) 'latest_only' retrieved from /home/airflow/.local/lib/python3.12/site-packages/airflow/example_dags/example_latest_only.py
[2026-08-08T18:18:14.952+0000] {logging_mixin.py:190} INFO - [2026-08-08T18:18:14.951+0000] {dag.py:3211} INFO - Sync 1 DAGs
[2026-08-08T18:18:14.979+0000] {logging_mixin.py:190} INFO - [2026-08-08T18:18:14.979+0000] {dag.py:4138} INFO - Setting next_dagrun for latest_only to 2026-08-08 12:00:00+00:00, run_after=2026-08-08 16:00:00+00:00
[2026-08-08T18:18:15.004+0000] {processor.py:208} INFO - Processing /home/airflow/.local/lib/python3.12/site-packages/airflow/example_dags/example_latest_only.py took 0.125 seconds
[2026-08-08T18:18:45.349+0000] {processor.py:186} INFO - Started process (PID=316) to work on /home/airflow/.local/lib/python3.12/site-packages/airflow/example_dags/example_latest_only.py
[2026-08-08T18:18:45.350+0000] {processor.py:914} INFO - Processing file /home/airflow/.local/lib/python3.12/site-packages/airflow/example_dags/example_latest_only.py for tasks to queue
[2026-08-08T18:18:45.353+0000] {logging_mixin.py:190} INFO - [2026-08-08T18:18:45.352+0000] {dagbag.py:587} INFO - Filling up the DagBag from /home/airflow/.local/lib/python3.12/site-packages/airflow/example_dags/example_latest_only.py
[2026-08-08T18:18:45.362+0000] {processor.py:925} INFO - DAG(s) 'latest_only' retrieved from /home/airflow/.local/lib/python3.12/site-packages/airflow/example_dags/example_latest_only.py
[2026-08-08T18:18:45.385+0000] {logging_mixin.py:190} INFO - [2026-08-08T18:18:45.385+0000] {dag.py:3211} INFO - Sync 1 DAGs
[2026-08-08T18:18:45.408+0000] {logging_mixin.py:190} INFO - [2026-08-08T18:18:45.408+0000] {dag.py:4138} INFO - Setting next_dagrun for latest_only to 2026-08-08 12:00:00+00:00, run_after=2026-08-08 16:00:00+00:00
[2026-08-08T18:18:45.436+0000] {processor.py:208} INFO - Processing /home/airflow/.local/lib/python3.12/site-packages/airflow/example_dags/example_latest_only.py took 0.094 seconds
[2026-08-08T18:19:16.170+0000] {processor.py:186} INFO - Started process (PID=379) to work on /home/airflow/.local/lib/python3.12/site-packages/airflow/example_dags/example_latest_only.py
[2026-08-08T18:19:16.172+0000] {processor.py:914} INFO - Processing file /home/airflow/.local/lib/python3.12/site-packages/airflow/example_dags/example_latest_only.py for tasks to queue
[2026-08-08T18:19:16.175+0000] {logging_mixin.py:190} INFO - [2026-08-08T18:19:16.175+0000] {dagbag.py:587} INFO - Filling up the DagBag from /home/airflow/.local/lib/python3.12/site-packages/airflow/example_dags/example_latest_only.py
[2026-08-08T18:19:16.185+0000] {processor.py:925} INFO - DAG(s) 'latest_only' retrieved from /home/airflow/.local/lib/python3.12/site-packages/airflow/example_dags/example_latest_only.py
[2026-08-08T18:19:16.210+0000] {logging_mixin.py:190} INFO - [2026-08-08T18:19:16.209+0000] {dag.py:3211} INFO - Sync 1 DAGs
[2026-08-08T18:19:16.236+0000] {logging_mixin.py:190} INFO - [2026-08-08T18:19:16.235+0000] {dag.py:4138} INFO - Setting next_dagrun for latest_only to 2026-08-08 12:00:00+00:00, run_after=2026-08-08 16:00:00+00:00
[2026-08-08T18:19:16.262+0000] {processor.py:208} INFO - Processing /home/airflow/.local/lib/python3.12/site-packages/airflow/example_dags/example_latest_only.py took 0.100 seconds
[2026-08-08T18:24:03.810+0000] {processor.py:186} INFO - Started process (PID=442) to work on /home/airflow/.local/lib/python3.12/site-packages/airflow/example_dags/example_latest_only.py
[2026-08-08T18:24:03.811+0000] {processor.py:914} INFO - Processing file /home/airflow/.local/lib/python3.12/site-packages/airflow/example_dags/example_latest_only.py for tasks to queue
[2026-08-08T18:24:03.813+0000] {logging_mixin.py:190} INFO - [2026-08-08T18:24:03.813+0000] {dagbag.py:587} INFO - Filling up the DagBag from /home/airflow/.local/lib/python3.12/site-packages/airflow/example_dags/example_latest_only.py
[2026-08-08T18:24:03.820+0000] {processor.py:925} INFO - DAG(s) 'latest_only' retrieved from /home/airflow/.local/lib/python3.12/site-packages/airflow/example_dags/example_latest_only.py
[2026-08-08T18:24:03.836+0000] {logging_mixin.py:190} INFO - [2026-08-08T18:24:03.836+0000] {dag.py:3211} INFO - Sync 1 DAGs
[2026-08-08T18:24:03.853+0000] {logging_mixin.py:190} INFO - [2026-08-08T18:24:03.853+0000] {dag.py:4138} INFO - Setting next_dagrun for latest_only to 2026-08-08 12:00:00+00:00, run_after=2026-08-08 16:00:00+00:00
[2026-08-08T18:24:03.869+0000] {processor.py:208} INFO - Processing /home/airflow/.local/lib/python3.12/site-packages/airflow/example_dags/example_latest_only.py took 0.068 seconds
[2026-08-08T18:24:34.214+0000] {processor.py:186} INFO - Started process (PID=505) to work on /home/airflow/.local/lib/python3.12/site-packages/airflow/example_dags/example_latest_only.py
[2026-08-08T18:24:34.215+0000] {processor.py:914} INFO - Processing file /home/airflow/.local/lib/python3.12/site-packages/airflow/example_dags/example_latest_only.py for tasks to queue
[2026-08-08T18:24:34.219+0000] {logging_mixin.py:190} INFO - [2026-08-08T18:24:34.219+0000] {dagbag.py:587} INFO - Filling up the DagBag from /home/airflow/.local/lib/python3.12/site-packages/airflow/example_dags/example_latest_only.py
[2026-08-08T18:24:34.231+0000] {processor.py:925} INFO - DAG(s) 'latest_only' retrieved from /home/airflow/.local/lib/python3.12/site-packages/airflow/example_dags/example_latest_only.py
[2026-08-08T18:24:34.261+0000] {logging_mixin.py:190} INFO - [2026-08-08T18:24:34.261+0000] {dag.py:3211} INFO - Sync 1 DAGs
[2026-08-08T18:24:34.291+0000] {logging_mixin.py:190} INFO - [2026-08-08T18:24:34.291+0000] {dag.py:4138} INFO - Setting next_dagrun for latest_only to 2026-08-08 12:00:00+00:00, run_after=2026-08-08 16:00:00+00:00
[2026-08-08T18:24:34.316+0000] {processor.py:208} INFO - Processing /home/airflow/.local/lib/python3.12/site-packages/airflow/example_dags/example_latest_only.py took 0.111 seconds
[2026-08-08T18:25:04.722+0000] {processor.py:186} INFO - Started process (PID=568) to work on /home/airflow/.local/lib/python3.12/site-packages/airflow/example_dags/example_latest_only.py
[2026-08-08T18:25:04.723+0000] {processor.py:914} INFO - Processing file /home/airflow/.local/lib/python3.12/site-packages/airflow/example_dags/example_latest_only.py for tasks to queue
[2026-08-08T18:25:04.726+0000] {logging_mixin.py:190} INFO - [2026-08-08T18:25:04.726+0000] {dagbag.py:587} INFO - Filling up the DagBag from /home/airflow/.local/lib/python3.12/site-packages/airflow/example_dags/example_latest_only.py
[2026-08-08T18:25:04.735+0000] {processor.py:925} INFO - DAG(s) 'latest_only' retrieved from /home/airflow/.local/lib/python3.12/site-packages/airflow/example_dags/example_latest_only.py
[2026-08-08T18:25:04.756+0000] {logging_mixin.py:190} INFO - [2026-08-08T18:25:04.756+0000] {dag.py:3211} INFO - Sync 1 DAGs
[2026-08-08T18:25:04.777+0000] {logging_mixin.py:190} INFO - [2026-08-08T18:25:04.777+0000] {dag.py:4138} INFO - Setting next_dagrun for latest_only to 2026-08-08 12:00:00+00:00, run_after=2026-08-08 16:00:00+00:00
[2026-08-08T18:25:04.794+0000] {processor.py:208} INFO - Processing /home/airflow/.local/lib/python3.12/site-packages/airflow/example_dags/example_latest_only.py took 0.078 seconds
[2026-08-08T18:25:35.058+0000] {processor.py:186} INFO - Started process (PID=631) to work on /home/airflow/.local/lib/python3.12/site-packages/airflow/example_dags/example_latest_only.py
[2026-08-08T18:25:35.060+0000] {processor.py:914} INFO - Processing file /home/airflow/.local/lib/python3.12/site-packages/airflow/example_dags/example_latest_only.py for tasks to queue
[2026-08-08T18:25:35.062+0000] {logging_mixin.py:190} INFO - [2026-08-08T18:25:35.062+0000] {dagbag.py:587} INFO - Filling up the DagBag from /home/airflow/.local/lib/python3.12/site-packages/airflow/example_dags/example_latest_only.py
[2026-08-08T18:25:35.070+0000] {processor.py:925} INFO - DAG(s) 'latest_only' retrieved from /home/airflow/.local/lib/python3.12/site-packages/airflow/example_dags/example_latest_only.py
[2026-08-08T18:25:35.089+0000] {logging_mixin.py:190} INFO - [2026-08-08T18:25:35.089+0000] {dag.py:3211} INFO - Sync 1 DAGs
[2026-08-08T18:25:35.108+0000] {logging_mixin.py:190} INFO - [2026-08-08T18:25:35.108+0000] {dag.py:4138} INFO - Setting next_dagrun for latest_only to 2026-08-08 12:00:00+00:00, run_after=2026-08-08 16:00:00+00:00
[2026-08-08T18:25:35.125+0000] {processor.py:208} INFO - Processing /home/airflow/.local/lib/python3.12/site-packages/airflow/example_dags/example_latest_only.py took 0.074 seconds
[2026-08-08T18:26:05.714+0000] {processor.py:186} INFO - Started process (PID=695) to work on /home/airflow/.local/lib/python3.12/site-packages/airflow/example_dags/example_latest_only.py
[2026-08-08T18:26:05.716+0000] {processor.py:914} INFO - Processing file /home/airflow/.local/lib/python3.12/site-packages/airflow/example_dags/example_latest_only.py for tasks to queue
[2026-08-08T18:26:05.720+0000] {logging_mixin.py:190} INFO - [2026-08-08T18:26:05.719+0000] {dagbag.py:587} INFO - Filling up the DagBag from /home/airflow/.local/lib/python3.12/site-packages/airflow/example_dags/example_latest_only.py
[2026-08-08T18:26:05.729+0000] {processor.py:925} INFO - DAG(s) 'latest_only' retrieved from /home/airflow/.local/lib/python3.12/site-packages/airflow/example_dags/example_latest_only.py
[2026-08-08T18:26:05.753+0000] {logging_mixin.py:190} INFO - [2026-08-08T18:26:05.753+0000] {dag.py:3211} INFO - Sync 1 DAGs
[2026-08-08T18:26:05.774+0000] {logging_mixin.py:190} INFO - [2026-08-08T18:26:05.774+0000] {dag.py:4138} INFO - Setting next_dagrun for latest_only to 2026-08-08 12:00:00+00:00, run_after=2026-08-08 16:00:00+00:00
[2026-08-08T18:26:05.793+0000] {processor.py:208} INFO - Processing /home/airflow/.local/lib/python3.12/site-packages/airflow/example_dags/example_latest_only.py took 0.085 seconds
[2026-08-08T18:26:36.494+0000] {processor.py:186} INFO - Started process (PID=758) to work on /home/airflow/.local/lib/python3.12/site-packages/airflow/example_dags/example_latest_only.py
[2026-08-08T18:26:36.496+0000] {processor.py:914} INFO - Processing file /home/airflow/.local/lib/python3.12/site-packages/airflow/example_dags/example_latest_only.py for tasks to queue
[2026-08-08T18:26:36.498+0000] {logging_mixin.py:190} INFO - [2026-08-08T18:26:36.498+0000] {dagbag.py:587} INFO - Filling up the DagBag from /home/airflow/.local/lib/python3.12/site-packages/airflow/example_dags/example_latest_only.py
[2026-08-08T18:26:36.506+0000] {processor.py:925} INFO - DAG(s) 'latest_only' retrieved from /home/airflow/.local/lib/python3.12/site-packages/airflow/example_dags/example_latest_only.py
[2026-08-08T18:26:36.534+0000] {logging_mixin.py:190} INFO - [2026-08-08T18:26:36.534+0000] {dag.py:3211} INFO - Sync 1 DAGs
[2026-08-08T18:26:36.557+0000] {logging_mixin.py:190} INFO - [2026-08-08T18:26:36.556+0000] {dag.py:4138} INFO - Setting next_dagrun for latest_only to 2026-08-08 12:00:00+00:00, run_after=2026-08-08 16:00:00+00:00
[2026-08-08T18:26:36.578+0000] {processor.py:208} INFO - Processing /home/airflow/.local/lib/python3.12/site-packages/airflow/example_dags/example_latest_only.py took 0.091 seconds
