[2026-08-08T17:25:10.880+0000] {processor.py:186} INFO - Started process (PID=96) to work on /home/airflow/.local/lib/python3.12/site-packages/airflow/example_dags/example_complex.py
[2026-08-08T17:25:10.881+0000] {processor.py:914} INFO - Processing file /home/airflow/.local/lib/python3.12/site-packages/airflow/example_dags/example_complex.py for tasks to queue
[2026-08-08T17:25:10.884+0000] {logging_mixin.py:190} INFO - [2026-08-08T17:25:10.883+0000] {dagbag.py:587} INFO - Filling up the DagBag from /home/airflow/.local/lib/python3.12/site-packages/airflow/example_dags/example_complex.py
[2026-08-08T17:25:10.899+0000] {processor.py:925} INFO - DAG(s) 'example_complex' retrieved from /home/airflow/.local/lib/python3.12/site-packages/airflow/example_dags/example_complex.py
[2026-08-08T17:25:11.034+0000] {logging_mixin.py:190} INFO - [2026-08-08T17:25:11.034+0000] {override.py:1858} INFO - Created Permission View: can delete on DAG:example_complex
[2026-08-08T17:25:11.048+0000] {logging_mixin.py:190} INFO - [2026-08-08T17:25:11.047+0000] {override.py:1858} INFO - Created Permission View: can edit on DAG:example_complex
[2026-08-08T17:25:11.056+0000] {logging_mixin.py:190} INFO - [2026-08-08T17:25:11.056+0000] {override.py:1858} INFO - Created Permission View: can read on DAG:example_complex
[2026-08-08T17:25:11.057+0000] {logging_mixin.py:190} INFO - [2026-08-08T17:25:11.057+0000] {dag.py:3211} INFO - Sync 1 DAGs
[2026-08-08T17:25:11.070+0000] {logging_mixin.py:190} INFO - [2026-08-08T17:25:11.069+0000] {dag.py:3234} INFO - Creating ORM DAG for example_complex
[2026-08-08T17:25:11.071+0000] {logging_mixin.py:190} INFO - [2026-08-08T17:25:11.071+0000] {dag.py:4138} INFO - Setting next_dagrun for example_complex to None, run_after=None
[2026-08-08T17:25:11.094+0000] {processor.py:208} INFO - Processing /home/airflow/.local/lib/python3.12/site-packages/airflow/example_dags/example_complex.py took 0.220 seconds
[2026-08-08T17:25:41.539+0000] {processor.py:186} INFO - Started process (PID=159) to work on /home/airflow/.local/lib/python3.12/site-packages/airflow/example_dags/example_complex.py
[2026-08-08T17:25:41.540+0000] {processor.py:914} INFO - Processing file /home/airflow/.local/lib/python3.12/site-packages/airflow/example_dags/example_complex.py for tasks to queue
[2026-08-08T17:25:41.543+0000] {logging_mixin.py:190} INFO - [2026-08-08T17:25:41.543+0000] {dagbag.py:587} INFO - Filling up the DagBag from /home/airflow/.local/lib/python3.12/site-packages/airflow/example_dags/example_complex.py
[2026-08-08T17:25:41.554+0000] {processor.py:925} INFO - DAG(s) 'example_complex' retrieved from /home/airflow/.local/lib/python3.12/site-packages/airflow/example_dags/example_complex.py
[2026-08-08T17:25:41.581+0000] {logging_mixin.py:190} INFO - [2026-08-08T17:25:41.581+0000] {dag.py:3211} INFO - Sync 1 DAGs
[2026-08-08T17:25:41.593+0000] {logging_mixin.py:190} INFO - [2026-08-08T17:25:41.593+0000] {dag.py:4138} INFO - Setting next_dagrun for example_complex to None, run_after=None
[2026-08-08T17:25:41.616+0000] {processor.py:208} INFO - Processing /home/airflow/.local/lib/python3.12/site-packages/airflow/example_dags/example_complex.py took 0.083 seconds
[2026-08-08T17:26:12.132+0000] {processor.py:186} INFO - Started process (PID=222) to work on /home/airflow/.local/lib/python3.12/site-packages/airflow/example_dags/example_complex.py
[2026-08-08T17:26:12.133+0000] {processor.py:914} INFO - Processing file /home/airflow/.local/lib/python3.12/site-packages/airflow/example_dags/example_complex.py for tasks to queue
[2026-08-08T17:26:12.137+0000] {logging_mixin.py:190} INFO - [2026-08-08T17:26:12.137+0000] {dagbag.py:587} INFO - Filling up the DagBag from /home/airflow/.local/lib/python3.12/site-packages/airflow/example_dags/example_complex.py
[2026-08-08T17:26:12.155+0000] {processor.py:925} INFO - DAG(s) 'example_complex' retrieved from /home/airflow/.local/lib/python3.12/site-packages/airflow/example_dags/example_complex.py
[2026-08-08T17:26:12.196+0000] {logging_mixin.py:190} INFO - [2026-08-08T17:26:12.196+0000] {dag.py:3211} INFO - Sync 1 DAGs
[2026-08-08T17:26:12.213+0000] {logging_mixin.py:190} INFO - [2026-08-08T17:26:12.213+0000] {dag.py:4138} INFO - Setting next_dagrun for example_complex to None, run_after=None
[2026-08-08T17:26:12.242+0000] {processor.py:208} INFO - Processing /home/airflow/.local/lib/python3.12/site-packages/airflow/example_dags/example_complex.py took 0.118 seconds
[2026-08-08T17:26:42.391+0000] {processor.py:186} INFO - Started process (PID=285) to work on /home/airflow/.local/lib/python3.12/site-packages/airflow/example_dags/example_complex.py
[2026-08-08T17:26:42.392+0000] {processor.py:914} INFO - Processing file /home/airflow/.local/lib/python3.12/site-packages/airflow/example_dags/example_complex.py for tasks to queue
[2026-08-08T17:26:42.396+0000] {logging_mixin.py:190} INFO - [2026-08-08T17:26:42.395+0000] {dagbag.py:587} INFO - Filling up the DagBag from /home/airflow/.local/lib/python3.12/site-packages/airflow/example_dags/example_complex.py
[2026-08-08T17:26:42.413+0000] {processor.py:925} INFO - DAG(s) 'example_complex' retrieved from /home/airflow/.local/lib/python3.12/site-packages/airflow/example_dags/example_complex.py
[2026-08-08T17:26:42.456+0000] {logging_mixin.py:190} INFO - [2026-08-08T17:26:42.455+0000] {dag.py:3211} INFO - Sync 1 DAGs
[2026-08-08T17:26:42.478+0000] {logging_mixin.py:190} INFO - [2026-08-08T17:26:42.478+0000] {dag.py:4138} INFO - Setting next_dagrun for example_complex to None, run_after=None
[2026-08-08T17:26:42.520+0000] {processor.py:208} INFO - Processing /home/airflow/.local/lib/python3.12/site-packages/airflow/example_dags/example_complex.py took 0.135 seconds
[2026-08-08T17:27:12.892+0000] {processor.py:186} INFO - Started process (PID=348) to work on /home/airflow/.local/lib/python3.12/site-packages/airflow/example_dags/example_complex.py
[2026-08-08T17:27:12.894+0000] {processor.py:914} INFO - Processing file /home/airflow/.local/lib/python3.12/site-packages/airflow/example_dags/example_complex.py for tasks to queue
[2026-08-08T17:27:12.896+0000] {logging_mixin.py:190} INFO - [2026-08-08T17:27:12.896+0000] {dagbag.py:587} INFO - Filling up the DagBag from /home/airflow/.local/lib/python3.12/site-packages/airflow/example_dags/example_complex.py
[2026-08-08T17:27:12.906+0000] {processor.py:925} INFO - DAG(s) 'example_complex' retrieved from /home/airflow/.local/lib/python3.12/site-packages/airflow/example_dags/example_complex.py
[2026-08-08T17:27:12.932+0000] {logging_mixin.py:190} INFO - [2026-08-08T17:27:12.931+0000] {dag.py:3211} INFO - Sync 1 DAGs
[2026-08-08T17:27:12.944+0000] {logging_mixin.py:190} INFO - [2026-08-08T17:27:12.943+0000] {dag.py:4138} INFO - Setting next_dagrun for example_complex to None, run_after=None
[2026-08-08T17:27:12.963+0000] {processor.py:208} INFO - Processing /home/airflow/.local/lib/python3.12/site-packages/airflow/example_dags/example_complex.py took 0.078 seconds
[2026-08-08T17:27:43.415+0000] {processor.py:186} INFO - Started process (PID=411) to work on /home/airflow/.local/lib/python3.12/site-packages/airflow/example_dags/example_complex.py
[2026-08-08T17:27:43.417+0000] {processor.py:914} INFO - Processing file /home/airflow/.local/lib/python3.12/site-packages/airflow/example_dags/example_complex.py for tasks to queue
[2026-08-08T17:27:43.419+0000] {logging_mixin.py:190} INFO - [2026-08-08T17:27:43.419+0000] {dagbag.py:587} INFO - Filling up the DagBag from /home/airflow/.local/lib/python3.12/site-packages/airflow/example_dags/example_complex.py
[2026-08-08T17:27:43.433+0000] {processor.py:925} INFO - DAG(s) 'example_complex' retrieved from /home/airflow/.local/lib/python3.12/site-packages/airflow/example_dags/example_complex.py
[2026-08-08T17:27:43.460+0000] {logging_mixin.py:190} INFO - [2026-08-08T17:27:43.460+0000] {dag.py:3211} INFO - Sync 1 DAGs
[2026-08-08T17:27:43.475+0000] {logging_mixin.py:190} INFO - [2026-08-08T17:27:43.475+0000] {dag.py:4138} INFO - Setting next_dagrun for example_complex to None, run_after=None
[2026-08-08T17:27:43.499+0000] {processor.py:208} INFO - Processing /home/airflow/.local/lib/python3.12/site-packages/airflow/example_dags/example_complex.py took 0.091 seconds
[2026-08-08T17:28:13.903+0000] {processor.py:186} INFO - Started process (PID=474) to work on /home/airflow/.local/lib/python3.12/site-packages/airflow/example_dags/example_complex.py
[2026-08-08T17:28:13.904+0000] {processor.py:914} INFO - Processing file /home/airflow/.local/lib/python3.12/site-packages/airflow/example_dags/example_complex.py for tasks to queue
[2026-08-08T17:28:13.906+0000] {logging_mixin.py:190} INFO - [2026-08-08T17:28:13.906+0000] {dagbag.py:587} INFO - Filling up the DagBag from /home/airflow/.local/lib/python3.12/site-packages/airflow/example_dags/example_complex.py
[2026-08-08T17:28:13.916+0000] {processor.py:925} INFO - DAG(s) 'example_complex' retrieved from /home/airflow/.local/lib/python3.12/site-packages/airflow/example_dags/example_complex.py
[2026-08-08T17:28:13.944+0000] {logging_mixin.py:190} INFO - [2026-08-08T17:28:13.944+0000] {dag.py:3211} INFO - Sync 1 DAGs
[2026-08-08T17:28:13.956+0000] {logging_mixin.py:190} INFO - [2026-08-08T17:28:13.956+0000] {dag.py:4138} INFO - Setting next_dagrun for example_complex to None, run_after=None
[2026-08-08T17:28:13.975+0000] {processor.py:208} INFO - Processing /home/airflow/.local/lib/python3.12/site-packages/airflow/example_dags/example_complex.py took 0.078 seconds
[2026-08-08T17:28:44.802+0000] {processor.py:186} INFO - Started process (PID=537) to work on /home/airflow/.local/lib/python3.12/site-packages/airflow/example_dags/example_complex.py
[2026-08-08T17:28:44.804+0000] {processor.py:914} INFO - Processing file /home/airflow/.local/lib/python3.12/site-packages/airflow/example_dags/example_complex.py for tasks to queue
[2026-08-08T17:28:44.806+0000] {logging_mixin.py:190} INFO - [2026-08-08T17:28:44.806+0000] {dagbag.py:587} INFO - Filling up the DagBag from /home/airflow/.local/lib/python3.12/site-packages/airflow/example_dags/example_complex.py
[2026-08-08T17:28:44.820+0000] {processor.py:925} INFO - DAG(s) 'example_complex' retrieved from /home/airflow/.local/lib/python3.12/site-packages/airflow/example_dags/example_complex.py
[2026-08-08T17:28:44.852+0000] {logging_mixin.py:190} INFO - [2026-08-08T17:28:44.851+0000] {dag.py:3211} INFO - Sync 1 DAGs
[2026-08-08T17:28:44.866+0000] {logging_mixin.py:190} INFO - [2026-08-08T17:28:44.865+0000] {dag.py:4138} INFO - Setting next_dagrun for example_complex to None, run_after=None
[2026-08-08T17:28:44.889+0000] {processor.py:208} INFO - Processing /home/airflow/.local/lib/python3.12/site-packages/airflow/example_dags/example_complex.py took 0.095 seconds
[2026-08-08T17:29:15.026+0000] {processor.py:186} INFO - Started process (PID=600) to work on /home/airflow/.local/lib/python3.12/site-packages/airflow/example_dags/example_complex.py
[2026-08-08T17:29:15.027+0000] {processor.py:914} INFO - Processing file /home/airflow/.local/lib/python3.12/site-packages/airflow/example_dags/example_complex.py for tasks to queue
[2026-08-08T17:29:15.030+0000] {logging_mixin.py:190} INFO - [2026-08-08T17:29:15.030+0000] {dagbag.py:587} INFO - Filling up the DagBag from /home/airflow/.local/lib/python3.12/site-packages/airflow/example_dags/example_complex.py
[2026-08-08T17:29:15.043+0000] {processor.py:925} INFO - DAG(s) 'example_complex' retrieved from /home/airflow/.local/lib/python3.12/site-packages/airflow/example_dags/example_complex.py
[2026-08-08T17:29:15.076+0000] {logging_mixin.py:190} INFO - [2026-08-08T17:29:15.076+0000] {dag.py:3211} INFO - Sync 1 DAGs
[2026-08-08T17:29:15.092+0000] {logging_mixin.py:190} INFO - [2026-08-08T17:29:15.092+0000] {dag.py:4138} INFO - Setting next_dagrun for example_complex to None, run_after=None
[2026-08-08T17:29:15.113+0000] {processor.py:208} INFO - Processing /home/airflow/.local/lib/python3.12/site-packages/airflow/example_dags/example_complex.py took 0.096 seconds
[2026-08-08T17:29:45.263+0000] {processor.py:186} INFO - Started process (PID=663) to work on /home/airflow/.local/lib/python3.12/site-packages/airflow/example_dags/example_complex.py
[2026-08-08T17:29:45.264+0000] {processor.py:914} INFO - Processing file /home/airflow/.local/lib/python3.12/site-packages/airflow/example_dags/example_complex.py for tasks to queue
[2026-08-08T17:29:45.266+0000] {logging_mixin.py:190} INFO - [2026-08-08T17:29:45.266+0000] {dagbag.py:587} INFO - Filling up the DagBag from /home/airflow/.local/lib/python3.12/site-packages/airflow/example_dags/example_complex.py
[2026-08-08T17:29:45.276+0000] {processor.py:925} INFO - DAG(s) 'example_complex' retrieved from /home/airflow/.local/lib/python3.12/site-packages/airflow/example_dags/example_complex.py
[2026-08-08T17:29:45.308+0000] {logging_mixin.py:190} INFO - [2026-08-08T17:29:45.308+0000] {dag.py:3211} INFO - Sync 1 DAGs
[2026-08-08T17:29:45.322+0000] {logging_mixin.py:190} INFO - [2026-08-08T17:29:45.321+0000] {dag.py:4138} INFO - Setting next_dagrun for example_complex to None, run_after=None
[2026-08-08T17:29:45.342+0000] {processor.py:208} INFO - Processing /home/airflow/.local/lib/python3.12/site-packages/airflow/example_dags/example_complex.py took 0.085 seconds
[2026-08-08T17:30:16.229+0000] {processor.py:186} INFO - Started process (PID=726) to work on /home/airflow/.local/lib/python3.12/site-packages/airflow/example_dags/example_complex.py
[2026-08-08T17:30:16.230+0000] {processor.py:914} INFO - Processing file /home/airflow/.local/lib/python3.12/site-packages/airflow/example_dags/example_complex.py for tasks to queue
[2026-08-08T17:30:16.236+0000] {logging_mixin.py:190} INFO - [2026-08-08T17:30:16.235+0000] {dagbag.py:587} INFO - Filling up the DagBag from /home/airflow/.local/lib/python3.12/site-packages/airflow/example_dags/example_complex.py
[2026-08-08T17:30:16.256+0000] {processor.py:925} INFO - DAG(s) 'example_complex' retrieved from /home/airflow/.local/lib/python3.12/site-packages/airflow/example_dags/example_complex.py
[2026-08-08T17:30:16.313+0000] {logging_mixin.py:190} INFO - [2026-08-08T17:30:16.312+0000] {dag.py:3211} INFO - Sync 1 DAGs
[2026-08-08T17:30:16.336+0000] {logging_mixin.py:190} INFO - [2026-08-08T17:30:16.335+0000] {dag.py:4138} INFO - Setting next_dagrun for example_complex to None, run_after=None
[2026-08-08T17:30:16.365+0000] {processor.py:208} INFO - Processing /home/airflow/.local/lib/python3.12/site-packages/airflow/example_dags/example_complex.py took 0.145 seconds
[2026-08-08T17:30:46.718+0000] {processor.py:186} INFO - Started process (PID=789) to work on /home/airflow/.local/lib/python3.12/site-packages/airflow/example_dags/example_complex.py
[2026-08-08T17:30:46.719+0000] {processor.py:914} INFO - Processing file /home/airflow/.local/lib/python3.12/site-packages/airflow/example_dags/example_complex.py for tasks to queue
[2026-08-08T17:30:46.721+0000] {logging_mixin.py:190} INFO - [2026-08-08T17:30:46.721+0000] {dagbag.py:587} INFO - Filling up the DagBag from /home/airflow/.local/lib/python3.12/site-packages/airflow/example_dags/example_complex.py
[2026-08-08T17:30:46.733+0000] {processor.py:925} INFO - DAG(s) 'example_complex' retrieved from /home/airflow/.local/lib/python3.12/site-packages/airflow/example_dags/example_complex.py
[2026-08-08T17:30:46.759+0000] {logging_mixin.py:190} INFO - [2026-08-08T17:30:46.759+0000] {dag.py:3211} INFO - Sync 1 DAGs
[2026-08-08T17:30:46.775+0000] {logging_mixin.py:190} INFO - [2026-08-08T17:30:46.775+0000] {dag.py:4138} INFO - Setting next_dagrun for example_complex to None, run_after=None
[2026-08-08T17:30:46.799+0000] {processor.py:208} INFO - Processing /home/airflow/.local/lib/python3.12/site-packages/airflow/example_dags/example_complex.py took 0.089 seconds
[2026-08-08T17:31:17.433+0000] {processor.py:186} INFO - Started process (PID=852) to work on /home/airflow/.local/lib/python3.12/site-packages/airflow/example_dags/example_complex.py
[2026-08-08T17:31:17.439+0000] {processor.py:914} INFO - Processing file /home/airflow/.local/lib/python3.12/site-packages/airflow/example_dags/example_complex.py for tasks to queue
[2026-08-08T17:31:17.458+0000] {logging_mixin.py:190} INFO - [2026-08-08T17:31:17.455+0000] {dagbag.py:587} INFO - Filling up the DagBag from /home/airflow/.local/lib/python3.12/site-packages/airflow/example_dags/example_complex.py
[2026-08-08T17:31:17.477+0000] {processor.py:925} INFO - DAG(s) 'example_complex' retrieved from /home/airflow/.local/lib/python3.12/site-packages/airflow/example_dags/example_complex.py
[2026-08-08T17:31:17.542+0000] {logging_mixin.py:190} INFO - [2026-08-08T17:31:17.541+0000] {dag.py:3211} INFO - Sync 1 DAGs
[2026-08-08T17:31:17.585+0000] {logging_mixin.py:190} INFO - [2026-08-08T17:31:17.585+0000] {dag.py:4138} INFO - Setting next_dagrun for example_complex to None, run_after=None
[2026-08-08T17:31:17.622+0000] {processor.py:208} INFO - Processing /home/airflow/.local/lib/python3.12/site-packages/airflow/example_dags/example_complex.py took 0.219 seconds
[2026-08-08T17:31:47.713+0000] {processor.py:186} INFO - Started process (PID=915) to work on /home/airflow/.local/lib/python3.12/site-packages/airflow/example_dags/example_complex.py
[2026-08-08T17:31:47.714+0000] {processor.py:914} INFO - Processing file /home/airflow/.local/lib/python3.12/site-packages/airflow/example_dags/example_complex.py for tasks to queue
[2026-08-08T17:31:47.717+0000] {logging_mixin.py:190} INFO - [2026-08-08T17:31:47.717+0000] {dagbag.py:587} INFO - Filling up the DagBag from /home/airflow/.local/lib/python3.12/site-packages/airflow/example_dags/example_complex.py
[2026-08-08T17:31:47.726+0000] {processor.py:925} INFO - DAG(s) 'example_complex' retrieved from /home/airflow/.local/lib/python3.12/site-packages/airflow/example_dags/example_complex.py
[2026-08-08T17:31:47.752+0000] {logging_mixin.py:190} INFO - [2026-08-08T17:31:47.751+0000] {dag.py:3211} INFO - Sync 1 DAGs
[2026-08-08T17:31:47.762+0000] {logging_mixin.py:190} INFO - [2026-08-08T17:31:47.762+0000] {dag.py:4138} INFO - Setting next_dagrun for example_complex to None, run_after=None
[2026-08-08T17:31:47.783+0000] {processor.py:208} INFO - Processing /home/airflow/.local/lib/python3.12/site-packages/airflow/example_dags/example_complex.py took 0.076 seconds
[2026-08-08T17:32:18.177+0000] {processor.py:186} INFO - Started process (PID=978) to work on /home/airflow/.local/lib/python3.12/site-packages/airflow/example_dags/example_complex.py
[2026-08-08T17:32:18.178+0000] {processor.py:914} INFO - Processing file /home/airflow/.local/lib/python3.12/site-packages/airflow/example_dags/example_complex.py for tasks to queue
[2026-08-08T17:32:18.181+0000] {logging_mixin.py:190} INFO - [2026-08-08T17:32:18.180+0000] {dagbag.py:587} INFO - Filling up the DagBag from /home/airflow/.local/lib/python3.12/site-packages/airflow/example_dags/example_complex.py
[2026-08-08T17:32:18.191+0000] {processor.py:925} INFO - DAG(s) 'example_complex' retrieved from /home/airflow/.local/lib/python3.12/site-packages/airflow/example_dags/example_complex.py
[2026-08-08T17:32:18.215+0000] {logging_mixin.py:190} INFO - [2026-08-08T17:32:18.215+0000] {dag.py:3211} INFO - Sync 1 DAGs
[2026-08-08T17:32:18.229+0000] {logging_mixin.py:190} INFO - [2026-08-08T17:32:18.229+0000] {dag.py:4138} INFO - Setting next_dagrun for example_complex to None, run_after=None
[2026-08-08T17:32:18.247+0000] {processor.py:208} INFO - Processing /home/airflow/.local/lib/python3.12/site-packages/airflow/example_dags/example_complex.py took 0.077 seconds
[2026-08-08T17:32:48.570+0000] {processor.py:186} INFO - Started process (PID=1041) to work on /home/airflow/.local/lib/python3.12/site-packages/airflow/example_dags/example_complex.py
[2026-08-08T17:32:48.571+0000] {processor.py:914} INFO - Processing file /home/airflow/.local/lib/python3.12/site-packages/airflow/example_dags/example_complex.py for tasks to queue
[2026-08-08T17:32:48.575+0000] {logging_mixin.py:190} INFO - [2026-08-08T17:32:48.574+0000] {dagbag.py:587} INFO - Filling up the DagBag from /home/airflow/.local/lib/python3.12/site-packages/airflow/example_dags/example_complex.py
[2026-08-08T17:32:48.590+0000] {processor.py:925} INFO - DAG(s) 'example_complex' retrieved from /home/airflow/.local/lib/python3.12/site-packages/airflow/example_dags/example_complex.py
[2026-08-08T17:32:48.634+0000] {logging_mixin.py:190} INFO - [2026-08-08T17:32:48.634+0000] {dag.py:3211} INFO - Sync 1 DAGs
[2026-08-08T17:32:48.649+0000] {logging_mixin.py:190} INFO - [2026-08-08T17:32:48.649+0000] {dag.py:4138} INFO - Setting next_dagrun for example_complex to None, run_after=None
[2026-08-08T17:32:48.673+0000] {processor.py:208} INFO - Processing /home/airflow/.local/lib/python3.12/site-packages/airflow/example_dags/example_complex.py took 0.111 seconds
[2026-08-08T17:33:19.240+0000] {processor.py:186} INFO - Started process (PID=1104) to work on /home/airflow/.local/lib/python3.12/site-packages/airflow/example_dags/example_complex.py
[2026-08-08T17:33:19.244+0000] {processor.py:914} INFO - Processing file /home/airflow/.local/lib/python3.12/site-packages/airflow/example_dags/example_complex.py for tasks to queue
[2026-08-08T17:33:19.248+0000] {logging_mixin.py:190} INFO - [2026-08-08T17:33:19.248+0000] {dagbag.py:587} INFO - Filling up the DagBag from /home/airflow/.local/lib/python3.12/site-packages/airflow/example_dags/example_complex.py
[2026-08-08T17:33:19.272+0000] {processor.py:925} INFO - DAG(s) 'example_complex' retrieved from /home/airflow/.local/lib/python3.12/site-packages/airflow/example_dags/example_complex.py
[2026-08-08T17:33:19.313+0000] {logging_mixin.py:190} INFO - [2026-08-08T17:33:19.313+0000] {dag.py:3211} INFO - Sync 1 DAGs
[2026-08-08T17:33:19.342+0000] {logging_mixin.py:190} INFO - [2026-08-08T17:33:19.341+0000] {dag.py:4138} INFO - Setting next_dagrun for example_complex to None, run_after=None
[2026-08-08T17:33:19.375+0000] {processor.py:208} INFO - Processing /home/airflow/.local/lib/python3.12/site-packages/airflow/example_dags/example_complex.py took 0.148 seconds
[2026-08-08T17:33:49.625+0000] {processor.py:186} INFO - Started process (PID=1167) to work on /home/airflow/.local/lib/python3.12/site-packages/airflow/example_dags/example_complex.py
[2026-08-08T17:33:49.626+0000] {processor.py:914} INFO - Processing file /home/airflow/.local/lib/python3.12/site-packages/airflow/example_dags/example_complex.py for tasks to queue
[2026-08-08T17:33:49.629+0000] {logging_mixin.py:190} INFO - [2026-08-08T17:33:49.629+0000] {dagbag.py:587} INFO - Filling up the DagBag from /home/airflow/.local/lib/python3.12/site-packages/airflow/example_dags/example_complex.py
[2026-08-08T17:33:49.640+0000] {processor.py:925} INFO - DAG(s) 'example_complex' retrieved from /home/airflow/.local/lib/python3.12/site-packages/airflow/example_dags/example_complex.py
[2026-08-08T17:33:49.671+0000] {logging_mixin.py:190} INFO - [2026-08-08T17:33:49.671+0000] {dag.py:3211} INFO - Sync 1 DAGs
[2026-08-08T17:33:49.686+0000] {logging_mixin.py:190} INFO - [2026-08-08T17:33:49.686+0000] {dag.py:4138} INFO - Setting next_dagrun for example_complex to None, run_after=None
[2026-08-08T17:33:49.706+0000] {processor.py:208} INFO - Processing /home/airflow/.local/lib/python3.12/site-packages/airflow/example_dags/example_complex.py took 0.088 seconds
[2026-08-08T17:34:19.980+0000] {processor.py:186} INFO - Started process (PID=1230) to work on /home/airflow/.local/lib/python3.12/site-packages/airflow/example_dags/example_complex.py
[2026-08-08T17:34:19.981+0000] {processor.py:914} INFO - Processing file /home/airflow/.local/lib/python3.12/site-packages/airflow/example_dags/example_complex.py for tasks to queue
[2026-08-08T17:34:19.983+0000] {logging_mixin.py:190} INFO - [2026-08-08T17:34:19.983+0000] {dagbag.py:587} INFO - Filling up the DagBag from /home/airflow/.local/lib/python3.12/site-packages/airflow/example_dags/example_complex.py
[2026-08-08T17:34:19.993+0000] {processor.py:925} INFO - DAG(s) 'example_complex' retrieved from /home/airflow/.local/lib/python3.12/site-packages/airflow/example_dags/example_complex.py
[2026-08-08T17:34:20.023+0000] {logging_mixin.py:190} INFO - [2026-08-08T17:34:20.023+0000] {dag.py:3211} INFO - Sync 1 DAGs
[2026-08-08T17:34:20.036+0000] {logging_mixin.py:190} INFO - [2026-08-08T17:34:20.036+0000] {dag.py:4138} INFO - Setting next_dagrun for example_complex to None, run_after=None
[2026-08-08T17:34:20.053+0000] {processor.py:208} INFO - Processing /home/airflow/.local/lib/python3.12/site-packages/airflow/example_dags/example_complex.py took 0.080 seconds
[2026-08-08T17:34:50.893+0000] {processor.py:186} INFO - Started process (PID=1293) to work on /home/airflow/.local/lib/python3.12/site-packages/airflow/example_dags/example_complex.py
[2026-08-08T17:34:50.894+0000] {processor.py:914} INFO - Processing file /home/airflow/.local/lib/python3.12/site-packages/airflow/example_dags/example_complex.py for tasks to queue
[2026-08-08T17:34:50.897+0000] {logging_mixin.py:190} INFO - [2026-08-08T17:34:50.896+0000] {dagbag.py:587} INFO - Filling up the DagBag from /home/airflow/.local/lib/python3.12/site-packages/airflow/example_dags/example_complex.py
[2026-08-08T17:34:50.907+0000] {processor.py:925} INFO - DAG(s) 'example_complex' retrieved from /home/airflow/.local/lib/python3.12/site-packages/airflow/example_dags/example_complex.py
[2026-08-08T17:34:50.935+0000] {logging_mixin.py:190} INFO - [2026-08-08T17:34:50.935+0000] {dag.py:3211} INFO - Sync 1 DAGs
[2026-08-08T17:34:50.946+0000] {logging_mixin.py:190} INFO - [2026-08-08T17:34:50.946+0000] {dag.py:4138} INFO - Setting next_dagrun for example_complex to None, run_after=None
[2026-08-08T17:34:50.963+0000] {processor.py:208} INFO - Processing /home/airflow/.local/lib/python3.12/site-packages/airflow/example_dags/example_complex.py took 0.077 seconds
[2026-08-08T17:35:21.514+0000] {processor.py:186} INFO - Started process (PID=1356) to work on /home/airflow/.local/lib/python3.12/site-packages/airflow/example_dags/example_complex.py
[2026-08-08T17:35:21.516+0000] {processor.py:914} INFO - Processing file /home/airflow/.local/lib/python3.12/site-packages/airflow/example_dags/example_complex.py for tasks to queue
[2026-08-08T17:35:21.518+0000] {logging_mixin.py:190} INFO - [2026-08-08T17:35:21.518+0000] {dagbag.py:587} INFO - Filling up the DagBag from /home/airflow/.local/lib/python3.12/site-packages/airflow/example_dags/example_complex.py
[2026-08-08T17:35:21.529+0000] {processor.py:925} INFO - DAG(s) 'example_complex' retrieved from /home/airflow/.local/lib/python3.12/site-packages/airflow/example_dags/example_complex.py
[2026-08-08T17:35:21.555+0000] {logging_mixin.py:190} INFO - [2026-08-08T17:35:21.554+0000] {dag.py:3211} INFO - Sync 1 DAGs
[2026-08-08T17:35:21.568+0000] {logging_mixin.py:190} INFO - [2026-08-08T17:35:21.568+0000] {dag.py:4138} INFO - Setting next_dagrun for example_complex to None, run_after=None
[2026-08-08T17:35:21.585+0000] {processor.py:208} INFO - Processing /home/airflow/.local/lib/python3.12/site-packages/airflow/example_dags/example_complex.py took 0.077 seconds
[2026-08-08T17:35:52.565+0000] {processor.py:186} INFO - Started process (PID=1419) to work on /home/airflow/.local/lib/python3.12/site-packages/airflow/example_dags/example_complex.py
[2026-08-08T17:35:52.566+0000] {processor.py:914} INFO - Processing file /home/airflow/.local/lib/python3.12/site-packages/airflow/example_dags/example_complex.py for tasks to queue
[2026-08-08T17:35:52.569+0000] {logging_mixin.py:190} INFO - [2026-08-08T17:35:52.568+0000] {dagbag.py:587} INFO - Filling up the DagBag from /home/airflow/.local/lib/python3.12/site-packages/airflow/example_dags/example_complex.py
[2026-08-08T17:35:52.579+0000] {processor.py:925} INFO - DAG(s) 'example_complex' retrieved from /home/airflow/.local/lib/python3.12/site-packages/airflow/example_dags/example_complex.py
[2026-08-08T17:35:52.604+0000] {logging_mixin.py:190} INFO - [2026-08-08T17:35:52.604+0000] {dag.py:3211} INFO - Sync 1 DAGs
[2026-08-08T17:35:52.616+0000] {logging_mixin.py:190} INFO - [2026-08-08T17:35:52.616+0000] {dag.py:4138} INFO - Setting next_dagrun for example_complex to None, run_after=None
[2026-08-08T17:35:52.635+0000] {processor.py:208} INFO - Processing /home/airflow/.local/lib/python3.12/site-packages/airflow/example_dags/example_complex.py took 0.076 seconds
[2026-08-08T17:36:23.116+0000] {processor.py:186} INFO - Started process (PID=1482) to work on /home/airflow/.local/lib/python3.12/site-packages/airflow/example_dags/example_complex.py
[2026-08-08T17:36:23.118+0000] {processor.py:914} INFO - Processing file /home/airflow/.local/lib/python3.12/site-packages/airflow/example_dags/example_complex.py for tasks to queue
[2026-08-08T17:36:23.122+0000] {logging_mixin.py:190} INFO - [2026-08-08T17:36:23.121+0000] {dagbag.py:587} INFO - Filling up the DagBag from /home/airflow/.local/lib/python3.12/site-packages/airflow/example_dags/example_complex.py
[2026-08-08T17:36:23.137+0000] {processor.py:925} INFO - DAG(s) 'example_complex' retrieved from /home/airflow/.local/lib/python3.12/site-packages/airflow/example_dags/example_complex.py
[2026-08-08T17:36:23.170+0000] {logging_mixin.py:190} INFO - [2026-08-08T17:36:23.170+0000] {dag.py:3211} INFO - Sync 1 DAGs
[2026-08-08T17:36:23.184+0000] {logging_mixin.py:190} INFO - [2026-08-08T17:36:23.183+0000] {dag.py:4138} INFO - Setting next_dagrun for example_complex to None, run_after=None
[2026-08-08T17:36:23.229+0000] {processor.py:208} INFO - Processing /home/airflow/.local/lib/python3.12/site-packages/airflow/example_dags/example_complex.py took 0.121 seconds
[2026-08-08T17:38:15.766+0000] {processor.py:186} INFO - Started process (PID=84) to work on /home/airflow/.local/lib/python3.12/site-packages/airflow/example_dags/example_complex.py
[2026-08-08T17:38:15.767+0000] {processor.py:914} INFO - Processing file /home/airflow/.local/lib/python3.12/site-packages/airflow/example_dags/example_complex.py for tasks to queue
[2026-08-08T17:38:15.771+0000] {logging_mixin.py:190} INFO - [2026-08-08T17:38:15.771+0000] {dagbag.py:587} INFO - Filling up the DagBag from /home/airflow/.local/lib/python3.12/site-packages/airflow/example_dags/example_complex.py
[2026-08-08T17:38:15.782+0000] {processor.py:925} INFO - DAG(s) 'example_complex' retrieved from /home/airflow/.local/lib/python3.12/site-packages/airflow/example_dags/example_complex.py
[2026-08-08T17:38:15.813+0000] {logging_mixin.py:190} INFO - [2026-08-08T17:38:15.812+0000] {dag.py:3211} INFO - Sync 1 DAGs
[2026-08-08T17:38:15.826+0000] {logging_mixin.py:190} INFO - [2026-08-08T17:38:15.826+0000] {dag.py:4138} INFO - Setting next_dagrun for example_complex to None, run_after=None
[2026-08-08T17:38:15.845+0000] {processor.py:208} INFO - Processing /home/airflow/.local/lib/python3.12/site-packages/airflow/example_dags/example_complex.py took 0.086 seconds
[2026-08-08T17:38:46.503+0000] {processor.py:186} INFO - Started process (PID=147) to work on /home/airflow/.local/lib/python3.12/site-packages/airflow/example_dags/example_complex.py
[2026-08-08T17:38:46.510+0000] {processor.py:914} INFO - Processing file /home/airflow/.local/lib/python3.12/site-packages/airflow/example_dags/example_complex.py for tasks to queue
[2026-08-08T17:38:46.525+0000] {logging_mixin.py:190} INFO - [2026-08-08T17:38:46.524+0000] {dagbag.py:587} INFO - Filling up the DagBag from /home/airflow/.local/lib/python3.12/site-packages/airflow/example_dags/example_complex.py
[2026-08-08T17:38:46.546+0000] {processor.py:925} INFO - DAG(s) 'example_complex' retrieved from /home/airflow/.local/lib/python3.12/site-packages/airflow/example_dags/example_complex.py
[2026-08-08T17:38:46.586+0000] {logging_mixin.py:190} INFO - [2026-08-08T17:38:46.585+0000] {dag.py:3211} INFO - Sync 1 DAGs
[2026-08-08T17:38:46.605+0000] {logging_mixin.py:190} INFO - [2026-08-08T17:38:46.605+0000] {dag.py:4138} INFO - Setting next_dagrun for example_complex to None, run_after=None
[2026-08-08T17:38:46.638+0000] {processor.py:208} INFO - Processing /home/airflow/.local/lib/python3.12/site-packages/airflow/example_dags/example_complex.py took 0.146 seconds
[2026-08-08T17:39:16.742+0000] {processor.py:186} INFO - Started process (PID=210) to work on /home/airflow/.local/lib/python3.12/site-packages/airflow/example_dags/example_complex.py
[2026-08-08T17:39:16.743+0000] {processor.py:914} INFO - Processing file /home/airflow/.local/lib/python3.12/site-packages/airflow/example_dags/example_complex.py for tasks to queue
[2026-08-08T17:39:16.746+0000] {logging_mixin.py:190} INFO - [2026-08-08T17:39:16.745+0000] {dagbag.py:587} INFO - Filling up the DagBag from /home/airflow/.local/lib/python3.12/site-packages/airflow/example_dags/example_complex.py
[2026-08-08T17:39:16.758+0000] {processor.py:925} INFO - DAG(s) 'example_complex' retrieved from /home/airflow/.local/lib/python3.12/site-packages/airflow/example_dags/example_complex.py
[2026-08-08T17:39:16.787+0000] {logging_mixin.py:190} INFO - [2026-08-08T17:39:16.787+0000] {dag.py:3211} INFO - Sync 1 DAGs
[2026-08-08T17:39:16.800+0000] {logging_mixin.py:190} INFO - [2026-08-08T17:39:16.800+0000] {dag.py:4138} INFO - Setting next_dagrun for example_complex to None, run_after=None
[2026-08-08T17:39:16.823+0000] {processor.py:208} INFO - Processing /home/airflow/.local/lib/python3.12/site-packages/airflow/example_dags/example_complex.py took 0.087 seconds
[2026-08-08T17:39:47.930+0000] {processor.py:186} INFO - Started process (PID=273) to work on /home/airflow/.local/lib/python3.12/site-packages/airflow/example_dags/example_complex.py
[2026-08-08T17:39:47.932+0000] {processor.py:914} INFO - Processing file /home/airflow/.local/lib/python3.12/site-packages/airflow/example_dags/example_complex.py for tasks to queue
[2026-08-08T17:39:47.935+0000] {logging_mixin.py:190} INFO - [2026-08-08T17:39:47.935+0000] {dagbag.py:587} INFO - Filling up the DagBag from /home/airflow/.local/lib/python3.12/site-packages/airflow/example_dags/example_complex.py
[2026-08-08T17:39:47.948+0000] {processor.py:925} INFO - DAG(s) 'example_complex' retrieved from /home/airflow/.local/lib/python3.12/site-packages/airflow/example_dags/example_complex.py
[2026-08-08T17:39:47.978+0000] {logging_mixin.py:190} INFO - [2026-08-08T17:39:47.978+0000] {dag.py:3211} INFO - Sync 1 DAGs
[2026-08-08T17:39:47.995+0000] {logging_mixin.py:190} INFO - [2026-08-08T17:39:47.994+0000] {dag.py:4138} INFO - Setting next_dagrun for example_complex to None, run_after=None
[2026-08-08T17:39:48.019+0000] {processor.py:208} INFO - Processing /home/airflow/.local/lib/python3.12/site-packages/airflow/example_dags/example_complex.py took 0.095 seconds
[2026-08-08T17:42:39.670+0000] {processor.py:186} INFO - Started process (PID=96) to work on /home/airflow/.local/lib/python3.12/site-packages/airflow/example_dags/example_complex.py
[2026-08-08T17:42:39.672+0000] {processor.py:914} INFO - Processing file /home/airflow/.local/lib/python3.12/site-packages/airflow/example_dags/example_complex.py for tasks to queue
[2026-08-08T17:42:39.674+0000] {logging_mixin.py:190} INFO - [2026-08-08T17:42:39.674+0000] {dagbag.py:587} INFO - Filling up the DagBag from /home/airflow/.local/lib/python3.12/site-packages/airflow/example_dags/example_complex.py
[2026-08-08T17:42:39.691+0000] {processor.py:925} INFO - DAG(s) 'example_complex' retrieved from /home/airflow/.local/lib/python3.12/site-packages/airflow/example_dags/example_complex.py
[2026-08-08T17:42:39.719+0000] {logging_mixin.py:190} INFO - [2026-08-08T17:42:39.719+0000] {dag.py:3211} INFO - Sync 1 DAGs
[2026-08-08T17:42:39.732+0000] {logging_mixin.py:190} INFO - [2026-08-08T17:42:39.732+0000] {dag.py:4138} INFO - Setting next_dagrun for example_complex to None, run_after=None
[2026-08-08T17:42:39.753+0000] {processor.py:208} INFO - Processing /home/airflow/.local/lib/python3.12/site-packages/airflow/example_dags/example_complex.py took 0.089 seconds
[2026-08-08T17:43:10.339+0000] {processor.py:186} INFO - Started process (PID=159) to work on /home/airflow/.local/lib/python3.12/site-packages/airflow/example_dags/example_complex.py
[2026-08-08T17:43:10.341+0000] {processor.py:914} INFO - Processing file /home/airflow/.local/lib/python3.12/site-packages/airflow/example_dags/example_complex.py for tasks to queue
[2026-08-08T17:43:10.344+0000] {logging_mixin.py:190} INFO - [2026-08-08T17:43:10.344+0000] {dagbag.py:587} INFO - Filling up the DagBag from /home/airflow/.local/lib/python3.12/site-packages/airflow/example_dags/example_complex.py
[2026-08-08T17:43:10.361+0000] {processor.py:925} INFO - DAG(s) 'example_complex' retrieved from /home/airflow/.local/lib/python3.12/site-packages/airflow/example_dags/example_complex.py
[2026-08-08T17:43:10.395+0000] {logging_mixin.py:190} INFO - [2026-08-08T17:43:10.394+0000] {dag.py:3211} INFO - Sync 1 DAGs
[2026-08-08T17:43:10.413+0000] {logging_mixin.py:190} INFO - [2026-08-08T17:43:10.413+0000] {dag.py:4138} INFO - Setting next_dagrun for example_complex to None, run_after=None
[2026-08-08T17:43:10.440+0000] {processor.py:208} INFO - Processing /home/airflow/.local/lib/python3.12/site-packages/airflow/example_dags/example_complex.py took 0.108 seconds
[2026-08-08T17:43:41.337+0000] {processor.py:186} INFO - Started process (PID=222) to work on /home/airflow/.local/lib/python3.12/site-packages/airflow/example_dags/example_complex.py
[2026-08-08T17:43:41.341+0000] {processor.py:914} INFO - Processing file /home/airflow/.local/lib/python3.12/site-packages/airflow/example_dags/example_complex.py for tasks to queue
[2026-08-08T17:43:41.348+0000] {logging_mixin.py:190} INFO - [2026-08-08T17:43:41.346+0000] {dagbag.py:587} INFO - Filling up the DagBag from /home/airflow/.local/lib/python3.12/site-packages/airflow/example_dags/example_complex.py
[2026-08-08T17:43:41.373+0000] {processor.py:925} INFO - DAG(s) 'example_complex' retrieved from /home/airflow/.local/lib/python3.12/site-packages/airflow/example_dags/example_complex.py
[2026-08-08T17:43:41.430+0000] {logging_mixin.py:190} INFO - [2026-08-08T17:43:41.429+0000] {dag.py:3211} INFO - Sync 1 DAGs
[2026-08-08T17:43:41.456+0000] {logging_mixin.py:190} INFO - [2026-08-08T17:43:41.455+0000] {dag.py:4138} INFO - Setting next_dagrun for example_complex to None, run_after=None
[2026-08-08T17:43:41.491+0000] {processor.py:208} INFO - Processing /home/airflow/.local/lib/python3.12/site-packages/airflow/example_dags/example_complex.py took 0.171 seconds
[2026-08-08T17:44:12.383+0000] {processor.py:186} INFO - Started process (PID=285) to work on /home/airflow/.local/lib/python3.12/site-packages/airflow/example_dags/example_complex.py
[2026-08-08T17:44:12.385+0000] {processor.py:914} INFO - Processing file /home/airflow/.local/lib/python3.12/site-packages/airflow/example_dags/example_complex.py for tasks to queue
[2026-08-08T17:44:12.388+0000] {logging_mixin.py:190} INFO - [2026-08-08T17:44:12.387+0000] {dagbag.py:587} INFO - Filling up the DagBag from /home/airflow/.local/lib/python3.12/site-packages/airflow/example_dags/example_complex.py
[2026-08-08T17:44:12.406+0000] {processor.py:925} INFO - DAG(s) 'example_complex' retrieved from /home/airflow/.local/lib/python3.12/site-packages/airflow/example_dags/example_complex.py
[2026-08-08T17:44:12.445+0000] {logging_mixin.py:190} INFO - [2026-08-08T17:44:12.445+0000] {dag.py:3211} INFO - Sync 1 DAGs
[2026-08-08T17:44:12.462+0000] {logging_mixin.py:190} INFO - [2026-08-08T17:44:12.462+0000] {dag.py:4138} INFO - Setting next_dagrun for example_complex to None, run_after=None
[2026-08-08T17:44:12.491+0000] {processor.py:208} INFO - Processing /home/airflow/.local/lib/python3.12/site-packages/airflow/example_dags/example_complex.py took 0.117 seconds
[2026-08-08T17:44:43.352+0000] {processor.py:186} INFO - Started process (PID=348) to work on /home/airflow/.local/lib/python3.12/site-packages/airflow/example_dags/example_complex.py
[2026-08-08T17:44:43.353+0000] {processor.py:914} INFO - Processing file /home/airflow/.local/lib/python3.12/site-packages/airflow/example_dags/example_complex.py for tasks to queue
[2026-08-08T17:44:43.355+0000] {logging_mixin.py:190} INFO - [2026-08-08T17:44:43.355+0000] {dagbag.py:587} INFO - Filling up the DagBag from /home/airflow/.local/lib/python3.12/site-packages/airflow/example_dags/example_complex.py
[2026-08-08T17:44:43.363+0000] {processor.py:925} INFO - DAG(s) 'example_complex' retrieved from /home/airflow/.local/lib/python3.12/site-packages/airflow/example_dags/example_complex.py
[2026-08-08T17:44:43.387+0000] {logging_mixin.py:190} INFO - [2026-08-08T17:44:43.387+0000] {dag.py:3211} INFO - Sync 1 DAGs
[2026-08-08T17:44:43.397+0000] {logging_mixin.py:190} INFO - [2026-08-08T17:44:43.397+0000] {dag.py:4138} INFO - Setting next_dagrun for example_complex to None, run_after=None
[2026-08-08T17:44:43.422+0000] {processor.py:208} INFO - Processing /home/airflow/.local/lib/python3.12/site-packages/airflow/example_dags/example_complex.py took 0.075 seconds
[2026-08-08T17:45:13.624+0000] {processor.py:186} INFO - Started process (PID=411) to work on /home/airflow/.local/lib/python3.12/site-packages/airflow/example_dags/example_complex.py
[2026-08-08T17:45:13.625+0000] {processor.py:914} INFO - Processing file /home/airflow/.local/lib/python3.12/site-packages/airflow/example_dags/example_complex.py for tasks to queue
[2026-08-08T17:45:13.628+0000] {logging_mixin.py:190} INFO - [2026-08-08T17:45:13.628+0000] {dagbag.py:587} INFO - Filling up the DagBag from /home/airflow/.local/lib/python3.12/site-packages/airflow/example_dags/example_complex.py
[2026-08-08T17:45:13.639+0000] {processor.py:925} INFO - DAG(s) 'example_complex' retrieved from /home/airflow/.local/lib/python3.12/site-packages/airflow/example_dags/example_complex.py
[2026-08-08T17:45:13.665+0000] {logging_mixin.py:190} INFO - [2026-08-08T17:45:13.665+0000] {dag.py:3211} INFO - Sync 1 DAGs
[2026-08-08T17:45:13.678+0000] {logging_mixin.py:190} INFO - [2026-08-08T17:45:13.678+0000] {dag.py:4138} INFO - Setting next_dagrun for example_complex to None, run_after=None
[2026-08-08T17:45:13.695+0000] {processor.py:208} INFO - Processing /home/airflow/.local/lib/python3.12/site-packages/airflow/example_dags/example_complex.py took 0.077 seconds
[2026-08-08T17:45:44.058+0000] {processor.py:186} INFO - Started process (PID=474) to work on /home/airflow/.local/lib/python3.12/site-packages/airflow/example_dags/example_complex.py
[2026-08-08T17:45:44.060+0000] {processor.py:914} INFO - Processing file /home/airflow/.local/lib/python3.12/site-packages/airflow/example_dags/example_complex.py for tasks to queue
[2026-08-08T17:45:44.063+0000] {logging_mixin.py:190} INFO - [2026-08-08T17:45:44.063+0000] {dagbag.py:587} INFO - Filling up the DagBag from /home/airflow/.local/lib/python3.12/site-packages/airflow/example_dags/example_complex.py
[2026-08-08T17:45:44.075+0000] {processor.py:925} INFO - DAG(s) 'example_complex' retrieved from /home/airflow/.local/lib/python3.12/site-packages/airflow/example_dags/example_complex.py
[2026-08-08T17:45:44.112+0000] {logging_mixin.py:190} INFO - [2026-08-08T17:45:44.111+0000] {dag.py:3211} INFO - Sync 1 DAGs
[2026-08-08T17:45:44.123+0000] {logging_mixin.py:190} INFO - [2026-08-08T17:45:44.123+0000] {dag.py:4138} INFO - Setting next_dagrun for example_complex to None, run_after=None
[2026-08-08T17:45:44.140+0000] {processor.py:208} INFO - Processing /home/airflow/.local/lib/python3.12/site-packages/airflow/example_dags/example_complex.py took 0.088 seconds
[2026-08-08T17:47:13.648+0000] {processor.py:186} INFO - Started process (PID=97) to work on /home/airflow/.local/lib/python3.12/site-packages/airflow/example_dags/example_complex.py
[2026-08-08T17:47:13.650+0000] {processor.py:914} INFO - Processing file /home/airflow/.local/lib/python3.12/site-packages/airflow/example_dags/example_complex.py for tasks to queue
[2026-08-08T17:47:13.654+0000] {logging_mixin.py:190} INFO - [2026-08-08T17:47:13.653+0000] {dagbag.py:587} INFO - Filling up the DagBag from /home/airflow/.local/lib/python3.12/site-packages/airflow/example_dags/example_complex.py
[2026-08-08T17:47:13.667+0000] {processor.py:925} INFO - DAG(s) 'example_complex' retrieved from /home/airflow/.local/lib/python3.12/site-packages/airflow/example_dags/example_complex.py
[2026-08-08T17:47:13.706+0000] {logging_mixin.py:190} INFO - [2026-08-08T17:47:13.706+0000] {dag.py:3211} INFO - Sync 1 DAGs
[2026-08-08T17:47:13.725+0000] {logging_mixin.py:190} INFO - [2026-08-08T17:47:13.725+0000] {dag.py:4138} INFO - Setting next_dagrun for example_complex to None, run_after=None
[2026-08-08T17:47:13.752+0000] {processor.py:208} INFO - Processing /home/airflow/.local/lib/python3.12/site-packages/airflow/example_dags/example_complex.py took 0.111 seconds
[2026-08-08T17:47:44.439+0000] {processor.py:186} INFO - Started process (PID=160) to work on /home/airflow/.local/lib/python3.12/site-packages/airflow/example_dags/example_complex.py
[2026-08-08T17:47:44.441+0000] {processor.py:914} INFO - Processing file /home/airflow/.local/lib/python3.12/site-packages/airflow/example_dags/example_complex.py for tasks to queue
[2026-08-08T17:47:44.443+0000] {logging_mixin.py:190} INFO - [2026-08-08T17:47:44.443+0000] {dagbag.py:587} INFO - Filling up the DagBag from /home/airflow/.local/lib/python3.12/site-packages/airflow/example_dags/example_complex.py
[2026-08-08T17:47:44.453+0000] {processor.py:925} INFO - DAG(s) 'example_complex' retrieved from /home/airflow/.local/lib/python3.12/site-packages/airflow/example_dags/example_complex.py
[2026-08-08T17:47:44.476+0000] {logging_mixin.py:190} INFO - [2026-08-08T17:47:44.476+0000] {dag.py:3211} INFO - Sync 1 DAGs
[2026-08-08T17:47:44.488+0000] {logging_mixin.py:190} INFO - [2026-08-08T17:47:44.488+0000] {dag.py:4138} INFO - Setting next_dagrun for example_complex to None, run_after=None
[2026-08-08T17:47:44.507+0000] {processor.py:208} INFO - Processing /home/airflow/.local/lib/python3.12/site-packages/airflow/example_dags/example_complex.py took 0.073 seconds
[2026-08-08T17:48:15.611+0000] {processor.py:186} INFO - Started process (PID=229) to work on /home/airflow/.local/lib/python3.12/site-packages/airflow/example_dags/example_complex.py
[2026-08-08T17:48:15.613+0000] {processor.py:914} INFO - Processing file /home/airflow/.local/lib/python3.12/site-packages/airflow/example_dags/example_complex.py for tasks to queue
[2026-08-08T17:48:15.616+0000] {logging_mixin.py:190} INFO - [2026-08-08T17:48:15.616+0000] {dagbag.py:587} INFO - Filling up the DagBag from /home/airflow/.local/lib/python3.12/site-packages/airflow/example_dags/example_complex.py
[2026-08-08T17:48:15.629+0000] {processor.py:925} INFO - DAG(s) 'example_complex' retrieved from /home/airflow/.local/lib/python3.12/site-packages/airflow/example_dags/example_complex.py
[2026-08-08T17:48:15.668+0000] {logging_mixin.py:190} INFO - [2026-08-08T17:48:15.667+0000] {dag.py:3211} INFO - Sync 1 DAGs
[2026-08-08T17:48:15.681+0000] {logging_mixin.py:190} INFO - [2026-08-08T17:48:15.680+0000] {dag.py:4138} INFO - Setting next_dagrun for example_complex to None, run_after=None
[2026-08-08T17:48:15.707+0000] {processor.py:208} INFO - Processing /home/airflow/.local/lib/python3.12/site-packages/airflow/example_dags/example_complex.py took 0.101 seconds
[2026-08-08T17:48:46.226+0000] {processor.py:186} INFO - Started process (PID=292) to work on /home/airflow/.local/lib/python3.12/site-packages/airflow/example_dags/example_complex.py
[2026-08-08T17:48:46.227+0000] {processor.py:914} INFO - Processing file /home/airflow/.local/lib/python3.12/site-packages/airflow/example_dags/example_complex.py for tasks to queue
[2026-08-08T17:48:46.231+0000] {logging_mixin.py:190} INFO - [2026-08-08T17:48:46.230+0000] {dagbag.py:587} INFO - Filling up the DagBag from /home/airflow/.local/lib/python3.12/site-packages/airflow/example_dags/example_complex.py
[2026-08-08T17:48:46.245+0000] {processor.py:925} INFO - DAG(s) 'example_complex' retrieved from /home/airflow/.local/lib/python3.12/site-packages/airflow/example_dags/example_complex.py
[2026-08-08T17:48:46.293+0000] {logging_mixin.py:190} INFO - [2026-08-08T17:48:46.293+0000] {dag.py:3211} INFO - Sync 1 DAGs
[2026-08-08T17:48:46.314+0000] {logging_mixin.py:190} INFO - [2026-08-08T17:48:46.314+0000] {dag.py:4138} INFO - Setting next_dagrun for example_complex to None, run_after=None
[2026-08-08T17:48:46.344+0000] {processor.py:208} INFO - Processing /home/airflow/.local/lib/python3.12/site-packages/airflow/example_dags/example_complex.py took 0.128 seconds
[2026-08-08T17:52:37.193+0000] {processor.py:186} INFO - Started process (PID=96) to work on /home/airflow/.local/lib/python3.12/site-packages/airflow/example_dags/example_complex.py
[2026-08-08T17:52:37.195+0000] {processor.py:914} INFO - Processing file /home/airflow/.local/lib/python3.12/site-packages/airflow/example_dags/example_complex.py for tasks to queue
[2026-08-08T17:52:37.198+0000] {logging_mixin.py:190} INFO - [2026-08-08T17:52:37.197+0000] {dagbag.py:587} INFO - Filling up the DagBag from /home/airflow/.local/lib/python3.12/site-packages/airflow/example_dags/example_complex.py
[2026-08-08T17:52:37.211+0000] {processor.py:925} INFO - DAG(s) 'example_complex' retrieved from /home/airflow/.local/lib/python3.12/site-packages/airflow/example_dags/example_complex.py
[2026-08-08T17:52:37.248+0000] {logging_mixin.py:190} INFO - [2026-08-08T17:52:37.248+0000] {dag.py:3211} INFO - Sync 1 DAGs
[2026-08-08T17:52:37.270+0000] {logging_mixin.py:190} INFO - [2026-08-08T17:52:37.270+0000] {dag.py:4138} INFO - Setting next_dagrun for example_complex to None, run_after=None
[2026-08-08T17:52:37.293+0000] {processor.py:208} INFO - Processing /home/airflow/.local/lib/python3.12/site-packages/airflow/example_dags/example_complex.py took 0.107 seconds
[2026-08-08T17:53:08.189+0000] {processor.py:186} INFO - Started process (PID=159) to work on /home/airflow/.local/lib/python3.12/site-packages/airflow/example_dags/example_complex.py
[2026-08-08T17:53:08.191+0000] {processor.py:914} INFO - Processing file /home/airflow/.local/lib/python3.12/site-packages/airflow/example_dags/example_complex.py for tasks to queue
[2026-08-08T17:53:08.193+0000] {logging_mixin.py:190} INFO - [2026-08-08T17:53:08.193+0000] {dagbag.py:587} INFO - Filling up the DagBag from /home/airflow/.local/lib/python3.12/site-packages/airflow/example_dags/example_complex.py
[2026-08-08T17:53:08.204+0000] {processor.py:925} INFO - DAG(s) 'example_complex' retrieved from /home/airflow/.local/lib/python3.12/site-packages/airflow/example_dags/example_complex.py
[2026-08-08T17:53:08.235+0000] {logging_mixin.py:190} INFO - [2026-08-08T17:53:08.235+0000] {dag.py:3211} INFO - Sync 1 DAGs
[2026-08-08T17:53:08.249+0000] {logging_mixin.py:190} INFO - [2026-08-08T17:53:08.249+0000] {dag.py:4138} INFO - Setting next_dagrun for example_complex to None, run_after=None
[2026-08-08T17:53:08.277+0000] {processor.py:208} INFO - Processing /home/airflow/.local/lib/python3.12/site-packages/airflow/example_dags/example_complex.py took 0.094 seconds
[2026-08-08T17:53:38.369+0000] {processor.py:186} INFO - Started process (PID=222) to work on /home/airflow/.local/lib/python3.12/site-packages/airflow/example_dags/example_complex.py
[2026-08-08T17:53:38.372+0000] {processor.py:914} INFO - Processing file /home/airflow/.local/lib/python3.12/site-packages/airflow/example_dags/example_complex.py for tasks to queue
[2026-08-08T17:53:38.375+0000] {logging_mixin.py:190} INFO - [2026-08-08T17:53:38.375+0000] {dagbag.py:587} INFO - Filling up the DagBag from /home/airflow/.local/lib/python3.12/site-packages/airflow/example_dags/example_complex.py
[2026-08-08T17:53:38.392+0000] {processor.py:925} INFO - DAG(s) 'example_complex' retrieved from /home/airflow/.local/lib/python3.12/site-packages/airflow/example_dags/example_complex.py
[2026-08-08T17:53:38.430+0000] {logging_mixin.py:190} INFO - [2026-08-08T17:53:38.430+0000] {dag.py:3211} INFO - Sync 1 DAGs
[2026-08-08T17:53:38.449+0000] {logging_mixin.py:190} INFO - [2026-08-08T17:53:38.449+0000] {dag.py:4138} INFO - Setting next_dagrun for example_complex to None, run_after=None
[2026-08-08T17:53:38.477+0000] {processor.py:208} INFO - Processing /home/airflow/.local/lib/python3.12/site-packages/airflow/example_dags/example_complex.py took 0.116 seconds
[2026-08-08T17:54:09.146+0000] {processor.py:186} INFO - Started process (PID=285) to work on /home/airflow/.local/lib/python3.12/site-packages/airflow/example_dags/example_complex.py
[2026-08-08T17:54:09.148+0000] {processor.py:914} INFO - Processing file /home/airflow/.local/lib/python3.12/site-packages/airflow/example_dags/example_complex.py for tasks to queue
[2026-08-08T17:54:09.151+0000] {logging_mixin.py:190} INFO - [2026-08-08T17:54:09.151+0000] {dagbag.py:587} INFO - Filling up the DagBag from /home/airflow/.local/lib/python3.12/site-packages/airflow/example_dags/example_complex.py
[2026-08-08T17:54:09.163+0000] {processor.py:925} INFO - DAG(s) 'example_complex' retrieved from /home/airflow/.local/lib/python3.12/site-packages/airflow/example_dags/example_complex.py
[2026-08-08T17:54:09.197+0000] {logging_mixin.py:190} INFO - [2026-08-08T17:54:09.197+0000] {dag.py:3211} INFO - Sync 1 DAGs
[2026-08-08T17:54:09.214+0000] {logging_mixin.py:190} INFO - [2026-08-08T17:54:09.213+0000] {dag.py:4138} INFO - Setting next_dagrun for example_complex to None, run_after=None
[2026-08-08T17:54:09.249+0000] {processor.py:208} INFO - Processing /home/airflow/.local/lib/python3.12/site-packages/airflow/example_dags/example_complex.py took 0.110 seconds
[2026-08-08T17:54:39.575+0000] {processor.py:186} INFO - Started process (PID=348) to work on /home/airflow/.local/lib/python3.12/site-packages/airflow/example_dags/example_complex.py
[2026-08-08T17:54:39.577+0000] {processor.py:914} INFO - Processing file /home/airflow/.local/lib/python3.12/site-packages/airflow/example_dags/example_complex.py for tasks to queue
[2026-08-08T17:54:39.580+0000] {logging_mixin.py:190} INFO - [2026-08-08T17:54:39.579+0000] {dagbag.py:587} INFO - Filling up the DagBag from /home/airflow/.local/lib/python3.12/site-packages/airflow/example_dags/example_complex.py
[2026-08-08T17:54:39.593+0000] {processor.py:925} INFO - DAG(s) 'example_complex' retrieved from /home/airflow/.local/lib/python3.12/site-packages/airflow/example_dags/example_complex.py
[2026-08-08T17:54:39.626+0000] {logging_mixin.py:190} INFO - [2026-08-08T17:54:39.626+0000] {dag.py:3211} INFO - Sync 1 DAGs
[2026-08-08T17:54:39.641+0000] {logging_mixin.py:190} INFO - [2026-08-08T17:54:39.640+0000] {dag.py:4138} INFO - Setting next_dagrun for example_complex to None, run_after=None
[2026-08-08T17:54:39.663+0000] {processor.py:208} INFO - Processing /home/airflow/.local/lib/python3.12/site-packages/airflow/example_dags/example_complex.py took 0.095 seconds
[2026-08-08T17:55:09.940+0000] {processor.py:186} INFO - Started process (PID=411) to work on /home/airflow/.local/lib/python3.12/site-packages/airflow/example_dags/example_complex.py
[2026-08-08T17:55:09.941+0000] {processor.py:914} INFO - Processing file /home/airflow/.local/lib/python3.12/site-packages/airflow/example_dags/example_complex.py for tasks to queue
[2026-08-08T17:55:09.944+0000] {logging_mixin.py:190} INFO - [2026-08-08T17:55:09.944+0000] {dagbag.py:587} INFO - Filling up the DagBag from /home/airflow/.local/lib/python3.12/site-packages/airflow/example_dags/example_complex.py
[2026-08-08T17:55:09.957+0000] {processor.py:925} INFO - DAG(s) 'example_complex' retrieved from /home/airflow/.local/lib/python3.12/site-packages/airflow/example_dags/example_complex.py
[2026-08-08T17:55:09.983+0000] {logging_mixin.py:190} INFO - [2026-08-08T17:55:09.983+0000] {dag.py:3211} INFO - Sync 1 DAGs
[2026-08-08T17:55:09.998+0000] {logging_mixin.py:190} INFO - [2026-08-08T17:55:09.997+0000] {dag.py:4138} INFO - Setting next_dagrun for example_complex to None, run_after=None
[2026-08-08T17:55:10.019+0000] {processor.py:208} INFO - Processing /home/airflow/.local/lib/python3.12/site-packages/airflow/example_dags/example_complex.py took 0.085 seconds
[2026-08-08T17:55:40.461+0000] {processor.py:186} INFO - Started process (PID=474) to work on /home/airflow/.local/lib/python3.12/site-packages/airflow/example_dags/example_complex.py
[2026-08-08T17:55:40.462+0000] {processor.py:914} INFO - Processing file /home/airflow/.local/lib/python3.12/site-packages/airflow/example_dags/example_complex.py for tasks to queue
[2026-08-08T17:55:40.465+0000] {logging_mixin.py:190} INFO - [2026-08-08T17:55:40.464+0000] {dagbag.py:587} INFO - Filling up the DagBag from /home/airflow/.local/lib/python3.12/site-packages/airflow/example_dags/example_complex.py
[2026-08-08T17:55:40.475+0000] {processor.py:925} INFO - DAG(s) 'example_complex' retrieved from /home/airflow/.local/lib/python3.12/site-packages/airflow/example_dags/example_complex.py
[2026-08-08T17:55:40.504+0000] {logging_mixin.py:190} INFO - [2026-08-08T17:55:40.504+0000] {dag.py:3211} INFO - Sync 1 DAGs
[2026-08-08T17:55:40.515+0000] {logging_mixin.py:190} INFO - [2026-08-08T17:55:40.515+0000] {dag.py:4138} INFO - Setting next_dagrun for example_complex to None, run_after=None
[2026-08-08T17:55:40.533+0000] {processor.py:208} INFO - Processing /home/airflow/.local/lib/python3.12/site-packages/airflow/example_dags/example_complex.py took 0.079 seconds
[2026-08-08T17:56:10.764+0000] {processor.py:186} INFO - Started process (PID=537) to work on /home/airflow/.local/lib/python3.12/site-packages/airflow/example_dags/example_complex.py
[2026-08-08T17:56:10.765+0000] {processor.py:914} INFO - Processing file /home/airflow/.local/lib/python3.12/site-packages/airflow/example_dags/example_complex.py for tasks to queue
[2026-08-08T17:56:10.768+0000] {logging_mixin.py:190} INFO - [2026-08-08T17:56:10.768+0000] {dagbag.py:587} INFO - Filling up the DagBag from /home/airflow/.local/lib/python3.12/site-packages/airflow/example_dags/example_complex.py
[2026-08-08T17:56:10.779+0000] {processor.py:925} INFO - DAG(s) 'example_complex' retrieved from /home/airflow/.local/lib/python3.12/site-packages/airflow/example_dags/example_complex.py
[2026-08-08T17:56:10.805+0000] {logging_mixin.py:190} INFO - [2026-08-08T17:56:10.805+0000] {dag.py:3211} INFO - Sync 1 DAGs
[2026-08-08T17:56:10.819+0000] {logging_mixin.py:190} INFO - [2026-08-08T17:56:10.819+0000] {dag.py:4138} INFO - Setting next_dagrun for example_complex to None, run_after=None
[2026-08-08T17:56:10.838+0000] {processor.py:208} INFO - Processing /home/airflow/.local/lib/python3.12/site-packages/airflow/example_dags/example_complex.py took 0.080 seconds
[2026-08-08T17:56:41.239+0000] {processor.py:186} INFO - Started process (PID=600) to work on /home/airflow/.local/lib/python3.12/site-packages/airflow/example_dags/example_complex.py
[2026-08-08T17:56:41.241+0000] {processor.py:914} INFO - Processing file /home/airflow/.local/lib/python3.12/site-packages/airflow/example_dags/example_complex.py for tasks to queue
[2026-08-08T17:56:41.245+0000] {logging_mixin.py:190} INFO - [2026-08-08T17:56:41.244+0000] {dagbag.py:587} INFO - Filling up the DagBag from /home/airflow/.local/lib/python3.12/site-packages/airflow/example_dags/example_complex.py
[2026-08-08T17:56:41.260+0000] {processor.py:925} INFO - DAG(s) 'example_complex' retrieved from /home/airflow/.local/lib/python3.12/site-packages/airflow/example_dags/example_complex.py
[2026-08-08T17:56:41.293+0000] {logging_mixin.py:190} INFO - [2026-08-08T17:56:41.293+0000] {dag.py:3211} INFO - Sync 1 DAGs
[2026-08-08T17:56:41.307+0000] {logging_mixin.py:190} INFO - [2026-08-08T17:56:41.307+0000] {dag.py:4138} INFO - Setting next_dagrun for example_complex to None, run_after=None
[2026-08-08T17:56:41.331+0000] {processor.py:208} INFO - Processing /home/airflow/.local/lib/python3.12/site-packages/airflow/example_dags/example_complex.py took 0.101 seconds
[2026-08-08T17:57:11.773+0000] {processor.py:186} INFO - Started process (PID=663) to work on /home/airflow/.local/lib/python3.12/site-packages/airflow/example_dags/example_complex.py
[2026-08-08T17:57:11.775+0000] {processor.py:914} INFO - Processing file /home/airflow/.local/lib/python3.12/site-packages/airflow/example_dags/example_complex.py for tasks to queue
[2026-08-08T17:57:11.778+0000] {logging_mixin.py:190} INFO - [2026-08-08T17:57:11.778+0000] {dagbag.py:587} INFO - Filling up the DagBag from /home/airflow/.local/lib/python3.12/site-packages/airflow/example_dags/example_complex.py
[2026-08-08T17:57:11.794+0000] {processor.py:925} INFO - DAG(s) 'example_complex' retrieved from /home/airflow/.local/lib/python3.12/site-packages/airflow/example_dags/example_complex.py
[2026-08-08T17:57:11.831+0000] {logging_mixin.py:190} INFO - [2026-08-08T17:57:11.831+0000] {dag.py:3211} INFO - Sync 1 DAGs
[2026-08-08T17:57:11.846+0000] {logging_mixin.py:190} INFO - [2026-08-08T17:57:11.846+0000] {dag.py:4138} INFO - Setting next_dagrun for example_complex to None, run_after=None
[2026-08-08T17:57:11.872+0000] {processor.py:208} INFO - Processing /home/airflow/.local/lib/python3.12/site-packages/airflow/example_dags/example_complex.py took 0.105 seconds
[2026-08-08T18:08:18.279+0000] {processor.py:186} INFO - Started process (PID=726) to work on /home/airflow/.local/lib/python3.12/site-packages/airflow/example_dags/example_complex.py
[2026-08-08T18:08:18.282+0000] {processor.py:914} INFO - Processing file /home/airflow/.local/lib/python3.12/site-packages/airflow/example_dags/example_complex.py for tasks to queue
[2026-08-08T18:08:18.288+0000] {logging_mixin.py:190} INFO - [2026-08-08T18:08:18.286+0000] {dagbag.py:587} INFO - Filling up the DagBag from /home/airflow/.local/lib/python3.12/site-packages/airflow/example_dags/example_complex.py
[2026-08-08T18:08:18.310+0000] {processor.py:925} INFO - DAG(s) 'example_complex' retrieved from /home/airflow/.local/lib/python3.12/site-packages/airflow/example_dags/example_complex.py
[2026-08-08T18:08:18.369+0000] {logging_mixin.py:190} INFO - [2026-08-08T18:08:18.368+0000] {dag.py:3211} INFO - Sync 1 DAGs
[2026-08-08T18:08:18.395+0000] {logging_mixin.py:190} INFO - [2026-08-08T18:08:18.394+0000] {dag.py:4138} INFO - Setting next_dagrun for example_complex to None, run_after=None
[2026-08-08T18:08:18.441+0000] {processor.py:208} INFO - Processing /home/airflow/.local/lib/python3.12/site-packages/airflow/example_dags/example_complex.py took 0.172 seconds
[2026-08-08T18:08:48.672+0000] {processor.py:186} INFO - Started process (PID=789) to work on /home/airflow/.local/lib/python3.12/site-packages/airflow/example_dags/example_complex.py
[2026-08-08T18:08:48.674+0000] {processor.py:914} INFO - Processing file /home/airflow/.local/lib/python3.12/site-packages/airflow/example_dags/example_complex.py for tasks to queue
[2026-08-08T18:08:48.679+0000] {logging_mixin.py:190} INFO - [2026-08-08T18:08:48.678+0000] {dagbag.py:587} INFO - Filling up the DagBag from /home/airflow/.local/lib/python3.12/site-packages/airflow/example_dags/example_complex.py
[2026-08-08T18:08:48.697+0000] {processor.py:925} INFO - DAG(s) 'example_complex' retrieved from /home/airflow/.local/lib/python3.12/site-packages/airflow/example_dags/example_complex.py
[2026-08-08T18:08:48.749+0000] {logging_mixin.py:190} INFO - [2026-08-08T18:08:48.748+0000] {dag.py:3211} INFO - Sync 1 DAGs
[2026-08-08T18:08:48.773+0000] {logging_mixin.py:190} INFO - [2026-08-08T18:08:48.772+0000] {dag.py:4138} INFO - Setting next_dagrun for example_complex to None, run_after=None
[2026-08-08T18:08:48.806+0000] {processor.py:208} INFO - Processing /home/airflow/.local/lib/python3.12/site-packages/airflow/example_dags/example_complex.py took 0.145 seconds
[2026-08-08T18:09:19.109+0000] {processor.py:186} INFO - Started process (PID=852) to work on /home/airflow/.local/lib/python3.12/site-packages/airflow/example_dags/example_complex.py
[2026-08-08T18:09:19.111+0000] {processor.py:914} INFO - Processing file /home/airflow/.local/lib/python3.12/site-packages/airflow/example_dags/example_complex.py for tasks to queue
[2026-08-08T18:09:19.115+0000] {logging_mixin.py:190} INFO - [2026-08-08T18:09:19.115+0000] {dagbag.py:587} INFO - Filling up the DagBag from /home/airflow/.local/lib/python3.12/site-packages/airflow/example_dags/example_complex.py
[2026-08-08T18:09:19.137+0000] {processor.py:925} INFO - DAG(s) 'example_complex' retrieved from /home/airflow/.local/lib/python3.12/site-packages/airflow/example_dags/example_complex.py
[2026-08-08T18:09:19.179+0000] {logging_mixin.py:190} INFO - [2026-08-08T18:09:19.179+0000] {dag.py:3211} INFO - Sync 1 DAGs
[2026-08-08T18:09:19.199+0000] {logging_mixin.py:190} INFO - [2026-08-08T18:09:19.199+0000] {dag.py:4138} INFO - Setting next_dagrun for example_complex to None, run_after=None
[2026-08-08T18:09:19.232+0000] {processor.py:208} INFO - Processing /home/airflow/.local/lib/python3.12/site-packages/airflow/example_dags/example_complex.py took 0.134 seconds
[2026-08-08T18:09:49.747+0000] {processor.py:186} INFO - Started process (PID=915) to work on /home/airflow/.local/lib/python3.12/site-packages/airflow/example_dags/example_complex.py
[2026-08-08T18:09:49.748+0000] {processor.py:914} INFO - Processing file /home/airflow/.local/lib/python3.12/site-packages/airflow/example_dags/example_complex.py for tasks to queue
[2026-08-08T18:09:49.751+0000] {logging_mixin.py:190} INFO - [2026-08-08T18:09:49.751+0000] {dagbag.py:587} INFO - Filling up the DagBag from /home/airflow/.local/lib/python3.12/site-packages/airflow/example_dags/example_complex.py
[2026-08-08T18:09:49.765+0000] {processor.py:925} INFO - DAG(s) 'example_complex' retrieved from /home/airflow/.local/lib/python3.12/site-packages/airflow/example_dags/example_complex.py
[2026-08-08T18:09:49.802+0000] {logging_mixin.py:190} INFO - [2026-08-08T18:09:49.802+0000] {dag.py:3211} INFO - Sync 1 DAGs
[2026-08-08T18:09:49.820+0000] {logging_mixin.py:190} INFO - [2026-08-08T18:09:49.820+0000] {dag.py:4138} INFO - Setting next_dagrun for example_complex to None, run_after=None
[2026-08-08T18:09:49.848+0000] {processor.py:208} INFO - Processing /home/airflow/.local/lib/python3.12/site-packages/airflow/example_dags/example_complex.py took 0.109 seconds
[2026-08-08T18:10:20.036+0000] {processor.py:186} INFO - Started process (PID=978) to work on /home/airflow/.local/lib/python3.12/site-packages/airflow/example_dags/example_complex.py
[2026-08-08T18:10:20.040+0000] {processor.py:914} INFO - Processing file /home/airflow/.local/lib/python3.12/site-packages/airflow/example_dags/example_complex.py for tasks to queue
[2026-08-08T18:10:20.047+0000] {logging_mixin.py:190} INFO - [2026-08-08T18:10:20.046+0000] {dagbag.py:587} INFO - Filling up the DagBag from /home/airflow/.local/lib/python3.12/site-packages/airflow/example_dags/example_complex.py
[2026-08-08T18:10:20.063+0000] {processor.py:925} INFO - DAG(s) 'example_complex' retrieved from /home/airflow/.local/lib/python3.12/site-packages/airflow/example_dags/example_complex.py
[2026-08-08T18:10:20.112+0000] {logging_mixin.py:190} INFO - [2026-08-08T18:10:20.111+0000] {dag.py:3211} INFO - Sync 1 DAGs
[2026-08-08T18:10:20.131+0000] {logging_mixin.py:190} INFO - [2026-08-08T18:10:20.130+0000] {dag.py:4138} INFO - Setting next_dagrun for example_complex to None, run_after=None
[2026-08-08T18:10:20.164+0000] {processor.py:208} INFO - Processing /home/airflow/.local/lib/python3.12/site-packages/airflow/example_dags/example_complex.py took 0.142 seconds
[2026-08-08T18:10:50.416+0000] {processor.py:186} INFO - Started process (PID=1041) to work on /home/airflow/.local/lib/python3.12/site-packages/airflow/example_dags/example_complex.py
[2026-08-08T18:10:50.418+0000] {processor.py:914} INFO - Processing file /home/airflow/.local/lib/python3.12/site-packages/airflow/example_dags/example_complex.py for tasks to queue
[2026-08-08T18:10:50.422+0000] {logging_mixin.py:190} INFO - [2026-08-08T18:10:50.422+0000] {dagbag.py:587} INFO - Filling up the DagBag from /home/airflow/.local/lib/python3.12/site-packages/airflow/example_dags/example_complex.py
[2026-08-08T18:10:50.443+0000] {processor.py:925} INFO - DAG(s) 'example_complex' retrieved from /home/airflow/.local/lib/python3.12/site-packages/airflow/example_dags/example_complex.py
[2026-08-08T18:10:50.497+0000] {logging_mixin.py:190} INFO - [2026-08-08T18:10:50.496+0000] {dag.py:3211} INFO - Sync 1 DAGs
[2026-08-08T18:10:50.517+0000] {logging_mixin.py:190} INFO - [2026-08-08T18:10:50.517+0000] {dag.py:4138} INFO - Setting next_dagrun for example_complex to None, run_after=None
[2026-08-08T18:10:50.550+0000] {processor.py:208} INFO - Processing /home/airflow/.local/lib/python3.12/site-packages/airflow/example_dags/example_complex.py took 0.144 seconds
[2026-08-08T18:11:20.615+0000] {processor.py:186} INFO - Started process (PID=1104) to work on /home/airflow/.local/lib/python3.12/site-packages/airflow/example_dags/example_complex.py
[2026-08-08T18:11:20.617+0000] {processor.py:914} INFO - Processing file /home/airflow/.local/lib/python3.12/site-packages/airflow/example_dags/example_complex.py for tasks to queue
[2026-08-08T18:11:20.620+0000] {logging_mixin.py:190} INFO - [2026-08-08T18:11:20.620+0000] {dagbag.py:587} INFO - Filling up the DagBag from /home/airflow/.local/lib/python3.12/site-packages/airflow/example_dags/example_complex.py
[2026-08-08T18:11:20.631+0000] {processor.py:925} INFO - DAG(s) 'example_complex' retrieved from /home/airflow/.local/lib/python3.12/site-packages/airflow/example_dags/example_complex.py
[2026-08-08T18:11:20.666+0000] {logging_mixin.py:190} INFO - [2026-08-08T18:11:20.666+0000] {dag.py:3211} INFO - Sync 1 DAGs
[2026-08-08T18:11:20.680+0000] {logging_mixin.py:190} INFO - [2026-08-08T18:11:20.680+0000] {dag.py:4138} INFO - Setting next_dagrun for example_complex to None, run_after=None
[2026-08-08T18:11:20.699+0000] {processor.py:208} INFO - Processing /home/airflow/.local/lib/python3.12/site-packages/airflow/example_dags/example_complex.py took 0.090 seconds
[2026-08-08T18:11:51.737+0000] {processor.py:186} INFO - Started process (PID=1167) to work on /home/airflow/.local/lib/python3.12/site-packages/airflow/example_dags/example_complex.py
[2026-08-08T18:11:51.739+0000] {processor.py:914} INFO - Processing file /home/airflow/.local/lib/python3.12/site-packages/airflow/example_dags/example_complex.py for tasks to queue
[2026-08-08T18:11:51.744+0000] {logging_mixin.py:190} INFO - [2026-08-08T18:11:51.744+0000] {dagbag.py:587} INFO - Filling up the DagBag from /home/airflow/.local/lib/python3.12/site-packages/airflow/example_dags/example_complex.py
[2026-08-08T18:11:51.765+0000] {processor.py:925} INFO - DAG(s) 'example_complex' retrieved from /home/airflow/.local/lib/python3.12/site-packages/airflow/example_dags/example_complex.py
[2026-08-08T18:11:51.824+0000] {logging_mixin.py:190} INFO - [2026-08-08T18:11:51.824+0000] {dag.py:3211} INFO - Sync 1 DAGs
[2026-08-08T18:11:51.844+0000] {logging_mixin.py:190} INFO - [2026-08-08T18:11:51.843+0000] {dag.py:4138} INFO - Setting next_dagrun for example_complex to None, run_after=None
[2026-08-08T18:11:51.871+0000] {processor.py:208} INFO - Processing /home/airflow/.local/lib/python3.12/site-packages/airflow/example_dags/example_complex.py took 0.151 seconds
[2026-08-08T18:13:07.597+0000] {processor.py:186} INFO - Started process (PID=102) to work on /home/airflow/.local/lib/python3.12/site-packages/airflow/example_dags/example_complex.py
[2026-08-08T18:13:07.600+0000] {processor.py:914} INFO - Processing file /home/airflow/.local/lib/python3.12/site-packages/airflow/example_dags/example_complex.py for tasks to queue
[2026-08-08T18:13:07.604+0000] {logging_mixin.py:190} INFO - [2026-08-08T18:13:07.603+0000] {dagbag.py:587} INFO - Filling up the DagBag from /home/airflow/.local/lib/python3.12/site-packages/airflow/example_dags/example_complex.py
[2026-08-08T18:13:07.619+0000] {processor.py:925} INFO - DAG(s) 'example_complex' retrieved from /home/airflow/.local/lib/python3.12/site-packages/airflow/example_dags/example_complex.py
[2026-08-08T18:13:07.664+0000] {logging_mixin.py:190} INFO - [2026-08-08T18:13:07.664+0000] {dag.py:3211} INFO - Sync 1 DAGs
[2026-08-08T18:13:07.686+0000] {logging_mixin.py:190} INFO - [2026-08-08T18:13:07.686+0000] {dag.py:4138} INFO - Setting next_dagrun for example_complex to None, run_after=None
[2026-08-08T18:13:07.713+0000] {processor.py:208} INFO - Processing /home/airflow/.local/lib/python3.12/site-packages/airflow/example_dags/example_complex.py took 0.126 seconds
[2026-08-08T18:13:37.949+0000] {processor.py:186} INFO - Started process (PID=165) to work on /home/airflow/.local/lib/python3.12/site-packages/airflow/example_dags/example_complex.py
[2026-08-08T18:13:37.951+0000] {processor.py:914} INFO - Processing file /home/airflow/.local/lib/python3.12/site-packages/airflow/example_dags/example_complex.py for tasks to queue
[2026-08-08T18:13:37.954+0000] {logging_mixin.py:190} INFO - [2026-08-08T18:13:37.953+0000] {dagbag.py:587} INFO - Filling up the DagBag from /home/airflow/.local/lib/python3.12/site-packages/airflow/example_dags/example_complex.py
[2026-08-08T18:13:37.967+0000] {processor.py:925} INFO - DAG(s) 'example_complex' retrieved from /home/airflow/.local/lib/python3.12/site-packages/airflow/example_dags/example_complex.py
[2026-08-08T18:13:38.000+0000] {logging_mixin.py:190} INFO - [2026-08-08T18:13:38.000+0000] {dag.py:3211} INFO - Sync 1 DAGs
[2026-08-08T18:13:38.015+0000] {logging_mixin.py:190} INFO - [2026-08-08T18:13:38.014+0000] {dag.py:4138} INFO - Setting next_dagrun for example_complex to None, run_after=None
[2026-08-08T18:13:38.037+0000] {processor.py:208} INFO - Processing /home/airflow/.local/lib/python3.12/site-packages/airflow/example_dags/example_complex.py took 0.095 seconds
[2026-08-08T18:14:08.584+0000] {processor.py:186} INFO - Started process (PID=228) to work on /home/airflow/.local/lib/python3.12/site-packages/airflow/example_dags/example_complex.py
[2026-08-08T18:14:08.586+0000] {processor.py:914} INFO - Processing file /home/airflow/.local/lib/python3.12/site-packages/airflow/example_dags/example_complex.py for tasks to queue
[2026-08-08T18:14:08.589+0000] {logging_mixin.py:190} INFO - [2026-08-08T18:14:08.589+0000] {dagbag.py:587} INFO - Filling up the DagBag from /home/airflow/.local/lib/python3.12/site-packages/airflow/example_dags/example_complex.py
[2026-08-08T18:14:08.606+0000] {processor.py:925} INFO - DAG(s) 'example_complex' retrieved from /home/airflow/.local/lib/python3.12/site-packages/airflow/example_dags/example_complex.py
[2026-08-08T18:14:08.640+0000] {logging_mixin.py:190} INFO - [2026-08-08T18:14:08.640+0000] {dag.py:3211} INFO - Sync 1 DAGs
[2026-08-08T18:14:08.657+0000] {logging_mixin.py:190} INFO - [2026-08-08T18:14:08.656+0000] {dag.py:4138} INFO - Setting next_dagrun for example_complex to None, run_after=None
[2026-08-08T18:14:08.679+0000] {processor.py:208} INFO - Processing /home/airflow/.local/lib/python3.12/site-packages/airflow/example_dags/example_complex.py took 0.104 seconds
[2026-08-08T18:14:38.882+0000] {processor.py:186} INFO - Started process (PID=291) to work on /home/airflow/.local/lib/python3.12/site-packages/airflow/example_dags/example_complex.py
[2026-08-08T18:14:38.883+0000] {processor.py:914} INFO - Processing file /home/airflow/.local/lib/python3.12/site-packages/airflow/example_dags/example_complex.py for tasks to queue
[2026-08-08T18:14:38.886+0000] {logging_mixin.py:190} INFO - [2026-08-08T18:14:38.886+0000] {dagbag.py:587} INFO - Filling up the DagBag from /home/airflow/.local/lib/python3.12/site-packages/airflow/example_dags/example_complex.py
[2026-08-08T18:14:38.898+0000] {processor.py:925} INFO - DAG(s) 'example_complex' retrieved from /home/airflow/.local/lib/python3.12/site-packages/airflow/example_dags/example_complex.py
[2026-08-08T18:14:38.929+0000] {logging_mixin.py:190} INFO - [2026-08-08T18:14:38.929+0000] {dag.py:3211} INFO - Sync 1 DAGs
[2026-08-08T18:14:38.946+0000] {logging_mixin.py:190} INFO - [2026-08-08T18:14:38.946+0000] {dag.py:4138} INFO - Setting next_dagrun for example_complex to None, run_after=None
[2026-08-08T18:14:38.969+0000] {processor.py:208} INFO - Processing /home/airflow/.local/lib/python3.12/site-packages/airflow/example_dags/example_complex.py took 0.095 seconds
[2026-08-08T18:15:10.329+0000] {processor.py:186} INFO - Started process (PID=354) to work on /home/airflow/.local/lib/python3.12/site-packages/airflow/example_dags/example_complex.py
[2026-08-08T18:15:10.335+0000] {processor.py:914} INFO - Processing file /home/airflow/.local/lib/python3.12/site-packages/airflow/example_dags/example_complex.py for tasks to queue
[2026-08-08T18:15:10.344+0000] {logging_mixin.py:190} INFO - [2026-08-08T18:15:10.344+0000] {dagbag.py:587} INFO - Filling up the DagBag from /home/airflow/.local/lib/python3.12/site-packages/airflow/example_dags/example_complex.py
[2026-08-08T18:15:10.370+0000] {processor.py:925} INFO - DAG(s) 'example_complex' retrieved from /home/airflow/.local/lib/python3.12/site-packages/airflow/example_dags/example_complex.py
[2026-08-08T18:15:10.433+0000] {logging_mixin.py:190} INFO - [2026-08-08T18:15:10.433+0000] {dag.py:3211} INFO - Sync 1 DAGs
[2026-08-08T18:15:10.459+0000] {logging_mixin.py:190} INFO - [2026-08-08T18:15:10.458+0000] {dag.py:4138} INFO - Setting next_dagrun for example_complex to None, run_after=None
[2026-08-08T18:15:10.494+0000] {processor.py:208} INFO - Processing /home/airflow/.local/lib/python3.12/site-packages/airflow/example_dags/example_complex.py took 0.174 seconds
[2026-08-08T18:15:40.771+0000] {processor.py:186} INFO - Started process (PID=417) to work on /home/airflow/.local/lib/python3.12/site-packages/airflow/example_dags/example_complex.py
[2026-08-08T18:15:40.773+0000] {processor.py:914} INFO - Processing file /home/airflow/.local/lib/python3.12/site-packages/airflow/example_dags/example_complex.py for tasks to queue
[2026-08-08T18:15:40.775+0000] {logging_mixin.py:190} INFO - [2026-08-08T18:15:40.775+0000] {dagbag.py:587} INFO - Filling up the DagBag from /home/airflow/.local/lib/python3.12/site-packages/airflow/example_dags/example_complex.py
[2026-08-08T18:15:40.788+0000] {processor.py:925} INFO - DAG(s) 'example_complex' retrieved from /home/airflow/.local/lib/python3.12/site-packages/airflow/example_dags/example_complex.py
[2026-08-08T18:15:40.818+0000] {logging_mixin.py:190} INFO - [2026-08-08T18:15:40.818+0000] {dag.py:3211} INFO - Sync 1 DAGs
[2026-08-08T18:15:40.831+0000] {logging_mixin.py:190} INFO - [2026-08-08T18:15:40.831+0000] {dag.py:4138} INFO - Setting next_dagrun for example_complex to None, run_after=None
[2026-08-08T18:15:40.855+0000] {processor.py:208} INFO - Processing /home/airflow/.local/lib/python3.12/site-packages/airflow/example_dags/example_complex.py took 0.092 seconds
[2026-08-08T18:17:12.596+0000] {processor.py:186} INFO - Started process (PID=115) to work on /home/airflow/.local/lib/python3.12/site-packages/airflow/example_dags/example_complex.py
[2026-08-08T18:17:12.598+0000] {processor.py:914} INFO - Processing file /home/airflow/.local/lib/python3.12/site-packages/airflow/example_dags/example_complex.py for tasks to queue
[2026-08-08T18:17:12.604+0000] {logging_mixin.py:190} INFO - [2026-08-08T18:17:12.603+0000] {dagbag.py:587} INFO - Filling up the DagBag from /home/airflow/.local/lib/python3.12/site-packages/airflow/example_dags/example_complex.py
[2026-08-08T18:17:12.632+0000] {processor.py:925} INFO - DAG(s) 'example_complex' retrieved from /home/airflow/.local/lib/python3.12/site-packages/airflow/example_dags/example_complex.py
[2026-08-08T18:17:12.704+0000] {logging_mixin.py:190} INFO - [2026-08-08T18:17:12.704+0000] {dag.py:3211} INFO - Sync 1 DAGs
[2026-08-08T18:17:12.726+0000] {logging_mixin.py:190} INFO - [2026-08-08T18:17:12.726+0000] {dag.py:4138} INFO - Setting next_dagrun for example_complex to None, run_after=None
[2026-08-08T18:17:12.752+0000] {processor.py:208} INFO - Processing /home/airflow/.local/lib/python3.12/site-packages/airflow/example_dags/example_complex.py took 0.170 seconds
[2026-08-08T18:17:43.102+0000] {processor.py:186} INFO - Started process (PID=178) to work on /home/airflow/.local/lib/python3.12/site-packages/airflow/example_dags/example_complex.py
[2026-08-08T18:17:43.103+0000] {processor.py:914} INFO - Processing file /home/airflow/.local/lib/python3.12/site-packages/airflow/example_dags/example_complex.py for tasks to queue
[2026-08-08T18:17:43.106+0000] {logging_mixin.py:190} INFO - [2026-08-08T18:17:43.105+0000] {dagbag.py:587} INFO - Filling up the DagBag from /home/airflow/.local/lib/python3.12/site-packages/airflow/example_dags/example_complex.py
[2026-08-08T18:17:43.120+0000] {processor.py:925} INFO - DAG(s) 'example_complex' retrieved from /home/airflow/.local/lib/python3.12/site-packages/airflow/example_dags/example_complex.py
[2026-08-08T18:17:43.152+0000] {logging_mixin.py:190} INFO - [2026-08-08T18:17:43.151+0000] {dag.py:3211} INFO - Sync 1 DAGs
[2026-08-08T18:17:43.164+0000] {logging_mixin.py:190} INFO - [2026-08-08T18:17:43.164+0000] {dag.py:4138} INFO - Setting next_dagrun for example_complex to None, run_after=None
[2026-08-08T18:17:43.184+0000] {processor.py:208} INFO - Processing /home/airflow/.local/lib/python3.12/site-packages/airflow/example_dags/example_complex.py took 0.090 seconds
[2026-08-08T18:18:13.946+0000] {processor.py:186} INFO - Started process (PID=241) to work on /home/airflow/.local/lib/python3.12/site-packages/airflow/example_dags/example_complex.py
[2026-08-08T18:18:13.948+0000] {processor.py:914} INFO - Processing file /home/airflow/.local/lib/python3.12/site-packages/airflow/example_dags/example_complex.py for tasks to queue
[2026-08-08T18:18:13.952+0000] {logging_mixin.py:190} INFO - [2026-08-08T18:18:13.952+0000] {dagbag.py:587} INFO - Filling up the DagBag from /home/airflow/.local/lib/python3.12/site-packages/airflow/example_dags/example_complex.py
[2026-08-08T18:18:13.969+0000] {processor.py:925} INFO - DAG(s) 'example_complex' retrieved from /home/airflow/.local/lib/python3.12/site-packages/airflow/example_dags/example_complex.py
[2026-08-08T18:18:14.008+0000] {logging_mixin.py:190} INFO - [2026-08-08T18:18:14.008+0000] {dag.py:3211} INFO - Sync 1 DAGs
[2026-08-08T18:18:14.026+0000] {logging_mixin.py:190} INFO - [2026-08-08T18:18:14.026+0000] {dag.py:4138} INFO - Setting next_dagrun for example_complex to None, run_after=None
[2026-08-08T18:18:14.053+0000] {processor.py:208} INFO - Processing /home/airflow/.local/lib/python3.12/site-packages/airflow/example_dags/example_complex.py took 0.114 seconds
[2026-08-08T18:18:44.518+0000] {processor.py:186} INFO - Started process (PID=305) to work on /home/airflow/.local/lib/python3.12/site-packages/airflow/example_dags/example_complex.py
[2026-08-08T18:18:44.519+0000] {processor.py:914} INFO - Processing file /home/airflow/.local/lib/python3.12/site-packages/airflow/example_dags/example_complex.py for tasks to queue
[2026-08-08T18:18:44.522+0000] {logging_mixin.py:190} INFO - [2026-08-08T18:18:44.521+0000] {dagbag.py:587} INFO - Filling up the DagBag from /home/airflow/.local/lib/python3.12/site-packages/airflow/example_dags/example_complex.py
[2026-08-08T18:18:44.535+0000] {processor.py:925} INFO - DAG(s) 'example_complex' retrieved from /home/airflow/.local/lib/python3.12/site-packages/airflow/example_dags/example_complex.py
[2026-08-08T18:18:44.573+0000] {logging_mixin.py:190} INFO - [2026-08-08T18:18:44.573+0000] {dag.py:3211} INFO - Sync 1 DAGs
[2026-08-08T18:18:44.588+0000] {logging_mixin.py:190} INFO - [2026-08-08T18:18:44.588+0000] {dag.py:4138} INFO - Setting next_dagrun for example_complex to None, run_after=None
[2026-08-08T18:18:44.611+0000] {processor.py:208} INFO - Processing /home/airflow/.local/lib/python3.12/site-packages/airflow/example_dags/example_complex.py took 0.100 seconds
[2026-08-08T18:19:15.347+0000] {processor.py:186} INFO - Started process (PID=368) to work on /home/airflow/.local/lib/python3.12/site-packages/airflow/example_dags/example_complex.py
[2026-08-08T18:19:15.349+0000] {processor.py:914} INFO - Processing file /home/airflow/.local/lib/python3.12/site-packages/airflow/example_dags/example_complex.py for tasks to queue
[2026-08-08T18:19:15.352+0000] {logging_mixin.py:190} INFO - [2026-08-08T18:19:15.352+0000] {dagbag.py:587} INFO - Filling up the DagBag from /home/airflow/.local/lib/python3.12/site-packages/airflow/example_dags/example_complex.py
[2026-08-08T18:19:15.367+0000] {processor.py:925} INFO - DAG(s) 'example_complex' retrieved from /home/airflow/.local/lib/python3.12/site-packages/airflow/example_dags/example_complex.py
[2026-08-08T18:19:15.405+0000] {logging_mixin.py:190} INFO - [2026-08-08T18:19:15.405+0000] {dag.py:3211} INFO - Sync 1 DAGs
[2026-08-08T18:19:15.427+0000] {logging_mixin.py:190} INFO - [2026-08-08T18:19:15.427+0000] {dag.py:4138} INFO - Setting next_dagrun for example_complex to None, run_after=None
[2026-08-08T18:19:15.457+0000] {processor.py:208} INFO - Processing /home/airflow/.local/lib/python3.12/site-packages/airflow/example_dags/example_complex.py took 0.118 seconds
[2026-08-08T18:24:01.684+0000] {processor.py:186} INFO - Started process (PID=430) to work on /home/airflow/.local/lib/python3.12/site-packages/airflow/example_dags/example_complex.py
[2026-08-08T18:24:01.687+0000] {processor.py:914} INFO - Processing file /home/airflow/.local/lib/python3.12/site-packages/airflow/example_dags/example_complex.py for tasks to queue
[2026-08-08T18:24:01.690+0000] {logging_mixin.py:190} INFO - [2026-08-08T18:24:01.690+0000] {dagbag.py:587} INFO - Filling up the DagBag from /home/airflow/.local/lib/python3.12/site-packages/airflow/example_dags/example_complex.py
[2026-08-08T18:24:01.704+0000] {processor.py:925} INFO - DAG(s) 'example_complex' retrieved from /home/airflow/.local/lib/python3.12/site-packages/airflow/example_dags/example_complex.py
[2026-08-08T18:24:01.740+0000] {logging_mixin.py:190} INFO - [2026-08-08T18:24:01.740+0000] {dag.py:3211} INFO - Sync 1 DAGs
[2026-08-08T18:24:01.765+0000] {logging_mixin.py:190} INFO - [2026-08-08T18:24:01.765+0000] {dag.py:4138} INFO - Setting next_dagrun for example_complex to None, run_after=None
[2026-08-08T18:24:01.809+0000] {processor.py:208} INFO - Processing /home/airflow/.local/lib/python3.12/site-packages/airflow/example_dags/example_complex.py took 0.133 seconds
[2026-08-08T18:24:32.007+0000] {processor.py:186} INFO - Started process (PID=493) to work on /home/airflow/.local/lib/python3.12/site-packages/airflow/example_dags/example_complex.py
[2026-08-08T18:24:32.009+0000] {processor.py:914} INFO - Processing file /home/airflow/.local/lib/python3.12/site-packages/airflow/example_dags/example_complex.py for tasks to queue
[2026-08-08T18:24:32.012+0000] {logging_mixin.py:190} INFO - [2026-08-08T18:24:32.012+0000] {dagbag.py:587} INFO - Filling up the DagBag from /home/airflow/.local/lib/python3.12/site-packages/airflow/example_dags/example_complex.py
[2026-08-08T18:24:32.026+0000] {processor.py:925} INFO - DAG(s) 'example_complex' retrieved from /home/airflow/.local/lib/python3.12/site-packages/airflow/example_dags/example_complex.py
[2026-08-08T18:24:32.061+0000] {logging_mixin.py:190} INFO - [2026-08-08T18:24:32.061+0000] {dag.py:3211} INFO - Sync 1 DAGs
[2026-08-08T18:24:32.077+0000] {logging_mixin.py:190} INFO - [2026-08-08T18:24:32.077+0000] {dag.py:4138} INFO - Setting next_dagrun for example_complex to None, run_after=None
[2026-08-08T18:24:32.098+0000] {processor.py:208} INFO - Processing /home/airflow/.local/lib/python3.12/site-packages/airflow/example_dags/example_complex.py took 0.097 seconds
[2026-08-08T18:25:02.540+0000] {processor.py:186} INFO - Started process (PID=556) to work on /home/airflow/.local/lib/python3.12/site-packages/airflow/example_dags/example_complex.py
[2026-08-08T18:25:02.542+0000] {processor.py:914} INFO - Processing file /home/airflow/.local/lib/python3.12/site-packages/airflow/example_dags/example_complex.py for tasks to queue
[2026-08-08T18:25:02.547+0000] {logging_mixin.py:190} INFO - [2026-08-08T18:25:02.546+0000] {dagbag.py:587} INFO - Filling up the DagBag from /home/airflow/.local/lib/python3.12/site-packages/airflow/example_dags/example_complex.py
[2026-08-08T18:25:02.567+0000] {processor.py:925} INFO - DAG(s) 'example_complex' retrieved from /home/airflow/.local/lib/python3.12/site-packages/airflow/example_dags/example_complex.py
[2026-08-08T18:25:02.616+0000] {logging_mixin.py:190} INFO - [2026-08-08T18:25:02.615+0000] {dag.py:3211} INFO - Sync 1 DAGs
[2026-08-08T18:25:02.638+0000] {logging_mixin.py:190} INFO - [2026-08-08T18:25:02.638+0000] {dag.py:4138} INFO - Setting next_dagrun for example_complex to None, run_after=None
[2026-08-08T18:25:02.668+0000] {processor.py:208} INFO - Processing /home/airflow/.local/lib/python3.12/site-packages/airflow/example_dags/example_complex.py took 0.140 seconds
[2026-08-08T18:25:33.134+0000] {processor.py:186} INFO - Started process (PID=619) to work on /home/airflow/.local/lib/python3.12/site-packages/airflow/example_dags/example_complex.py
[2026-08-08T18:25:33.136+0000] {processor.py:914} INFO - Processing file /home/airflow/.local/lib/python3.12/site-packages/airflow/example_dags/example_complex.py for tasks to queue
[2026-08-08T18:25:33.138+0000] {logging_mixin.py:190} INFO - [2026-08-08T18:25:33.138+0000] {dagbag.py:587} INFO - Filling up the DagBag from /home/airflow/.local/lib/python3.12/site-packages/airflow/example_dags/example_complex.py
[2026-08-08T18:25:33.156+0000] {processor.py:925} INFO - DAG(s) 'example_complex' retrieved from /home/airflow/.local/lib/python3.12/site-packages/airflow/example_dags/example_complex.py
[2026-08-08T18:25:33.206+0000] {logging_mixin.py:190} INFO - [2026-08-08T18:25:33.205+0000] {dag.py:3211} INFO - Sync 1 DAGs
[2026-08-08T18:25:33.225+0000] {logging_mixin.py:190} INFO - [2026-08-08T18:25:33.224+0000] {dag.py:4138} INFO - Setting next_dagrun for example_complex to None, run_after=None
[2026-08-08T18:25:33.248+0000] {processor.py:208} INFO - Processing /home/airflow/.local/lib/python3.12/site-packages/airflow/example_dags/example_complex.py took 0.122 seconds
[2026-08-08T18:26:03.715+0000] {processor.py:186} INFO - Started process (PID=683) to work on /home/airflow/.local/lib/python3.12/site-packages/airflow/example_dags/example_complex.py
[2026-08-08T18:26:03.716+0000] {processor.py:914} INFO - Processing file /home/airflow/.local/lib/python3.12/site-packages/airflow/example_dags/example_complex.py for tasks to queue
[2026-08-08T18:26:03.721+0000] {logging_mixin.py:190} INFO - [2026-08-08T18:26:03.721+0000] {dagbag.py:587} INFO - Filling up the DagBag from /home/airflow/.local/lib/python3.12/site-packages/airflow/example_dags/example_complex.py
[2026-08-08T18:26:03.736+0000] {processor.py:925} INFO - DAG(s) 'example_complex' retrieved from /home/airflow/.local/lib/python3.12/site-packages/airflow/example_dags/example_complex.py
[2026-08-08T18:26:03.768+0000] {logging_mixin.py:190} INFO - [2026-08-08T18:26:03.768+0000] {dag.py:3211} INFO - Sync 1 DAGs
[2026-08-08T18:26:03.782+0000] {logging_mixin.py:190} INFO - [2026-08-08T18:26:03.782+0000] {dag.py:4138} INFO - Setting next_dagrun for example_complex to None, run_after=None
[2026-08-08T18:26:03.802+0000] {processor.py:208} INFO - Processing /home/airflow/.local/lib/python3.12/site-packages/airflow/example_dags/example_complex.py took 0.095 seconds
[2026-08-08T18:26:34.542+0000] {processor.py:186} INFO - Started process (PID=746) to work on /home/airflow/.local/lib/python3.12/site-packages/airflow/example_dags/example_complex.py
[2026-08-08T18:26:34.543+0000] {processor.py:914} INFO - Processing file /home/airflow/.local/lib/python3.12/site-packages/airflow/example_dags/example_complex.py for tasks to queue
[2026-08-08T18:26:34.546+0000] {logging_mixin.py:190} INFO - [2026-08-08T18:26:34.546+0000] {dagbag.py:587} INFO - Filling up the DagBag from /home/airflow/.local/lib/python3.12/site-packages/airflow/example_dags/example_complex.py
[2026-08-08T18:26:34.558+0000] {processor.py:925} INFO - DAG(s) 'example_complex' retrieved from /home/airflow/.local/lib/python3.12/site-packages/airflow/example_dags/example_complex.py
[2026-08-08T18:26:34.591+0000] {logging_mixin.py:190} INFO - [2026-08-08T18:26:34.591+0000] {dag.py:3211} INFO - Sync 1 DAGs
[2026-08-08T18:26:34.604+0000] {logging_mixin.py:190} INFO - [2026-08-08T18:26:34.603+0000] {dag.py:4138} INFO - Setting next_dagrun for example_complex to None, run_after=None
[2026-08-08T18:26:34.623+0000] {processor.py:208} INFO - Processing /home/airflow/.local/lib/python3.12/site-packages/airflow/example_dags/example_complex.py took 0.087 seconds
