[2026-08-08T17:25:01.802+0000] {processor.py:186} INFO - Started process (PID=82) to work on /home/airflow/.local/lib/python3.12/site-packages/airflow/example_dags/example_bash_operator.py
[2026-08-08T17:25:01.804+0000] {processor.py:914} INFO - Processing file /home/airflow/.local/lib/python3.12/site-packages/airflow/example_dags/example_bash_operator.py for tasks to queue
[2026-08-08T17:25:01.809+0000] {logging_mixin.py:190} INFO - [2026-08-08T17:25:01.808+0000] {dagbag.py:587} INFO - Filling up the DagBag from /home/airflow/.local/lib/python3.12/site-packages/airflow/example_dags/example_bash_operator.py
[2026-08-08T17:25:01.828+0000] {processor.py:925} INFO - DAG(s) 'example_bash_operator' retrieved from /home/airflow/.local/lib/python3.12/site-packages/airflow/example_dags/example_bash_operator.py
[2026-08-08T17:25:01.994+0000] {logging_mixin.py:190} INFO - [2026-08-08T17:25:01.993+0000] {override.py:1858} INFO - Created Permission View: can delete on DAG:example_bash_operator
[2026-08-08T17:25:02.011+0000] {logging_mixin.py:190} INFO - [2026-08-08T17:25:02.010+0000] {override.py:1858} INFO - Created Permission View: can edit on DAG:example_bash_operator
[2026-08-08T17:25:02.023+0000] {logging_mixin.py:190} INFO - [2026-08-08T17:25:02.023+0000] {override.py:1858} INFO - Created Permission View: can read on DAG:example_bash_operator
[2026-08-08T17:25:02.026+0000] {logging_mixin.py:190} INFO - [2026-08-08T17:25:02.025+0000] {dag.py:3211} INFO - Sync 1 DAGs
[2026-08-08T17:25:02.044+0000] {logging_mixin.py:190} INFO - [2026-08-08T17:25:02.043+0000] {dag.py:3234} INFO - Creating ORM DAG for example_bash_operator
[2026-08-08T17:25:02.068+0000] {logging_mixin.py:190} INFO - [2026-08-08T17:25:02.067+0000] {dag.py:4138} INFO - Setting next_dagrun for example_bash_operator to 2026-08-07 00:00:00+00:00, run_after=2026-08-08 00:00:00+00:00
[2026-08-08T17:25:02.113+0000] {processor.py:208} INFO - Processing /home/airflow/.local/lib/python3.12/site-packages/airflow/example_dags/example_bash_operator.py took 0.323 seconds
[2026-08-08T17:25:32.380+0000] {processor.py:186} INFO - Started process (PID=145) to work on /home/airflow/.local/lib/python3.12/site-packages/airflow/example_dags/example_bash_operator.py
[2026-08-08T17:25:32.386+0000] {processor.py:914} INFO - Processing file /home/airflow/.local/lib/python3.12/site-packages/airflow/example_dags/example_bash_operator.py for tasks to queue
[2026-08-08T17:25:32.391+0000] {logging_mixin.py:190} INFO - [2026-08-08T17:25:32.390+0000] {dagbag.py:587} INFO - Filling up the DagBag from /home/airflow/.local/lib/python3.12/site-packages/airflow/example_dags/example_bash_operator.py
[2026-08-08T17:25:32.409+0000] {processor.py:925} INFO - DAG(s) 'example_bash_operator' retrieved from /home/airflow/.local/lib/python3.12/site-packages/airflow/example_dags/example_bash_operator.py
[2026-08-08T17:25:32.448+0000] {logging_mixin.py:190} INFO - [2026-08-08T17:25:32.448+0000] {dag.py:3211} INFO - Sync 1 DAGs
[2026-08-08T17:25:32.479+0000] {logging_mixin.py:190} INFO - [2026-08-08T17:25:32.479+0000] {dag.py:4138} INFO - Setting next_dagrun for example_bash_operator to 2026-08-07 00:00:00+00:00, run_after=2026-08-08 00:00:00+00:00
[2026-08-08T17:25:32.499+0000] {processor.py:208} INFO - Processing /home/airflow/.local/lib/python3.12/site-packages/airflow/example_dags/example_bash_operator.py took 0.128 seconds
[2026-08-08T17:26:02.899+0000] {processor.py:186} INFO - Started process (PID=208) to work on /home/airflow/.local/lib/python3.12/site-packages/airflow/example_dags/example_bash_operator.py
[2026-08-08T17:26:02.902+0000] {processor.py:914} INFO - Processing file /home/airflow/.local/lib/python3.12/site-packages/airflow/example_dags/example_bash_operator.py for tasks to queue
[2026-08-08T17:26:02.905+0000] {logging_mixin.py:190} INFO - [2026-08-08T17:26:02.905+0000] {dagbag.py:587} INFO - Filling up the DagBag from /home/airflow/.local/lib/python3.12/site-packages/airflow/example_dags/example_bash_operator.py
[2026-08-08T17:26:02.921+0000] {processor.py:925} INFO - DAG(s) 'example_bash_operator' retrieved from /home/airflow/.local/lib/python3.12/site-packages/airflow/example_dags/example_bash_operator.py
[2026-08-08T17:26:02.948+0000] {logging_mixin.py:190} INFO - [2026-08-08T17:26:02.948+0000] {dag.py:3211} INFO - Sync 1 DAGs
[2026-08-08T17:26:02.973+0000] {logging_mixin.py:190} INFO - [2026-08-08T17:26:02.973+0000] {dag.py:4138} INFO - Setting next_dagrun for example_bash_operator to 2026-08-07 00:00:00+00:00, run_after=2026-08-08 00:00:00+00:00
[2026-08-08T17:26:02.991+0000] {processor.py:208} INFO - Processing /home/airflow/.local/lib/python3.12/site-packages/airflow/example_dags/example_bash_operator.py took 0.101 seconds
[2026-08-08T17:26:33.824+0000] {processor.py:186} INFO - Started process (PID=271) to work on /home/airflow/.local/lib/python3.12/site-packages/airflow/example_dags/example_bash_operator.py
[2026-08-08T17:26:33.826+0000] {processor.py:914} INFO - Processing file /home/airflow/.local/lib/python3.12/site-packages/airflow/example_dags/example_bash_operator.py for tasks to queue
[2026-08-08T17:26:33.828+0000] {logging_mixin.py:190} INFO - [2026-08-08T17:26:33.828+0000] {dagbag.py:587} INFO - Filling up the DagBag from /home/airflow/.local/lib/python3.12/site-packages/airflow/example_dags/example_bash_operator.py
[2026-08-08T17:26:33.845+0000] {processor.py:925} INFO - DAG(s) 'example_bash_operator' retrieved from /home/airflow/.local/lib/python3.12/site-packages/airflow/example_dags/example_bash_operator.py
[2026-08-08T17:26:33.876+0000] {logging_mixin.py:190} INFO - [2026-08-08T17:26:33.876+0000] {dag.py:3211} INFO - Sync 1 DAGs
[2026-08-08T17:26:33.906+0000] {logging_mixin.py:190} INFO - [2026-08-08T17:26:33.905+0000] {dag.py:4138} INFO - Setting next_dagrun for example_bash_operator to 2026-08-07 00:00:00+00:00, run_after=2026-08-08 00:00:00+00:00
[2026-08-08T17:26:33.929+0000] {processor.py:208} INFO - Processing /home/airflow/.local/lib/python3.12/site-packages/airflow/example_dags/example_bash_operator.py took 0.114 seconds
[2026-08-08T17:27:04.082+0000] {processor.py:186} INFO - Started process (PID=334) to work on /home/airflow/.local/lib/python3.12/site-packages/airflow/example_dags/example_bash_operator.py
[2026-08-08T17:27:04.084+0000] {processor.py:914} INFO - Processing file /home/airflow/.local/lib/python3.12/site-packages/airflow/example_dags/example_bash_operator.py for tasks to queue
[2026-08-08T17:27:04.087+0000] {logging_mixin.py:190} INFO - [2026-08-08T17:27:04.086+0000] {dagbag.py:587} INFO - Filling up the DagBag from /home/airflow/.local/lib/python3.12/site-packages/airflow/example_dags/example_bash_operator.py
[2026-08-08T17:27:04.105+0000] {processor.py:925} INFO - DAG(s) 'example_bash_operator' retrieved from /home/airflow/.local/lib/python3.12/site-packages/airflow/example_dags/example_bash_operator.py
[2026-08-08T17:27:04.139+0000] {logging_mixin.py:190} INFO - [2026-08-08T17:27:04.139+0000] {dag.py:3211} INFO - Sync 1 DAGs
[2026-08-08T17:27:04.164+0000] {logging_mixin.py:190} INFO - [2026-08-08T17:27:04.164+0000] {dag.py:4138} INFO - Setting next_dagrun for example_bash_operator to 2026-08-07 00:00:00+00:00, run_after=2026-08-08 00:00:00+00:00
[2026-08-08T17:27:04.184+0000] {processor.py:208} INFO - Processing /home/airflow/.local/lib/python3.12/site-packages/airflow/example_dags/example_bash_operator.py took 0.110 seconds
[2026-08-08T17:27:34.384+0000] {processor.py:186} INFO - Started process (PID=397) to work on /home/airflow/.local/lib/python3.12/site-packages/airflow/example_dags/example_bash_operator.py
[2026-08-08T17:27:34.386+0000] {processor.py:914} INFO - Processing file /home/airflow/.local/lib/python3.12/site-packages/airflow/example_dags/example_bash_operator.py for tasks to queue
[2026-08-08T17:27:34.388+0000] {logging_mixin.py:190} INFO - [2026-08-08T17:27:34.388+0000] {dagbag.py:587} INFO - Filling up the DagBag from /home/airflow/.local/lib/python3.12/site-packages/airflow/example_dags/example_bash_operator.py
[2026-08-08T17:27:34.400+0000] {processor.py:925} INFO - DAG(s) 'example_bash_operator' retrieved from /home/airflow/.local/lib/python3.12/site-packages/airflow/example_dags/example_bash_operator.py
[2026-08-08T17:27:34.429+0000] {logging_mixin.py:190} INFO - [2026-08-08T17:27:34.429+0000] {dag.py:3211} INFO - Sync 1 DAGs
[2026-08-08T17:27:34.447+0000] {logging_mixin.py:190} INFO - [2026-08-08T17:27:34.447+0000] {dag.py:4138} INFO - Setting next_dagrun for example_bash_operator to 2026-08-07 00:00:00+00:00, run_after=2026-08-08 00:00:00+00:00
[2026-08-08T17:27:34.465+0000] {processor.py:208} INFO - Processing /home/airflow/.local/lib/python3.12/site-packages/airflow/example_dags/example_bash_operator.py took 0.088 seconds
[2026-08-08T17:28:04.709+0000] {processor.py:186} INFO - Started process (PID=460) to work on /home/airflow/.local/lib/python3.12/site-packages/airflow/example_dags/example_bash_operator.py
[2026-08-08T17:28:04.711+0000] {processor.py:914} INFO - Processing file /home/airflow/.local/lib/python3.12/site-packages/airflow/example_dags/example_bash_operator.py for tasks to queue
[2026-08-08T17:28:04.714+0000] {logging_mixin.py:190} INFO - [2026-08-08T17:28:04.714+0000] {dagbag.py:587} INFO - Filling up the DagBag from /home/airflow/.local/lib/python3.12/site-packages/airflow/example_dags/example_bash_operator.py
[2026-08-08T17:28:04.728+0000] {processor.py:925} INFO - DAG(s) 'example_bash_operator' retrieved from /home/airflow/.local/lib/python3.12/site-packages/airflow/example_dags/example_bash_operator.py
[2026-08-08T17:28:04.750+0000] {logging_mixin.py:190} INFO - [2026-08-08T17:28:04.750+0000] {dag.py:3211} INFO - Sync 1 DAGs
[2026-08-08T17:28:04.767+0000] {logging_mixin.py:190} INFO - [2026-08-08T17:28:04.767+0000] {dag.py:4138} INFO - Setting next_dagrun for example_bash_operator to 2026-08-07 00:00:00+00:00, run_after=2026-08-08 00:00:00+00:00
[2026-08-08T17:28:04.785+0000] {processor.py:208} INFO - Processing /home/airflow/.local/lib/python3.12/site-packages/airflow/example_dags/example_bash_operator.py took 0.082 seconds
[2026-08-08T17:28:35.528+0000] {processor.py:186} INFO - Started process (PID=523) to work on /home/airflow/.local/lib/python3.12/site-packages/airflow/example_dags/example_bash_operator.py
[2026-08-08T17:28:35.529+0000] {processor.py:914} INFO - Processing file /home/airflow/.local/lib/python3.12/site-packages/airflow/example_dags/example_bash_operator.py for tasks to queue
[2026-08-08T17:28:35.532+0000] {logging_mixin.py:190} INFO - [2026-08-08T17:28:35.531+0000] {dagbag.py:587} INFO - Filling up the DagBag from /home/airflow/.local/lib/python3.12/site-packages/airflow/example_dags/example_bash_operator.py
[2026-08-08T17:28:35.543+0000] {processor.py:925} INFO - DAG(s) 'example_bash_operator' retrieved from /home/airflow/.local/lib/python3.12/site-packages/airflow/example_dags/example_bash_operator.py
[2026-08-08T17:28:35.572+0000] {logging_mixin.py:190} INFO - [2026-08-08T17:28:35.572+0000] {dag.py:3211} INFO - Sync 1 DAGs
[2026-08-08T17:28:35.598+0000] {logging_mixin.py:190} INFO - [2026-08-08T17:28:35.598+0000] {dag.py:4138} INFO - Setting next_dagrun for example_bash_operator to 2026-08-07 00:00:00+00:00, run_after=2026-08-08 00:00:00+00:00
[2026-08-08T17:28:35.614+0000] {processor.py:208} INFO - Processing /home/airflow/.local/lib/python3.12/site-packages/airflow/example_dags/example_bash_operator.py took 0.093 seconds
[2026-08-08T17:29:06.677+0000] {processor.py:186} INFO - Started process (PID=586) to work on /home/airflow/.local/lib/python3.12/site-packages/airflow/example_dags/example_bash_operator.py
[2026-08-08T17:29:06.679+0000] {processor.py:914} INFO - Processing file /home/airflow/.local/lib/python3.12/site-packages/airflow/example_dags/example_bash_operator.py for tasks to queue
[2026-08-08T17:29:06.682+0000] {logging_mixin.py:190} INFO - [2026-08-08T17:29:06.682+0000] {dagbag.py:587} INFO - Filling up the DagBag from /home/airflow/.local/lib/python3.12/site-packages/airflow/example_dags/example_bash_operator.py
[2026-08-08T17:29:06.700+0000] {processor.py:925} INFO - DAG(s) 'example_bash_operator' retrieved from /home/airflow/.local/lib/python3.12/site-packages/airflow/example_dags/example_bash_operator.py
[2026-08-08T17:29:06.739+0000] {logging_mixin.py:190} INFO - [2026-08-08T17:29:06.738+0000] {dag.py:3211} INFO - Sync 1 DAGs
[2026-08-08T17:29:06.772+0000] {logging_mixin.py:190} INFO - [2026-08-08T17:29:06.771+0000] {dag.py:4138} INFO - Setting next_dagrun for example_bash_operator to 2026-08-07 00:00:00+00:00, run_after=2026-08-08 00:00:00+00:00
[2026-08-08T17:29:06.801+0000] {processor.py:208} INFO - Processing /home/airflow/.local/lib/python3.12/site-packages/airflow/example_dags/example_bash_operator.py took 0.133 seconds
[2026-08-08T17:29:37.668+0000] {processor.py:186} INFO - Started process (PID=649) to work on /home/airflow/.local/lib/python3.12/site-packages/airflow/example_dags/example_bash_operator.py
[2026-08-08T17:29:37.669+0000] {processor.py:914} INFO - Processing file /home/airflow/.local/lib/python3.12/site-packages/airflow/example_dags/example_bash_operator.py for tasks to queue
[2026-08-08T17:29:37.672+0000] {logging_mixin.py:190} INFO - [2026-08-08T17:29:37.672+0000] {dagbag.py:587} INFO - Filling up the DagBag from /home/airflow/.local/lib/python3.12/site-packages/airflow/example_dags/example_bash_operator.py
[2026-08-08T17:29:37.688+0000] {processor.py:925} INFO - DAG(s) 'example_bash_operator' retrieved from /home/airflow/.local/lib/python3.12/site-packages/airflow/example_dags/example_bash_operator.py
[2026-08-08T17:29:37.721+0000] {logging_mixin.py:190} INFO - [2026-08-08T17:29:37.721+0000] {dag.py:3211} INFO - Sync 1 DAGs
[2026-08-08T17:29:37.744+0000] {logging_mixin.py:190} INFO - [2026-08-08T17:29:37.744+0000] {dag.py:4138} INFO - Setting next_dagrun for example_bash_operator to 2026-08-07 00:00:00+00:00, run_after=2026-08-08 00:00:00+00:00
[2026-08-08T17:29:37.770+0000] {processor.py:208} INFO - Processing /home/airflow/.local/lib/python3.12/site-packages/airflow/example_dags/example_bash_operator.py took 0.108 seconds
[2026-08-08T17:30:08.526+0000] {processor.py:186} INFO - Started process (PID=712) to work on /home/airflow/.local/lib/python3.12/site-packages/airflow/example_dags/example_bash_operator.py
[2026-08-08T17:30:08.527+0000] {processor.py:914} INFO - Processing file /home/airflow/.local/lib/python3.12/site-packages/airflow/example_dags/example_bash_operator.py for tasks to queue
[2026-08-08T17:30:08.530+0000] {logging_mixin.py:190} INFO - [2026-08-08T17:30:08.529+0000] {dagbag.py:587} INFO - Filling up the DagBag from /home/airflow/.local/lib/python3.12/site-packages/airflow/example_dags/example_bash_operator.py
[2026-08-08T17:30:08.543+0000] {processor.py:925} INFO - DAG(s) 'example_bash_operator' retrieved from /home/airflow/.local/lib/python3.12/site-packages/airflow/example_dags/example_bash_operator.py
[2026-08-08T17:30:08.570+0000] {logging_mixin.py:190} INFO - [2026-08-08T17:30:08.570+0000] {dag.py:3211} INFO - Sync 1 DAGs
[2026-08-08T17:30:08.596+0000] {logging_mixin.py:190} INFO - [2026-08-08T17:30:08.596+0000] {dag.py:4138} INFO - Setting next_dagrun for example_bash_operator to 2026-08-07 00:00:00+00:00, run_after=2026-08-08 00:00:00+00:00
[2026-08-08T17:30:08.616+0000] {processor.py:208} INFO - Processing /home/airflow/.local/lib/python3.12/site-packages/airflow/example_dags/example_bash_operator.py took 0.095 seconds
[2026-08-08T17:30:39.449+0000] {processor.py:186} INFO - Started process (PID=775) to work on /home/airflow/.local/lib/python3.12/site-packages/airflow/example_dags/example_bash_operator.py
[2026-08-08T17:30:39.450+0000] {processor.py:914} INFO - Processing file /home/airflow/.local/lib/python3.12/site-packages/airflow/example_dags/example_bash_operator.py for tasks to queue
[2026-08-08T17:30:39.452+0000] {logging_mixin.py:190} INFO - [2026-08-08T17:30:39.452+0000] {dagbag.py:587} INFO - Filling up the DagBag from /home/airflow/.local/lib/python3.12/site-packages/airflow/example_dags/example_bash_operator.py
[2026-08-08T17:30:39.465+0000] {processor.py:925} INFO - DAG(s) 'example_bash_operator' retrieved from /home/airflow/.local/lib/python3.12/site-packages/airflow/example_dags/example_bash_operator.py
[2026-08-08T17:30:39.495+0000] {logging_mixin.py:190} INFO - [2026-08-08T17:30:39.495+0000] {dag.py:3211} INFO - Sync 1 DAGs
[2026-08-08T17:30:39.516+0000] {logging_mixin.py:190} INFO - [2026-08-08T17:30:39.516+0000] {dag.py:4138} INFO - Setting next_dagrun for example_bash_operator to 2026-08-07 00:00:00+00:00, run_after=2026-08-08 00:00:00+00:00
[2026-08-08T17:30:39.534+0000] {processor.py:208} INFO - Processing /home/airflow/.local/lib/python3.12/site-packages/airflow/example_dags/example_bash_operator.py took 0.091 seconds
[2026-08-08T17:31:09.723+0000] {processor.py:186} INFO - Started process (PID=838) to work on /home/airflow/.local/lib/python3.12/site-packages/airflow/example_dags/example_bash_operator.py
[2026-08-08T17:31:09.724+0000] {processor.py:914} INFO - Processing file /home/airflow/.local/lib/python3.12/site-packages/airflow/example_dags/example_bash_operator.py for tasks to queue
[2026-08-08T17:31:09.726+0000] {logging_mixin.py:190} INFO - [2026-08-08T17:31:09.726+0000] {dagbag.py:587} INFO - Filling up the DagBag from /home/airflow/.local/lib/python3.12/site-packages/airflow/example_dags/example_bash_operator.py
[2026-08-08T17:31:09.736+0000] {processor.py:925} INFO - DAG(s) 'example_bash_operator' retrieved from /home/airflow/.local/lib/python3.12/site-packages/airflow/example_dags/example_bash_operator.py
[2026-08-08T17:31:09.756+0000] {logging_mixin.py:190} INFO - [2026-08-08T17:31:09.756+0000] {dag.py:3211} INFO - Sync 1 DAGs
[2026-08-08T17:31:09.784+0000] {logging_mixin.py:190} INFO - [2026-08-08T17:31:09.784+0000] {dag.py:4138} INFO - Setting next_dagrun for example_bash_operator to 2026-08-07 00:00:00+00:00, run_after=2026-08-08 00:00:00+00:00
[2026-08-08T17:31:09.813+0000] {processor.py:208} INFO - Processing /home/airflow/.local/lib/python3.12/site-packages/airflow/example_dags/example_bash_operator.py took 0.095 seconds
[2026-08-08T17:31:40.460+0000] {processor.py:186} INFO - Started process (PID=901) to work on /home/airflow/.local/lib/python3.12/site-packages/airflow/example_dags/example_bash_operator.py
[2026-08-08T17:31:40.462+0000] {processor.py:914} INFO - Processing file /home/airflow/.local/lib/python3.12/site-packages/airflow/example_dags/example_bash_operator.py for tasks to queue
[2026-08-08T17:31:40.464+0000] {logging_mixin.py:190} INFO - [2026-08-08T17:31:40.464+0000] {dagbag.py:587} INFO - Filling up the DagBag from /home/airflow/.local/lib/python3.12/site-packages/airflow/example_dags/example_bash_operator.py
[2026-08-08T17:31:40.482+0000] {processor.py:925} INFO - DAG(s) 'example_bash_operator' retrieved from /home/airflow/.local/lib/python3.12/site-packages/airflow/example_dags/example_bash_operator.py
[2026-08-08T17:31:40.512+0000] {logging_mixin.py:190} INFO - [2026-08-08T17:31:40.512+0000] {dag.py:3211} INFO - Sync 1 DAGs
[2026-08-08T17:31:40.537+0000] {logging_mixin.py:190} INFO - [2026-08-08T17:31:40.537+0000] {dag.py:4138} INFO - Setting next_dagrun for example_bash_operator to 2026-08-07 00:00:00+00:00, run_after=2026-08-08 00:00:00+00:00
[2026-08-08T17:31:40.559+0000] {processor.py:208} INFO - Processing /home/airflow/.local/lib/python3.12/site-packages/airflow/example_dags/example_bash_operator.py took 0.105 seconds
[2026-08-08T17:32:10.982+0000] {processor.py:186} INFO - Started process (PID=964) to work on /home/airflow/.local/lib/python3.12/site-packages/airflow/example_dags/example_bash_operator.py
[2026-08-08T17:32:10.983+0000] {processor.py:914} INFO - Processing file /home/airflow/.local/lib/python3.12/site-packages/airflow/example_dags/example_bash_operator.py for tasks to queue
[2026-08-08T17:32:10.985+0000] {logging_mixin.py:190} INFO - [2026-08-08T17:32:10.985+0000] {dagbag.py:587} INFO - Filling up the DagBag from /home/airflow/.local/lib/python3.12/site-packages/airflow/example_dags/example_bash_operator.py
[2026-08-08T17:32:10.999+0000] {processor.py:925} INFO - DAG(s) 'example_bash_operator' retrieved from /home/airflow/.local/lib/python3.12/site-packages/airflow/example_dags/example_bash_operator.py
[2026-08-08T17:32:11.026+0000] {logging_mixin.py:190} INFO - [2026-08-08T17:32:11.025+0000] {dag.py:3211} INFO - Sync 1 DAGs
[2026-08-08T17:32:11.044+0000] {logging_mixin.py:190} INFO - [2026-08-08T17:32:11.044+0000] {dag.py:4138} INFO - Setting next_dagrun for example_bash_operator to 2026-08-07 00:00:00+00:00, run_after=2026-08-08 00:00:00+00:00
[2026-08-08T17:32:11.060+0000] {processor.py:208} INFO - Processing /home/airflow/.local/lib/python3.12/site-packages/airflow/example_dags/example_bash_operator.py took 0.084 seconds
[2026-08-08T17:32:41.320+0000] {processor.py:186} INFO - Started process (PID=1027) to work on /home/airflow/.local/lib/python3.12/site-packages/airflow/example_dags/example_bash_operator.py
[2026-08-08T17:32:41.321+0000] {processor.py:914} INFO - Processing file /home/airflow/.local/lib/python3.12/site-packages/airflow/example_dags/example_bash_operator.py for tasks to queue
[2026-08-08T17:32:41.323+0000] {logging_mixin.py:190} INFO - [2026-08-08T17:32:41.323+0000] {dagbag.py:587} INFO - Filling up the DagBag from /home/airflow/.local/lib/python3.12/site-packages/airflow/example_dags/example_bash_operator.py
[2026-08-08T17:32:41.336+0000] {processor.py:925} INFO - DAG(s) 'example_bash_operator' retrieved from /home/airflow/.local/lib/python3.12/site-packages/airflow/example_dags/example_bash_operator.py
[2026-08-08T17:32:41.363+0000] {logging_mixin.py:190} INFO - [2026-08-08T17:32:41.362+0000] {dag.py:3211} INFO - Sync 1 DAGs
[2026-08-08T17:32:41.385+0000] {logging_mixin.py:190} INFO - [2026-08-08T17:32:41.385+0000] {dag.py:4138} INFO - Setting next_dagrun for example_bash_operator to 2026-08-07 00:00:00+00:00, run_after=2026-08-08 00:00:00+00:00
[2026-08-08T17:32:41.408+0000] {processor.py:208} INFO - Processing /home/airflow/.local/lib/python3.12/site-packages/airflow/example_dags/example_bash_operator.py took 0.096 seconds
[2026-08-08T17:33:11.911+0000] {processor.py:186} INFO - Started process (PID=1090) to work on /home/airflow/.local/lib/python3.12/site-packages/airflow/example_dags/example_bash_operator.py
[2026-08-08T17:33:11.913+0000] {processor.py:914} INFO - Processing file /home/airflow/.local/lib/python3.12/site-packages/airflow/example_dags/example_bash_operator.py for tasks to queue
[2026-08-08T17:33:11.916+0000] {logging_mixin.py:190} INFO - [2026-08-08T17:33:11.916+0000] {dagbag.py:587} INFO - Filling up the DagBag from /home/airflow/.local/lib/python3.12/site-packages/airflow/example_dags/example_bash_operator.py
[2026-08-08T17:33:11.933+0000] {processor.py:925} INFO - DAG(s) 'example_bash_operator' retrieved from /home/airflow/.local/lib/python3.12/site-packages/airflow/example_dags/example_bash_operator.py
[2026-08-08T17:33:11.969+0000] {logging_mixin.py:190} INFO - [2026-08-08T17:33:11.969+0000] {dag.py:3211} INFO - Sync 1 DAGs
[2026-08-08T17:33:12.009+0000] {logging_mixin.py:190} INFO - [2026-08-08T17:33:12.009+0000] {dag.py:4138} INFO - Setting next_dagrun for example_bash_operator to 2026-08-07 00:00:00+00:00, run_after=2026-08-08 00:00:00+00:00
[2026-08-08T17:33:12.048+0000] {processor.py:208} INFO - Processing /home/airflow/.local/lib/python3.12/site-packages/airflow/example_dags/example_bash_operator.py took 0.144 seconds
[2026-08-08T17:33:42.508+0000] {processor.py:186} INFO - Started process (PID=1153) to work on /home/airflow/.local/lib/python3.12/site-packages/airflow/example_dags/example_bash_operator.py
[2026-08-08T17:33:42.509+0000] {processor.py:914} INFO - Processing file /home/airflow/.local/lib/python3.12/site-packages/airflow/example_dags/example_bash_operator.py for tasks to queue
[2026-08-08T17:33:42.512+0000] {logging_mixin.py:190} INFO - [2026-08-08T17:33:42.511+0000] {dagbag.py:587} INFO - Filling up the DagBag from /home/airflow/.local/lib/python3.12/site-packages/airflow/example_dags/example_bash_operator.py
[2026-08-08T17:33:42.523+0000] {processor.py:925} INFO - DAG(s) 'example_bash_operator' retrieved from /home/airflow/.local/lib/python3.12/site-packages/airflow/example_dags/example_bash_operator.py
[2026-08-08T17:33:42.547+0000] {logging_mixin.py:190} INFO - [2026-08-08T17:33:42.547+0000] {dag.py:3211} INFO - Sync 1 DAGs
[2026-08-08T17:33:42.568+0000] {logging_mixin.py:190} INFO - [2026-08-08T17:33:42.568+0000] {dag.py:4138} INFO - Setting next_dagrun for example_bash_operator to 2026-08-07 00:00:00+00:00, run_after=2026-08-08 00:00:00+00:00
[2026-08-08T17:33:42.588+0000] {processor.py:208} INFO - Processing /home/airflow/.local/lib/python3.12/site-packages/airflow/example_dags/example_bash_operator.py took 0.085 seconds
[2026-08-08T17:34:12.829+0000] {processor.py:186} INFO - Started process (PID=1216) to work on /home/airflow/.local/lib/python3.12/site-packages/airflow/example_dags/example_bash_operator.py
[2026-08-08T17:34:12.830+0000] {processor.py:914} INFO - Processing file /home/airflow/.local/lib/python3.12/site-packages/airflow/example_dags/example_bash_operator.py for tasks to queue
[2026-08-08T17:34:12.832+0000] {logging_mixin.py:190} INFO - [2026-08-08T17:34:12.832+0000] {dagbag.py:587} INFO - Filling up the DagBag from /home/airflow/.local/lib/python3.12/site-packages/airflow/example_dags/example_bash_operator.py
[2026-08-08T17:34:12.842+0000] {processor.py:925} INFO - DAG(s) 'example_bash_operator' retrieved from /home/airflow/.local/lib/python3.12/site-packages/airflow/example_dags/example_bash_operator.py
[2026-08-08T17:34:12.865+0000] {logging_mixin.py:190} INFO - [2026-08-08T17:34:12.865+0000] {dag.py:3211} INFO - Sync 1 DAGs
[2026-08-08T17:34:12.881+0000] {logging_mixin.py:190} INFO - [2026-08-08T17:34:12.881+0000] {dag.py:4138} INFO - Setting next_dagrun for example_bash_operator to 2026-08-07 00:00:00+00:00, run_after=2026-08-08 00:00:00+00:00
[2026-08-08T17:34:12.895+0000] {processor.py:208} INFO - Processing /home/airflow/.local/lib/python3.12/site-packages/airflow/example_dags/example_bash_operator.py took 0.071 seconds
[2026-08-08T17:34:43.870+0000] {processor.py:186} INFO - Started process (PID=1279) to work on /home/airflow/.local/lib/python3.12/site-packages/airflow/example_dags/example_bash_operator.py
[2026-08-08T17:34:43.871+0000] {processor.py:914} INFO - Processing file /home/airflow/.local/lib/python3.12/site-packages/airflow/example_dags/example_bash_operator.py for tasks to queue
[2026-08-08T17:34:43.874+0000] {logging_mixin.py:190} INFO - [2026-08-08T17:34:43.874+0000] {dagbag.py:587} INFO - Filling up the DagBag from /home/airflow/.local/lib/python3.12/site-packages/airflow/example_dags/example_bash_operator.py
[2026-08-08T17:34:43.888+0000] {processor.py:925} INFO - DAG(s) 'example_bash_operator' retrieved from /home/airflow/.local/lib/python3.12/site-packages/airflow/example_dags/example_bash_operator.py
[2026-08-08T17:34:43.912+0000] {logging_mixin.py:190} INFO - [2026-08-08T17:34:43.911+0000] {dag.py:3211} INFO - Sync 1 DAGs
[2026-08-08T17:34:43.930+0000] {logging_mixin.py:190} INFO - [2026-08-08T17:34:43.930+0000] {dag.py:4138} INFO - Setting next_dagrun for example_bash_operator to 2026-08-07 00:00:00+00:00, run_after=2026-08-08 00:00:00+00:00
[2026-08-08T17:34:43.948+0000] {processor.py:208} INFO - Processing /home/airflow/.local/lib/python3.12/site-packages/airflow/example_dags/example_bash_operator.py took 0.085 seconds
[2026-08-08T17:35:14.392+0000] {processor.py:186} INFO - Started process (PID=1342) to work on /home/airflow/.local/lib/python3.12/site-packages/airflow/example_dags/example_bash_operator.py
[2026-08-08T17:35:14.393+0000] {processor.py:914} INFO - Processing file /home/airflow/.local/lib/python3.12/site-packages/airflow/example_dags/example_bash_operator.py for tasks to queue
[2026-08-08T17:35:14.396+0000] {logging_mixin.py:190} INFO - [2026-08-08T17:35:14.396+0000] {dagbag.py:587} INFO - Filling up the DagBag from /home/airflow/.local/lib/python3.12/site-packages/airflow/example_dags/example_bash_operator.py
[2026-08-08T17:35:14.411+0000] {processor.py:925} INFO - DAG(s) 'example_bash_operator' retrieved from /home/airflow/.local/lib/python3.12/site-packages/airflow/example_dags/example_bash_operator.py
[2026-08-08T17:35:14.436+0000] {logging_mixin.py:190} INFO - [2026-08-08T17:35:14.436+0000] {dag.py:3211} INFO - Sync 1 DAGs
[2026-08-08T17:35:14.458+0000] {logging_mixin.py:190} INFO - [2026-08-08T17:35:14.458+0000] {dag.py:4138} INFO - Setting next_dagrun for example_bash_operator to 2026-08-07 00:00:00+00:00, run_after=2026-08-08 00:00:00+00:00
[2026-08-08T17:35:14.480+0000] {processor.py:208} INFO - Processing /home/airflow/.local/lib/python3.12/site-packages/airflow/example_dags/example_bash_operator.py took 0.094 seconds
[2026-08-08T17:35:45.237+0000] {processor.py:186} INFO - Started process (PID=1405) to work on /home/airflow/.local/lib/python3.12/site-packages/airflow/example_dags/example_bash_operator.py
[2026-08-08T17:35:45.239+0000] {processor.py:914} INFO - Processing file /home/airflow/.local/lib/python3.12/site-packages/airflow/example_dags/example_bash_operator.py for tasks to queue
[2026-08-08T17:35:45.241+0000] {logging_mixin.py:190} INFO - [2026-08-08T17:35:45.241+0000] {dagbag.py:587} INFO - Filling up the DagBag from /home/airflow/.local/lib/python3.12/site-packages/airflow/example_dags/example_bash_operator.py
[2026-08-08T17:35:45.255+0000] {processor.py:925} INFO - DAG(s) 'example_bash_operator' retrieved from /home/airflow/.local/lib/python3.12/site-packages/airflow/example_dags/example_bash_operator.py
[2026-08-08T17:35:45.298+0000] {logging_mixin.py:190} INFO - [2026-08-08T17:35:45.298+0000] {dag.py:3211} INFO - Sync 1 DAGs
[2026-08-08T17:35:45.321+0000] {logging_mixin.py:190} INFO - [2026-08-08T17:35:45.321+0000] {dag.py:4138} INFO - Setting next_dagrun for example_bash_operator to 2026-08-07 00:00:00+00:00, run_after=2026-08-08 00:00:00+00:00
[2026-08-08T17:35:45.340+0000] {processor.py:208} INFO - Processing /home/airflow/.local/lib/python3.12/site-packages/airflow/example_dags/example_bash_operator.py took 0.108 seconds
[2026-08-08T17:36:15.763+0000] {processor.py:186} INFO - Started process (PID=1468) to work on /home/airflow/.local/lib/python3.12/site-packages/airflow/example_dags/example_bash_operator.py
[2026-08-08T17:36:15.764+0000] {processor.py:914} INFO - Processing file /home/airflow/.local/lib/python3.12/site-packages/airflow/example_dags/example_bash_operator.py for tasks to queue
[2026-08-08T17:36:15.769+0000] {logging_mixin.py:190} INFO - [2026-08-08T17:36:15.768+0000] {dagbag.py:587} INFO - Filling up the DagBag from /home/airflow/.local/lib/python3.12/site-packages/airflow/example_dags/example_bash_operator.py
[2026-08-08T17:36:15.798+0000] {processor.py:925} INFO - DAG(s) 'example_bash_operator' retrieved from /home/airflow/.local/lib/python3.12/site-packages/airflow/example_dags/example_bash_operator.py
[2026-08-08T17:36:15.847+0000] {logging_mixin.py:190} INFO - [2026-08-08T17:36:15.847+0000] {dag.py:3211} INFO - Sync 1 DAGs
[2026-08-08T17:36:15.886+0000] {logging_mixin.py:190} INFO - [2026-08-08T17:36:15.885+0000] {dag.py:4138} INFO - Setting next_dagrun for example_bash_operator to 2026-08-07 00:00:00+00:00, run_after=2026-08-08 00:00:00+00:00
[2026-08-08T17:36:15.909+0000] {processor.py:208} INFO - Processing /home/airflow/.local/lib/python3.12/site-packages/airflow/example_dags/example_bash_operator.py took 0.158 seconds
[2026-08-08T17:38:14.079+0000] {processor.py:186} INFO - Started process (PID=64) to work on /home/airflow/.local/lib/python3.12/site-packages/airflow/example_dags/example_bash_operator.py
[2026-08-08T17:38:14.081+0000] {processor.py:914} INFO - Processing file /home/airflow/.local/lib/python3.12/site-packages/airflow/example_dags/example_bash_operator.py for tasks to queue
[2026-08-08T17:38:14.084+0000] {logging_mixin.py:190} INFO - [2026-08-08T17:38:14.084+0000] {dagbag.py:587} INFO - Filling up the DagBag from /home/airflow/.local/lib/python3.12/site-packages/airflow/example_dags/example_bash_operator.py
[2026-08-08T17:38:14.102+0000] {processor.py:925} INFO - DAG(s) 'example_bash_operator' retrieved from /home/airflow/.local/lib/python3.12/site-packages/airflow/example_dags/example_bash_operator.py
[2026-08-08T17:38:14.134+0000] {logging_mixin.py:190} INFO - [2026-08-08T17:38:14.133+0000] {dag.py:3211} INFO - Sync 1 DAGs
[2026-08-08T17:38:14.158+0000] {logging_mixin.py:190} INFO - [2026-08-08T17:38:14.157+0000] {dag.py:4138} INFO - Setting next_dagrun for example_bash_operator to 2026-08-07 00:00:00+00:00, run_after=2026-08-08 00:00:00+00:00
[2026-08-08T17:38:14.181+0000] {processor.py:208} INFO - Processing /home/airflow/.local/lib/python3.12/site-packages/airflow/example_dags/example_bash_operator.py took 0.107 seconds
[2026-08-08T17:38:44.852+0000] {processor.py:186} INFO - Started process (PID=127) to work on /home/airflow/.local/lib/python3.12/site-packages/airflow/example_dags/example_bash_operator.py
[2026-08-08T17:38:44.854+0000] {processor.py:914} INFO - Processing file /home/airflow/.local/lib/python3.12/site-packages/airflow/example_dags/example_bash_operator.py for tasks to queue
[2026-08-08T17:38:44.857+0000] {logging_mixin.py:190} INFO - [2026-08-08T17:38:44.857+0000] {dagbag.py:587} INFO - Filling up the DagBag from /home/airflow/.local/lib/python3.12/site-packages/airflow/example_dags/example_bash_operator.py
[2026-08-08T17:38:44.881+0000] {processor.py:925} INFO - DAG(s) 'example_bash_operator' retrieved from /home/airflow/.local/lib/python3.12/site-packages/airflow/example_dags/example_bash_operator.py
[2026-08-08T17:38:44.930+0000] {logging_mixin.py:190} INFO - [2026-08-08T17:38:44.930+0000] {dag.py:3211} INFO - Sync 1 DAGs
[2026-08-08T17:38:44.996+0000] {logging_mixin.py:190} INFO - [2026-08-08T17:38:44.996+0000] {dag.py:4138} INFO - Setting next_dagrun for example_bash_operator to 2026-08-07 00:00:00+00:00, run_after=2026-08-08 00:00:00+00:00
[2026-08-08T17:38:45.032+0000] {processor.py:208} INFO - Processing /home/airflow/.local/lib/python3.12/site-packages/airflow/example_dags/example_bash_operator.py took 0.188 seconds
[2026-08-08T17:39:15.561+0000] {processor.py:186} INFO - Started process (PID=196) to work on /home/airflow/.local/lib/python3.12/site-packages/airflow/example_dags/example_bash_operator.py
[2026-08-08T17:39:15.562+0000] {processor.py:914} INFO - Processing file /home/airflow/.local/lib/python3.12/site-packages/airflow/example_dags/example_bash_operator.py for tasks to queue
[2026-08-08T17:39:15.565+0000] {logging_mixin.py:190} INFO - [2026-08-08T17:39:15.565+0000] {dagbag.py:587} INFO - Filling up the DagBag from /home/airflow/.local/lib/python3.12/site-packages/airflow/example_dags/example_bash_operator.py
[2026-08-08T17:39:15.580+0000] {processor.py:925} INFO - DAG(s) 'example_bash_operator' retrieved from /home/airflow/.local/lib/python3.12/site-packages/airflow/example_dags/example_bash_operator.py
[2026-08-08T17:39:15.604+0000] {logging_mixin.py:190} INFO - [2026-08-08T17:39:15.604+0000] {dag.py:3211} INFO - Sync 1 DAGs
[2026-08-08T17:39:15.624+0000] {logging_mixin.py:190} INFO - [2026-08-08T17:39:15.623+0000] {dag.py:4138} INFO - Setting next_dagrun for example_bash_operator to 2026-08-07 00:00:00+00:00, run_after=2026-08-08 00:00:00+00:00
[2026-08-08T17:39:15.647+0000] {processor.py:208} INFO - Processing /home/airflow/.local/lib/python3.12/site-packages/airflow/example_dags/example_bash_operator.py took 0.093 seconds
[2026-08-08T17:39:46.642+0000] {processor.py:186} INFO - Started process (PID=259) to work on /home/airflow/.local/lib/python3.12/site-packages/airflow/example_dags/example_bash_operator.py
[2026-08-08T17:39:46.644+0000] {processor.py:914} INFO - Processing file /home/airflow/.local/lib/python3.12/site-packages/airflow/example_dags/example_bash_operator.py for tasks to queue
[2026-08-08T17:39:46.646+0000] {logging_mixin.py:190} INFO - [2026-08-08T17:39:46.646+0000] {dagbag.py:587} INFO - Filling up the DagBag from /home/airflow/.local/lib/python3.12/site-packages/airflow/example_dags/example_bash_operator.py
[2026-08-08T17:39:46.659+0000] {processor.py:925} INFO - DAG(s) 'example_bash_operator' retrieved from /home/airflow/.local/lib/python3.12/site-packages/airflow/example_dags/example_bash_operator.py
[2026-08-08T17:39:46.682+0000] {logging_mixin.py:190} INFO - [2026-08-08T17:39:46.682+0000] {dag.py:3211} INFO - Sync 1 DAGs
[2026-08-08T17:39:46.702+0000] {logging_mixin.py:190} INFO - [2026-08-08T17:39:46.702+0000] {dag.py:4138} INFO - Setting next_dagrun for example_bash_operator to 2026-08-07 00:00:00+00:00, run_after=2026-08-08 00:00:00+00:00
[2026-08-08T17:39:46.724+0000] {processor.py:208} INFO - Processing /home/airflow/.local/lib/python3.12/site-packages/airflow/example_dags/example_bash_operator.py took 0.088 seconds
[2026-08-08T17:42:37.791+0000] {processor.py:186} INFO - Started process (PID=76) to work on /home/airflow/.local/lib/python3.12/site-packages/airflow/example_dags/example_bash_operator.py
[2026-08-08T17:42:37.793+0000] {processor.py:914} INFO - Processing file /home/airflow/.local/lib/python3.12/site-packages/airflow/example_dags/example_bash_operator.py for tasks to queue
[2026-08-08T17:42:37.796+0000] {logging_mixin.py:190} INFO - [2026-08-08T17:42:37.796+0000] {dagbag.py:587} INFO - Filling up the DagBag from /home/airflow/.local/lib/python3.12/site-packages/airflow/example_dags/example_bash_operator.py
[2026-08-08T17:42:37.845+0000] {processor.py:925} INFO - DAG(s) 'example_bash_operator' retrieved from /home/airflow/.local/lib/python3.12/site-packages/airflow/example_dags/example_bash_operator.py
[2026-08-08T17:42:37.903+0000] {logging_mixin.py:190} INFO - [2026-08-08T17:42:37.902+0000] {dag.py:3211} INFO - Sync 1 DAGs
[2026-08-08T17:42:37.941+0000] {logging_mixin.py:190} INFO - [2026-08-08T17:42:37.941+0000] {dag.py:4138} INFO - Setting next_dagrun for example_bash_operator to 2026-08-07 00:00:00+00:00, run_after=2026-08-08 00:00:00+00:00
[2026-08-08T17:42:37.991+0000] {processor.py:208} INFO - Processing /home/airflow/.local/lib/python3.12/site-packages/airflow/example_dags/example_bash_operator.py took 0.208 seconds
[2026-08-08T17:43:08.482+0000] {processor.py:186} INFO - Started process (PID=145) to work on /home/airflow/.local/lib/python3.12/site-packages/airflow/example_dags/example_bash_operator.py
[2026-08-08T17:43:08.485+0000] {processor.py:914} INFO - Processing file /home/airflow/.local/lib/python3.12/site-packages/airflow/example_dags/example_bash_operator.py for tasks to queue
[2026-08-08T17:43:08.489+0000] {logging_mixin.py:190} INFO - [2026-08-08T17:43:08.488+0000] {dagbag.py:587} INFO - Filling up the DagBag from /home/airflow/.local/lib/python3.12/site-packages/airflow/example_dags/example_bash_operator.py
[2026-08-08T17:43:08.527+0000] {processor.py:925} INFO - DAG(s) 'example_bash_operator' retrieved from /home/airflow/.local/lib/python3.12/site-packages/airflow/example_dags/example_bash_operator.py
[2026-08-08T17:43:08.583+0000] {logging_mixin.py:190} INFO - [2026-08-08T17:43:08.582+0000] {dag.py:3211} INFO - Sync 1 DAGs
[2026-08-08T17:43:08.618+0000] {logging_mixin.py:190} INFO - [2026-08-08T17:43:08.618+0000] {dag.py:4138} INFO - Setting next_dagrun for example_bash_operator to 2026-08-07 00:00:00+00:00, run_after=2026-08-08 00:00:00+00:00
[2026-08-08T17:43:08.647+0000] {processor.py:208} INFO - Processing /home/airflow/.local/lib/python3.12/site-packages/airflow/example_dags/example_bash_operator.py took 0.179 seconds
[2026-08-08T17:43:38.952+0000] {processor.py:186} INFO - Started process (PID=208) to work on /home/airflow/.local/lib/python3.12/site-packages/airflow/example_dags/example_bash_operator.py
[2026-08-08T17:43:38.954+0000] {processor.py:914} INFO - Processing file /home/airflow/.local/lib/python3.12/site-packages/airflow/example_dags/example_bash_operator.py for tasks to queue
[2026-08-08T17:43:38.958+0000] {logging_mixin.py:190} INFO - [2026-08-08T17:43:38.957+0000] {dagbag.py:587} INFO - Filling up the DagBag from /home/airflow/.local/lib/python3.12/site-packages/airflow/example_dags/example_bash_operator.py
[2026-08-08T17:43:38.975+0000] {processor.py:925} INFO - DAG(s) 'example_bash_operator' retrieved from /home/airflow/.local/lib/python3.12/site-packages/airflow/example_dags/example_bash_operator.py
[2026-08-08T17:43:39.014+0000] {logging_mixin.py:190} INFO - [2026-08-08T17:43:39.014+0000] {dag.py:3211} INFO - Sync 1 DAGs
[2026-08-08T17:43:39.045+0000] {logging_mixin.py:190} INFO - [2026-08-08T17:43:39.044+0000] {dag.py:4138} INFO - Setting next_dagrun for example_bash_operator to 2026-08-07 00:00:00+00:00, run_after=2026-08-08 00:00:00+00:00
[2026-08-08T17:43:39.072+0000] {processor.py:208} INFO - Processing /home/airflow/.local/lib/python3.12/site-packages/airflow/example_dags/example_bash_operator.py took 0.128 seconds
[2026-08-08T17:44:09.802+0000] {processor.py:186} INFO - Started process (PID=271) to work on /home/airflow/.local/lib/python3.12/site-packages/airflow/example_dags/example_bash_operator.py
[2026-08-08T17:44:09.804+0000] {processor.py:914} INFO - Processing file /home/airflow/.local/lib/python3.12/site-packages/airflow/example_dags/example_bash_operator.py for tasks to queue
[2026-08-08T17:44:09.806+0000] {logging_mixin.py:190} INFO - [2026-08-08T17:44:09.806+0000] {dagbag.py:587} INFO - Filling up the DagBag from /home/airflow/.local/lib/python3.12/site-packages/airflow/example_dags/example_bash_operator.py
[2026-08-08T17:44:09.817+0000] {processor.py:925} INFO - DAG(s) 'example_bash_operator' retrieved from /home/airflow/.local/lib/python3.12/site-packages/airflow/example_dags/example_bash_operator.py
[2026-08-08T17:44:09.841+0000] {logging_mixin.py:190} INFO - [2026-08-08T17:44:09.841+0000] {dag.py:3211} INFO - Sync 1 DAGs
[2026-08-08T17:44:09.861+0000] {logging_mixin.py:190} INFO - [2026-08-08T17:44:09.861+0000] {dag.py:4138} INFO - Setting next_dagrun for example_bash_operator to 2026-08-07 00:00:00+00:00, run_after=2026-08-08 00:00:00+00:00
[2026-08-08T17:44:09.880+0000] {processor.py:208} INFO - Processing /home/airflow/.local/lib/python3.12/site-packages/airflow/example_dags/example_bash_operator.py took 0.084 seconds
[2026-08-08T17:44:40.267+0000] {processor.py:186} INFO - Started process (PID=334) to work on /home/airflow/.local/lib/python3.12/site-packages/airflow/example_dags/example_bash_operator.py
[2026-08-08T17:44:40.269+0000] {processor.py:914} INFO - Processing file /home/airflow/.local/lib/python3.12/site-packages/airflow/example_dags/example_bash_operator.py for tasks to queue
[2026-08-08T17:44:40.271+0000] {logging_mixin.py:190} INFO - [2026-08-08T17:44:40.271+0000] {dagbag.py:587} INFO - Filling up the DagBag from /home/airflow/.local/lib/python3.12/site-packages/airflow/example_dags/example_bash_operator.py
[2026-08-08T17:44:40.283+0000] {processor.py:925} INFO - DAG(s) 'example_bash_operator' retrieved from /home/airflow/.local/lib/python3.12/site-packages/airflow/example_dags/example_bash_operator.py
[2026-08-08T17:44:40.305+0000] {logging_mixin.py:190} INFO - [2026-08-08T17:44:40.305+0000] {dag.py:3211} INFO - Sync 1 DAGs
[2026-08-08T17:44:40.324+0000] {logging_mixin.py:190} INFO - [2026-08-08T17:44:40.324+0000] {dag.py:4138} INFO - Setting next_dagrun for example_bash_operator to 2026-08-07 00:00:00+00:00, run_after=2026-08-08 00:00:00+00:00
[2026-08-08T17:44:40.343+0000] {processor.py:208} INFO - Processing /home/airflow/.local/lib/python3.12/site-packages/airflow/example_dags/example_bash_operator.py took 0.081 seconds
[2026-08-08T17:45:10.592+0000] {processor.py:186} INFO - Started process (PID=397) to work on /home/airflow/.local/lib/python3.12/site-packages/airflow/example_dags/example_bash_operator.py
[2026-08-08T17:45:10.594+0000] {processor.py:914} INFO - Processing file /home/airflow/.local/lib/python3.12/site-packages/airflow/example_dags/example_bash_operator.py for tasks to queue
[2026-08-08T17:45:10.596+0000] {logging_mixin.py:190} INFO - [2026-08-08T17:45:10.596+0000] {dagbag.py:587} INFO - Filling up the DagBag from /home/airflow/.local/lib/python3.12/site-packages/airflow/example_dags/example_bash_operator.py
[2026-08-08T17:45:10.608+0000] {processor.py:925} INFO - DAG(s) 'example_bash_operator' retrieved from /home/airflow/.local/lib/python3.12/site-packages/airflow/example_dags/example_bash_operator.py
[2026-08-08T17:45:10.637+0000] {logging_mixin.py:190} INFO - [2026-08-08T17:45:10.637+0000] {dag.py:3211} INFO - Sync 1 DAGs
[2026-08-08T17:45:10.662+0000] {logging_mixin.py:190} INFO - [2026-08-08T17:45:10.662+0000] {dag.py:4138} INFO - Setting next_dagrun for example_bash_operator to 2026-08-07 00:00:00+00:00, run_after=2026-08-08 00:00:00+00:00
[2026-08-08T17:45:10.684+0000] {processor.py:208} INFO - Processing /home/airflow/.local/lib/python3.12/site-packages/airflow/example_dags/example_bash_operator.py took 0.099 seconds
[2026-08-08T17:45:40.873+0000] {processor.py:186} INFO - Started process (PID=460) to work on /home/airflow/.local/lib/python3.12/site-packages/airflow/example_dags/example_bash_operator.py
[2026-08-08T17:45:40.874+0000] {processor.py:914} INFO - Processing file /home/airflow/.local/lib/python3.12/site-packages/airflow/example_dags/example_bash_operator.py for tasks to queue
[2026-08-08T17:45:40.876+0000] {logging_mixin.py:190} INFO - [2026-08-08T17:45:40.876+0000] {dagbag.py:587} INFO - Filling up the DagBag from /home/airflow/.local/lib/python3.12/site-packages/airflow/example_dags/example_bash_operator.py
[2026-08-08T17:45:40.893+0000] {processor.py:925} INFO - DAG(s) 'example_bash_operator' retrieved from /home/airflow/.local/lib/python3.12/site-packages/airflow/example_dags/example_bash_operator.py
[2026-08-08T17:45:40.926+0000] {logging_mixin.py:190} INFO - [2026-08-08T17:45:40.925+0000] {dag.py:3211} INFO - Sync 1 DAGs
[2026-08-08T17:45:40.948+0000] {logging_mixin.py:190} INFO - [2026-08-08T17:45:40.947+0000] {dag.py:4138} INFO - Setting next_dagrun for example_bash_operator to 2026-08-07 00:00:00+00:00, run_after=2026-08-08 00:00:00+00:00
[2026-08-08T17:45:40.969+0000] {processor.py:208} INFO - Processing /home/airflow/.local/lib/python3.12/site-packages/airflow/example_dags/example_bash_operator.py took 0.102 seconds
[2026-08-08T17:47:11.668+0000] {processor.py:186} INFO - Started process (PID=77) to work on /home/airflow/.local/lib/python3.12/site-packages/airflow/example_dags/example_bash_operator.py
[2026-08-08T17:47:11.670+0000] {processor.py:914} INFO - Processing file /home/airflow/.local/lib/python3.12/site-packages/airflow/example_dags/example_bash_operator.py for tasks to queue
[2026-08-08T17:47:11.673+0000] {logging_mixin.py:190} INFO - [2026-08-08T17:47:11.672+0000] {dagbag.py:587} INFO - Filling up the DagBag from /home/airflow/.local/lib/python3.12/site-packages/airflow/example_dags/example_bash_operator.py
[2026-08-08T17:47:11.689+0000] {processor.py:925} INFO - DAG(s) 'example_bash_operator' retrieved from /home/airflow/.local/lib/python3.12/site-packages/airflow/example_dags/example_bash_operator.py
[2026-08-08T17:47:11.725+0000] {logging_mixin.py:190} INFO - [2026-08-08T17:47:11.725+0000] {dag.py:3211} INFO - Sync 1 DAGs
[2026-08-08T17:47:11.749+0000] {logging_mixin.py:190} INFO - [2026-08-08T17:47:11.749+0000] {dag.py:4138} INFO - Setting next_dagrun for example_bash_operator to 2026-08-07 00:00:00+00:00, run_after=2026-08-08 00:00:00+00:00
[2026-08-08T17:47:11.775+0000] {processor.py:208} INFO - Processing /home/airflow/.local/lib/python3.12/site-packages/airflow/example_dags/example_bash_operator.py took 0.114 seconds
[2026-08-08T17:47:42.580+0000] {processor.py:186} INFO - Started process (PID=140) to work on /home/airflow/.local/lib/python3.12/site-packages/airflow/example_dags/example_bash_operator.py
[2026-08-08T17:47:42.582+0000] {processor.py:914} INFO - Processing file /home/airflow/.local/lib/python3.12/site-packages/airflow/example_dags/example_bash_operator.py for tasks to queue
[2026-08-08T17:47:42.586+0000] {logging_mixin.py:190} INFO - [2026-08-08T17:47:42.586+0000] {dagbag.py:587} INFO - Filling up the DagBag from /home/airflow/.local/lib/python3.12/site-packages/airflow/example_dags/example_bash_operator.py
[2026-08-08T17:47:42.604+0000] {processor.py:925} INFO - DAG(s) 'example_bash_operator' retrieved from /home/airflow/.local/lib/python3.12/site-packages/airflow/example_dags/example_bash_operator.py
[2026-08-08T17:47:42.635+0000] {logging_mixin.py:190} INFO - [2026-08-08T17:47:42.635+0000] {dag.py:3211} INFO - Sync 1 DAGs
[2026-08-08T17:47:42.666+0000] {logging_mixin.py:190} INFO - [2026-08-08T17:47:42.665+0000] {dag.py:4138} INFO - Setting next_dagrun for example_bash_operator to 2026-08-07 00:00:00+00:00, run_after=2026-08-08 00:00:00+00:00
[2026-08-08T17:47:42.690+0000] {processor.py:208} INFO - Processing /home/airflow/.local/lib/python3.12/site-packages/airflow/example_dags/example_bash_operator.py took 0.118 seconds
[2026-08-08T17:48:13.117+0000] {processor.py:186} INFO - Started process (PID=209) to work on /home/airflow/.local/lib/python3.12/site-packages/airflow/example_dags/example_bash_operator.py
[2026-08-08T17:48:13.118+0000] {processor.py:914} INFO - Processing file /home/airflow/.local/lib/python3.12/site-packages/airflow/example_dags/example_bash_operator.py for tasks to queue
[2026-08-08T17:48:13.121+0000] {logging_mixin.py:190} INFO - [2026-08-08T17:48:13.121+0000] {dagbag.py:587} INFO - Filling up the DagBag from /home/airflow/.local/lib/python3.12/site-packages/airflow/example_dags/example_bash_operator.py
[2026-08-08T17:48:13.133+0000] {processor.py:925} INFO - DAG(s) 'example_bash_operator' retrieved from /home/airflow/.local/lib/python3.12/site-packages/airflow/example_dags/example_bash_operator.py
[2026-08-08T17:48:13.162+0000] {logging_mixin.py:190} INFO - [2026-08-08T17:48:13.162+0000] {dag.py:3211} INFO - Sync 1 DAGs
[2026-08-08T17:48:13.183+0000] {logging_mixin.py:190} INFO - [2026-08-08T17:48:13.182+0000] {dag.py:4138} INFO - Setting next_dagrun for example_bash_operator to 2026-08-07 00:00:00+00:00, run_after=2026-08-08 00:00:00+00:00
[2026-08-08T17:48:13.201+0000] {processor.py:208} INFO - Processing /home/airflow/.local/lib/python3.12/site-packages/airflow/example_dags/example_bash_operator.py took 0.092 seconds
[2026-08-08T17:48:43.981+0000] {processor.py:186} INFO - Started process (PID=278) to work on /home/airflow/.local/lib/python3.12/site-packages/airflow/example_dags/example_bash_operator.py
[2026-08-08T17:48:43.982+0000] {processor.py:914} INFO - Processing file /home/airflow/.local/lib/python3.12/site-packages/airflow/example_dags/example_bash_operator.py for tasks to queue
[2026-08-08T17:48:43.985+0000] {logging_mixin.py:190} INFO - [2026-08-08T17:48:43.985+0000] {dagbag.py:587} INFO - Filling up the DagBag from /home/airflow/.local/lib/python3.12/site-packages/airflow/example_dags/example_bash_operator.py
[2026-08-08T17:48:44.007+0000] {processor.py:925} INFO - DAG(s) 'example_bash_operator' retrieved from /home/airflow/.local/lib/python3.12/site-packages/airflow/example_dags/example_bash_operator.py
[2026-08-08T17:48:44.042+0000] {logging_mixin.py:190} INFO - [2026-08-08T17:48:44.042+0000] {dag.py:3211} INFO - Sync 1 DAGs
[2026-08-08T17:48:44.067+0000] {logging_mixin.py:190} INFO - [2026-08-08T17:48:44.067+0000] {dag.py:4138} INFO - Setting next_dagrun for example_bash_operator to 2026-08-07 00:00:00+00:00, run_after=2026-08-08 00:00:00+00:00
[2026-08-08T17:48:44.096+0000] {processor.py:208} INFO - Processing /home/airflow/.local/lib/python3.12/site-packages/airflow/example_dags/example_bash_operator.py took 0.124 seconds
[2026-08-08T17:52:35.280+0000] {processor.py:186} INFO - Started process (PID=82) to work on /home/airflow/.local/lib/python3.12/site-packages/airflow/example_dags/example_bash_operator.py
[2026-08-08T17:52:35.284+0000] {processor.py:914} INFO - Processing file /home/airflow/.local/lib/python3.12/site-packages/airflow/example_dags/example_bash_operator.py for tasks to queue
[2026-08-08T17:52:35.288+0000] {logging_mixin.py:190} INFO - [2026-08-08T17:52:35.288+0000] {dagbag.py:587} INFO - Filling up the DagBag from /home/airflow/.local/lib/python3.12/site-packages/airflow/example_dags/example_bash_operator.py
[2026-08-08T17:52:35.308+0000] {processor.py:925} INFO - DAG(s) 'example_bash_operator' retrieved from /home/airflow/.local/lib/python3.12/site-packages/airflow/example_dags/example_bash_operator.py
[2026-08-08T17:52:35.370+0000] {logging_mixin.py:190} INFO - [2026-08-08T17:52:35.369+0000] {dag.py:3211} INFO - Sync 1 DAGs
[2026-08-08T17:52:35.400+0000] {logging_mixin.py:190} INFO - [2026-08-08T17:52:35.400+0000] {dag.py:4138} INFO - Setting next_dagrun for example_bash_operator to 2026-08-07 00:00:00+00:00, run_after=2026-08-08 00:00:00+00:00
[2026-08-08T17:52:35.429+0000] {processor.py:208} INFO - Processing /home/airflow/.local/lib/python3.12/site-packages/airflow/example_dags/example_bash_operator.py took 0.155 seconds
[2026-08-08T17:53:05.983+0000] {processor.py:186} INFO - Started process (PID=145) to work on /home/airflow/.local/lib/python3.12/site-packages/airflow/example_dags/example_bash_operator.py
[2026-08-08T17:53:05.984+0000] {processor.py:914} INFO - Processing file /home/airflow/.local/lib/python3.12/site-packages/airflow/example_dags/example_bash_operator.py for tasks to queue
[2026-08-08T17:53:05.987+0000] {logging_mixin.py:190} INFO - [2026-08-08T17:53:05.986+0000] {dagbag.py:587} INFO - Filling up the DagBag from /home/airflow/.local/lib/python3.12/site-packages/airflow/example_dags/example_bash_operator.py
[2026-08-08T17:53:06.003+0000] {processor.py:925} INFO - DAG(s) 'example_bash_operator' retrieved from /home/airflow/.local/lib/python3.12/site-packages/airflow/example_dags/example_bash_operator.py
[2026-08-08T17:53:06.036+0000] {logging_mixin.py:190} INFO - [2026-08-08T17:53:06.036+0000] {dag.py:3211} INFO - Sync 1 DAGs
[2026-08-08T17:53:06.064+0000] {logging_mixin.py:190} INFO - [2026-08-08T17:53:06.064+0000] {dag.py:4138} INFO - Setting next_dagrun for example_bash_operator to 2026-08-07 00:00:00+00:00, run_after=2026-08-08 00:00:00+00:00
[2026-08-08T17:53:06.090+0000] {processor.py:208} INFO - Processing /home/airflow/.local/lib/python3.12/site-packages/airflow/example_dags/example_bash_operator.py took 0.115 seconds
[2026-08-08T17:53:36.510+0000] {processor.py:186} INFO - Started process (PID=208) to work on /home/airflow/.local/lib/python3.12/site-packages/airflow/example_dags/example_bash_operator.py
[2026-08-08T17:53:36.512+0000] {processor.py:914} INFO - Processing file /home/airflow/.local/lib/python3.12/site-packages/airflow/example_dags/example_bash_operator.py for tasks to queue
[2026-08-08T17:53:36.515+0000] {logging_mixin.py:190} INFO - [2026-08-08T17:53:36.514+0000] {dagbag.py:587} INFO - Filling up the DagBag from /home/airflow/.local/lib/python3.12/site-packages/airflow/example_dags/example_bash_operator.py
[2026-08-08T17:53:36.531+0000] {processor.py:925} INFO - DAG(s) 'example_bash_operator' retrieved from /home/airflow/.local/lib/python3.12/site-packages/airflow/example_dags/example_bash_operator.py
[2026-08-08T17:53:36.561+0000] {logging_mixin.py:190} INFO - [2026-08-08T17:53:36.560+0000] {dag.py:3211} INFO - Sync 1 DAGs
[2026-08-08T17:53:36.587+0000] {logging_mixin.py:190} INFO - [2026-08-08T17:53:36.586+0000] {dag.py:4138} INFO - Setting next_dagrun for example_bash_operator to 2026-08-07 00:00:00+00:00, run_after=2026-08-08 00:00:00+00:00
[2026-08-08T17:53:36.613+0000] {processor.py:208} INFO - Processing /home/airflow/.local/lib/python3.12/site-packages/airflow/example_dags/example_bash_operator.py took 0.110 seconds
[2026-08-08T17:54:07.202+0000] {processor.py:186} INFO - Started process (PID=271) to work on /home/airflow/.local/lib/python3.12/site-packages/airflow/example_dags/example_bash_operator.py
[2026-08-08T17:54:07.204+0000] {processor.py:914} INFO - Processing file /home/airflow/.local/lib/python3.12/site-packages/airflow/example_dags/example_bash_operator.py for tasks to queue
[2026-08-08T17:54:07.207+0000] {logging_mixin.py:190} INFO - [2026-08-08T17:54:07.206+0000] {dagbag.py:587} INFO - Filling up the DagBag from /home/airflow/.local/lib/python3.12/site-packages/airflow/example_dags/example_bash_operator.py
[2026-08-08T17:54:07.222+0000] {processor.py:925} INFO - DAG(s) 'example_bash_operator' retrieved from /home/airflow/.local/lib/python3.12/site-packages/airflow/example_dags/example_bash_operator.py
[2026-08-08T17:54:07.253+0000] {logging_mixin.py:190} INFO - [2026-08-08T17:54:07.252+0000] {dag.py:3211} INFO - Sync 1 DAGs
[2026-08-08T17:54:07.286+0000] {logging_mixin.py:190} INFO - [2026-08-08T17:54:07.284+0000] {dag.py:4138} INFO - Setting next_dagrun for example_bash_operator to 2026-08-07 00:00:00+00:00, run_after=2026-08-08 00:00:00+00:00
[2026-08-08T17:54:07.310+0000] {processor.py:208} INFO - Processing /home/airflow/.local/lib/python3.12/site-packages/airflow/example_dags/example_bash_operator.py took 0.114 seconds
[2026-08-08T17:54:37.589+0000] {processor.py:186} INFO - Started process (PID=334) to work on /home/airflow/.local/lib/python3.12/site-packages/airflow/example_dags/example_bash_operator.py
[2026-08-08T17:54:37.591+0000] {processor.py:914} INFO - Processing file /home/airflow/.local/lib/python3.12/site-packages/airflow/example_dags/example_bash_operator.py for tasks to queue
[2026-08-08T17:54:37.594+0000] {logging_mixin.py:190} INFO - [2026-08-08T17:54:37.594+0000] {dagbag.py:587} INFO - Filling up the DagBag from /home/airflow/.local/lib/python3.12/site-packages/airflow/example_dags/example_bash_operator.py
[2026-08-08T17:54:37.616+0000] {processor.py:925} INFO - DAG(s) 'example_bash_operator' retrieved from /home/airflow/.local/lib/python3.12/site-packages/airflow/example_dags/example_bash_operator.py
[2026-08-08T17:54:37.658+0000] {logging_mixin.py:190} INFO - [2026-08-08T17:54:37.657+0000] {dag.py:3211} INFO - Sync 1 DAGs
[2026-08-08T17:54:37.686+0000] {logging_mixin.py:190} INFO - [2026-08-08T17:54:37.686+0000] {dag.py:4138} INFO - Setting next_dagrun for example_bash_operator to 2026-08-07 00:00:00+00:00, run_after=2026-08-08 00:00:00+00:00
[2026-08-08T17:54:37.704+0000] {processor.py:208} INFO - Processing /home/airflow/.local/lib/python3.12/site-packages/airflow/example_dags/example_bash_operator.py took 0.126 seconds
[2026-08-08T17:55:07.809+0000] {processor.py:186} INFO - Started process (PID=397) to work on /home/airflow/.local/lib/python3.12/site-packages/airflow/example_dags/example_bash_operator.py
[2026-08-08T17:55:07.811+0000] {processor.py:914} INFO - Processing file /home/airflow/.local/lib/python3.12/site-packages/airflow/example_dags/example_bash_operator.py for tasks to queue
[2026-08-08T17:55:07.813+0000] {logging_mixin.py:190} INFO - [2026-08-08T17:55:07.813+0000] {dagbag.py:587} INFO - Filling up the DagBag from /home/airflow/.local/lib/python3.12/site-packages/airflow/example_dags/example_bash_operator.py
[2026-08-08T17:55:07.825+0000] {processor.py:925} INFO - DAG(s) 'example_bash_operator' retrieved from /home/airflow/.local/lib/python3.12/site-packages/airflow/example_dags/example_bash_operator.py
[2026-08-08T17:55:07.848+0000] {logging_mixin.py:190} INFO - [2026-08-08T17:55:07.848+0000] {dag.py:3211} INFO - Sync 1 DAGs
[2026-08-08T17:55:07.866+0000] {logging_mixin.py:190} INFO - [2026-08-08T17:55:07.866+0000] {dag.py:4138} INFO - Setting next_dagrun for example_bash_operator to 2026-08-07 00:00:00+00:00, run_after=2026-08-08 00:00:00+00:00
[2026-08-08T17:55:07.884+0000] {processor.py:208} INFO - Processing /home/airflow/.local/lib/python3.12/site-packages/airflow/example_dags/example_bash_operator.py took 0.080 seconds
[2026-08-08T17:55:38.141+0000] {processor.py:186} INFO - Started process (PID=460) to work on /home/airflow/.local/lib/python3.12/site-packages/airflow/example_dags/example_bash_operator.py
[2026-08-08T17:55:38.142+0000] {processor.py:914} INFO - Processing file /home/airflow/.local/lib/python3.12/site-packages/airflow/example_dags/example_bash_operator.py for tasks to queue
[2026-08-08T17:55:38.145+0000] {logging_mixin.py:190} INFO - [2026-08-08T17:55:38.144+0000] {dagbag.py:587} INFO - Filling up the DagBag from /home/airflow/.local/lib/python3.12/site-packages/airflow/example_dags/example_bash_operator.py
[2026-08-08T17:55:38.157+0000] {processor.py:925} INFO - DAG(s) 'example_bash_operator' retrieved from /home/airflow/.local/lib/python3.12/site-packages/airflow/example_dags/example_bash_operator.py
[2026-08-08T17:55:38.181+0000] {logging_mixin.py:190} INFO - [2026-08-08T17:55:38.181+0000] {dag.py:3211} INFO - Sync 1 DAGs
[2026-08-08T17:55:38.202+0000] {logging_mixin.py:190} INFO - [2026-08-08T17:55:38.202+0000] {dag.py:4138} INFO - Setting next_dagrun for example_bash_operator to 2026-08-07 00:00:00+00:00, run_after=2026-08-08 00:00:00+00:00
[2026-08-08T17:55:38.223+0000] {processor.py:208} INFO - Processing /home/airflow/.local/lib/python3.12/site-packages/airflow/example_dags/example_bash_operator.py took 0.089 seconds
[2026-08-08T17:56:08.369+0000] {processor.py:186} INFO - Started process (PID=523) to work on /home/airflow/.local/lib/python3.12/site-packages/airflow/example_dags/example_bash_operator.py
[2026-08-08T17:56:08.371+0000] {processor.py:914} INFO - Processing file /home/airflow/.local/lib/python3.12/site-packages/airflow/example_dags/example_bash_operator.py for tasks to queue
[2026-08-08T17:56:08.373+0000] {logging_mixin.py:190} INFO - [2026-08-08T17:56:08.373+0000] {dagbag.py:587} INFO - Filling up the DagBag from /home/airflow/.local/lib/python3.12/site-packages/airflow/example_dags/example_bash_operator.py
[2026-08-08T17:56:08.386+0000] {processor.py:925} INFO - DAG(s) 'example_bash_operator' retrieved from /home/airflow/.local/lib/python3.12/site-packages/airflow/example_dags/example_bash_operator.py
[2026-08-08T17:56:08.410+0000] {logging_mixin.py:190} INFO - [2026-08-08T17:56:08.410+0000] {dag.py:3211} INFO - Sync 1 DAGs
[2026-08-08T17:56:08.437+0000] {logging_mixin.py:190} INFO - [2026-08-08T17:56:08.437+0000] {dag.py:4138} INFO - Setting next_dagrun for example_bash_operator to 2026-08-07 00:00:00+00:00, run_after=2026-08-08 00:00:00+00:00
[2026-08-08T17:56:08.456+0000] {processor.py:208} INFO - Processing /home/airflow/.local/lib/python3.12/site-packages/airflow/example_dags/example_bash_operator.py took 0.092 seconds
[2026-08-08T17:56:38.916+0000] {processor.py:186} INFO - Started process (PID=586) to work on /home/airflow/.local/lib/python3.12/site-packages/airflow/example_dags/example_bash_operator.py
[2026-08-08T17:56:38.917+0000] {processor.py:914} INFO - Processing file /home/airflow/.local/lib/python3.12/site-packages/airflow/example_dags/example_bash_operator.py for tasks to queue
[2026-08-08T17:56:38.921+0000] {logging_mixin.py:190} INFO - [2026-08-08T17:56:38.920+0000] {dagbag.py:587} INFO - Filling up the DagBag from /home/airflow/.local/lib/python3.12/site-packages/airflow/example_dags/example_bash_operator.py
[2026-08-08T17:56:38.939+0000] {processor.py:925} INFO - DAG(s) 'example_bash_operator' retrieved from /home/airflow/.local/lib/python3.12/site-packages/airflow/example_dags/example_bash_operator.py
[2026-08-08T17:56:38.968+0000] {logging_mixin.py:190} INFO - [2026-08-08T17:56:38.968+0000] {dag.py:3211} INFO - Sync 1 DAGs
[2026-08-08T17:56:38.999+0000] {logging_mixin.py:190} INFO - [2026-08-08T17:56:38.998+0000] {dag.py:4138} INFO - Setting next_dagrun for example_bash_operator to 2026-08-07 00:00:00+00:00, run_after=2026-08-08 00:00:00+00:00
[2026-08-08T17:56:39.027+0000] {processor.py:208} INFO - Processing /home/airflow/.local/lib/python3.12/site-packages/airflow/example_dags/example_bash_operator.py took 0.119 seconds
[2026-08-08T17:57:09.375+0000] {processor.py:186} INFO - Started process (PID=649) to work on /home/airflow/.local/lib/python3.12/site-packages/airflow/example_dags/example_bash_operator.py
[2026-08-08T17:57:09.376+0000] {processor.py:914} INFO - Processing file /home/airflow/.local/lib/python3.12/site-packages/airflow/example_dags/example_bash_operator.py for tasks to queue
[2026-08-08T17:57:09.378+0000] {logging_mixin.py:190} INFO - [2026-08-08T17:57:09.378+0000] {dagbag.py:587} INFO - Filling up the DagBag from /home/airflow/.local/lib/python3.12/site-packages/airflow/example_dags/example_bash_operator.py
[2026-08-08T17:57:09.389+0000] {processor.py:925} INFO - DAG(s) 'example_bash_operator' retrieved from /home/airflow/.local/lib/python3.12/site-packages/airflow/example_dags/example_bash_operator.py
[2026-08-08T17:57:09.412+0000] {logging_mixin.py:190} INFO - [2026-08-08T17:57:09.411+0000] {dag.py:3211} INFO - Sync 1 DAGs
[2026-08-08T17:57:09.437+0000] {logging_mixin.py:190} INFO - [2026-08-08T17:57:09.437+0000] {dag.py:4138} INFO - Setting next_dagrun for example_bash_operator to 2026-08-07 00:00:00+00:00, run_after=2026-08-08 00:00:00+00:00
[2026-08-08T17:57:09.461+0000] {processor.py:208} INFO - Processing /home/airflow/.local/lib/python3.12/site-packages/airflow/example_dags/example_bash_operator.py took 0.091 seconds
[2026-08-08T18:08:15.012+0000] {processor.py:186} INFO - Started process (PID=712) to work on /home/airflow/.local/lib/python3.12/site-packages/airflow/example_dags/example_bash_operator.py
[2026-08-08T18:08:15.018+0000] {processor.py:914} INFO - Processing file /home/airflow/.local/lib/python3.12/site-packages/airflow/example_dags/example_bash_operator.py for tasks to queue
[2026-08-08T18:08:15.027+0000] {logging_mixin.py:190} INFO - [2026-08-08T18:08:15.026+0000] {dagbag.py:587} INFO - Filling up the DagBag from /home/airflow/.local/lib/python3.12/site-packages/airflow/example_dags/example_bash_operator.py
[2026-08-08T18:08:15.061+0000] {processor.py:925} INFO - DAG(s) 'example_bash_operator' retrieved from /home/airflow/.local/lib/python3.12/site-packages/airflow/example_dags/example_bash_operator.py
[2026-08-08T18:08:15.112+0000] {logging_mixin.py:190} INFO - [2026-08-08T18:08:15.112+0000] {dag.py:3211} INFO - Sync 1 DAGs
[2026-08-08T18:08:15.154+0000] {logging_mixin.py:190} INFO - [2026-08-08T18:08:15.154+0000] {dag.py:4138} INFO - Setting next_dagrun for example_bash_operator to 2026-08-07 00:00:00+00:00, run_after=2026-08-08 00:00:00+00:00
[2026-08-08T18:08:15.197+0000] {processor.py:208} INFO - Processing /home/airflow/.local/lib/python3.12/site-packages/airflow/example_dags/example_bash_operator.py took 0.195 seconds
[2026-08-08T18:08:45.442+0000] {processor.py:186} INFO - Started process (PID=775) to work on /home/airflow/.local/lib/python3.12/site-packages/airflow/example_dags/example_bash_operator.py
[2026-08-08T18:08:45.448+0000] {processor.py:914} INFO - Processing file /home/airflow/.local/lib/python3.12/site-packages/airflow/example_dags/example_bash_operator.py for tasks to queue
[2026-08-08T18:08:45.454+0000] {logging_mixin.py:190} INFO - [2026-08-08T18:08:45.453+0000] {dagbag.py:587} INFO - Filling up the DagBag from /home/airflow/.local/lib/python3.12/site-packages/airflow/example_dags/example_bash_operator.py
[2026-08-08T18:08:45.471+0000] {processor.py:925} INFO - DAG(s) 'example_bash_operator' retrieved from /home/airflow/.local/lib/python3.12/site-packages/airflow/example_dags/example_bash_operator.py
[2026-08-08T18:08:45.507+0000] {logging_mixin.py:190} INFO - [2026-08-08T18:08:45.506+0000] {dag.py:3211} INFO - Sync 1 DAGs
[2026-08-08T18:08:45.534+0000] {logging_mixin.py:190} INFO - [2026-08-08T18:08:45.534+0000] {dag.py:4138} INFO - Setting next_dagrun for example_bash_operator to 2026-08-07 00:00:00+00:00, run_after=2026-08-08 00:00:00+00:00
[2026-08-08T18:08:45.569+0000] {processor.py:208} INFO - Processing /home/airflow/.local/lib/python3.12/site-packages/airflow/example_dags/example_bash_operator.py took 0.136 seconds
[2026-08-08T18:09:15.810+0000] {processor.py:186} INFO - Started process (PID=838) to work on /home/airflow/.local/lib/python3.12/site-packages/airflow/example_dags/example_bash_operator.py
[2026-08-08T18:09:15.815+0000] {processor.py:914} INFO - Processing file /home/airflow/.local/lib/python3.12/site-packages/airflow/example_dags/example_bash_operator.py for tasks to queue
[2026-08-08T18:09:15.821+0000] {logging_mixin.py:190} INFO - [2026-08-08T18:09:15.820+0000] {dagbag.py:587} INFO - Filling up the DagBag from /home/airflow/.local/lib/python3.12/site-packages/airflow/example_dags/example_bash_operator.py
[2026-08-08T18:09:15.855+0000] {processor.py:925} INFO - DAG(s) 'example_bash_operator' retrieved from /home/airflow/.local/lib/python3.12/site-packages/airflow/example_dags/example_bash_operator.py
[2026-08-08T18:09:15.911+0000] {logging_mixin.py:190} INFO - [2026-08-08T18:09:15.911+0000] {dag.py:3211} INFO - Sync 1 DAGs
[2026-08-08T18:09:15.951+0000] {logging_mixin.py:190} INFO - [2026-08-08T18:09:15.951+0000] {dag.py:4138} INFO - Setting next_dagrun for example_bash_operator to 2026-08-07 00:00:00+00:00, run_after=2026-08-08 00:00:00+00:00
[2026-08-08T18:09:15.984+0000] {processor.py:208} INFO - Processing /home/airflow/.local/lib/python3.12/site-packages/airflow/example_dags/example_bash_operator.py took 0.184 seconds
[2026-08-08T18:09:46.459+0000] {processor.py:186} INFO - Started process (PID=901) to work on /home/airflow/.local/lib/python3.12/site-packages/airflow/example_dags/example_bash_operator.py
[2026-08-08T18:09:46.461+0000] {processor.py:914} INFO - Processing file /home/airflow/.local/lib/python3.12/site-packages/airflow/example_dags/example_bash_operator.py for tasks to queue
[2026-08-08T18:09:46.465+0000] {logging_mixin.py:190} INFO - [2026-08-08T18:09:46.465+0000] {dagbag.py:587} INFO - Filling up the DagBag from /home/airflow/.local/lib/python3.12/site-packages/airflow/example_dags/example_bash_operator.py
[2026-08-08T18:09:46.484+0000] {processor.py:925} INFO - DAG(s) 'example_bash_operator' retrieved from /home/airflow/.local/lib/python3.12/site-packages/airflow/example_dags/example_bash_operator.py
[2026-08-08T18:09:46.525+0000] {logging_mixin.py:190} INFO - [2026-08-08T18:09:46.525+0000] {dag.py:3211} INFO - Sync 1 DAGs
[2026-08-08T18:09:46.560+0000] {logging_mixin.py:190} INFO - [2026-08-08T18:09:46.560+0000] {dag.py:4138} INFO - Setting next_dagrun for example_bash_operator to 2026-08-07 00:00:00+00:00, run_after=2026-08-08 00:00:00+00:00
[2026-08-08T18:09:46.588+0000] {processor.py:208} INFO - Processing /home/airflow/.local/lib/python3.12/site-packages/airflow/example_dags/example_bash_operator.py took 0.138 seconds
[2026-08-08T18:10:17.206+0000] {processor.py:186} INFO - Started process (PID=964) to work on /home/airflow/.local/lib/python3.12/site-packages/airflow/example_dags/example_bash_operator.py
[2026-08-08T18:10:17.209+0000] {processor.py:914} INFO - Processing file /home/airflow/.local/lib/python3.12/site-packages/airflow/example_dags/example_bash_operator.py for tasks to queue
[2026-08-08T18:10:17.213+0000] {logging_mixin.py:190} INFO - [2026-08-08T18:10:17.213+0000] {dagbag.py:587} INFO - Filling up the DagBag from /home/airflow/.local/lib/python3.12/site-packages/airflow/example_dags/example_bash_operator.py
[2026-08-08T18:10:17.235+0000] {processor.py:925} INFO - DAG(s) 'example_bash_operator' retrieved from /home/airflow/.local/lib/python3.12/site-packages/airflow/example_dags/example_bash_operator.py
[2026-08-08T18:10:17.273+0000] {logging_mixin.py:190} INFO - [2026-08-08T18:10:17.273+0000] {dag.py:3211} INFO - Sync 1 DAGs
[2026-08-08T18:10:17.307+0000] {logging_mixin.py:190} INFO - [2026-08-08T18:10:17.307+0000] {dag.py:4138} INFO - Setting next_dagrun for example_bash_operator to 2026-08-07 00:00:00+00:00, run_after=2026-08-08 00:00:00+00:00
[2026-08-08T18:10:17.342+0000] {processor.py:208} INFO - Processing /home/airflow/.local/lib/python3.12/site-packages/airflow/example_dags/example_bash_operator.py took 0.145 seconds
[2026-08-08T18:10:47.530+0000] {processor.py:186} INFO - Started process (PID=1027) to work on /home/airflow/.local/lib/python3.12/site-packages/airflow/example_dags/example_bash_operator.py
[2026-08-08T18:10:47.532+0000] {processor.py:914} INFO - Processing file /home/airflow/.local/lib/python3.12/site-packages/airflow/example_dags/example_bash_operator.py for tasks to queue
[2026-08-08T18:10:47.536+0000] {logging_mixin.py:190} INFO - [2026-08-08T18:10:47.535+0000] {dagbag.py:587} INFO - Filling up the DagBag from /home/airflow/.local/lib/python3.12/site-packages/airflow/example_dags/example_bash_operator.py
[2026-08-08T18:10:47.552+0000] {processor.py:925} INFO - DAG(s) 'example_bash_operator' retrieved from /home/airflow/.local/lib/python3.12/site-packages/airflow/example_dags/example_bash_operator.py
[2026-08-08T18:10:47.583+0000] {logging_mixin.py:190} INFO - [2026-08-08T18:10:47.583+0000] {dag.py:3211} INFO - Sync 1 DAGs
[2026-08-08T18:10:47.610+0000] {logging_mixin.py:190} INFO - [2026-08-08T18:10:47.610+0000] {dag.py:4138} INFO - Setting next_dagrun for example_bash_operator to 2026-08-07 00:00:00+00:00, run_after=2026-08-08 00:00:00+00:00
[2026-08-08T18:10:47.634+0000] {processor.py:208} INFO - Processing /home/airflow/.local/lib/python3.12/site-packages/airflow/example_dags/example_bash_operator.py took 0.112 seconds
[2026-08-08T18:11:18.399+0000] {processor.py:186} INFO - Started process (PID=1090) to work on /home/airflow/.local/lib/python3.12/site-packages/airflow/example_dags/example_bash_operator.py
[2026-08-08T18:11:18.401+0000] {processor.py:914} INFO - Processing file /home/airflow/.local/lib/python3.12/site-packages/airflow/example_dags/example_bash_operator.py for tasks to queue
[2026-08-08T18:11:18.404+0000] {logging_mixin.py:190} INFO - [2026-08-08T18:11:18.403+0000] {dagbag.py:587} INFO - Filling up the DagBag from /home/airflow/.local/lib/python3.12/site-packages/airflow/example_dags/example_bash_operator.py
[2026-08-08T18:11:18.416+0000] {processor.py:925} INFO - DAG(s) 'example_bash_operator' retrieved from /home/airflow/.local/lib/python3.12/site-packages/airflow/example_dags/example_bash_operator.py
[2026-08-08T18:11:18.439+0000] {logging_mixin.py:190} INFO - [2026-08-08T18:11:18.439+0000] {dag.py:3211} INFO - Sync 1 DAGs
[2026-08-08T18:11:18.460+0000] {logging_mixin.py:190} INFO - [2026-08-08T18:11:18.460+0000] {dag.py:4138} INFO - Setting next_dagrun for example_bash_operator to 2026-08-07 00:00:00+00:00, run_after=2026-08-08 00:00:00+00:00
[2026-08-08T18:11:18.480+0000] {processor.py:208} INFO - Processing /home/airflow/.local/lib/python3.12/site-packages/airflow/example_dags/example_bash_operator.py took 0.086 seconds
[2026-08-08T18:11:49.235+0000] {processor.py:186} INFO - Started process (PID=1153) to work on /home/airflow/.local/lib/python3.12/site-packages/airflow/example_dags/example_bash_operator.py
[2026-08-08T18:11:49.237+0000] {processor.py:914} INFO - Processing file /home/airflow/.local/lib/python3.12/site-packages/airflow/example_dags/example_bash_operator.py for tasks to queue
[2026-08-08T18:11:49.239+0000] {logging_mixin.py:190} INFO - [2026-08-08T18:11:49.239+0000] {dagbag.py:587} INFO - Filling up the DagBag from /home/airflow/.local/lib/python3.12/site-packages/airflow/example_dags/example_bash_operator.py
[2026-08-08T18:11:49.251+0000] {processor.py:925} INFO - DAG(s) 'example_bash_operator' retrieved from /home/airflow/.local/lib/python3.12/site-packages/airflow/example_dags/example_bash_operator.py
[2026-08-08T18:11:49.275+0000] {logging_mixin.py:190} INFO - [2026-08-08T18:11:49.274+0000] {dag.py:3211} INFO - Sync 1 DAGs
[2026-08-08T18:11:49.295+0000] {logging_mixin.py:190} INFO - [2026-08-08T18:11:49.295+0000] {dag.py:4138} INFO - Setting next_dagrun for example_bash_operator to 2026-08-07 00:00:00+00:00, run_after=2026-08-08 00:00:00+00:00
[2026-08-08T18:11:49.317+0000] {processor.py:208} INFO - Processing /home/airflow/.local/lib/python3.12/site-packages/airflow/example_dags/example_bash_operator.py took 0.087 seconds
[2026-08-08T18:13:05.467+0000] {processor.py:186} INFO - Started process (PID=82) to work on /home/airflow/.local/lib/python3.12/site-packages/airflow/example_dags/example_bash_operator.py
[2026-08-08T18:13:05.469+0000] {processor.py:914} INFO - Processing file /home/airflow/.local/lib/python3.12/site-packages/airflow/example_dags/example_bash_operator.py for tasks to queue
[2026-08-08T18:13:05.472+0000] {logging_mixin.py:190} INFO - [2026-08-08T18:13:05.471+0000] {dagbag.py:587} INFO - Filling up the DagBag from /home/airflow/.local/lib/python3.12/site-packages/airflow/example_dags/example_bash_operator.py
[2026-08-08T18:13:05.491+0000] {processor.py:925} INFO - DAG(s) 'example_bash_operator' retrieved from /home/airflow/.local/lib/python3.12/site-packages/airflow/example_dags/example_bash_operator.py
[2026-08-08T18:13:05.532+0000] {logging_mixin.py:190} INFO - [2026-08-08T18:13:05.532+0000] {dag.py:3211} INFO - Sync 1 DAGs
[2026-08-08T18:13:05.560+0000] {logging_mixin.py:190} INFO - [2026-08-08T18:13:05.559+0000] {dag.py:4138} INFO - Setting next_dagrun for example_bash_operator to 2026-08-07 00:00:00+00:00, run_after=2026-08-08 00:00:00+00:00
[2026-08-08T18:13:05.583+0000] {processor.py:208} INFO - Processing /home/airflow/.local/lib/python3.12/site-packages/airflow/example_dags/example_bash_operator.py took 0.123 seconds
[2026-08-08T18:13:35.648+0000] {processor.py:186} INFO - Started process (PID=151) to work on /home/airflow/.local/lib/python3.12/site-packages/airflow/example_dags/example_bash_operator.py
[2026-08-08T18:13:35.649+0000] {processor.py:914} INFO - Processing file /home/airflow/.local/lib/python3.12/site-packages/airflow/example_dags/example_bash_operator.py for tasks to queue
[2026-08-08T18:13:35.652+0000] {logging_mixin.py:190} INFO - [2026-08-08T18:13:35.652+0000] {dagbag.py:587} INFO - Filling up the DagBag from /home/airflow/.local/lib/python3.12/site-packages/airflow/example_dags/example_bash_operator.py
[2026-08-08T18:13:35.663+0000] {processor.py:925} INFO - DAG(s) 'example_bash_operator' retrieved from /home/airflow/.local/lib/python3.12/site-packages/airflow/example_dags/example_bash_operator.py
[2026-08-08T18:13:35.684+0000] {logging_mixin.py:190} INFO - [2026-08-08T18:13:35.684+0000] {dag.py:3211} INFO - Sync 1 DAGs
[2026-08-08T18:13:35.702+0000] {logging_mixin.py:190} INFO - [2026-08-08T18:13:35.702+0000] {dag.py:4138} INFO - Setting next_dagrun for example_bash_operator to 2026-08-07 00:00:00+00:00, run_after=2026-08-08 00:00:00+00:00
[2026-08-08T18:13:35.718+0000] {processor.py:208} INFO - Processing /home/airflow/.local/lib/python3.12/site-packages/airflow/example_dags/example_bash_operator.py took 0.076 seconds
[2026-08-08T18:14:06.394+0000] {processor.py:186} INFO - Started process (PID=214) to work on /home/airflow/.local/lib/python3.12/site-packages/airflow/example_dags/example_bash_operator.py
[2026-08-08T18:14:06.396+0000] {processor.py:914} INFO - Processing file /home/airflow/.local/lib/python3.12/site-packages/airflow/example_dags/example_bash_operator.py for tasks to queue
[2026-08-08T18:14:06.398+0000] {logging_mixin.py:190} INFO - [2026-08-08T18:14:06.398+0000] {dagbag.py:587} INFO - Filling up the DagBag from /home/airflow/.local/lib/python3.12/site-packages/airflow/example_dags/example_bash_operator.py
[2026-08-08T18:14:06.411+0000] {processor.py:925} INFO - DAG(s) 'example_bash_operator' retrieved from /home/airflow/.local/lib/python3.12/site-packages/airflow/example_dags/example_bash_operator.py
[2026-08-08T18:14:06.439+0000] {logging_mixin.py:190} INFO - [2026-08-08T18:14:06.439+0000] {dag.py:3211} INFO - Sync 1 DAGs
[2026-08-08T18:14:06.470+0000] {logging_mixin.py:190} INFO - [2026-08-08T18:14:06.470+0000] {dag.py:4138} INFO - Setting next_dagrun for example_bash_operator to 2026-08-07 00:00:00+00:00, run_after=2026-08-08 00:00:00+00:00
[2026-08-08T18:14:06.493+0000] {processor.py:208} INFO - Processing /home/airflow/.local/lib/python3.12/site-packages/airflow/example_dags/example_bash_operator.py took 0.104 seconds
[2026-08-08T18:14:36.805+0000] {processor.py:186} INFO - Started process (PID=277) to work on /home/airflow/.local/lib/python3.12/site-packages/airflow/example_dags/example_bash_operator.py
[2026-08-08T18:14:36.807+0000] {processor.py:914} INFO - Processing file /home/airflow/.local/lib/python3.12/site-packages/airflow/example_dags/example_bash_operator.py for tasks to queue
[2026-08-08T18:14:36.810+0000] {logging_mixin.py:190} INFO - [2026-08-08T18:14:36.809+0000] {dagbag.py:587} INFO - Filling up the DagBag from /home/airflow/.local/lib/python3.12/site-packages/airflow/example_dags/example_bash_operator.py
[2026-08-08T18:14:36.829+0000] {processor.py:925} INFO - DAG(s) 'example_bash_operator' retrieved from /home/airflow/.local/lib/python3.12/site-packages/airflow/example_dags/example_bash_operator.py
[2026-08-08T18:14:36.857+0000] {logging_mixin.py:190} INFO - [2026-08-08T18:14:36.857+0000] {dag.py:3211} INFO - Sync 1 DAGs
[2026-08-08T18:14:36.882+0000] {logging_mixin.py:190} INFO - [2026-08-08T18:14:36.882+0000] {dag.py:4138} INFO - Setting next_dagrun for example_bash_operator to 2026-08-07 00:00:00+00:00, run_after=2026-08-08 00:00:00+00:00
[2026-08-08T18:14:36.907+0000] {processor.py:208} INFO - Processing /home/airflow/.local/lib/python3.12/site-packages/airflow/example_dags/example_bash_operator.py took 0.109 seconds
[2026-08-08T18:15:07.663+0000] {processor.py:186} INFO - Started process (PID=340) to work on /home/airflow/.local/lib/python3.12/site-packages/airflow/example_dags/example_bash_operator.py
[2026-08-08T18:15:07.665+0000] {processor.py:914} INFO - Processing file /home/airflow/.local/lib/python3.12/site-packages/airflow/example_dags/example_bash_operator.py for tasks to queue
[2026-08-08T18:15:07.670+0000] {logging_mixin.py:190} INFO - [2026-08-08T18:15:07.670+0000] {dagbag.py:587} INFO - Filling up the DagBag from /home/airflow/.local/lib/python3.12/site-packages/airflow/example_dags/example_bash_operator.py
[2026-08-08T18:15:07.696+0000] {processor.py:925} INFO - DAG(s) 'example_bash_operator' retrieved from /home/airflow/.local/lib/python3.12/site-packages/airflow/example_dags/example_bash_operator.py
[2026-08-08T18:15:07.745+0000] {logging_mixin.py:190} INFO - [2026-08-08T18:15:07.744+0000] {dag.py:3211} INFO - Sync 1 DAGs
[2026-08-08T18:15:07.785+0000] {logging_mixin.py:190} INFO - [2026-08-08T18:15:07.785+0000] {dag.py:4138} INFO - Setting next_dagrun for example_bash_operator to 2026-08-07 00:00:00+00:00, run_after=2026-08-08 00:00:00+00:00
[2026-08-08T18:15:07.820+0000] {processor.py:208} INFO - Processing /home/airflow/.local/lib/python3.12/site-packages/airflow/example_dags/example_bash_operator.py took 0.167 seconds
[2026-08-08T18:15:38.513+0000] {processor.py:186} INFO - Started process (PID=403) to work on /home/airflow/.local/lib/python3.12/site-packages/airflow/example_dags/example_bash_operator.py
[2026-08-08T18:15:38.515+0000] {processor.py:914} INFO - Processing file /home/airflow/.local/lib/python3.12/site-packages/airflow/example_dags/example_bash_operator.py for tasks to queue
[2026-08-08T18:15:38.520+0000] {logging_mixin.py:190} INFO - [2026-08-08T18:15:38.520+0000] {dagbag.py:587} INFO - Filling up the DagBag from /home/airflow/.local/lib/python3.12/site-packages/airflow/example_dags/example_bash_operator.py
[2026-08-08T18:15:38.544+0000] {processor.py:925} INFO - DAG(s) 'example_bash_operator' retrieved from /home/airflow/.local/lib/python3.12/site-packages/airflow/example_dags/example_bash_operator.py
[2026-08-08T18:15:38.587+0000] {logging_mixin.py:190} INFO - [2026-08-08T18:15:38.587+0000] {dag.py:3211} INFO - Sync 1 DAGs
[2026-08-08T18:15:38.627+0000] {logging_mixin.py:190} INFO - [2026-08-08T18:15:38.627+0000] {dag.py:4138} INFO - Setting next_dagrun for example_bash_operator to 2026-08-07 00:00:00+00:00, run_after=2026-08-08 00:00:00+00:00
[2026-08-08T18:15:38.660+0000] {processor.py:208} INFO - Processing /home/airflow/.local/lib/python3.12/site-packages/airflow/example_dags/example_bash_operator.py took 0.157 seconds
[2026-08-08T18:17:10.772+0000] {processor.py:186} INFO - Started process (PID=101) to work on /home/airflow/.local/lib/python3.12/site-packages/airflow/example_dags/example_bash_operator.py
[2026-08-08T18:17:10.774+0000] {processor.py:914} INFO - Processing file /home/airflow/.local/lib/python3.12/site-packages/airflow/example_dags/example_bash_operator.py for tasks to queue
[2026-08-08T18:17:10.778+0000] {logging_mixin.py:190} INFO - [2026-08-08T18:17:10.778+0000] {dagbag.py:587} INFO - Filling up the DagBag from /home/airflow/.local/lib/python3.12/site-packages/airflow/example_dags/example_bash_operator.py
[2026-08-08T18:17:10.795+0000] {processor.py:925} INFO - DAG(s) 'example_bash_operator' retrieved from /home/airflow/.local/lib/python3.12/site-packages/airflow/example_dags/example_bash_operator.py
[2026-08-08T18:17:10.839+0000] {logging_mixin.py:190} INFO - [2026-08-08T18:17:10.839+0000] {dag.py:3211} INFO - Sync 1 DAGs
[2026-08-08T18:17:10.866+0000] {logging_mixin.py:190} INFO - [2026-08-08T18:17:10.866+0000] {dag.py:4138} INFO - Setting next_dagrun for example_bash_operator to 2026-08-07 00:00:00+00:00, run_after=2026-08-08 00:00:00+00:00
[2026-08-08T18:17:10.894+0000] {processor.py:208} INFO - Processing /home/airflow/.local/lib/python3.12/site-packages/airflow/example_dags/example_bash_operator.py took 0.131 seconds
[2026-08-08T18:17:41.772+0000] {processor.py:186} INFO - Started process (PID=164) to work on /home/airflow/.local/lib/python3.12/site-packages/airflow/example_dags/example_bash_operator.py
[2026-08-08T18:17:41.774+0000] {processor.py:914} INFO - Processing file /home/airflow/.local/lib/python3.12/site-packages/airflow/example_dags/example_bash_operator.py for tasks to queue
[2026-08-08T18:17:41.777+0000] {logging_mixin.py:190} INFO - [2026-08-08T18:17:41.776+0000] {dagbag.py:587} INFO - Filling up the DagBag from /home/airflow/.local/lib/python3.12/site-packages/airflow/example_dags/example_bash_operator.py
[2026-08-08T18:17:41.792+0000] {processor.py:925} INFO - DAG(s) 'example_bash_operator' retrieved from /home/airflow/.local/lib/python3.12/site-packages/airflow/example_dags/example_bash_operator.py
[2026-08-08T18:17:41.823+0000] {logging_mixin.py:190} INFO - [2026-08-08T18:17:41.823+0000] {dag.py:3211} INFO - Sync 1 DAGs
[2026-08-08T18:17:41.841+0000] {logging_mixin.py:190} INFO - [2026-08-08T18:17:41.841+0000] {dag.py:4138} INFO - Setting next_dagrun for example_bash_operator to 2026-08-07 00:00:00+00:00, run_after=2026-08-08 00:00:00+00:00
[2026-08-08T18:17:41.859+0000] {processor.py:208} INFO - Processing /home/airflow/.local/lib/python3.12/site-packages/airflow/example_dags/example_bash_operator.py took 0.095 seconds
[2026-08-08T18:18:12.415+0000] {processor.py:186} INFO - Started process (PID=227) to work on /home/airflow/.local/lib/python3.12/site-packages/airflow/example_dags/example_bash_operator.py
[2026-08-08T18:18:12.417+0000] {processor.py:914} INFO - Processing file /home/airflow/.local/lib/python3.12/site-packages/airflow/example_dags/example_bash_operator.py for tasks to queue
[2026-08-08T18:18:12.420+0000] {logging_mixin.py:190} INFO - [2026-08-08T18:18:12.420+0000] {dagbag.py:587} INFO - Filling up the DagBag from /home/airflow/.local/lib/python3.12/site-packages/airflow/example_dags/example_bash_operator.py
[2026-08-08T18:18:12.436+0000] {processor.py:925} INFO - DAG(s) 'example_bash_operator' retrieved from /home/airflow/.local/lib/python3.12/site-packages/airflow/example_dags/example_bash_operator.py
[2026-08-08T18:18:12.463+0000] {logging_mixin.py:190} INFO - [2026-08-08T18:18:12.463+0000] {dag.py:3211} INFO - Sync 1 DAGs
[2026-08-08T18:18:12.486+0000] {logging_mixin.py:190} INFO - [2026-08-08T18:18:12.486+0000] {dag.py:4138} INFO - Setting next_dagrun for example_bash_operator to 2026-08-07 00:00:00+00:00, run_after=2026-08-08 00:00:00+00:00
[2026-08-08T18:18:12.508+0000] {processor.py:208} INFO - Processing /home/airflow/.local/lib/python3.12/site-packages/airflow/example_dags/example_bash_operator.py took 0.101 seconds
[2026-08-08T18:18:43.206+0000] {processor.py:186} INFO - Started process (PID=291) to work on /home/airflow/.local/lib/python3.12/site-packages/airflow/example_dags/example_bash_operator.py
[2026-08-08T18:18:43.208+0000] {processor.py:914} INFO - Processing file /home/airflow/.local/lib/python3.12/site-packages/airflow/example_dags/example_bash_operator.py for tasks to queue
[2026-08-08T18:18:43.211+0000] {logging_mixin.py:190} INFO - [2026-08-08T18:18:43.211+0000] {dagbag.py:587} INFO - Filling up the DagBag from /home/airflow/.local/lib/python3.12/site-packages/airflow/example_dags/example_bash_operator.py
[2026-08-08T18:18:43.225+0000] {processor.py:925} INFO - DAG(s) 'example_bash_operator' retrieved from /home/airflow/.local/lib/python3.12/site-packages/airflow/example_dags/example_bash_operator.py
[2026-08-08T18:18:43.248+0000] {logging_mixin.py:190} INFO - [2026-08-08T18:18:43.248+0000] {dag.py:3211} INFO - Sync 1 DAGs
[2026-08-08T18:18:43.269+0000] {logging_mixin.py:190} INFO - [2026-08-08T18:18:43.268+0000] {dag.py:4138} INFO - Setting next_dagrun for example_bash_operator to 2026-08-07 00:00:00+00:00, run_after=2026-08-08 00:00:00+00:00
[2026-08-08T18:18:43.289+0000] {processor.py:208} INFO - Processing /home/airflow/.local/lib/python3.12/site-packages/airflow/example_dags/example_bash_operator.py took 0.089 seconds
[2026-08-08T18:19:13.661+0000] {processor.py:186} INFO - Started process (PID=354) to work on /home/airflow/.local/lib/python3.12/site-packages/airflow/example_dags/example_bash_operator.py
[2026-08-08T18:19:13.663+0000] {processor.py:914} INFO - Processing file /home/airflow/.local/lib/python3.12/site-packages/airflow/example_dags/example_bash_operator.py for tasks to queue
[2026-08-08T18:19:13.667+0000] {logging_mixin.py:190} INFO - [2026-08-08T18:19:13.666+0000] {dagbag.py:587} INFO - Filling up the DagBag from /home/airflow/.local/lib/python3.12/site-packages/airflow/example_dags/example_bash_operator.py
[2026-08-08T18:19:13.684+0000] {processor.py:925} INFO - DAG(s) 'example_bash_operator' retrieved from /home/airflow/.local/lib/python3.12/site-packages/airflow/example_dags/example_bash_operator.py
[2026-08-08T18:19:13.711+0000] {logging_mixin.py:190} INFO - [2026-08-08T18:19:13.711+0000] {dag.py:3211} INFO - Sync 1 DAGs
[2026-08-08T18:19:13.738+0000] {logging_mixin.py:190} INFO - [2026-08-08T18:19:13.738+0000] {dag.py:4138} INFO - Setting next_dagrun for example_bash_operator to 2026-08-07 00:00:00+00:00, run_after=2026-08-08 00:00:00+00:00
[2026-08-08T18:19:13.763+0000] {processor.py:208} INFO - Processing /home/airflow/.local/lib/python3.12/site-packages/airflow/example_dags/example_bash_operator.py took 0.110 seconds
[2026-08-08T18:23:58.546+0000] {processor.py:186} INFO - Started process (PID=416) to work on /home/airflow/.local/lib/python3.12/site-packages/airflow/example_dags/example_bash_operator.py
[2026-08-08T18:23:58.552+0000] {processor.py:914} INFO - Processing file /home/airflow/.local/lib/python3.12/site-packages/airflow/example_dags/example_bash_operator.py for tasks to queue
[2026-08-08T18:23:58.572+0000] {logging_mixin.py:190} INFO - [2026-08-08T18:23:58.571+0000] {dagbag.py:587} INFO - Filling up the DagBag from /home/airflow/.local/lib/python3.12/site-packages/airflow/example_dags/example_bash_operator.py
[2026-08-08T18:23:58.592+0000] {processor.py:925} INFO - DAG(s) 'example_bash_operator' retrieved from /home/airflow/.local/lib/python3.12/site-packages/airflow/example_dags/example_bash_operator.py
[2026-08-08T18:23:58.618+0000] {logging_mixin.py:190} INFO - [2026-08-08T18:23:58.617+0000] {dag.py:3211} INFO - Sync 1 DAGs
[2026-08-08T18:23:58.862+0000] {logging_mixin.py:190} INFO - [2026-08-08T18:23:58.862+0000] {dag.py:4138} INFO - Setting next_dagrun for example_bash_operator to 2026-08-07 00:00:00+00:00, run_after=2026-08-08 00:00:00+00:00
[2026-08-08T18:23:59.130+0000] {processor.py:208} INFO - Processing /home/airflow/.local/lib/python3.12/site-packages/airflow/example_dags/example_bash_operator.py took 0.594 seconds
[2026-08-08T18:24:29.504+0000] {processor.py:186} INFO - Started process (PID=479) to work on /home/airflow/.local/lib/python3.12/site-packages/airflow/example_dags/example_bash_operator.py
[2026-08-08T18:24:29.507+0000] {processor.py:914} INFO - Processing file /home/airflow/.local/lib/python3.12/site-packages/airflow/example_dags/example_bash_operator.py for tasks to queue
[2026-08-08T18:24:29.509+0000] {logging_mixin.py:190} INFO - [2026-08-08T18:24:29.509+0000] {dagbag.py:587} INFO - Filling up the DagBag from /home/airflow/.local/lib/python3.12/site-packages/airflow/example_dags/example_bash_operator.py
[2026-08-08T18:24:29.522+0000] {processor.py:925} INFO - DAG(s) 'example_bash_operator' retrieved from /home/airflow/.local/lib/python3.12/site-packages/airflow/example_dags/example_bash_operator.py
[2026-08-08T18:24:29.551+0000] {logging_mixin.py:190} INFO - [2026-08-08T18:24:29.551+0000] {dag.py:3211} INFO - Sync 1 DAGs
[2026-08-08T18:24:29.584+0000] {logging_mixin.py:190} INFO - [2026-08-08T18:24:29.584+0000] {dag.py:4138} INFO - Setting next_dagrun for example_bash_operator to 2026-08-07 00:00:00+00:00, run_after=2026-08-08 00:00:00+00:00
[2026-08-08T18:24:29.607+0000] {processor.py:208} INFO - Processing /home/airflow/.local/lib/python3.12/site-packages/airflow/example_dags/example_bash_operator.py took 0.110 seconds
[2026-08-08T18:25:00.165+0000] {processor.py:186} INFO - Started process (PID=542) to work on /home/airflow/.local/lib/python3.12/site-packages/airflow/example_dags/example_bash_operator.py
[2026-08-08T18:25:00.167+0000] {processor.py:914} INFO - Processing file /home/airflow/.local/lib/python3.12/site-packages/airflow/example_dags/example_bash_operator.py for tasks to queue
[2026-08-08T18:25:00.169+0000] {logging_mixin.py:190} INFO - [2026-08-08T18:25:00.169+0000] {dagbag.py:587} INFO - Filling up the DagBag from /home/airflow/.local/lib/python3.12/site-packages/airflow/example_dags/example_bash_operator.py
[2026-08-08T18:25:00.183+0000] {processor.py:925} INFO - DAG(s) 'example_bash_operator' retrieved from /home/airflow/.local/lib/python3.12/site-packages/airflow/example_dags/example_bash_operator.py
[2026-08-08T18:25:00.210+0000] {logging_mixin.py:190} INFO - [2026-08-08T18:25:00.210+0000] {dag.py:3211} INFO - Sync 1 DAGs
[2026-08-08T18:25:00.231+0000] {logging_mixin.py:190} INFO - [2026-08-08T18:25:00.231+0000] {dag.py:4138} INFO - Setting next_dagrun for example_bash_operator to 2026-08-07 00:00:00+00:00, run_after=2026-08-08 00:00:00+00:00
[2026-08-08T18:25:00.254+0000] {processor.py:208} INFO - Processing /home/airflow/.local/lib/python3.12/site-packages/airflow/example_dags/example_bash_operator.py took 0.095 seconds
[2026-08-08T18:25:30.442+0000] {processor.py:186} INFO - Started process (PID=605) to work on /home/airflow/.local/lib/python3.12/site-packages/airflow/example_dags/example_bash_operator.py
[2026-08-08T18:25:30.444+0000] {processor.py:914} INFO - Processing file /home/airflow/.local/lib/python3.12/site-packages/airflow/example_dags/example_bash_operator.py for tasks to queue
[2026-08-08T18:25:30.447+0000] {logging_mixin.py:190} INFO - [2026-08-08T18:25:30.447+0000] {dagbag.py:587} INFO - Filling up the DagBag from /home/airflow/.local/lib/python3.12/site-packages/airflow/example_dags/example_bash_operator.py
[2026-08-08T18:25:30.459+0000] {processor.py:925} INFO - DAG(s) 'example_bash_operator' retrieved from /home/airflow/.local/lib/python3.12/site-packages/airflow/example_dags/example_bash_operator.py
[2026-08-08T18:25:30.491+0000] {logging_mixin.py:190} INFO - [2026-08-08T18:25:30.491+0000] {dag.py:3211} INFO - Sync 1 DAGs
[2026-08-08T18:25:30.520+0000] {logging_mixin.py:190} INFO - [2026-08-08T18:25:30.519+0000] {dag.py:4138} INFO - Setting next_dagrun for example_bash_operator to 2026-08-07 00:00:00+00:00, run_after=2026-08-08 00:00:00+00:00
[2026-08-08T18:25:30.540+0000] {processor.py:208} INFO - Processing /home/airflow/.local/lib/python3.12/site-packages/airflow/example_dags/example_bash_operator.py took 0.104 seconds
[2026-08-08T18:26:00.809+0000] {processor.py:186} INFO - Started process (PID=669) to work on /home/airflow/.local/lib/python3.12/site-packages/airflow/example_dags/example_bash_operator.py
[2026-08-08T18:26:00.811+0000] {processor.py:914} INFO - Processing file /home/airflow/.local/lib/python3.12/site-packages/airflow/example_dags/example_bash_operator.py for tasks to queue
[2026-08-08T18:26:00.814+0000] {logging_mixin.py:190} INFO - [2026-08-08T18:26:00.814+0000] {dagbag.py:587} INFO - Filling up the DagBag from /home/airflow/.local/lib/python3.12/site-packages/airflow/example_dags/example_bash_operator.py
[2026-08-08T18:26:00.832+0000] {processor.py:925} INFO - DAG(s) 'example_bash_operator' retrieved from /home/airflow/.local/lib/python3.12/site-packages/airflow/example_dags/example_bash_operator.py
[2026-08-08T18:26:00.862+0000] {logging_mixin.py:190} INFO - [2026-08-08T18:26:00.861+0000] {dag.py:3211} INFO - Sync 1 DAGs
[2026-08-08T18:26:00.885+0000] {logging_mixin.py:190} INFO - [2026-08-08T18:26:00.884+0000] {dag.py:4138} INFO - Setting next_dagrun for example_bash_operator to 2026-08-07 00:00:00+00:00, run_after=2026-08-08 00:00:00+00:00
[2026-08-08T18:26:00.907+0000] {processor.py:208} INFO - Processing /home/airflow/.local/lib/python3.12/site-packages/airflow/example_dags/example_bash_operator.py took 0.107 seconds
[2026-08-08T18:26:30.966+0000] {processor.py:186} INFO - Started process (PID=731) to work on /home/airflow/.local/lib/python3.12/site-packages/airflow/example_dags/example_bash_operator.py
[2026-08-08T18:26:30.968+0000] {processor.py:914} INFO - Processing file /home/airflow/.local/lib/python3.12/site-packages/airflow/example_dags/example_bash_operator.py for tasks to queue
[2026-08-08T18:26:30.972+0000] {logging_mixin.py:190} INFO - [2026-08-08T18:26:30.972+0000] {dagbag.py:587} INFO - Filling up the DagBag from /home/airflow/.local/lib/python3.12/site-packages/airflow/example_dags/example_bash_operator.py
[2026-08-08T18:26:30.990+0000] {processor.py:925} INFO - DAG(s) 'example_bash_operator' retrieved from /home/airflow/.local/lib/python3.12/site-packages/airflow/example_dags/example_bash_operator.py
[2026-08-08T18:26:31.040+0000] {logging_mixin.py:190} INFO - [2026-08-08T18:26:31.039+0000] {dag.py:3211} INFO - Sync 1 DAGs
[2026-08-08T18:26:31.083+0000] {logging_mixin.py:190} INFO - [2026-08-08T18:26:31.082+0000] {dag.py:4138} INFO - Setting next_dagrun for example_bash_operator to 2026-08-07 00:00:00+00:00, run_after=2026-08-08 00:00:00+00:00
[2026-08-08T18:26:31.126+0000] {processor.py:208} INFO - Processing /home/airflow/.local/lib/python3.12/site-packages/airflow/example_dags/example_bash_operator.py took 0.166 seconds
