[2026-08-08T17:25:13.764+0000] {processor.py:186} INFO - Started process (PID=113) to work on /home/airflow/.local/lib/python3.12/site-packages/airflow/example_dags/example_dag_decorator.py
[2026-08-08T17:25:13.766+0000] {processor.py:914} INFO - Processing file /home/airflow/.local/lib/python3.12/site-packages/airflow/example_dags/example_dag_decorator.py for tasks to queue
[2026-08-08T17:25:13.768+0000] {logging_mixin.py:190} INFO - [2026-08-08T17:25:13.768+0000] {dagbag.py:587} INFO - Filling up the DagBag from /home/airflow/.local/lib/python3.12/site-packages/airflow/example_dags/example_dag_decorator.py
[2026-08-08T17:25:13.778+0000] {processor.py:925} INFO - DAG(s) 'example_dag_decorator' retrieved from /home/airflow/.local/lib/python3.12/site-packages/airflow/example_dags/example_dag_decorator.py
[2026-08-08T17:25:13.894+0000] {logging_mixin.py:190} INFO - [2026-08-08T17:25:13.893+0000] {override.py:1858} INFO - Created Permission View: can delete on DAG:example_dag_decorator
[2026-08-08T17:25:13.904+0000] {logging_mixin.py:190} INFO - [2026-08-08T17:25:13.904+0000] {override.py:1858} INFO - Created Permission View: can edit on DAG:example_dag_decorator
[2026-08-08T17:25:13.915+0000] {logging_mixin.py:190} INFO - [2026-08-08T17:25:13.915+0000] {override.py:1858} INFO - Created Permission View: can read on DAG:example_dag_decorator
[2026-08-08T17:25:13.916+0000] {logging_mixin.py:190} INFO - [2026-08-08T17:25:13.916+0000] {dag.py:3211} INFO - Sync 1 DAGs
[2026-08-08T17:25:13.926+0000] {logging_mixin.py:190} INFO - [2026-08-08T17:25:13.926+0000] {dag.py:3234} INFO - Creating ORM DAG for example_dag_decorator
[2026-08-08T17:25:13.927+0000] {logging_mixin.py:190} INFO - [2026-08-08T17:25:13.927+0000] {dag.py:4138} INFO - Setting next_dagrun for example_dag_decorator to None, run_after=None
[2026-08-08T17:25:13.941+0000] {processor.py:208} INFO - Processing /home/airflow/.local/lib/python3.12/site-packages/airflow/example_dags/example_dag_decorator.py took 0.182 seconds
[2026-08-08T17:25:44.166+0000] {processor.py:186} INFO - Started process (PID=176) to work on /home/airflow/.local/lib/python3.12/site-packages/airflow/example_dags/example_dag_decorator.py
[2026-08-08T17:25:44.167+0000] {processor.py:914} INFO - Processing file /home/airflow/.local/lib/python3.12/site-packages/airflow/example_dags/example_dag_decorator.py for tasks to queue
[2026-08-08T17:25:44.170+0000] {logging_mixin.py:190} INFO - [2026-08-08T17:25:44.170+0000] {dagbag.py:587} INFO - Filling up the DagBag from /home/airflow/.local/lib/python3.12/site-packages/airflow/example_dags/example_dag_decorator.py
[2026-08-08T17:25:44.183+0000] {processor.py:925} INFO - DAG(s) 'example_dag_decorator' retrieved from /home/airflow/.local/lib/python3.12/site-packages/airflow/example_dags/example_dag_decorator.py
[2026-08-08T17:25:44.303+0000] {logging_mixin.py:190} INFO - [2026-08-08T17:25:44.302+0000] {dag.py:3211} INFO - Sync 1 DAGs
[2026-08-08T17:25:44.315+0000] {logging_mixin.py:190} INFO - [2026-08-08T17:25:44.314+0000] {dag.py:4138} INFO - Setting next_dagrun for example_dag_decorator to None, run_after=None
[2026-08-08T17:25:44.333+0000] {processor.py:208} INFO - Processing /home/airflow/.local/lib/python3.12/site-packages/airflow/example_dags/example_dag_decorator.py took 0.175 seconds
[2026-08-08T17:26:14.760+0000] {processor.py:186} INFO - Started process (PID=239) to work on /home/airflow/.local/lib/python3.12/site-packages/airflow/example_dags/example_dag_decorator.py
[2026-08-08T17:26:14.762+0000] {processor.py:914} INFO - Processing file /home/airflow/.local/lib/python3.12/site-packages/airflow/example_dags/example_dag_decorator.py for tasks to queue
[2026-08-08T17:26:14.767+0000] {logging_mixin.py:190} INFO - [2026-08-08T17:26:14.766+0000] {dagbag.py:587} INFO - Filling up the DagBag from /home/airflow/.local/lib/python3.12/site-packages/airflow/example_dags/example_dag_decorator.py
[2026-08-08T17:26:14.803+0000] {processor.py:925} INFO - DAG(s) 'example_dag_decorator' retrieved from /home/airflow/.local/lib/python3.12/site-packages/airflow/example_dags/example_dag_decorator.py
[2026-08-08T17:26:14.950+0000] {logging_mixin.py:190} INFO - [2026-08-08T17:26:14.950+0000] {dag.py:3211} INFO - Sync 1 DAGs
[2026-08-08T17:26:14.961+0000] {logging_mixin.py:190} INFO - [2026-08-08T17:26:14.961+0000] {dag.py:4138} INFO - Setting next_dagrun for example_dag_decorator to None, run_after=None
[2026-08-08T17:26:14.984+0000] {processor.py:208} INFO - Processing /home/airflow/.local/lib/python3.12/site-packages/airflow/example_dags/example_dag_decorator.py took 0.231 seconds
[2026-08-08T17:26:45.036+0000] {processor.py:186} INFO - Started process (PID=302) to work on /home/airflow/.local/lib/python3.12/site-packages/airflow/example_dags/example_dag_decorator.py
[2026-08-08T17:26:45.038+0000] {processor.py:914} INFO - Processing file /home/airflow/.local/lib/python3.12/site-packages/airflow/example_dags/example_dag_decorator.py for tasks to queue
[2026-08-08T17:26:45.042+0000] {logging_mixin.py:190} INFO - [2026-08-08T17:26:45.041+0000] {dagbag.py:587} INFO - Filling up the DagBag from /home/airflow/.local/lib/python3.12/site-packages/airflow/example_dags/example_dag_decorator.py
[2026-08-08T17:26:45.059+0000] {processor.py:925} INFO - DAG(s) 'example_dag_decorator' retrieved from /home/airflow/.local/lib/python3.12/site-packages/airflow/example_dags/example_dag_decorator.py
[2026-08-08T17:26:45.174+0000] {logging_mixin.py:190} INFO - [2026-08-08T17:26:45.174+0000] {dag.py:3211} INFO - Sync 1 DAGs
[2026-08-08T17:26:45.185+0000] {logging_mixin.py:190} INFO - [2026-08-08T17:26:45.185+0000] {dag.py:4138} INFO - Setting next_dagrun for example_dag_decorator to None, run_after=None
[2026-08-08T17:26:45.205+0000] {processor.py:208} INFO - Processing /home/airflow/.local/lib/python3.12/site-packages/airflow/example_dags/example_dag_decorator.py took 0.178 seconds
[2026-08-08T17:27:15.339+0000] {processor.py:186} INFO - Started process (PID=366) to work on /home/airflow/.local/lib/python3.12/site-packages/airflow/example_dags/example_dag_decorator.py
[2026-08-08T17:27:15.341+0000] {processor.py:914} INFO - Processing file /home/airflow/.local/lib/python3.12/site-packages/airflow/example_dags/example_dag_decorator.py for tasks to queue
[2026-08-08T17:27:15.343+0000] {logging_mixin.py:190} INFO - [2026-08-08T17:27:15.343+0000] {dagbag.py:587} INFO - Filling up the DagBag from /home/airflow/.local/lib/python3.12/site-packages/airflow/example_dags/example_dag_decorator.py
[2026-08-08T17:27:15.352+0000] {processor.py:925} INFO - DAG(s) 'example_dag_decorator' retrieved from /home/airflow/.local/lib/python3.12/site-packages/airflow/example_dags/example_dag_decorator.py
[2026-08-08T17:27:15.424+0000] {logging_mixin.py:190} INFO - [2026-08-08T17:27:15.424+0000] {dag.py:3211} INFO - Sync 1 DAGs
[2026-08-08T17:27:15.432+0000] {logging_mixin.py:190} INFO - [2026-08-08T17:27:15.432+0000] {dag.py:4138} INFO - Setting next_dagrun for example_dag_decorator to None, run_after=None
[2026-08-08T17:27:15.450+0000] {processor.py:208} INFO - Processing /home/airflow/.local/lib/python3.12/site-packages/airflow/example_dags/example_dag_decorator.py took 0.115 seconds
[2026-08-08T17:27:45.810+0000] {processor.py:186} INFO - Started process (PID=428) to work on /home/airflow/.local/lib/python3.12/site-packages/airflow/example_dags/example_dag_decorator.py
[2026-08-08T17:27:45.811+0000] {processor.py:914} INFO - Processing file /home/airflow/.local/lib/python3.12/site-packages/airflow/example_dags/example_dag_decorator.py for tasks to queue
[2026-08-08T17:27:45.814+0000] {logging_mixin.py:190} INFO - [2026-08-08T17:27:45.814+0000] {dagbag.py:587} INFO - Filling up the DagBag from /home/airflow/.local/lib/python3.12/site-packages/airflow/example_dags/example_dag_decorator.py
[2026-08-08T17:27:45.827+0000] {processor.py:925} INFO - DAG(s) 'example_dag_decorator' retrieved from /home/airflow/.local/lib/python3.12/site-packages/airflow/example_dags/example_dag_decorator.py
[2026-08-08T17:27:45.927+0000] {logging_mixin.py:190} INFO - [2026-08-08T17:27:45.927+0000] {dag.py:3211} INFO - Sync 1 DAGs
[2026-08-08T17:27:45.938+0000] {logging_mixin.py:190} INFO - [2026-08-08T17:27:45.938+0000] {dag.py:4138} INFO - Setting next_dagrun for example_dag_decorator to None, run_after=None
[2026-08-08T17:27:45.953+0000] {processor.py:208} INFO - Processing /home/airflow/.local/lib/python3.12/site-packages/airflow/example_dags/example_dag_decorator.py took 0.149 seconds
[2026-08-08T17:28:16.280+0000] {processor.py:186} INFO - Started process (PID=491) to work on /home/airflow/.local/lib/python3.12/site-packages/airflow/example_dags/example_dag_decorator.py
[2026-08-08T17:28:16.282+0000] {processor.py:914} INFO - Processing file /home/airflow/.local/lib/python3.12/site-packages/airflow/example_dags/example_dag_decorator.py for tasks to queue
[2026-08-08T17:28:16.284+0000] {logging_mixin.py:190} INFO - [2026-08-08T17:28:16.284+0000] {dagbag.py:587} INFO - Filling up the DagBag from /home/airflow/.local/lib/python3.12/site-packages/airflow/example_dags/example_dag_decorator.py
[2026-08-08T17:28:16.297+0000] {processor.py:925} INFO - DAG(s) 'example_dag_decorator' retrieved from /home/airflow/.local/lib/python3.12/site-packages/airflow/example_dags/example_dag_decorator.py
[2026-08-08T17:28:16.389+0000] {logging_mixin.py:190} INFO - [2026-08-08T17:28:16.389+0000] {dag.py:3211} INFO - Sync 1 DAGs
[2026-08-08T17:28:16.396+0000] {logging_mixin.py:190} INFO - [2026-08-08T17:28:16.396+0000] {dag.py:4138} INFO - Setting next_dagrun for example_dag_decorator to None, run_after=None
[2026-08-08T17:28:16.421+0000] {processor.py:208} INFO - Processing /home/airflow/.local/lib/python3.12/site-packages/airflow/example_dags/example_dag_decorator.py took 0.145 seconds
[2026-08-08T17:28:46.550+0000] {processor.py:186} INFO - Started process (PID=554) to work on /home/airflow/.local/lib/python3.12/site-packages/airflow/example_dags/example_dag_decorator.py
[2026-08-08T17:28:46.552+0000] {processor.py:914} INFO - Processing file /home/airflow/.local/lib/python3.12/site-packages/airflow/example_dags/example_dag_decorator.py for tasks to queue
[2026-08-08T17:28:46.555+0000] {logging_mixin.py:190} INFO - [2026-08-08T17:28:46.555+0000] {dagbag.py:587} INFO - Filling up the DagBag from /home/airflow/.local/lib/python3.12/site-packages/airflow/example_dags/example_dag_decorator.py
[2026-08-08T17:28:46.574+0000] {processor.py:925} INFO - DAG(s) 'example_dag_decorator' retrieved from /home/airflow/.local/lib/python3.12/site-packages/airflow/example_dags/example_dag_decorator.py
[2026-08-08T17:28:46.679+0000] {logging_mixin.py:190} INFO - [2026-08-08T17:28:46.679+0000] {dag.py:3211} INFO - Sync 1 DAGs
[2026-08-08T17:28:46.694+0000] {logging_mixin.py:190} INFO - [2026-08-08T17:28:46.694+0000] {dag.py:4138} INFO - Setting next_dagrun for example_dag_decorator to None, run_after=None
[2026-08-08T17:28:46.714+0000] {processor.py:208} INFO - Processing /home/airflow/.local/lib/python3.12/site-packages/airflow/example_dags/example_dag_decorator.py took 0.174 seconds
[2026-08-08T17:29:17.668+0000] {processor.py:186} INFO - Started process (PID=617) to work on /home/airflow/.local/lib/python3.12/site-packages/airflow/example_dags/example_dag_decorator.py
[2026-08-08T17:29:17.669+0000] {processor.py:914} INFO - Processing file /home/airflow/.local/lib/python3.12/site-packages/airflow/example_dags/example_dag_decorator.py for tasks to queue
[2026-08-08T17:29:17.672+0000] {logging_mixin.py:190} INFO - [2026-08-08T17:29:17.671+0000] {dagbag.py:587} INFO - Filling up the DagBag from /home/airflow/.local/lib/python3.12/site-packages/airflow/example_dags/example_dag_decorator.py
[2026-08-08T17:29:17.689+0000] {processor.py:925} INFO - DAG(s) 'example_dag_decorator' retrieved from /home/airflow/.local/lib/python3.12/site-packages/airflow/example_dags/example_dag_decorator.py
[2026-08-08T17:29:17.798+0000] {logging_mixin.py:190} INFO - [2026-08-08T17:29:17.798+0000] {dag.py:3211} INFO - Sync 1 DAGs
[2026-08-08T17:29:17.810+0000] {logging_mixin.py:190} INFO - [2026-08-08T17:29:17.809+0000] {dag.py:4138} INFO - Setting next_dagrun for example_dag_decorator to None, run_after=None
[2026-08-08T17:29:17.831+0000] {processor.py:208} INFO - Processing /home/airflow/.local/lib/python3.12/site-packages/airflow/example_dags/example_dag_decorator.py took 0.171 seconds
[2026-08-08T17:29:48.720+0000] {processor.py:186} INFO - Started process (PID=680) to work on /home/airflow/.local/lib/python3.12/site-packages/airflow/example_dags/example_dag_decorator.py
[2026-08-08T17:29:48.721+0000] {processor.py:914} INFO - Processing file /home/airflow/.local/lib/python3.12/site-packages/airflow/example_dags/example_dag_decorator.py for tasks to queue
[2026-08-08T17:29:48.724+0000] {logging_mixin.py:190} INFO - [2026-08-08T17:29:48.724+0000] {dagbag.py:587} INFO - Filling up the DagBag from /home/airflow/.local/lib/python3.12/site-packages/airflow/example_dags/example_dag_decorator.py
[2026-08-08T17:29:48.739+0000] {processor.py:925} INFO - DAG(s) 'example_dag_decorator' retrieved from /home/airflow/.local/lib/python3.12/site-packages/airflow/example_dags/example_dag_decorator.py
[2026-08-08T17:29:48.858+0000] {logging_mixin.py:190} INFO - [2026-08-08T17:29:48.858+0000] {dag.py:3211} INFO - Sync 1 DAGs
[2026-08-08T17:29:48.873+0000] {logging_mixin.py:190} INFO - [2026-08-08T17:29:48.873+0000] {dag.py:4138} INFO - Setting next_dagrun for example_dag_decorator to None, run_after=None
[2026-08-08T17:29:48.901+0000] {processor.py:208} INFO - Processing /home/airflow/.local/lib/python3.12/site-packages/airflow/example_dags/example_dag_decorator.py took 0.187 seconds
[2026-08-08T17:30:19.633+0000] {processor.py:186} INFO - Started process (PID=743) to work on /home/airflow/.local/lib/python3.12/site-packages/airflow/example_dags/example_dag_decorator.py
[2026-08-08T17:30:19.635+0000] {processor.py:914} INFO - Processing file /home/airflow/.local/lib/python3.12/site-packages/airflow/example_dags/example_dag_decorator.py for tasks to queue
[2026-08-08T17:30:19.639+0000] {logging_mixin.py:190} INFO - [2026-08-08T17:30:19.638+0000] {dagbag.py:587} INFO - Filling up the DagBag from /home/airflow/.local/lib/python3.12/site-packages/airflow/example_dags/example_dag_decorator.py
[2026-08-08T17:30:19.659+0000] {processor.py:925} INFO - DAG(s) 'example_dag_decorator' retrieved from /home/airflow/.local/lib/python3.12/site-packages/airflow/example_dags/example_dag_decorator.py
[2026-08-08T17:30:19.759+0000] {logging_mixin.py:190} INFO - [2026-08-08T17:30:19.759+0000] {dag.py:3211} INFO - Sync 1 DAGs
[2026-08-08T17:30:19.770+0000] {logging_mixin.py:190} INFO - [2026-08-08T17:30:19.770+0000] {dag.py:4138} INFO - Setting next_dagrun for example_dag_decorator to None, run_after=None
[2026-08-08T17:30:19.790+0000] {processor.py:208} INFO - Processing /home/airflow/.local/lib/python3.12/site-packages/airflow/example_dags/example_dag_decorator.py took 0.172 seconds
[2026-08-08T17:30:49.844+0000] {processor.py:186} INFO - Started process (PID=807) to work on /home/airflow/.local/lib/python3.12/site-packages/airflow/example_dags/example_dag_decorator.py
[2026-08-08T17:30:49.845+0000] {processor.py:914} INFO - Processing file /home/airflow/.local/lib/python3.12/site-packages/airflow/example_dags/example_dag_decorator.py for tasks to queue
[2026-08-08T17:30:49.848+0000] {logging_mixin.py:190} INFO - [2026-08-08T17:30:49.848+0000] {dagbag.py:587} INFO - Filling up the DagBag from /home/airflow/.local/lib/python3.12/site-packages/airflow/example_dags/example_dag_decorator.py
[2026-08-08T17:30:49.860+0000] {processor.py:925} INFO - DAG(s) 'example_dag_decorator' retrieved from /home/airflow/.local/lib/python3.12/site-packages/airflow/example_dags/example_dag_decorator.py
[2026-08-08T17:30:49.955+0000] {logging_mixin.py:190} INFO - [2026-08-08T17:30:49.955+0000] {dag.py:3211} INFO - Sync 1 DAGs
[2026-08-08T17:30:49.965+0000] {logging_mixin.py:190} INFO - [2026-08-08T17:30:49.965+0000] {dag.py:4138} INFO - Setting next_dagrun for example_dag_decorator to None, run_after=None
[2026-08-08T17:30:49.986+0000] {processor.py:208} INFO - Processing /home/airflow/.local/lib/python3.12/site-packages/airflow/example_dags/example_dag_decorator.py took 0.148 seconds
[2026-08-08T17:31:20.575+0000] {processor.py:186} INFO - Started process (PID=870) to work on /home/airflow/.local/lib/python3.12/site-packages/airflow/example_dags/example_dag_decorator.py
[2026-08-08T17:31:20.577+0000] {processor.py:914} INFO - Processing file /home/airflow/.local/lib/python3.12/site-packages/airflow/example_dags/example_dag_decorator.py for tasks to queue
[2026-08-08T17:31:20.581+0000] {logging_mixin.py:190} INFO - [2026-08-08T17:31:20.580+0000] {dagbag.py:587} INFO - Filling up the DagBag from /home/airflow/.local/lib/python3.12/site-packages/airflow/example_dags/example_dag_decorator.py
[2026-08-08T17:31:20.593+0000] {processor.py:925} INFO - DAG(s) 'example_dag_decorator' retrieved from /home/airflow/.local/lib/python3.12/site-packages/airflow/example_dags/example_dag_decorator.py
[2026-08-08T17:31:20.690+0000] {logging_mixin.py:190} INFO - [2026-08-08T17:31:20.690+0000] {dag.py:3211} INFO - Sync 1 DAGs
[2026-08-08T17:31:20.702+0000] {logging_mixin.py:190} INFO - [2026-08-08T17:31:20.701+0000] {dag.py:4138} INFO - Setting next_dagrun for example_dag_decorator to None, run_after=None
[2026-08-08T17:31:20.725+0000] {processor.py:208} INFO - Processing /home/airflow/.local/lib/python3.12/site-packages/airflow/example_dags/example_dag_decorator.py took 0.156 seconds
[2026-08-08T17:31:51.483+0000] {processor.py:186} INFO - Started process (PID=932) to work on /home/airflow/.local/lib/python3.12/site-packages/airflow/example_dags/example_dag_decorator.py
[2026-08-08T17:31:51.484+0000] {processor.py:914} INFO - Processing file /home/airflow/.local/lib/python3.12/site-packages/airflow/example_dags/example_dag_decorator.py for tasks to queue
[2026-08-08T17:31:51.487+0000] {logging_mixin.py:190} INFO - [2026-08-08T17:31:51.487+0000] {dagbag.py:587} INFO - Filling up the DagBag from /home/airflow/.local/lib/python3.12/site-packages/airflow/example_dags/example_dag_decorator.py
[2026-08-08T17:31:51.500+0000] {processor.py:925} INFO - DAG(s) 'example_dag_decorator' retrieved from /home/airflow/.local/lib/python3.12/site-packages/airflow/example_dags/example_dag_decorator.py
[2026-08-08T17:31:51.594+0000] {logging_mixin.py:190} INFO - [2026-08-08T17:31:51.593+0000] {dag.py:3211} INFO - Sync 1 DAGs
[2026-08-08T17:31:51.604+0000] {logging_mixin.py:190} INFO - [2026-08-08T17:31:51.603+0000] {dag.py:4138} INFO - Setting next_dagrun for example_dag_decorator to None, run_after=None
[2026-08-08T17:31:51.622+0000] {processor.py:208} INFO - Processing /home/airflow/.local/lib/python3.12/site-packages/airflow/example_dags/example_dag_decorator.py took 0.144 seconds
[2026-08-08T17:32:22.446+0000] {processor.py:186} INFO - Started process (PID=995) to work on /home/airflow/.local/lib/python3.12/site-packages/airflow/example_dags/example_dag_decorator.py
[2026-08-08T17:32:22.447+0000] {processor.py:914} INFO - Processing file /home/airflow/.local/lib/python3.12/site-packages/airflow/example_dags/example_dag_decorator.py for tasks to queue
[2026-08-08T17:32:22.450+0000] {logging_mixin.py:190} INFO - [2026-08-08T17:32:22.450+0000] {dagbag.py:587} INFO - Filling up the DagBag from /home/airflow/.local/lib/python3.12/site-packages/airflow/example_dags/example_dag_decorator.py
[2026-08-08T17:32:22.464+0000] {processor.py:925} INFO - DAG(s) 'example_dag_decorator' retrieved from /home/airflow/.local/lib/python3.12/site-packages/airflow/example_dags/example_dag_decorator.py
[2026-08-08T17:32:22.569+0000] {logging_mixin.py:190} INFO - [2026-08-08T17:32:22.569+0000] {dag.py:3211} INFO - Sync 1 DAGs
[2026-08-08T17:32:22.581+0000] {logging_mixin.py:190} INFO - [2026-08-08T17:32:22.581+0000] {dag.py:4138} INFO - Setting next_dagrun for example_dag_decorator to None, run_after=None
[2026-08-08T17:32:22.601+0000] {processor.py:208} INFO - Processing /home/airflow/.local/lib/python3.12/site-packages/airflow/example_dags/example_dag_decorator.py took 0.161 seconds
[2026-08-08T17:32:53.013+0000] {processor.py:186} INFO - Started process (PID=1059) to work on /home/airflow/.local/lib/python3.12/site-packages/airflow/example_dags/example_dag_decorator.py
[2026-08-08T17:32:53.015+0000] {processor.py:914} INFO - Processing file /home/airflow/.local/lib/python3.12/site-packages/airflow/example_dags/example_dag_decorator.py for tasks to queue
[2026-08-08T17:32:53.019+0000] {logging_mixin.py:190} INFO - [2026-08-08T17:32:53.018+0000] {dagbag.py:587} INFO - Filling up the DagBag from /home/airflow/.local/lib/python3.12/site-packages/airflow/example_dags/example_dag_decorator.py
[2026-08-08T17:32:53.037+0000] {processor.py:925} INFO - DAG(s) 'example_dag_decorator' retrieved from /home/airflow/.local/lib/python3.12/site-packages/airflow/example_dags/example_dag_decorator.py
[2026-08-08T17:32:53.156+0000] {logging_mixin.py:190} INFO - [2026-08-08T17:32:53.156+0000] {dag.py:3211} INFO - Sync 1 DAGs
[2026-08-08T17:32:53.172+0000] {logging_mixin.py:190} INFO - [2026-08-08T17:32:53.171+0000] {dag.py:4138} INFO - Setting next_dagrun for example_dag_decorator to None, run_after=None
[2026-08-08T17:32:53.195+0000] {processor.py:208} INFO - Processing /home/airflow/.local/lib/python3.12/site-packages/airflow/example_dags/example_dag_decorator.py took 0.191 seconds
[2026-08-08T17:33:23.648+0000] {processor.py:186} INFO - Started process (PID=1122) to work on /home/airflow/.local/lib/python3.12/site-packages/airflow/example_dags/example_dag_decorator.py
[2026-08-08T17:33:23.650+0000] {processor.py:914} INFO - Processing file /home/airflow/.local/lib/python3.12/site-packages/airflow/example_dags/example_dag_decorator.py for tasks to queue
[2026-08-08T17:33:23.652+0000] {logging_mixin.py:190} INFO - [2026-08-08T17:33:23.652+0000] {dagbag.py:587} INFO - Filling up the DagBag from /home/airflow/.local/lib/python3.12/site-packages/airflow/example_dags/example_dag_decorator.py
[2026-08-08T17:33:23.664+0000] {processor.py:925} INFO - DAG(s) 'example_dag_decorator' retrieved from /home/airflow/.local/lib/python3.12/site-packages/airflow/example_dags/example_dag_decorator.py
[2026-08-08T17:33:23.687+0000] {logging_mixin.py:190} INFO - [2026-08-08T17:33:23.687+0000] {dag.py:3211} INFO - Sync 1 DAGs
[2026-08-08T17:33:23.699+0000] {logging_mixin.py:190} INFO - [2026-08-08T17:33:23.699+0000] {dag.py:4138} INFO - Setting next_dagrun for example_dag_decorator to None, run_after=None
[2026-08-08T17:33:23.720+0000] {processor.py:208} INFO - Processing /home/airflow/.local/lib/python3.12/site-packages/airflow/example_dags/example_dag_decorator.py took 0.079 seconds
[2026-08-08T17:33:53.947+0000] {processor.py:186} INFO - Started process (PID=1185) to work on /home/airflow/.local/lib/python3.12/site-packages/airflow/example_dags/example_dag_decorator.py
[2026-08-08T17:33:53.949+0000] {processor.py:914} INFO - Processing file /home/airflow/.local/lib/python3.12/site-packages/airflow/example_dags/example_dag_decorator.py for tasks to queue
[2026-08-08T17:33:53.951+0000] {logging_mixin.py:190} INFO - [2026-08-08T17:33:53.951+0000] {dagbag.py:587} INFO - Filling up the DagBag from /home/airflow/.local/lib/python3.12/site-packages/airflow/example_dags/example_dag_decorator.py
[2026-08-08T17:33:53.962+0000] {processor.py:925} INFO - DAG(s) 'example_dag_decorator' retrieved from /home/airflow/.local/lib/python3.12/site-packages/airflow/example_dags/example_dag_decorator.py
[2026-08-08T17:33:53.981+0000] {logging_mixin.py:190} INFO - [2026-08-08T17:33:53.981+0000] {dag.py:3211} INFO - Sync 1 DAGs
[2026-08-08T17:33:53.993+0000] {logging_mixin.py:190} INFO - [2026-08-08T17:33:53.993+0000] {dag.py:4138} INFO - Setting next_dagrun for example_dag_decorator to None, run_after=None
[2026-08-08T17:33:54.013+0000] {processor.py:208} INFO - Processing /home/airflow/.local/lib/python3.12/site-packages/airflow/example_dags/example_dag_decorator.py took 0.072 seconds
[2026-08-08T17:34:24.149+0000] {processor.py:186} INFO - Started process (PID=1248) to work on /home/airflow/.local/lib/python3.12/site-packages/airflow/example_dags/example_dag_decorator.py
[2026-08-08T17:34:24.151+0000] {processor.py:914} INFO - Processing file /home/airflow/.local/lib/python3.12/site-packages/airflow/example_dags/example_dag_decorator.py for tasks to queue
[2026-08-08T17:34:24.153+0000] {logging_mixin.py:190} INFO - [2026-08-08T17:34:24.153+0000] {dagbag.py:587} INFO - Filling up the DagBag from /home/airflow/.local/lib/python3.12/site-packages/airflow/example_dags/example_dag_decorator.py
[2026-08-08T17:34:24.164+0000] {processor.py:925} INFO - DAG(s) 'example_dag_decorator' retrieved from /home/airflow/.local/lib/python3.12/site-packages/airflow/example_dags/example_dag_decorator.py
[2026-08-08T17:34:24.232+0000] {logging_mixin.py:190} INFO - [2026-08-08T17:34:24.232+0000] {dag.py:3211} INFO - Sync 1 DAGs
[2026-08-08T17:34:24.240+0000] {logging_mixin.py:190} INFO - [2026-08-08T17:34:24.239+0000] {dag.py:4138} INFO - Setting next_dagrun for example_dag_decorator to None, run_after=None
[2026-08-08T17:34:24.255+0000] {processor.py:208} INFO - Processing /home/airflow/.local/lib/python3.12/site-packages/airflow/example_dags/example_dag_decorator.py took 0.110 seconds
[2026-08-08T17:34:55.041+0000] {processor.py:186} INFO - Started process (PID=1311) to work on /home/airflow/.local/lib/python3.12/site-packages/airflow/example_dags/example_dag_decorator.py
[2026-08-08T17:34:55.043+0000] {processor.py:914} INFO - Processing file /home/airflow/.local/lib/python3.12/site-packages/airflow/example_dags/example_dag_decorator.py for tasks to queue
[2026-08-08T17:34:55.045+0000] {logging_mixin.py:190} INFO - [2026-08-08T17:34:55.045+0000] {dagbag.py:587} INFO - Filling up the DagBag from /home/airflow/.local/lib/python3.12/site-packages/airflow/example_dags/example_dag_decorator.py
[2026-08-08T17:34:55.055+0000] {processor.py:925} INFO - DAG(s) 'example_dag_decorator' retrieved from /home/airflow/.local/lib/python3.12/site-packages/airflow/example_dags/example_dag_decorator.py
[2026-08-08T17:34:55.138+0000] {logging_mixin.py:190} INFO - [2026-08-08T17:34:55.138+0000] {dag.py:3211} INFO - Sync 1 DAGs
[2026-08-08T17:34:55.149+0000] {logging_mixin.py:190} INFO - [2026-08-08T17:34:55.149+0000] {dag.py:4138} INFO - Setting next_dagrun for example_dag_decorator to None, run_after=None
[2026-08-08T17:34:55.165+0000] {processor.py:208} INFO - Processing /home/airflow/.local/lib/python3.12/site-packages/airflow/example_dags/example_dag_decorator.py took 0.129 seconds
[2026-08-08T17:35:25.644+0000] {processor.py:186} INFO - Started process (PID=1374) to work on /home/airflow/.local/lib/python3.12/site-packages/airflow/example_dags/example_dag_decorator.py
[2026-08-08T17:35:25.645+0000] {processor.py:914} INFO - Processing file /home/airflow/.local/lib/python3.12/site-packages/airflow/example_dags/example_dag_decorator.py for tasks to queue
[2026-08-08T17:35:25.649+0000] {logging_mixin.py:190} INFO - [2026-08-08T17:35:25.648+0000] {dagbag.py:587} INFO - Filling up the DagBag from /home/airflow/.local/lib/python3.12/site-packages/airflow/example_dags/example_dag_decorator.py
[2026-08-08T17:35:25.662+0000] {processor.py:925} INFO - DAG(s) 'example_dag_decorator' retrieved from /home/airflow/.local/lib/python3.12/site-packages/airflow/example_dags/example_dag_decorator.py
[2026-08-08T17:35:25.682+0000] {logging_mixin.py:190} INFO - [2026-08-08T17:35:25.682+0000] {dag.py:3211} INFO - Sync 1 DAGs
[2026-08-08T17:35:25.693+0000] {logging_mixin.py:190} INFO - [2026-08-08T17:35:25.693+0000] {dag.py:4138} INFO - Setting next_dagrun for example_dag_decorator to None, run_after=None
[2026-08-08T17:35:25.714+0000] {processor.py:208} INFO - Processing /home/airflow/.local/lib/python3.12/site-packages/airflow/example_dags/example_dag_decorator.py took 0.077 seconds
[2026-08-08T17:35:55.991+0000] {processor.py:186} INFO - Started process (PID=1437) to work on /home/airflow/.local/lib/python3.12/site-packages/airflow/example_dags/example_dag_decorator.py
[2026-08-08T17:35:55.993+0000] {processor.py:914} INFO - Processing file /home/airflow/.local/lib/python3.12/site-packages/airflow/example_dags/example_dag_decorator.py for tasks to queue
[2026-08-08T17:35:55.995+0000] {logging_mixin.py:190} INFO - [2026-08-08T17:35:55.995+0000] {dagbag.py:587} INFO - Filling up the DagBag from /home/airflow/.local/lib/python3.12/site-packages/airflow/example_dags/example_dag_decorator.py
[2026-08-08T17:35:56.008+0000] {processor.py:925} INFO - DAG(s) 'example_dag_decorator' retrieved from /home/airflow/.local/lib/python3.12/site-packages/airflow/example_dags/example_dag_decorator.py
[2026-08-08T17:35:56.031+0000] {logging_mixin.py:190} INFO - [2026-08-08T17:35:56.031+0000] {dag.py:3211} INFO - Sync 1 DAGs
[2026-08-08T17:35:56.044+0000] {logging_mixin.py:190} INFO - [2026-08-08T17:35:56.044+0000] {dag.py:4138} INFO - Setting next_dagrun for example_dag_decorator to None, run_after=None
[2026-08-08T17:35:56.065+0000] {processor.py:208} INFO - Processing /home/airflow/.local/lib/python3.12/site-packages/airflow/example_dags/example_dag_decorator.py took 0.080 seconds
[2026-08-08T17:36:26.482+0000] {processor.py:186} INFO - Started process (PID=1500) to work on /home/airflow/.local/lib/python3.12/site-packages/airflow/example_dags/example_dag_decorator.py
[2026-08-08T17:36:26.484+0000] {processor.py:914} INFO - Processing file /home/airflow/.local/lib/python3.12/site-packages/airflow/example_dags/example_dag_decorator.py for tasks to queue
[2026-08-08T17:36:26.486+0000] {logging_mixin.py:190} INFO - [2026-08-08T17:36:26.486+0000] {dagbag.py:587} INFO - Filling up the DagBag from /home/airflow/.local/lib/python3.12/site-packages/airflow/example_dags/example_dag_decorator.py
[2026-08-08T17:36:26.499+0000] {processor.py:925} INFO - DAG(s) 'example_dag_decorator' retrieved from /home/airflow/.local/lib/python3.12/site-packages/airflow/example_dags/example_dag_decorator.py
[2026-08-08T17:36:26.521+0000] {logging_mixin.py:190} INFO - [2026-08-08T17:36:26.521+0000] {dag.py:3211} INFO - Sync 1 DAGs
[2026-08-08T17:36:26.534+0000] {logging_mixin.py:190} INFO - [2026-08-08T17:36:26.534+0000] {dag.py:4138} INFO - Setting next_dagrun for example_dag_decorator to None, run_after=None
[2026-08-08T17:36:26.557+0000] {processor.py:208} INFO - Processing /home/airflow/.local/lib/python3.12/site-packages/airflow/example_dags/example_dag_decorator.py took 0.081 seconds
[2026-08-08T17:38:17.288+0000] {processor.py:186} INFO - Started process (PID=101) to work on /home/airflow/.local/lib/python3.12/site-packages/airflow/example_dags/example_dag_decorator.py
[2026-08-08T17:38:17.289+0000] {processor.py:914} INFO - Processing file /home/airflow/.local/lib/python3.12/site-packages/airflow/example_dags/example_dag_decorator.py for tasks to queue
[2026-08-08T17:38:17.291+0000] {logging_mixin.py:190} INFO - [2026-08-08T17:38:17.291+0000] {dagbag.py:587} INFO - Filling up the DagBag from /home/airflow/.local/lib/python3.12/site-packages/airflow/example_dags/example_dag_decorator.py
[2026-08-08T17:38:17.300+0000] {processor.py:925} INFO - DAG(s) 'example_dag_decorator' retrieved from /home/airflow/.local/lib/python3.12/site-packages/airflow/example_dags/example_dag_decorator.py
[2026-08-08T17:38:17.368+0000] {logging_mixin.py:190} INFO - [2026-08-08T17:38:17.368+0000] {dag.py:3211} INFO - Sync 1 DAGs
[2026-08-08T17:38:17.376+0000] {logging_mixin.py:190} INFO - [2026-08-08T17:38:17.375+0000] {dag.py:4138} INFO - Setting next_dagrun for example_dag_decorator to None, run_after=None
[2026-08-08T17:38:17.395+0000] {processor.py:208} INFO - Processing /home/airflow/.local/lib/python3.12/site-packages/airflow/example_dags/example_dag_decorator.py took 0.111 seconds
[2026-08-08T17:38:48.423+0000] {processor.py:186} INFO - Started process (PID=164) to work on /home/airflow/.local/lib/python3.12/site-packages/airflow/example_dags/example_dag_decorator.py
[2026-08-08T17:38:48.425+0000] {processor.py:914} INFO - Processing file /home/airflow/.local/lib/python3.12/site-packages/airflow/example_dags/example_dag_decorator.py for tasks to queue
[2026-08-08T17:38:48.430+0000] {logging_mixin.py:190} INFO - [2026-08-08T17:38:48.429+0000] {dagbag.py:587} INFO - Filling up the DagBag from /home/airflow/.local/lib/python3.12/site-packages/airflow/example_dags/example_dag_decorator.py
[2026-08-08T17:38:48.446+0000] {processor.py:925} INFO - DAG(s) 'example_dag_decorator' retrieved from /home/airflow/.local/lib/python3.12/site-packages/airflow/example_dags/example_dag_decorator.py
[2026-08-08T17:38:48.474+0000] {logging_mixin.py:190} INFO - [2026-08-08T17:38:48.474+0000] {dag.py:3211} INFO - Sync 1 DAGs
[2026-08-08T17:38:48.491+0000] {logging_mixin.py:190} INFO - [2026-08-08T17:38:48.490+0000] {dag.py:4138} INFO - Setting next_dagrun for example_dag_decorator to None, run_after=None
[2026-08-08T17:38:48.515+0000] {processor.py:208} INFO - Processing /home/airflow/.local/lib/python3.12/site-packages/airflow/example_dags/example_dag_decorator.py took 0.099 seconds
[2026-08-08T17:39:19.286+0000] {processor.py:186} INFO - Started process (PID=227) to work on /home/airflow/.local/lib/python3.12/site-packages/airflow/example_dags/example_dag_decorator.py
[2026-08-08T17:39:19.288+0000] {processor.py:914} INFO - Processing file /home/airflow/.local/lib/python3.12/site-packages/airflow/example_dags/example_dag_decorator.py for tasks to queue
[2026-08-08T17:39:19.291+0000] {logging_mixin.py:190} INFO - [2026-08-08T17:39:19.291+0000] {dagbag.py:587} INFO - Filling up the DagBag from /home/airflow/.local/lib/python3.12/site-packages/airflow/example_dags/example_dag_decorator.py
[2026-08-08T17:39:19.306+0000] {processor.py:925} INFO - DAG(s) 'example_dag_decorator' retrieved from /home/airflow/.local/lib/python3.12/site-packages/airflow/example_dags/example_dag_decorator.py
[2026-08-08T17:39:19.332+0000] {logging_mixin.py:190} INFO - [2026-08-08T17:39:19.332+0000] {dag.py:3211} INFO - Sync 1 DAGs
[2026-08-08T17:39:19.346+0000] {logging_mixin.py:190} INFO - [2026-08-08T17:39:19.346+0000] {dag.py:4138} INFO - Setting next_dagrun for example_dag_decorator to None, run_after=None
[2026-08-08T17:39:19.373+0000] {processor.py:208} INFO - Processing /home/airflow/.local/lib/python3.12/site-packages/airflow/example_dags/example_dag_decorator.py took 0.094 seconds
[2026-08-08T17:39:49.765+0000] {processor.py:186} INFO - Started process (PID=290) to work on /home/airflow/.local/lib/python3.12/site-packages/airflow/example_dags/example_dag_decorator.py
[2026-08-08T17:39:49.766+0000] {processor.py:914} INFO - Processing file /home/airflow/.local/lib/python3.12/site-packages/airflow/example_dags/example_dag_decorator.py for tasks to queue
[2026-08-08T17:39:49.768+0000] {logging_mixin.py:190} INFO - [2026-08-08T17:39:49.768+0000] {dagbag.py:587} INFO - Filling up the DagBag from /home/airflow/.local/lib/python3.12/site-packages/airflow/example_dags/example_dag_decorator.py
[2026-08-08T17:39:49.778+0000] {processor.py:925} INFO - DAG(s) 'example_dag_decorator' retrieved from /home/airflow/.local/lib/python3.12/site-packages/airflow/example_dags/example_dag_decorator.py
[2026-08-08T17:39:49.803+0000] {logging_mixin.py:190} INFO - [2026-08-08T17:39:49.803+0000] {dag.py:3211} INFO - Sync 1 DAGs
[2026-08-08T17:39:49.815+0000] {logging_mixin.py:190} INFO - [2026-08-08T17:39:49.815+0000] {dag.py:4138} INFO - Setting next_dagrun for example_dag_decorator to None, run_after=None
[2026-08-08T17:39:49.834+0000] {processor.py:208} INFO - Processing /home/airflow/.local/lib/python3.12/site-packages/airflow/example_dags/example_dag_decorator.py took 0.075 seconds
[2026-08-08T17:42:41.375+0000] {processor.py:186} INFO - Started process (PID=113) to work on /home/airflow/.local/lib/python3.12/site-packages/airflow/example_dags/example_dag_decorator.py
[2026-08-08T17:42:41.381+0000] {processor.py:914} INFO - Processing file /home/airflow/.local/lib/python3.12/site-packages/airflow/example_dags/example_dag_decorator.py for tasks to queue
[2026-08-08T17:42:41.387+0000] {logging_mixin.py:190} INFO - [2026-08-08T17:42:41.386+0000] {dagbag.py:587} INFO - Filling up the DagBag from /home/airflow/.local/lib/python3.12/site-packages/airflow/example_dags/example_dag_decorator.py
[2026-08-08T17:42:41.412+0000] {processor.py:925} INFO - DAG(s) 'example_dag_decorator' retrieved from /home/airflow/.local/lib/python3.12/site-packages/airflow/example_dags/example_dag_decorator.py
[2026-08-08T17:42:41.531+0000] {logging_mixin.py:190} INFO - [2026-08-08T17:42:41.531+0000] {dag.py:3211} INFO - Sync 1 DAGs
[2026-08-08T17:42:41.548+0000] {logging_mixin.py:190} INFO - [2026-08-08T17:42:41.548+0000] {dag.py:4138} INFO - Setting next_dagrun for example_dag_decorator to None, run_after=None
[2026-08-08T17:42:41.593+0000] {processor.py:208} INFO - Processing /home/airflow/.local/lib/python3.12/site-packages/airflow/example_dags/example_dag_decorator.py took 0.224 seconds
[2026-08-08T17:43:11.906+0000] {processor.py:186} INFO - Started process (PID=176) to work on /home/airflow/.local/lib/python3.12/site-packages/airflow/example_dags/example_dag_decorator.py
[2026-08-08T17:43:11.908+0000] {processor.py:914} INFO - Processing file /home/airflow/.local/lib/python3.12/site-packages/airflow/example_dags/example_dag_decorator.py for tasks to queue
[2026-08-08T17:43:11.911+0000] {logging_mixin.py:190} INFO - [2026-08-08T17:43:11.911+0000] {dagbag.py:587} INFO - Filling up the DagBag from /home/airflow/.local/lib/python3.12/site-packages/airflow/example_dags/example_dag_decorator.py
[2026-08-08T17:43:11.928+0000] {processor.py:925} INFO - DAG(s) 'example_dag_decorator' retrieved from /home/airflow/.local/lib/python3.12/site-packages/airflow/example_dags/example_dag_decorator.py
[2026-08-08T17:43:12.058+0000] {logging_mixin.py:190} INFO - [2026-08-08T17:43:12.058+0000] {dag.py:3211} INFO - Sync 1 DAGs
[2026-08-08T17:43:12.076+0000] {logging_mixin.py:190} INFO - [2026-08-08T17:43:12.076+0000] {dag.py:4138} INFO - Setting next_dagrun for example_dag_decorator to None, run_after=None
[2026-08-08T17:43:12.116+0000] {processor.py:208} INFO - Processing /home/airflow/.local/lib/python3.12/site-packages/airflow/example_dags/example_dag_decorator.py took 0.218 seconds
[2026-08-08T17:43:43.447+0000] {processor.py:186} INFO - Started process (PID=239) to work on /home/airflow/.local/lib/python3.12/site-packages/airflow/example_dags/example_dag_decorator.py
[2026-08-08T17:43:43.448+0000] {processor.py:914} INFO - Processing file /home/airflow/.local/lib/python3.12/site-packages/airflow/example_dags/example_dag_decorator.py for tasks to queue
[2026-08-08T17:43:43.451+0000] {logging_mixin.py:190} INFO - [2026-08-08T17:43:43.451+0000] {dagbag.py:587} INFO - Filling up the DagBag from /home/airflow/.local/lib/python3.12/site-packages/airflow/example_dags/example_dag_decorator.py
[2026-08-08T17:43:43.463+0000] {processor.py:925} INFO - DAG(s) 'example_dag_decorator' retrieved from /home/airflow/.local/lib/python3.12/site-packages/airflow/example_dags/example_dag_decorator.py
[2026-08-08T17:43:43.485+0000] {logging_mixin.py:190} INFO - [2026-08-08T17:43:43.485+0000] {dag.py:3211} INFO - Sync 1 DAGs
[2026-08-08T17:43:43.500+0000] {logging_mixin.py:190} INFO - [2026-08-08T17:43:43.500+0000] {dag.py:4138} INFO - Setting next_dagrun for example_dag_decorator to None, run_after=None
[2026-08-08T17:43:43.523+0000] {processor.py:208} INFO - Processing /home/airflow/.local/lib/python3.12/site-packages/airflow/example_dags/example_dag_decorator.py took 0.082 seconds
[2026-08-08T17:44:14.282+0000] {processor.py:186} INFO - Started process (PID=302) to work on /home/airflow/.local/lib/python3.12/site-packages/airflow/example_dags/example_dag_decorator.py
[2026-08-08T17:44:14.285+0000] {processor.py:914} INFO - Processing file /home/airflow/.local/lib/python3.12/site-packages/airflow/example_dags/example_dag_decorator.py for tasks to queue
[2026-08-08T17:44:14.287+0000] {logging_mixin.py:190} INFO - [2026-08-08T17:44:14.287+0000] {dagbag.py:587} INFO - Filling up the DagBag from /home/airflow/.local/lib/python3.12/site-packages/airflow/example_dags/example_dag_decorator.py
[2026-08-08T17:44:14.300+0000] {processor.py:925} INFO - DAG(s) 'example_dag_decorator' retrieved from /home/airflow/.local/lib/python3.12/site-packages/airflow/example_dags/example_dag_decorator.py
[2026-08-08T17:44:14.405+0000] {logging_mixin.py:190} INFO - [2026-08-08T17:44:14.405+0000] {dag.py:3211} INFO - Sync 1 DAGs
[2026-08-08T17:44:14.421+0000] {logging_mixin.py:190} INFO - [2026-08-08T17:44:14.421+0000] {dag.py:4138} INFO - Setting next_dagrun for example_dag_decorator to None, run_after=None
[2026-08-08T17:44:14.457+0000] {processor.py:208} INFO - Processing /home/airflow/.local/lib/python3.12/site-packages/airflow/example_dags/example_dag_decorator.py took 0.181 seconds
[2026-08-08T17:44:44.816+0000] {processor.py:186} INFO - Started process (PID=365) to work on /home/airflow/.local/lib/python3.12/site-packages/airflow/example_dags/example_dag_decorator.py
[2026-08-08T17:44:44.817+0000] {processor.py:914} INFO - Processing file /home/airflow/.local/lib/python3.12/site-packages/airflow/example_dags/example_dag_decorator.py for tasks to queue
[2026-08-08T17:44:44.821+0000] {logging_mixin.py:190} INFO - [2026-08-08T17:44:44.820+0000] {dagbag.py:587} INFO - Filling up the DagBag from /home/airflow/.local/lib/python3.12/site-packages/airflow/example_dags/example_dag_decorator.py
[2026-08-08T17:44:44.832+0000] {processor.py:925} INFO - DAG(s) 'example_dag_decorator' retrieved from /home/airflow/.local/lib/python3.12/site-packages/airflow/example_dags/example_dag_decorator.py
[2026-08-08T17:44:44.931+0000] {logging_mixin.py:190} INFO - [2026-08-08T17:44:44.931+0000] {dag.py:3211} INFO - Sync 1 DAGs
[2026-08-08T17:44:44.942+0000] {logging_mixin.py:190} INFO - [2026-08-08T17:44:44.942+0000] {dag.py:4138} INFO - Setting next_dagrun for example_dag_decorator to None, run_after=None
[2026-08-08T17:44:44.965+0000] {processor.py:208} INFO - Processing /home/airflow/.local/lib/python3.12/site-packages/airflow/example_dags/example_dag_decorator.py took 0.156 seconds
[2026-08-08T17:45:15.167+0000] {processor.py:186} INFO - Started process (PID=428) to work on /home/airflow/.local/lib/python3.12/site-packages/airflow/example_dags/example_dag_decorator.py
[2026-08-08T17:45:15.169+0000] {processor.py:914} INFO - Processing file /home/airflow/.local/lib/python3.12/site-packages/airflow/example_dags/example_dag_decorator.py for tasks to queue
[2026-08-08T17:45:15.172+0000] {logging_mixin.py:190} INFO - [2026-08-08T17:45:15.171+0000] {dagbag.py:587} INFO - Filling up the DagBag from /home/airflow/.local/lib/python3.12/site-packages/airflow/example_dags/example_dag_decorator.py
[2026-08-08T17:45:15.183+0000] {processor.py:925} INFO - DAG(s) 'example_dag_decorator' retrieved from /home/airflow/.local/lib/python3.12/site-packages/airflow/example_dags/example_dag_decorator.py
[2026-08-08T17:45:15.205+0000] {logging_mixin.py:190} INFO - [2026-08-08T17:45:15.205+0000] {dag.py:3211} INFO - Sync 1 DAGs
[2026-08-08T17:45:15.222+0000] {logging_mixin.py:190} INFO - [2026-08-08T17:45:15.222+0000] {dag.py:4138} INFO - Setting next_dagrun for example_dag_decorator to None, run_after=None
[2026-08-08T17:45:15.249+0000] {processor.py:208} INFO - Processing /home/airflow/.local/lib/python3.12/site-packages/airflow/example_dags/example_dag_decorator.py took 0.088 seconds
[2026-08-08T17:45:45.426+0000] {processor.py:186} INFO - Started process (PID=491) to work on /home/airflow/.local/lib/python3.12/site-packages/airflow/example_dags/example_dag_decorator.py
[2026-08-08T17:45:45.427+0000] {processor.py:914} INFO - Processing file /home/airflow/.local/lib/python3.12/site-packages/airflow/example_dags/example_dag_decorator.py for tasks to queue
[2026-08-08T17:45:45.430+0000] {logging_mixin.py:190} INFO - [2026-08-08T17:45:45.430+0000] {dagbag.py:587} INFO - Filling up the DagBag from /home/airflow/.local/lib/python3.12/site-packages/airflow/example_dags/example_dag_decorator.py
[2026-08-08T17:45:45.441+0000] {processor.py:925} INFO - DAG(s) 'example_dag_decorator' retrieved from /home/airflow/.local/lib/python3.12/site-packages/airflow/example_dags/example_dag_decorator.py
[2026-08-08T17:45:45.527+0000] {logging_mixin.py:190} INFO - [2026-08-08T17:45:45.526+0000] {dag.py:3211} INFO - Sync 1 DAGs
[2026-08-08T17:45:45.536+0000] {logging_mixin.py:190} INFO - [2026-08-08T17:45:45.536+0000] {dag.py:4138} INFO - Setting next_dagrun for example_dag_decorator to None, run_after=None
[2026-08-08T17:45:45.565+0000] {processor.py:208} INFO - Processing /home/airflow/.local/lib/python3.12/site-packages/airflow/example_dags/example_dag_decorator.py took 0.144 seconds
[2026-08-08T17:47:15.503+0000] {processor.py:186} INFO - Started process (PID=114) to work on /home/airflow/.local/lib/python3.12/site-packages/airflow/example_dags/example_dag_decorator.py
[2026-08-08T17:47:15.504+0000] {processor.py:914} INFO - Processing file /home/airflow/.local/lib/python3.12/site-packages/airflow/example_dags/example_dag_decorator.py for tasks to queue
[2026-08-08T17:47:15.507+0000] {logging_mixin.py:190} INFO - [2026-08-08T17:47:15.507+0000] {dagbag.py:587} INFO - Filling up the DagBag from /home/airflow/.local/lib/python3.12/site-packages/airflow/example_dags/example_dag_decorator.py
[2026-08-08T17:47:15.520+0000] {processor.py:925} INFO - DAG(s) 'example_dag_decorator' retrieved from /home/airflow/.local/lib/python3.12/site-packages/airflow/example_dags/example_dag_decorator.py
[2026-08-08T17:47:15.636+0000] {logging_mixin.py:190} INFO - [2026-08-08T17:47:15.636+0000] {dag.py:3211} INFO - Sync 1 DAGs
[2026-08-08T17:47:15.666+0000] {logging_mixin.py:190} INFO - [2026-08-08T17:47:15.666+0000] {dag.py:4138} INFO - Setting next_dagrun for example_dag_decorator to None, run_after=None
[2026-08-08T17:47:15.706+0000] {processor.py:208} INFO - Processing /home/airflow/.local/lib/python3.12/site-packages/airflow/example_dags/example_dag_decorator.py took 0.209 seconds
[2026-08-08T17:47:46.214+0000] {processor.py:186} INFO - Started process (PID=177) to work on /home/airflow/.local/lib/python3.12/site-packages/airflow/example_dags/example_dag_decorator.py
[2026-08-08T17:47:46.216+0000] {processor.py:914} INFO - Processing file /home/airflow/.local/lib/python3.12/site-packages/airflow/example_dags/example_dag_decorator.py for tasks to queue
[2026-08-08T17:47:46.219+0000] {logging_mixin.py:190} INFO - [2026-08-08T17:47:46.219+0000] {dagbag.py:587} INFO - Filling up the DagBag from /home/airflow/.local/lib/python3.12/site-packages/airflow/example_dags/example_dag_decorator.py
[2026-08-08T17:47:46.232+0000] {processor.py:925} INFO - DAG(s) 'example_dag_decorator' retrieved from /home/airflow/.local/lib/python3.12/site-packages/airflow/example_dags/example_dag_decorator.py
[2026-08-08T17:47:46.262+0000] {logging_mixin.py:190} INFO - [2026-08-08T17:47:46.261+0000] {dag.py:3211} INFO - Sync 1 DAGs
[2026-08-08T17:47:46.274+0000] {logging_mixin.py:190} INFO - [2026-08-08T17:47:46.274+0000] {dag.py:4138} INFO - Setting next_dagrun for example_dag_decorator to None, run_after=None
[2026-08-08T17:47:46.294+0000] {processor.py:208} INFO - Processing /home/airflow/.local/lib/python3.12/site-packages/airflow/example_dags/example_dag_decorator.py took 0.086 seconds
[2026-08-08T17:48:17.582+0000] {processor.py:186} INFO - Started process (PID=246) to work on /home/airflow/.local/lib/python3.12/site-packages/airflow/example_dags/example_dag_decorator.py
[2026-08-08T17:48:17.584+0000] {processor.py:914} INFO - Processing file /home/airflow/.local/lib/python3.12/site-packages/airflow/example_dags/example_dag_decorator.py for tasks to queue
[2026-08-08T17:48:17.586+0000] {logging_mixin.py:190} INFO - [2026-08-08T17:48:17.586+0000] {dagbag.py:587} INFO - Filling up the DagBag from /home/airflow/.local/lib/python3.12/site-packages/airflow/example_dags/example_dag_decorator.py
[2026-08-08T17:48:17.597+0000] {processor.py:925} INFO - DAG(s) 'example_dag_decorator' retrieved from /home/airflow/.local/lib/python3.12/site-packages/airflow/example_dags/example_dag_decorator.py
[2026-08-08T17:48:17.618+0000] {logging_mixin.py:190} INFO - [2026-08-08T17:48:17.618+0000] {dag.py:3211} INFO - Sync 1 DAGs
[2026-08-08T17:48:17.629+0000] {logging_mixin.py:190} INFO - [2026-08-08T17:48:17.629+0000] {dag.py:4138} INFO - Setting next_dagrun for example_dag_decorator to None, run_after=None
[2026-08-08T17:48:17.656+0000] {processor.py:208} INFO - Processing /home/airflow/.local/lib/python3.12/site-packages/airflow/example_dags/example_dag_decorator.py took 0.078 seconds
[2026-08-08T17:48:48.058+0000] {processor.py:186} INFO - Started process (PID=309) to work on /home/airflow/.local/lib/python3.12/site-packages/airflow/example_dags/example_dag_decorator.py
[2026-08-08T17:48:48.060+0000] {processor.py:914} INFO - Processing file /home/airflow/.local/lib/python3.12/site-packages/airflow/example_dags/example_dag_decorator.py for tasks to queue
[2026-08-08T17:48:48.063+0000] {logging_mixin.py:190} INFO - [2026-08-08T17:48:48.063+0000] {dagbag.py:587} INFO - Filling up the DagBag from /home/airflow/.local/lib/python3.12/site-packages/airflow/example_dags/example_dag_decorator.py
[2026-08-08T17:48:48.081+0000] {processor.py:925} INFO - DAG(s) 'example_dag_decorator' retrieved from /home/airflow/.local/lib/python3.12/site-packages/airflow/example_dags/example_dag_decorator.py
[2026-08-08T17:48:48.222+0000] {logging_mixin.py:190} INFO - [2026-08-08T17:48:48.222+0000] {dag.py:3211} INFO - Sync 1 DAGs
[2026-08-08T17:48:48.235+0000] {logging_mixin.py:190} INFO - [2026-08-08T17:48:48.235+0000] {dag.py:4138} INFO - Setting next_dagrun for example_dag_decorator to None, run_after=None
[2026-08-08T17:48:48.261+0000] {processor.py:208} INFO - Processing /home/airflow/.local/lib/python3.12/site-packages/airflow/example_dags/example_dag_decorator.py took 0.212 seconds
[2026-08-08T17:52:39.231+0000] {processor.py:186} INFO - Started process (PID=113) to work on /home/airflow/.local/lib/python3.12/site-packages/airflow/example_dags/example_dag_decorator.py
[2026-08-08T17:52:39.233+0000] {processor.py:914} INFO - Processing file /home/airflow/.local/lib/python3.12/site-packages/airflow/example_dags/example_dag_decorator.py for tasks to queue
[2026-08-08T17:52:39.237+0000] {logging_mixin.py:190} INFO - [2026-08-08T17:52:39.236+0000] {dagbag.py:587} INFO - Filling up the DagBag from /home/airflow/.local/lib/python3.12/site-packages/airflow/example_dags/example_dag_decorator.py
[2026-08-08T17:52:39.252+0000] {processor.py:925} INFO - DAG(s) 'example_dag_decorator' retrieved from /home/airflow/.local/lib/python3.12/site-packages/airflow/example_dags/example_dag_decorator.py
[2026-08-08T17:52:39.415+0000] {logging_mixin.py:190} INFO - [2026-08-08T17:52:39.415+0000] {dag.py:3211} INFO - Sync 1 DAGs
[2026-08-08T17:52:39.446+0000] {logging_mixin.py:190} INFO - [2026-08-08T17:52:39.446+0000] {dag.py:4138} INFO - Setting next_dagrun for example_dag_decorator to None, run_after=None
[2026-08-08T17:52:39.488+0000] {processor.py:208} INFO - Processing /home/airflow/.local/lib/python3.12/site-packages/airflow/example_dags/example_dag_decorator.py took 0.263 seconds
[2026-08-08T17:53:09.635+0000] {processor.py:186} INFO - Started process (PID=176) to work on /home/airflow/.local/lib/python3.12/site-packages/airflow/example_dags/example_dag_decorator.py
[2026-08-08T17:53:09.637+0000] {processor.py:914} INFO - Processing file /home/airflow/.local/lib/python3.12/site-packages/airflow/example_dags/example_dag_decorator.py for tasks to queue
[2026-08-08T17:53:09.639+0000] {logging_mixin.py:190} INFO - [2026-08-08T17:53:09.639+0000] {dagbag.py:587} INFO - Filling up the DagBag from /home/airflow/.local/lib/python3.12/site-packages/airflow/example_dags/example_dag_decorator.py
[2026-08-08T17:53:09.649+0000] {processor.py:925} INFO - DAG(s) 'example_dag_decorator' retrieved from /home/airflow/.local/lib/python3.12/site-packages/airflow/example_dags/example_dag_decorator.py
[2026-08-08T17:53:09.725+0000] {logging_mixin.py:190} INFO - [2026-08-08T17:53:09.724+0000] {dag.py:3211} INFO - Sync 1 DAGs
[2026-08-08T17:53:09.735+0000] {logging_mixin.py:190} INFO - [2026-08-08T17:53:09.735+0000] {dag.py:4138} INFO - Setting next_dagrun for example_dag_decorator to None, run_after=None
[2026-08-08T17:53:09.755+0000] {processor.py:208} INFO - Processing /home/airflow/.local/lib/python3.12/site-packages/airflow/example_dags/example_dag_decorator.py took 0.126 seconds
[2026-08-08T17:53:40.290+0000] {processor.py:186} INFO - Started process (PID=239) to work on /home/airflow/.local/lib/python3.12/site-packages/airflow/example_dags/example_dag_decorator.py
[2026-08-08T17:53:40.292+0000] {processor.py:914} INFO - Processing file /home/airflow/.local/lib/python3.12/site-packages/airflow/example_dags/example_dag_decorator.py for tasks to queue
[2026-08-08T17:53:40.294+0000] {logging_mixin.py:190} INFO - [2026-08-08T17:53:40.294+0000] {dagbag.py:587} INFO - Filling up the DagBag from /home/airflow/.local/lib/python3.12/site-packages/airflow/example_dags/example_dag_decorator.py
[2026-08-08T17:53:40.304+0000] {processor.py:925} INFO - DAG(s) 'example_dag_decorator' retrieved from /home/airflow/.local/lib/python3.12/site-packages/airflow/example_dags/example_dag_decorator.py
[2026-08-08T17:53:40.373+0000] {logging_mixin.py:190} INFO - [2026-08-08T17:53:40.373+0000] {dag.py:3211} INFO - Sync 1 DAGs
[2026-08-08T17:53:40.384+0000] {logging_mixin.py:190} INFO - [2026-08-08T17:53:40.384+0000] {dag.py:4138} INFO - Setting next_dagrun for example_dag_decorator to None, run_after=None
[2026-08-08T17:53:40.403+0000] {processor.py:208} INFO - Processing /home/airflow/.local/lib/python3.12/site-packages/airflow/example_dags/example_dag_decorator.py took 0.117 seconds
[2026-08-08T17:54:11.501+0000] {processor.py:186} INFO - Started process (PID=302) to work on /home/airflow/.local/lib/python3.12/site-packages/airflow/example_dags/example_dag_decorator.py
[2026-08-08T17:54:11.502+0000] {processor.py:914} INFO - Processing file /home/airflow/.local/lib/python3.12/site-packages/airflow/example_dags/example_dag_decorator.py for tasks to queue
[2026-08-08T17:54:11.505+0000] {logging_mixin.py:190} INFO - [2026-08-08T17:54:11.505+0000] {dagbag.py:587} INFO - Filling up the DagBag from /home/airflow/.local/lib/python3.12/site-packages/airflow/example_dags/example_dag_decorator.py
[2026-08-08T17:54:11.515+0000] {processor.py:925} INFO - DAG(s) 'example_dag_decorator' retrieved from /home/airflow/.local/lib/python3.12/site-packages/airflow/example_dags/example_dag_decorator.py
[2026-08-08T17:54:11.596+0000] {logging_mixin.py:190} INFO - [2026-08-08T17:54:11.596+0000] {dag.py:3211} INFO - Sync 1 DAGs
[2026-08-08T17:54:11.604+0000] {logging_mixin.py:190} INFO - [2026-08-08T17:54:11.604+0000] {dag.py:4138} INFO - Setting next_dagrun for example_dag_decorator to None, run_after=None
[2026-08-08T17:54:11.626+0000] {processor.py:208} INFO - Processing /home/airflow/.local/lib/python3.12/site-packages/airflow/example_dags/example_dag_decorator.py took 0.131 seconds
[2026-08-08T17:54:41.752+0000] {processor.py:186} INFO - Started process (PID=365) to work on /home/airflow/.local/lib/python3.12/site-packages/airflow/example_dags/example_dag_decorator.py
[2026-08-08T17:54:41.754+0000] {processor.py:914} INFO - Processing file /home/airflow/.local/lib/python3.12/site-packages/airflow/example_dags/example_dag_decorator.py for tasks to queue
[2026-08-08T17:54:41.756+0000] {logging_mixin.py:190} INFO - [2026-08-08T17:54:41.756+0000] {dagbag.py:587} INFO - Filling up the DagBag from /home/airflow/.local/lib/python3.12/site-packages/airflow/example_dags/example_dag_decorator.py
[2026-08-08T17:54:41.774+0000] {processor.py:925} INFO - DAG(s) 'example_dag_decorator' retrieved from /home/airflow/.local/lib/python3.12/site-packages/airflow/example_dags/example_dag_decorator.py
[2026-08-08T17:54:41.889+0000] {logging_mixin.py:190} INFO - [2026-08-08T17:54:41.889+0000] {dag.py:3211} INFO - Sync 1 DAGs
[2026-08-08T17:54:41.907+0000] {logging_mixin.py:190} INFO - [2026-08-08T17:54:41.906+0000] {dag.py:4138} INFO - Setting next_dagrun for example_dag_decorator to None, run_after=None
[2026-08-08T17:54:41.934+0000] {processor.py:208} INFO - Processing /home/airflow/.local/lib/python3.12/site-packages/airflow/example_dags/example_dag_decorator.py took 0.188 seconds
[2026-08-08T17:55:12.063+0000] {processor.py:186} INFO - Started process (PID=428) to work on /home/airflow/.local/lib/python3.12/site-packages/airflow/example_dags/example_dag_decorator.py
[2026-08-08T17:55:12.064+0000] {processor.py:914} INFO - Processing file /home/airflow/.local/lib/python3.12/site-packages/airflow/example_dags/example_dag_decorator.py for tasks to queue
[2026-08-08T17:55:12.067+0000] {logging_mixin.py:190} INFO - [2026-08-08T17:55:12.067+0000] {dagbag.py:587} INFO - Filling up the DagBag from /home/airflow/.local/lib/python3.12/site-packages/airflow/example_dags/example_dag_decorator.py
[2026-08-08T17:55:12.084+0000] {processor.py:925} INFO - DAG(s) 'example_dag_decorator' retrieved from /home/airflow/.local/lib/python3.12/site-packages/airflow/example_dags/example_dag_decorator.py
[2026-08-08T17:55:12.188+0000] {logging_mixin.py:190} INFO - [2026-08-08T17:55:12.187+0000] {dag.py:3211} INFO - Sync 1 DAGs
[2026-08-08T17:55:12.203+0000] {logging_mixin.py:190} INFO - [2026-08-08T17:55:12.203+0000] {dag.py:4138} INFO - Setting next_dagrun for example_dag_decorator to None, run_after=None
[2026-08-08T17:55:12.229+0000] {processor.py:208} INFO - Processing /home/airflow/.local/lib/python3.12/site-packages/airflow/example_dags/example_dag_decorator.py took 0.172 seconds
[2026-08-08T17:55:42.695+0000] {processor.py:186} INFO - Started process (PID=491) to work on /home/airflow/.local/lib/python3.12/site-packages/airflow/example_dags/example_dag_decorator.py
[2026-08-08T17:55:42.696+0000] {processor.py:914} INFO - Processing file /home/airflow/.local/lib/python3.12/site-packages/airflow/example_dags/example_dag_decorator.py for tasks to queue
[2026-08-08T17:55:42.698+0000] {logging_mixin.py:190} INFO - [2026-08-08T17:55:42.698+0000] {dagbag.py:587} INFO - Filling up the DagBag from /home/airflow/.local/lib/python3.12/site-packages/airflow/example_dags/example_dag_decorator.py
[2026-08-08T17:55:42.710+0000] {processor.py:925} INFO - DAG(s) 'example_dag_decorator' retrieved from /home/airflow/.local/lib/python3.12/site-packages/airflow/example_dags/example_dag_decorator.py
[2026-08-08T17:55:42.798+0000] {logging_mixin.py:190} INFO - [2026-08-08T17:55:42.797+0000] {dag.py:3211} INFO - Sync 1 DAGs
[2026-08-08T17:55:42.807+0000] {logging_mixin.py:190} INFO - [2026-08-08T17:55:42.807+0000] {dag.py:4138} INFO - Setting next_dagrun for example_dag_decorator to None, run_after=None
[2026-08-08T17:55:42.824+0000] {processor.py:208} INFO - Processing /home/airflow/.local/lib/python3.12/site-packages/airflow/example_dags/example_dag_decorator.py took 0.134 seconds
[2026-08-08T17:56:13.199+0000] {processor.py:186} INFO - Started process (PID=555) to work on /home/airflow/.local/lib/python3.12/site-packages/airflow/example_dags/example_dag_decorator.py
[2026-08-08T17:56:13.201+0000] {processor.py:914} INFO - Processing file /home/airflow/.local/lib/python3.12/site-packages/airflow/example_dags/example_dag_decorator.py for tasks to queue
[2026-08-08T17:56:13.205+0000] {logging_mixin.py:190} INFO - [2026-08-08T17:56:13.204+0000] {dagbag.py:587} INFO - Filling up the DagBag from /home/airflow/.local/lib/python3.12/site-packages/airflow/example_dags/example_dag_decorator.py
[2026-08-08T17:56:13.223+0000] {processor.py:925} INFO - DAG(s) 'example_dag_decorator' retrieved from /home/airflow/.local/lib/python3.12/site-packages/airflow/example_dags/example_dag_decorator.py
[2026-08-08T17:56:13.396+0000] {logging_mixin.py:190} INFO - [2026-08-08T17:56:13.396+0000] {dag.py:3211} INFO - Sync 1 DAGs
[2026-08-08T17:56:13.425+0000] {logging_mixin.py:190} INFO - [2026-08-08T17:56:13.425+0000] {dag.py:4138} INFO - Setting next_dagrun for example_dag_decorator to None, run_after=None
[2026-08-08T17:56:13.465+0000] {processor.py:208} INFO - Processing /home/airflow/.local/lib/python3.12/site-packages/airflow/example_dags/example_dag_decorator.py took 0.274 seconds
[2026-08-08T17:56:43.833+0000] {processor.py:186} INFO - Started process (PID=619) to work on /home/airflow/.local/lib/python3.12/site-packages/airflow/example_dags/example_dag_decorator.py
[2026-08-08T17:56:43.834+0000] {processor.py:914} INFO - Processing file /home/airflow/.local/lib/python3.12/site-packages/airflow/example_dags/example_dag_decorator.py for tasks to queue
[2026-08-08T17:56:43.836+0000] {logging_mixin.py:190} INFO - [2026-08-08T17:56:43.836+0000] {dagbag.py:587} INFO - Filling up the DagBag from /home/airflow/.local/lib/python3.12/site-packages/airflow/example_dags/example_dag_decorator.py
[2026-08-08T17:56:43.847+0000] {processor.py:925} INFO - DAG(s) 'example_dag_decorator' retrieved from /home/airflow/.local/lib/python3.12/site-packages/airflow/example_dags/example_dag_decorator.py
[2026-08-08T17:56:43.867+0000] {logging_mixin.py:190} INFO - [2026-08-08T17:56:43.867+0000] {dag.py:3211} INFO - Sync 1 DAGs
[2026-08-08T17:56:43.878+0000] {logging_mixin.py:190} INFO - [2026-08-08T17:56:43.878+0000] {dag.py:4138} INFO - Setting next_dagrun for example_dag_decorator to None, run_after=None
[2026-08-08T17:56:43.895+0000] {processor.py:208} INFO - Processing /home/airflow/.local/lib/python3.12/site-packages/airflow/example_dags/example_dag_decorator.py took 0.068 seconds
[2026-08-08T17:57:14.313+0000] {processor.py:186} INFO - Started process (PID=680) to work on /home/airflow/.local/lib/python3.12/site-packages/airflow/example_dags/example_dag_decorator.py
[2026-08-08T17:57:14.314+0000] {processor.py:914} INFO - Processing file /home/airflow/.local/lib/python3.12/site-packages/airflow/example_dags/example_dag_decorator.py for tasks to queue
[2026-08-08T17:57:14.317+0000] {logging_mixin.py:190} INFO - [2026-08-08T17:57:14.317+0000] {dagbag.py:587} INFO - Filling up the DagBag from /home/airflow/.local/lib/python3.12/site-packages/airflow/example_dags/example_dag_decorator.py
[2026-08-08T17:57:14.330+0000] {processor.py:925} INFO - DAG(s) 'example_dag_decorator' retrieved from /home/airflow/.local/lib/python3.12/site-packages/airflow/example_dags/example_dag_decorator.py
[2026-08-08T17:57:14.435+0000] {logging_mixin.py:190} INFO - [2026-08-08T17:57:14.435+0000] {dag.py:3211} INFO - Sync 1 DAGs
[2026-08-08T17:57:14.447+0000] {logging_mixin.py:190} INFO - [2026-08-08T17:57:14.446+0000] {dag.py:4138} INFO - Setting next_dagrun for example_dag_decorator to None, run_after=None
[2026-08-08T17:57:14.471+0000] {processor.py:208} INFO - Processing /home/airflow/.local/lib/python3.12/site-packages/airflow/example_dags/example_dag_decorator.py took 0.165 seconds
[2026-08-08T18:08:21.547+0000] {processor.py:186} INFO - Started process (PID=743) to work on /home/airflow/.local/lib/python3.12/site-packages/airflow/example_dags/example_dag_decorator.py
[2026-08-08T18:08:21.549+0000] {processor.py:914} INFO - Processing file /home/airflow/.local/lib/python3.12/site-packages/airflow/example_dags/example_dag_decorator.py for tasks to queue
[2026-08-08T18:08:21.554+0000] {logging_mixin.py:190} INFO - [2026-08-08T18:08:21.554+0000] {dagbag.py:587} INFO - Filling up the DagBag from /home/airflow/.local/lib/python3.12/site-packages/airflow/example_dags/example_dag_decorator.py
[2026-08-08T18:08:21.574+0000] {processor.py:925} INFO - DAG(s) 'example_dag_decorator' retrieved from /home/airflow/.local/lib/python3.12/site-packages/airflow/example_dags/example_dag_decorator.py
[2026-08-08T18:08:21.755+0000] {logging_mixin.py:190} INFO - [2026-08-08T18:08:21.754+0000] {dag.py:3211} INFO - Sync 1 DAGs
[2026-08-08T18:08:21.779+0000] {logging_mixin.py:190} INFO - [2026-08-08T18:08:21.779+0000] {dag.py:4138} INFO - Setting next_dagrun for example_dag_decorator to None, run_after=None
[2026-08-08T18:08:21.828+0000] {processor.py:208} INFO - Processing /home/airflow/.local/lib/python3.12/site-packages/airflow/example_dags/example_dag_decorator.py took 0.293 seconds
[2026-08-08T18:08:52.250+0000] {processor.py:186} INFO - Started process (PID=806) to work on /home/airflow/.local/lib/python3.12/site-packages/airflow/example_dags/example_dag_decorator.py
[2026-08-08T18:08:52.252+0000] {processor.py:914} INFO - Processing file /home/airflow/.local/lib/python3.12/site-packages/airflow/example_dags/example_dag_decorator.py for tasks to queue
[2026-08-08T18:08:52.255+0000] {logging_mixin.py:190} INFO - [2026-08-08T18:08:52.255+0000] {dagbag.py:587} INFO - Filling up the DagBag from /home/airflow/.local/lib/python3.12/site-packages/airflow/example_dags/example_dag_decorator.py
[2026-08-08T18:08:52.273+0000] {processor.py:925} INFO - DAG(s) 'example_dag_decorator' retrieved from /home/airflow/.local/lib/python3.12/site-packages/airflow/example_dags/example_dag_decorator.py
[2026-08-08T18:08:52.480+0000] {logging_mixin.py:190} INFO - [2026-08-08T18:08:52.479+0000] {dag.py:3211} INFO - Sync 1 DAGs
[2026-08-08T18:08:52.498+0000] {logging_mixin.py:190} INFO - [2026-08-08T18:08:52.498+0000] {dag.py:4138} INFO - Setting next_dagrun for example_dag_decorator to None, run_after=None
[2026-08-08T18:08:52.527+0000] {processor.py:208} INFO - Processing /home/airflow/.local/lib/python3.12/site-packages/airflow/example_dags/example_dag_decorator.py took 0.286 seconds
[2026-08-08T18:09:22.664+0000] {processor.py:186} INFO - Started process (PID=869) to work on /home/airflow/.local/lib/python3.12/site-packages/airflow/example_dags/example_dag_decorator.py
[2026-08-08T18:09:22.666+0000] {processor.py:914} INFO - Processing file /home/airflow/.local/lib/python3.12/site-packages/airflow/example_dags/example_dag_decorator.py for tasks to queue
[2026-08-08T18:09:22.670+0000] {logging_mixin.py:190} INFO - [2026-08-08T18:09:22.669+0000] {dagbag.py:587} INFO - Filling up the DagBag from /home/airflow/.local/lib/python3.12/site-packages/airflow/example_dags/example_dag_decorator.py
[2026-08-08T18:09:22.691+0000] {processor.py:925} INFO - DAG(s) 'example_dag_decorator' retrieved from /home/airflow/.local/lib/python3.12/site-packages/airflow/example_dags/example_dag_decorator.py
[2026-08-08T18:09:22.855+0000] {logging_mixin.py:190} INFO - [2026-08-08T18:09:22.854+0000] {dag.py:3211} INFO - Sync 1 DAGs
[2026-08-08T18:09:22.876+0000] {logging_mixin.py:190} INFO - [2026-08-08T18:09:22.876+0000] {dag.py:4138} INFO - Setting next_dagrun for example_dag_decorator to None, run_after=None
[2026-08-08T18:09:22.912+0000] {processor.py:208} INFO - Processing /home/airflow/.local/lib/python3.12/site-packages/airflow/example_dags/example_dag_decorator.py took 0.262 seconds
[2026-08-08T18:09:53.061+0000] {processor.py:186} INFO - Started process (PID=933) to work on /home/airflow/.local/lib/python3.12/site-packages/airflow/example_dags/example_dag_decorator.py
[2026-08-08T18:09:53.065+0000] {processor.py:914} INFO - Processing file /home/airflow/.local/lib/python3.12/site-packages/airflow/example_dags/example_dag_decorator.py for tasks to queue
[2026-08-08T18:09:53.070+0000] {logging_mixin.py:190} INFO - [2026-08-08T18:09:53.070+0000] {dagbag.py:587} INFO - Filling up the DagBag from /home/airflow/.local/lib/python3.12/site-packages/airflow/example_dags/example_dag_decorator.py
[2026-08-08T18:09:53.088+0000] {processor.py:925} INFO - DAG(s) 'example_dag_decorator' retrieved from /home/airflow/.local/lib/python3.12/site-packages/airflow/example_dags/example_dag_decorator.py
[2026-08-08T18:09:53.223+0000] {logging_mixin.py:190} INFO - [2026-08-08T18:09:53.223+0000] {dag.py:3211} INFO - Sync 1 DAGs
[2026-08-08T18:09:53.236+0000] {logging_mixin.py:190} INFO - [2026-08-08T18:09:53.236+0000] {dag.py:4138} INFO - Setting next_dagrun for example_dag_decorator to None, run_after=None
[2026-08-08T18:09:53.261+0000] {processor.py:208} INFO - Processing /home/airflow/.local/lib/python3.12/site-packages/airflow/example_dags/example_dag_decorator.py took 0.210 seconds
[2026-08-08T18:10:23.837+0000] {processor.py:186} INFO - Started process (PID=995) to work on /home/airflow/.local/lib/python3.12/site-packages/airflow/example_dags/example_dag_decorator.py
[2026-08-08T18:10:23.839+0000] {processor.py:914} INFO - Processing file /home/airflow/.local/lib/python3.12/site-packages/airflow/example_dags/example_dag_decorator.py for tasks to queue
[2026-08-08T18:10:23.842+0000] {logging_mixin.py:190} INFO - [2026-08-08T18:10:23.841+0000] {dagbag.py:587} INFO - Filling up the DagBag from /home/airflow/.local/lib/python3.12/site-packages/airflow/example_dags/example_dag_decorator.py
[2026-08-08T18:10:23.856+0000] {processor.py:925} INFO - DAG(s) 'example_dag_decorator' retrieved from /home/airflow/.local/lib/python3.12/site-packages/airflow/example_dags/example_dag_decorator.py
[2026-08-08T18:10:23.975+0000] {logging_mixin.py:190} INFO - [2026-08-08T18:10:23.975+0000] {dag.py:3211} INFO - Sync 1 DAGs
[2026-08-08T18:10:23.989+0000] {logging_mixin.py:190} INFO - [2026-08-08T18:10:23.988+0000] {dag.py:4138} INFO - Setting next_dagrun for example_dag_decorator to None, run_after=None
[2026-08-08T18:10:24.022+0000] {processor.py:208} INFO - Processing /home/airflow/.local/lib/python3.12/site-packages/airflow/example_dags/example_dag_decorator.py took 0.191 seconds
[2026-08-08T18:10:54.627+0000] {processor.py:186} INFO - Started process (PID=1058) to work on /home/airflow/.local/lib/python3.12/site-packages/airflow/example_dags/example_dag_decorator.py
[2026-08-08T18:10:54.629+0000] {processor.py:914} INFO - Processing file /home/airflow/.local/lib/python3.12/site-packages/airflow/example_dags/example_dag_decorator.py for tasks to queue
[2026-08-08T18:10:54.631+0000] {logging_mixin.py:190} INFO - [2026-08-08T18:10:54.631+0000] {dagbag.py:587} INFO - Filling up the DagBag from /home/airflow/.local/lib/python3.12/site-packages/airflow/example_dags/example_dag_decorator.py
[2026-08-08T18:10:54.642+0000] {processor.py:925} INFO - DAG(s) 'example_dag_decorator' retrieved from /home/airflow/.local/lib/python3.12/site-packages/airflow/example_dags/example_dag_decorator.py
[2026-08-08T18:10:54.738+0000] {logging_mixin.py:190} INFO - [2026-08-08T18:10:54.738+0000] {dag.py:3211} INFO - Sync 1 DAGs
[2026-08-08T18:10:54.749+0000] {logging_mixin.py:190} INFO - [2026-08-08T18:10:54.749+0000] {dag.py:4138} INFO - Setting next_dagrun for example_dag_decorator to None, run_after=None
[2026-08-08T18:10:54.772+0000] {processor.py:208} INFO - Processing /home/airflow/.local/lib/python3.12/site-packages/airflow/example_dags/example_dag_decorator.py took 0.151 seconds
[2026-08-08T18:11:25.137+0000] {processor.py:186} INFO - Started process (PID=1121) to work on /home/airflow/.local/lib/python3.12/site-packages/airflow/example_dags/example_dag_decorator.py
[2026-08-08T18:11:25.139+0000] {processor.py:914} INFO - Processing file /home/airflow/.local/lib/python3.12/site-packages/airflow/example_dags/example_dag_decorator.py for tasks to queue
[2026-08-08T18:11:25.142+0000] {logging_mixin.py:190} INFO - [2026-08-08T18:11:25.141+0000] {dagbag.py:587} INFO - Filling up the DagBag from /home/airflow/.local/lib/python3.12/site-packages/airflow/example_dags/example_dag_decorator.py
[2026-08-08T18:11:25.156+0000] {processor.py:925} INFO - DAG(s) 'example_dag_decorator' retrieved from /home/airflow/.local/lib/python3.12/site-packages/airflow/example_dags/example_dag_decorator.py
[2026-08-08T18:11:25.298+0000] {logging_mixin.py:190} INFO - [2026-08-08T18:11:25.297+0000] {dag.py:3211} INFO - Sync 1 DAGs
[2026-08-08T18:11:25.312+0000] {logging_mixin.py:190} INFO - [2026-08-08T18:11:25.311+0000] {dag.py:4138} INFO - Setting next_dagrun for example_dag_decorator to None, run_after=None
[2026-08-08T18:11:25.342+0000] {processor.py:208} INFO - Processing /home/airflow/.local/lib/python3.12/site-packages/airflow/example_dags/example_dag_decorator.py took 0.211 seconds
[2026-08-08T18:11:55.517+0000] {processor.py:186} INFO - Started process (PID=1185) to work on /home/airflow/.local/lib/python3.12/site-packages/airflow/example_dags/example_dag_decorator.py
[2026-08-08T18:11:55.519+0000] {processor.py:914} INFO - Processing file /home/airflow/.local/lib/python3.12/site-packages/airflow/example_dags/example_dag_decorator.py for tasks to queue
[2026-08-08T18:11:55.523+0000] {logging_mixin.py:190} INFO - [2026-08-08T18:11:55.522+0000] {dagbag.py:587} INFO - Filling up the DagBag from /home/airflow/.local/lib/python3.12/site-packages/airflow/example_dags/example_dag_decorator.py
[2026-08-08T18:11:55.534+0000] {processor.py:925} INFO - DAG(s) 'example_dag_decorator' retrieved from /home/airflow/.local/lib/python3.12/site-packages/airflow/example_dags/example_dag_decorator.py
[2026-08-08T18:11:55.668+0000] {logging_mixin.py:190} INFO - [2026-08-08T18:11:55.667+0000] {dag.py:3211} INFO - Sync 1 DAGs
[2026-08-08T18:11:55.684+0000] {logging_mixin.py:190} INFO - [2026-08-08T18:11:55.684+0000] {dag.py:4138} INFO - Setting next_dagrun for example_dag_decorator to None, run_after=None
[2026-08-08T18:11:55.711+0000] {processor.py:208} INFO - Processing /home/airflow/.local/lib/python3.12/site-packages/airflow/example_dags/example_dag_decorator.py took 0.200 seconds
[2026-08-08T18:13:09.696+0000] {processor.py:186} INFO - Started process (PID=119) to work on /home/airflow/.local/lib/python3.12/site-packages/airflow/example_dags/example_dag_decorator.py
[2026-08-08T18:13:09.697+0000] {processor.py:914} INFO - Processing file /home/airflow/.local/lib/python3.12/site-packages/airflow/example_dags/example_dag_decorator.py for tasks to queue
[2026-08-08T18:13:09.700+0000] {logging_mixin.py:190} INFO - [2026-08-08T18:13:09.700+0000] {dagbag.py:587} INFO - Filling up the DagBag from /home/airflow/.local/lib/python3.12/site-packages/airflow/example_dags/example_dag_decorator.py
[2026-08-08T18:13:09.712+0000] {processor.py:925} INFO - DAG(s) 'example_dag_decorator' retrieved from /home/airflow/.local/lib/python3.12/site-packages/airflow/example_dags/example_dag_decorator.py
[2026-08-08T18:13:09.822+0000] {logging_mixin.py:190} INFO - [2026-08-08T18:13:09.822+0000] {dag.py:3211} INFO - Sync 1 DAGs
[2026-08-08T18:13:09.837+0000] {logging_mixin.py:190} INFO - [2026-08-08T18:13:09.837+0000] {dag.py:4138} INFO - Setting next_dagrun for example_dag_decorator to None, run_after=None
[2026-08-08T18:13:09.930+0000] {processor.py:208} INFO - Processing /home/airflow/.local/lib/python3.12/site-packages/airflow/example_dags/example_dag_decorator.py took 0.239 seconds
[2026-08-08T18:13:40.513+0000] {processor.py:186} INFO - Started process (PID=182) to work on /home/airflow/.local/lib/python3.12/site-packages/airflow/example_dags/example_dag_decorator.py
[2026-08-08T18:13:40.514+0000] {processor.py:914} INFO - Processing file /home/airflow/.local/lib/python3.12/site-packages/airflow/example_dags/example_dag_decorator.py for tasks to queue
[2026-08-08T18:13:40.517+0000] {logging_mixin.py:190} INFO - [2026-08-08T18:13:40.517+0000] {dagbag.py:587} INFO - Filling up the DagBag from /home/airflow/.local/lib/python3.12/site-packages/airflow/example_dags/example_dag_decorator.py
[2026-08-08T18:13:40.529+0000] {processor.py:925} INFO - DAG(s) 'example_dag_decorator' retrieved from /home/airflow/.local/lib/python3.12/site-packages/airflow/example_dags/example_dag_decorator.py
[2026-08-08T18:13:40.619+0000] {logging_mixin.py:190} INFO - [2026-08-08T18:13:40.619+0000] {dag.py:3211} INFO - Sync 1 DAGs
[2026-08-08T18:13:40.630+0000] {logging_mixin.py:190} INFO - [2026-08-08T18:13:40.629+0000] {dag.py:4138} INFO - Setting next_dagrun for example_dag_decorator to None, run_after=None
[2026-08-08T18:13:40.650+0000] {processor.py:208} INFO - Processing /home/airflow/.local/lib/python3.12/site-packages/airflow/example_dags/example_dag_decorator.py took 0.142 seconds
[2026-08-08T18:14:10.981+0000] {processor.py:186} INFO - Started process (PID=245) to work on /home/airflow/.local/lib/python3.12/site-packages/airflow/example_dags/example_dag_decorator.py
[2026-08-08T18:14:10.983+0000] {processor.py:914} INFO - Processing file /home/airflow/.local/lib/python3.12/site-packages/airflow/example_dags/example_dag_decorator.py for tasks to queue
[2026-08-08T18:14:10.985+0000] {logging_mixin.py:190} INFO - [2026-08-08T18:14:10.985+0000] {dagbag.py:587} INFO - Filling up the DagBag from /home/airflow/.local/lib/python3.12/site-packages/airflow/example_dags/example_dag_decorator.py
[2026-08-08T18:14:10.996+0000] {processor.py:925} INFO - DAG(s) 'example_dag_decorator' retrieved from /home/airflow/.local/lib/python3.12/site-packages/airflow/example_dags/example_dag_decorator.py
[2026-08-08T18:14:11.104+0000] {logging_mixin.py:190} INFO - [2026-08-08T18:14:11.104+0000] {dag.py:3211} INFO - Sync 1 DAGs
[2026-08-08T18:14:11.119+0000] {logging_mixin.py:190} INFO - [2026-08-08T18:14:11.119+0000] {dag.py:4138} INFO - Setting next_dagrun for example_dag_decorator to None, run_after=None
[2026-08-08T18:14:11.141+0000] {processor.py:208} INFO - Processing /home/airflow/.local/lib/python3.12/site-packages/airflow/example_dags/example_dag_decorator.py took 0.165 seconds
[2026-08-08T18:14:41.189+0000] {processor.py:186} INFO - Started process (PID=308) to work on /home/airflow/.local/lib/python3.12/site-packages/airflow/example_dags/example_dag_decorator.py
[2026-08-08T18:14:41.191+0000] {processor.py:914} INFO - Processing file /home/airflow/.local/lib/python3.12/site-packages/airflow/example_dags/example_dag_decorator.py for tasks to queue
[2026-08-08T18:14:41.193+0000] {logging_mixin.py:190} INFO - [2026-08-08T18:14:41.193+0000] {dagbag.py:587} INFO - Filling up the DagBag from /home/airflow/.local/lib/python3.12/site-packages/airflow/example_dags/example_dag_decorator.py
[2026-08-08T18:14:41.203+0000] {processor.py:925} INFO - DAG(s) 'example_dag_decorator' retrieved from /home/airflow/.local/lib/python3.12/site-packages/airflow/example_dags/example_dag_decorator.py
[2026-08-08T18:14:41.293+0000] {logging_mixin.py:190} INFO - [2026-08-08T18:14:41.292+0000] {dag.py:3211} INFO - Sync 1 DAGs
[2026-08-08T18:14:41.302+0000] {logging_mixin.py:190} INFO - [2026-08-08T18:14:41.302+0000] {dag.py:4138} INFO - Setting next_dagrun for example_dag_decorator to None, run_after=None
[2026-08-08T18:14:41.322+0000] {processor.py:208} INFO - Processing /home/airflow/.local/lib/python3.12/site-packages/airflow/example_dags/example_dag_decorator.py took 0.137 seconds
[2026-08-08T18:15:12.655+0000] {processor.py:186} INFO - Started process (PID=371) to work on /home/airflow/.local/lib/python3.12/site-packages/airflow/example_dags/example_dag_decorator.py
[2026-08-08T18:15:12.656+0000] {processor.py:914} INFO - Processing file /home/airflow/.local/lib/python3.12/site-packages/airflow/example_dags/example_dag_decorator.py for tasks to queue
[2026-08-08T18:15:12.659+0000] {logging_mixin.py:190} INFO - [2026-08-08T18:15:12.659+0000] {dagbag.py:587} INFO - Filling up the DagBag from /home/airflow/.local/lib/python3.12/site-packages/airflow/example_dags/example_dag_decorator.py
[2026-08-08T18:15:12.675+0000] {processor.py:925} INFO - DAG(s) 'example_dag_decorator' retrieved from /home/airflow/.local/lib/python3.12/site-packages/airflow/example_dags/example_dag_decorator.py
[2026-08-08T18:15:12.820+0000] {logging_mixin.py:190} INFO - [2026-08-08T18:15:12.820+0000] {dag.py:3211} INFO - Sync 1 DAGs
[2026-08-08T18:15:12.836+0000] {logging_mixin.py:190} INFO - [2026-08-08T18:15:12.835+0000] {dag.py:4138} INFO - Setting next_dagrun for example_dag_decorator to None, run_after=None
[2026-08-08T18:15:12.866+0000] {processor.py:208} INFO - Processing /home/airflow/.local/lib/python3.12/site-packages/airflow/example_dags/example_dag_decorator.py took 0.218 seconds
[2026-08-08T18:15:43.538+0000] {processor.py:186} INFO - Started process (PID=434) to work on /home/airflow/.local/lib/python3.12/site-packages/airflow/example_dags/example_dag_decorator.py
[2026-08-08T18:15:43.540+0000] {processor.py:914} INFO - Processing file /home/airflow/.local/lib/python3.12/site-packages/airflow/example_dags/example_dag_decorator.py for tasks to queue
[2026-08-08T18:15:43.544+0000] {logging_mixin.py:190} INFO - [2026-08-08T18:15:43.543+0000] {dagbag.py:587} INFO - Filling up the DagBag from /home/airflow/.local/lib/python3.12/site-packages/airflow/example_dags/example_dag_decorator.py
[2026-08-08T18:15:43.559+0000] {processor.py:925} INFO - DAG(s) 'example_dag_decorator' retrieved from /home/airflow/.local/lib/python3.12/site-packages/airflow/example_dags/example_dag_decorator.py
[2026-08-08T18:15:43.688+0000] {logging_mixin.py:190} INFO - [2026-08-08T18:15:43.687+0000] {dag.py:3211} INFO - Sync 1 DAGs
[2026-08-08T18:15:43.702+0000] {logging_mixin.py:190} INFO - [2026-08-08T18:15:43.701+0000] {dag.py:4138} INFO - Setting next_dagrun for example_dag_decorator to None, run_after=None
[2026-08-08T18:15:43.734+0000] {processor.py:208} INFO - Processing /home/airflow/.local/lib/python3.12/site-packages/airflow/example_dags/example_dag_decorator.py took 0.203 seconds
[2026-08-08T18:17:14.296+0000] {processor.py:186} INFO - Started process (PID=132) to work on /home/airflow/.local/lib/python3.12/site-packages/airflow/example_dags/example_dag_decorator.py
[2026-08-08T18:17:14.299+0000] {processor.py:914} INFO - Processing file /home/airflow/.local/lib/python3.12/site-packages/airflow/example_dags/example_dag_decorator.py for tasks to queue
[2026-08-08T18:17:14.302+0000] {logging_mixin.py:190} INFO - [2026-08-08T18:17:14.302+0000] {dagbag.py:587} INFO - Filling up the DagBag from /home/airflow/.local/lib/python3.12/site-packages/airflow/example_dags/example_dag_decorator.py
[2026-08-08T18:17:14.318+0000] {processor.py:925} INFO - DAG(s) 'example_dag_decorator' retrieved from /home/airflow/.local/lib/python3.12/site-packages/airflow/example_dags/example_dag_decorator.py
[2026-08-08T18:17:14.451+0000] {logging_mixin.py:190} INFO - [2026-08-08T18:17:14.450+0000] {dag.py:3211} INFO - Sync 1 DAGs
[2026-08-08T18:17:14.465+0000] {logging_mixin.py:190} INFO - [2026-08-08T18:17:14.464+0000] {dag.py:4138} INFO - Setting next_dagrun for example_dag_decorator to None, run_after=None
[2026-08-08T18:17:14.494+0000] {processor.py:208} INFO - Processing /home/airflow/.local/lib/python3.12/site-packages/airflow/example_dags/example_dag_decorator.py took 0.206 seconds
[2026-08-08T18:17:44.777+0000] {processor.py:186} INFO - Started process (PID=195) to work on /home/airflow/.local/lib/python3.12/site-packages/airflow/example_dags/example_dag_decorator.py
[2026-08-08T18:17:44.779+0000] {processor.py:914} INFO - Processing file /home/airflow/.local/lib/python3.12/site-packages/airflow/example_dags/example_dag_decorator.py for tasks to queue
[2026-08-08T18:17:44.784+0000] {logging_mixin.py:190} INFO - [2026-08-08T18:17:44.783+0000] {dagbag.py:587} INFO - Filling up the DagBag from /home/airflow/.local/lib/python3.12/site-packages/airflow/example_dags/example_dag_decorator.py
[2026-08-08T18:17:44.800+0000] {processor.py:925} INFO - DAG(s) 'example_dag_decorator' retrieved from /home/airflow/.local/lib/python3.12/site-packages/airflow/example_dags/example_dag_decorator.py
[2026-08-08T18:17:44.905+0000] {logging_mixin.py:190} INFO - [2026-08-08T18:17:44.905+0000] {dag.py:3211} INFO - Sync 1 DAGs
[2026-08-08T18:17:44.918+0000] {logging_mixin.py:190} INFO - [2026-08-08T18:17:44.918+0000] {dag.py:4138} INFO - Setting next_dagrun for example_dag_decorator to None, run_after=None
[2026-08-08T18:17:44.937+0000] {processor.py:208} INFO - Processing /home/airflow/.local/lib/python3.12/site-packages/airflow/example_dags/example_dag_decorator.py took 0.167 seconds
[2026-08-08T18:18:15.414+0000] {processor.py:186} INFO - Started process (PID=258) to work on /home/airflow/.local/lib/python3.12/site-packages/airflow/example_dags/example_dag_decorator.py
[2026-08-08T18:18:15.416+0000] {processor.py:914} INFO - Processing file /home/airflow/.local/lib/python3.12/site-packages/airflow/example_dags/example_dag_decorator.py for tasks to queue
[2026-08-08T18:18:15.420+0000] {logging_mixin.py:190} INFO - [2026-08-08T18:18:15.420+0000] {dagbag.py:587} INFO - Filling up the DagBag from /home/airflow/.local/lib/python3.12/site-packages/airflow/example_dags/example_dag_decorator.py
[2026-08-08T18:18:15.434+0000] {processor.py:925} INFO - DAG(s) 'example_dag_decorator' retrieved from /home/airflow/.local/lib/python3.12/site-packages/airflow/example_dags/example_dag_decorator.py
[2026-08-08T18:18:15.519+0000] {logging_mixin.py:190} INFO - [2026-08-08T18:18:15.519+0000] {dag.py:3211} INFO - Sync 1 DAGs
[2026-08-08T18:18:15.529+0000] {logging_mixin.py:190} INFO - [2026-08-08T18:18:15.529+0000] {dag.py:4138} INFO - Setting next_dagrun for example_dag_decorator to None, run_after=None
[2026-08-08T18:18:15.549+0000] {processor.py:208} INFO - Processing /home/airflow/.local/lib/python3.12/site-packages/airflow/example_dags/example_dag_decorator.py took 0.141 seconds
[2026-08-08T18:18:46.033+0000] {processor.py:186} INFO - Started process (PID=321) to work on /home/airflow/.local/lib/python3.12/site-packages/airflow/example_dags/example_dag_decorator.py
[2026-08-08T18:18:46.035+0000] {processor.py:914} INFO - Processing file /home/airflow/.local/lib/python3.12/site-packages/airflow/example_dags/example_dag_decorator.py for tasks to queue
[2026-08-08T18:18:46.037+0000] {logging_mixin.py:190} INFO - [2026-08-08T18:18:46.037+0000] {dagbag.py:587} INFO - Filling up the DagBag from /home/airflow/.local/lib/python3.12/site-packages/airflow/example_dags/example_dag_decorator.py
[2026-08-08T18:18:46.051+0000] {processor.py:925} INFO - DAG(s) 'example_dag_decorator' retrieved from /home/airflow/.local/lib/python3.12/site-packages/airflow/example_dags/example_dag_decorator.py
[2026-08-08T18:18:46.151+0000] {logging_mixin.py:190} INFO - [2026-08-08T18:18:46.150+0000] {dag.py:3211} INFO - Sync 1 DAGs
[2026-08-08T18:18:46.162+0000] {logging_mixin.py:190} INFO - [2026-08-08T18:18:46.162+0000] {dag.py:4138} INFO - Setting next_dagrun for example_dag_decorator to None, run_after=None
[2026-08-08T18:18:46.186+0000] {processor.py:208} INFO - Processing /home/airflow/.local/lib/python3.12/site-packages/airflow/example_dags/example_dag_decorator.py took 0.158 seconds
[2026-08-08T18:19:16.536+0000] {processor.py:186} INFO - Started process (PID=384) to work on /home/airflow/.local/lib/python3.12/site-packages/airflow/example_dags/example_dag_decorator.py
[2026-08-08T18:19:16.537+0000] {processor.py:914} INFO - Processing file /home/airflow/.local/lib/python3.12/site-packages/airflow/example_dags/example_dag_decorator.py for tasks to queue
[2026-08-08T18:19:16.540+0000] {logging_mixin.py:190} INFO - [2026-08-08T18:19:16.540+0000] {dagbag.py:587} INFO - Filling up the DagBag from /home/airflow/.local/lib/python3.12/site-packages/airflow/example_dags/example_dag_decorator.py
[2026-08-08T18:19:16.557+0000] {processor.py:925} INFO - DAG(s) 'example_dag_decorator' retrieved from /home/airflow/.local/lib/python3.12/site-packages/airflow/example_dags/example_dag_decorator.py
[2026-08-08T18:19:16.585+0000] {logging_mixin.py:190} INFO - [2026-08-08T18:19:16.584+0000] {dag.py:3211} INFO - Sync 1 DAGs
[2026-08-08T18:19:16.601+0000] {logging_mixin.py:190} INFO - [2026-08-08T18:19:16.601+0000] {dag.py:4138} INFO - Setting next_dagrun for example_dag_decorator to None, run_after=None
[2026-08-08T18:19:16.624+0000] {processor.py:208} INFO - Processing /home/airflow/.local/lib/python3.12/site-packages/airflow/example_dags/example_dag_decorator.py took 0.097 seconds
[2026-08-08T18:24:04.130+0000] {processor.py:186} INFO - Started process (PID=447) to work on /home/airflow/.local/lib/python3.12/site-packages/airflow/example_dags/example_dag_decorator.py
[2026-08-08T18:24:04.131+0000] {processor.py:914} INFO - Processing file /home/airflow/.local/lib/python3.12/site-packages/airflow/example_dags/example_dag_decorator.py for tasks to queue
[2026-08-08T18:24:04.134+0000] {logging_mixin.py:190} INFO - [2026-08-08T18:24:04.134+0000] {dagbag.py:587} INFO - Filling up the DagBag from /home/airflow/.local/lib/python3.12/site-packages/airflow/example_dags/example_dag_decorator.py
[2026-08-08T18:24:04.144+0000] {processor.py:925} INFO - DAG(s) 'example_dag_decorator' retrieved from /home/airflow/.local/lib/python3.12/site-packages/airflow/example_dags/example_dag_decorator.py
[2026-08-08T18:24:04.240+0000] {logging_mixin.py:190} INFO - [2026-08-08T18:24:04.240+0000] {dag.py:3211} INFO - Sync 1 DAGs
[2026-08-08T18:24:04.251+0000] {logging_mixin.py:190} INFO - [2026-08-08T18:24:04.251+0000] {dag.py:4138} INFO - Setting next_dagrun for example_dag_decorator to None, run_after=None
[2026-08-08T18:24:04.268+0000] {processor.py:208} INFO - Processing /home/airflow/.local/lib/python3.12/site-packages/airflow/example_dags/example_dag_decorator.py took 0.143 seconds
[2026-08-08T18:24:34.868+0000] {processor.py:186} INFO - Started process (PID=510) to work on /home/airflow/.local/lib/python3.12/site-packages/airflow/example_dags/example_dag_decorator.py
[2026-08-08T18:24:34.870+0000] {processor.py:914} INFO - Processing file /home/airflow/.local/lib/python3.12/site-packages/airflow/example_dags/example_dag_decorator.py for tasks to queue
[2026-08-08T18:24:34.873+0000] {logging_mixin.py:190} INFO - [2026-08-08T18:24:34.873+0000] {dagbag.py:587} INFO - Filling up the DagBag from /home/airflow/.local/lib/python3.12/site-packages/airflow/example_dags/example_dag_decorator.py
[2026-08-08T18:24:34.890+0000] {processor.py:925} INFO - DAG(s) 'example_dag_decorator' retrieved from /home/airflow/.local/lib/python3.12/site-packages/airflow/example_dags/example_dag_decorator.py
[2026-08-08T18:24:34.920+0000] {logging_mixin.py:190} INFO - [2026-08-08T18:24:34.920+0000] {dag.py:3211} INFO - Sync 1 DAGs
[2026-08-08T18:24:34.937+0000] {logging_mixin.py:190} INFO - [2026-08-08T18:24:34.936+0000] {dag.py:4138} INFO - Setting next_dagrun for example_dag_decorator to None, run_after=None
[2026-08-08T18:24:34.965+0000] {processor.py:208} INFO - Processing /home/airflow/.local/lib/python3.12/site-packages/airflow/example_dags/example_dag_decorator.py took 0.105 seconds
[2026-08-08T18:25:05.327+0000] {processor.py:186} INFO - Started process (PID=573) to work on /home/airflow/.local/lib/python3.12/site-packages/airflow/example_dags/example_dag_decorator.py
[2026-08-08T18:25:05.329+0000] {processor.py:914} INFO - Processing file /home/airflow/.local/lib/python3.12/site-packages/airflow/example_dags/example_dag_decorator.py for tasks to queue
[2026-08-08T18:25:05.332+0000] {logging_mixin.py:190} INFO - [2026-08-08T18:25:05.332+0000] {dagbag.py:587} INFO - Filling up the DagBag from /home/airflow/.local/lib/python3.12/site-packages/airflow/example_dags/example_dag_decorator.py
[2026-08-08T18:25:05.347+0000] {processor.py:925} INFO - DAG(s) 'example_dag_decorator' retrieved from /home/airflow/.local/lib/python3.12/site-packages/airflow/example_dags/example_dag_decorator.py
[2026-08-08T18:25:05.479+0000] {logging_mixin.py:190} INFO - [2026-08-08T18:25:05.478+0000] {dag.py:3211} INFO - Sync 1 DAGs
[2026-08-08T18:25:05.492+0000] {logging_mixin.py:190} INFO - [2026-08-08T18:25:05.492+0000] {dag.py:4138} INFO - Setting next_dagrun for example_dag_decorator to None, run_after=None
[2026-08-08T18:25:05.517+0000] {processor.py:208} INFO - Processing /home/airflow/.local/lib/python3.12/site-packages/airflow/example_dags/example_dag_decorator.py took 0.197 seconds
[2026-08-08T18:25:35.646+0000] {processor.py:186} INFO - Started process (PID=637) to work on /home/airflow/.local/lib/python3.12/site-packages/airflow/example_dags/example_dag_decorator.py
[2026-08-08T18:25:35.648+0000] {processor.py:914} INFO - Processing file /home/airflow/.local/lib/python3.12/site-packages/airflow/example_dags/example_dag_decorator.py for tasks to queue
[2026-08-08T18:25:35.652+0000] {logging_mixin.py:190} INFO - [2026-08-08T18:25:35.651+0000] {dagbag.py:587} INFO - Filling up the DagBag from /home/airflow/.local/lib/python3.12/site-packages/airflow/example_dags/example_dag_decorator.py
[2026-08-08T18:25:35.665+0000] {processor.py:925} INFO - DAG(s) 'example_dag_decorator' retrieved from /home/airflow/.local/lib/python3.12/site-packages/airflow/example_dags/example_dag_decorator.py
[2026-08-08T18:25:35.781+0000] {logging_mixin.py:190} INFO - [2026-08-08T18:25:35.781+0000] {dag.py:3211} INFO - Sync 1 DAGs
[2026-08-08T18:25:35.796+0000] {logging_mixin.py:190} INFO - [2026-08-08T18:25:35.796+0000] {dag.py:4138} INFO - Setting next_dagrun for example_dag_decorator to None, run_after=None
[2026-08-08T18:25:35.815+0000] {processor.py:208} INFO - Processing /home/airflow/.local/lib/python3.12/site-packages/airflow/example_dags/example_dag_decorator.py took 0.177 seconds
[2026-08-08T18:26:06.263+0000] {processor.py:186} INFO - Started process (PID=700) to work on /home/airflow/.local/lib/python3.12/site-packages/airflow/example_dags/example_dag_decorator.py
[2026-08-08T18:26:06.265+0000] {processor.py:914} INFO - Processing file /home/airflow/.local/lib/python3.12/site-packages/airflow/example_dags/example_dag_decorator.py for tasks to queue
[2026-08-08T18:26:06.268+0000] {logging_mixin.py:190} INFO - [2026-08-08T18:26:06.268+0000] {dagbag.py:587} INFO - Filling up the DagBag from /home/airflow/.local/lib/python3.12/site-packages/airflow/example_dags/example_dag_decorator.py
[2026-08-08T18:26:06.280+0000] {processor.py:925} INFO - DAG(s) 'example_dag_decorator' retrieved from /home/airflow/.local/lib/python3.12/site-packages/airflow/example_dags/example_dag_decorator.py
[2026-08-08T18:26:06.381+0000] {logging_mixin.py:190} INFO - [2026-08-08T18:26:06.380+0000] {dag.py:3211} INFO - Sync 1 DAGs
[2026-08-08T18:26:06.393+0000] {logging_mixin.py:190} INFO - [2026-08-08T18:26:06.393+0000] {dag.py:4138} INFO - Setting next_dagrun for example_dag_decorator to None, run_after=None
[2026-08-08T18:26:06.416+0000] {processor.py:208} INFO - Processing /home/airflow/.local/lib/python3.12/site-packages/airflow/example_dags/example_dag_decorator.py took 0.159 seconds
[2026-08-08T18:26:36.916+0000] {processor.py:186} INFO - Started process (PID=763) to work on /home/airflow/.local/lib/python3.12/site-packages/airflow/example_dags/example_dag_decorator.py
[2026-08-08T18:26:36.918+0000] {processor.py:914} INFO - Processing file /home/airflow/.local/lib/python3.12/site-packages/airflow/example_dags/example_dag_decorator.py for tasks to queue
[2026-08-08T18:26:36.921+0000] {logging_mixin.py:190} INFO - [2026-08-08T18:26:36.921+0000] {dagbag.py:587} INFO - Filling up the DagBag from /home/airflow/.local/lib/python3.12/site-packages/airflow/example_dags/example_dag_decorator.py
[2026-08-08T18:26:36.934+0000] {processor.py:925} INFO - DAG(s) 'example_dag_decorator' retrieved from /home/airflow/.local/lib/python3.12/site-packages/airflow/example_dags/example_dag_decorator.py
[2026-08-08T18:26:37.027+0000] {logging_mixin.py:190} INFO - [2026-08-08T18:26:37.027+0000] {dag.py:3211} INFO - Sync 1 DAGs
[2026-08-08T18:26:37.039+0000] {logging_mixin.py:190} INFO - [2026-08-08T18:26:37.038+0000] {dag.py:4138} INFO - Setting next_dagrun for example_dag_decorator to None, run_after=None
[2026-08-08T18:26:37.063+0000] {processor.py:208} INFO - Processing /home/airflow/.local/lib/python3.12/site-packages/airflow/example_dags/example_dag_decorator.py took 0.154 seconds
