[2026-08-08T17:25:15.907+0000] {processor.py:186} INFO - Started process (PID=124) to work on /home/airflow/.local/lib/python3.12/site-packages/airflow/example_dags/example_skip_dag.py
[2026-08-08T17:25:15.909+0000] {processor.py:914} INFO - Processing file /home/airflow/.local/lib/python3.12/site-packages/airflow/example_dags/example_skip_dag.py for tasks to queue
[2026-08-08T17:25:15.911+0000] {logging_mixin.py:190} INFO - [2026-08-08T17:25:15.910+0000] {dagbag.py:587} INFO - Filling up the DagBag from /home/airflow/.local/lib/python3.12/site-packages/airflow/example_dags/example_skip_dag.py
[2026-08-08T17:25:15.920+0000] {processor.py:925} INFO - DAG(s) 'example_skip_dag' retrieved from /home/airflow/.local/lib/python3.12/site-packages/airflow/example_dags/example_skip_dag.py
[2026-08-08T17:25:16.011+0000] {logging_mixin.py:190} INFO - [2026-08-08T17:25:16.011+0000] {override.py:1858} INFO - Created Permission View: can delete on DAG:example_skip_dag
[2026-08-08T17:25:16.024+0000] {logging_mixin.py:190} INFO - [2026-08-08T17:25:16.024+0000] {override.py:1858} INFO - Created Permission View: can edit on DAG:example_skip_dag
[2026-08-08T17:25:16.034+0000] {logging_mixin.py:190} INFO - [2026-08-08T17:25:16.033+0000] {override.py:1858} INFO - Created Permission View: can read on DAG:example_skip_dag
[2026-08-08T17:25:16.034+0000] {logging_mixin.py:190} INFO - [2026-08-08T17:25:16.034+0000] {dag.py:3211} INFO - Sync 1 DAGs
[2026-08-08T17:25:16.049+0000] {logging_mixin.py:190} INFO - [2026-08-08T17:25:16.049+0000] {dag.py:3234} INFO - Creating ORM DAG for example_skip_dag
[2026-08-08T17:25:16.062+0000] {logging_mixin.py:190} INFO - [2026-08-08T17:25:16.062+0000] {dag.py:4138} INFO - Setting next_dagrun for example_skip_dag to 2026-08-07 00:00:00+00:00, run_after=2026-08-08 00:00:00+00:00
[2026-08-08T17:25:16.081+0000] {processor.py:208} INFO - Processing /home/airflow/.local/lib/python3.12/site-packages/airflow/example_dags/example_skip_dag.py took 0.180 seconds
[2026-08-08T17:25:46.900+0000] {processor.py:186} INFO - Started process (PID=187) to work on /home/airflow/.local/lib/python3.12/site-packages/airflow/example_dags/example_skip_dag.py
[2026-08-08T17:25:46.901+0000] {processor.py:914} INFO - Processing file /home/airflow/.local/lib/python3.12/site-packages/airflow/example_dags/example_skip_dag.py for tasks to queue
[2026-08-08T17:25:46.903+0000] {logging_mixin.py:190} INFO - [2026-08-08T17:25:46.903+0000] {dagbag.py:587} INFO - Filling up the DagBag from /home/airflow/.local/lib/python3.12/site-packages/airflow/example_dags/example_skip_dag.py
[2026-08-08T17:25:46.910+0000] {processor.py:925} INFO - DAG(s) 'example_skip_dag' retrieved from /home/airflow/.local/lib/python3.12/site-packages/airflow/example_dags/example_skip_dag.py
[2026-08-08T17:25:46.929+0000] {logging_mixin.py:190} INFO - [2026-08-08T17:25:46.929+0000] {dag.py:3211} INFO - Sync 1 DAGs
[2026-08-08T17:25:46.947+0000] {logging_mixin.py:190} INFO - [2026-08-08T17:25:46.947+0000] {dag.py:4138} INFO - Setting next_dagrun for example_skip_dag to 2026-08-07 00:00:00+00:00, run_after=2026-08-08 00:00:00+00:00
[2026-08-08T17:25:46.966+0000] {processor.py:208} INFO - Processing /home/airflow/.local/lib/python3.12/site-packages/airflow/example_dags/example_skip_dag.py took 0.072 seconds
[2026-08-08T17:26:17.688+0000] {processor.py:186} INFO - Started process (PID=250) to work on /home/airflow/.local/lib/python3.12/site-packages/airflow/example_dags/example_skip_dag.py
[2026-08-08T17:26:17.689+0000] {processor.py:914} INFO - Processing file /home/airflow/.local/lib/python3.12/site-packages/airflow/example_dags/example_skip_dag.py for tasks to queue
[2026-08-08T17:26:17.693+0000] {logging_mixin.py:190} INFO - [2026-08-08T17:26:17.693+0000] {dagbag.py:587} INFO - Filling up the DagBag from /home/airflow/.local/lib/python3.12/site-packages/airflow/example_dags/example_skip_dag.py
[2026-08-08T17:26:17.700+0000] {processor.py:925} INFO - DAG(s) 'example_skip_dag' retrieved from /home/airflow/.local/lib/python3.12/site-packages/airflow/example_dags/example_skip_dag.py
[2026-08-08T17:26:17.721+0000] {logging_mixin.py:190} INFO - [2026-08-08T17:26:17.721+0000] {dag.py:3211} INFO - Sync 1 DAGs
[2026-08-08T17:26:17.741+0000] {logging_mixin.py:190} INFO - [2026-08-08T17:26:17.741+0000] {dag.py:4138} INFO - Setting next_dagrun for example_skip_dag to 2026-08-07 00:00:00+00:00, run_after=2026-08-08 00:00:00+00:00
[2026-08-08T17:26:17.761+0000] {processor.py:208} INFO - Processing /home/airflow/.local/lib/python3.12/site-packages/airflow/example_dags/example_skip_dag.py took 0.078 seconds
[2026-08-08T17:26:47.875+0000] {processor.py:186} INFO - Started process (PID=313) to work on /home/airflow/.local/lib/python3.12/site-packages/airflow/example_dags/example_skip_dag.py
[2026-08-08T17:26:47.876+0000] {processor.py:914} INFO - Processing file /home/airflow/.local/lib/python3.12/site-packages/airflow/example_dags/example_skip_dag.py for tasks to queue
[2026-08-08T17:26:47.879+0000] {logging_mixin.py:190} INFO - [2026-08-08T17:26:47.879+0000] {dagbag.py:587} INFO - Filling up the DagBag from /home/airflow/.local/lib/python3.12/site-packages/airflow/example_dags/example_skip_dag.py
[2026-08-08T17:26:47.888+0000] {processor.py:925} INFO - DAG(s) 'example_skip_dag' retrieved from /home/airflow/.local/lib/python3.12/site-packages/airflow/example_dags/example_skip_dag.py
[2026-08-08T17:26:47.909+0000] {logging_mixin.py:190} INFO - [2026-08-08T17:26:47.908+0000] {dag.py:3211} INFO - Sync 1 DAGs
[2026-08-08T17:26:47.929+0000] {logging_mixin.py:190} INFO - [2026-08-08T17:26:47.928+0000] {dag.py:4138} INFO - Setting next_dagrun for example_skip_dag to 2026-08-07 00:00:00+00:00, run_after=2026-08-08 00:00:00+00:00
[2026-08-08T17:26:47.948+0000] {processor.py:208} INFO - Processing /home/airflow/.local/lib/python3.12/site-packages/airflow/example_dags/example_skip_dag.py took 0.080 seconds
[2026-08-08T17:27:18.036+0000] {processor.py:186} INFO - Started process (PID=376) to work on /home/airflow/.local/lib/python3.12/site-packages/airflow/example_dags/example_skip_dag.py
[2026-08-08T17:27:18.037+0000] {processor.py:914} INFO - Processing file /home/airflow/.local/lib/python3.12/site-packages/airflow/example_dags/example_skip_dag.py for tasks to queue
[2026-08-08T17:27:18.040+0000] {logging_mixin.py:190} INFO - [2026-08-08T17:27:18.040+0000] {dagbag.py:587} INFO - Filling up the DagBag from /home/airflow/.local/lib/python3.12/site-packages/airflow/example_dags/example_skip_dag.py
[2026-08-08T17:27:18.047+0000] {processor.py:925} INFO - DAG(s) 'example_skip_dag' retrieved from /home/airflow/.local/lib/python3.12/site-packages/airflow/example_dags/example_skip_dag.py
[2026-08-08T17:27:18.067+0000] {logging_mixin.py:190} INFO - [2026-08-08T17:27:18.067+0000] {dag.py:3211} INFO - Sync 1 DAGs
[2026-08-08T17:27:18.086+0000] {logging_mixin.py:190} INFO - [2026-08-08T17:27:18.086+0000] {dag.py:4138} INFO - Setting next_dagrun for example_skip_dag to 2026-08-07 00:00:00+00:00, run_after=2026-08-08 00:00:00+00:00
[2026-08-08T17:27:18.103+0000] {processor.py:208} INFO - Processing /home/airflow/.local/lib/python3.12/site-packages/airflow/example_dags/example_skip_dag.py took 0.071 seconds
[2026-08-08T17:27:48.571+0000] {processor.py:186} INFO - Started process (PID=439) to work on /home/airflow/.local/lib/python3.12/site-packages/airflow/example_dags/example_skip_dag.py
[2026-08-08T17:27:48.573+0000] {processor.py:914} INFO - Processing file /home/airflow/.local/lib/python3.12/site-packages/airflow/example_dags/example_skip_dag.py for tasks to queue
[2026-08-08T17:27:48.575+0000] {logging_mixin.py:190} INFO - [2026-08-08T17:27:48.575+0000] {dagbag.py:587} INFO - Filling up the DagBag from /home/airflow/.local/lib/python3.12/site-packages/airflow/example_dags/example_skip_dag.py
[2026-08-08T17:27:48.581+0000] {processor.py:925} INFO - DAG(s) 'example_skip_dag' retrieved from /home/airflow/.local/lib/python3.12/site-packages/airflow/example_dags/example_skip_dag.py
[2026-08-08T17:27:48.600+0000] {logging_mixin.py:190} INFO - [2026-08-08T17:27:48.600+0000] {dag.py:3211} INFO - Sync 1 DAGs
[2026-08-08T17:27:48.618+0000] {logging_mixin.py:190} INFO - [2026-08-08T17:27:48.618+0000] {dag.py:4138} INFO - Setting next_dagrun for example_skip_dag to 2026-08-07 00:00:00+00:00, run_after=2026-08-08 00:00:00+00:00
[2026-08-08T17:27:48.635+0000] {processor.py:208} INFO - Processing /home/airflow/.local/lib/python3.12/site-packages/airflow/example_dags/example_skip_dag.py took 0.070 seconds
[2026-08-08T17:28:19.264+0000] {processor.py:186} INFO - Started process (PID=502) to work on /home/airflow/.local/lib/python3.12/site-packages/airflow/example_dags/example_skip_dag.py
[2026-08-08T17:28:19.267+0000] {processor.py:914} INFO - Processing file /home/airflow/.local/lib/python3.12/site-packages/airflow/example_dags/example_skip_dag.py for tasks to queue
[2026-08-08T17:28:19.274+0000] {logging_mixin.py:190} INFO - [2026-08-08T17:28:19.273+0000] {dagbag.py:587} INFO - Filling up the DagBag from /home/airflow/.local/lib/python3.12/site-packages/airflow/example_dags/example_skip_dag.py
[2026-08-08T17:28:19.292+0000] {processor.py:925} INFO - DAG(s) 'example_skip_dag' retrieved from /home/airflow/.local/lib/python3.12/site-packages/airflow/example_dags/example_skip_dag.py
[2026-08-08T17:28:19.453+0000] {logging_mixin.py:190} INFO - [2026-08-08T17:28:19.452+0000] {dag.py:3211} INFO - Sync 1 DAGs
[2026-08-08T17:28:19.510+0000] {logging_mixin.py:190} INFO - [2026-08-08T17:28:19.510+0000] {dag.py:4138} INFO - Setting next_dagrun for example_skip_dag to 2026-08-07 00:00:00+00:00, run_after=2026-08-08 00:00:00+00:00
[2026-08-08T17:28:19.552+0000] {processor.py:208} INFO - Processing /home/airflow/.local/lib/python3.12/site-packages/airflow/example_dags/example_skip_dag.py took 0.306 seconds
[2026-08-08T17:28:50.351+0000] {processor.py:186} INFO - Started process (PID=565) to work on /home/airflow/.local/lib/python3.12/site-packages/airflow/example_dags/example_skip_dag.py
[2026-08-08T17:28:50.353+0000] {processor.py:914} INFO - Processing file /home/airflow/.local/lib/python3.12/site-packages/airflow/example_dags/example_skip_dag.py for tasks to queue
[2026-08-08T17:28:50.355+0000] {logging_mixin.py:190} INFO - [2026-08-08T17:28:50.355+0000] {dagbag.py:587} INFO - Filling up the DagBag from /home/airflow/.local/lib/python3.12/site-packages/airflow/example_dags/example_skip_dag.py
[2026-08-08T17:28:50.365+0000] {processor.py:925} INFO - DAG(s) 'example_skip_dag' retrieved from /home/airflow/.local/lib/python3.12/site-packages/airflow/example_dags/example_skip_dag.py
[2026-08-08T17:28:50.390+0000] {logging_mixin.py:190} INFO - [2026-08-08T17:28:50.389+0000] {dag.py:3211} INFO - Sync 1 DAGs
[2026-08-08T17:28:50.411+0000] {logging_mixin.py:190} INFO - [2026-08-08T17:28:50.411+0000] {dag.py:4138} INFO - Setting next_dagrun for example_skip_dag to 2026-08-07 00:00:00+00:00, run_after=2026-08-08 00:00:00+00:00
[2026-08-08T17:28:50.442+0000] {processor.py:208} INFO - Processing /home/airflow/.local/lib/python3.12/site-packages/airflow/example_dags/example_skip_dag.py took 0.096 seconds
[2026-08-08T17:29:20.550+0000] {processor.py:186} INFO - Started process (PID=628) to work on /home/airflow/.local/lib/python3.12/site-packages/airflow/example_dags/example_skip_dag.py
[2026-08-08T17:29:20.551+0000] {processor.py:914} INFO - Processing file /home/airflow/.local/lib/python3.12/site-packages/airflow/example_dags/example_skip_dag.py for tasks to queue
[2026-08-08T17:29:20.554+0000] {logging_mixin.py:190} INFO - [2026-08-08T17:29:20.554+0000] {dagbag.py:587} INFO - Filling up the DagBag from /home/airflow/.local/lib/python3.12/site-packages/airflow/example_dags/example_skip_dag.py
[2026-08-08T17:29:20.564+0000] {processor.py:925} INFO - DAG(s) 'example_skip_dag' retrieved from /home/airflow/.local/lib/python3.12/site-packages/airflow/example_dags/example_skip_dag.py
[2026-08-08T17:29:20.588+0000] {logging_mixin.py:190} INFO - [2026-08-08T17:29:20.588+0000] {dag.py:3211} INFO - Sync 1 DAGs
[2026-08-08T17:29:20.612+0000] {logging_mixin.py:190} INFO - [2026-08-08T17:29:20.612+0000] {dag.py:4138} INFO - Setting next_dagrun for example_skip_dag to 2026-08-07 00:00:00+00:00, run_after=2026-08-08 00:00:00+00:00
[2026-08-08T17:29:20.630+0000] {processor.py:208} INFO - Processing /home/airflow/.local/lib/python3.12/site-packages/airflow/example_dags/example_skip_dag.py took 0.087 seconds
[2026-08-08T17:29:51.456+0000] {processor.py:186} INFO - Started process (PID=691) to work on /home/airflow/.local/lib/python3.12/site-packages/airflow/example_dags/example_skip_dag.py
[2026-08-08T17:29:51.458+0000] {processor.py:914} INFO - Processing file /home/airflow/.local/lib/python3.12/site-packages/airflow/example_dags/example_skip_dag.py for tasks to queue
[2026-08-08T17:29:51.463+0000] {logging_mixin.py:190} INFO - [2026-08-08T17:29:51.462+0000] {dagbag.py:587} INFO - Filling up the DagBag from /home/airflow/.local/lib/python3.12/site-packages/airflow/example_dags/example_skip_dag.py
[2026-08-08T17:29:51.472+0000] {processor.py:925} INFO - DAG(s) 'example_skip_dag' retrieved from /home/airflow/.local/lib/python3.12/site-packages/airflow/example_dags/example_skip_dag.py
[2026-08-08T17:29:51.496+0000] {logging_mixin.py:190} INFO - [2026-08-08T17:29:51.496+0000] {dag.py:3211} INFO - Sync 1 DAGs
[2026-08-08T17:29:51.520+0000] {logging_mixin.py:190} INFO - [2026-08-08T17:29:51.520+0000] {dag.py:4138} INFO - Setting next_dagrun for example_skip_dag to 2026-08-07 00:00:00+00:00, run_after=2026-08-08 00:00:00+00:00
[2026-08-08T17:29:51.540+0000] {processor.py:208} INFO - Processing /home/airflow/.local/lib/python3.12/site-packages/airflow/example_dags/example_skip_dag.py took 0.090 seconds
[2026-08-08T17:30:22.340+0000] {processor.py:186} INFO - Started process (PID=754) to work on /home/airflow/.local/lib/python3.12/site-packages/airflow/example_dags/example_skip_dag.py
[2026-08-08T17:30:22.342+0000] {processor.py:914} INFO - Processing file /home/airflow/.local/lib/python3.12/site-packages/airflow/example_dags/example_skip_dag.py for tasks to queue
[2026-08-08T17:30:22.346+0000] {logging_mixin.py:190} INFO - [2026-08-08T17:30:22.345+0000] {dagbag.py:587} INFO - Filling up the DagBag from /home/airflow/.local/lib/python3.12/site-packages/airflow/example_dags/example_skip_dag.py
[2026-08-08T17:30:22.357+0000] {processor.py:925} INFO - DAG(s) 'example_skip_dag' retrieved from /home/airflow/.local/lib/python3.12/site-packages/airflow/example_dags/example_skip_dag.py
[2026-08-08T17:30:22.388+0000] {logging_mixin.py:190} INFO - [2026-08-08T17:30:22.387+0000] {dag.py:3211} INFO - Sync 1 DAGs
[2026-08-08T17:30:22.420+0000] {logging_mixin.py:190} INFO - [2026-08-08T17:30:22.420+0000] {dag.py:4138} INFO - Setting next_dagrun for example_skip_dag to 2026-08-07 00:00:00+00:00, run_after=2026-08-08 00:00:00+00:00
[2026-08-08T17:30:22.450+0000] {processor.py:208} INFO - Processing /home/airflow/.local/lib/python3.12/site-packages/airflow/example_dags/example_skip_dag.py took 0.120 seconds
[2026-08-08T17:30:52.617+0000] {processor.py:186} INFO - Started process (PID=818) to work on /home/airflow/.local/lib/python3.12/site-packages/airflow/example_dags/example_skip_dag.py
[2026-08-08T17:30:52.618+0000] {processor.py:914} INFO - Processing file /home/airflow/.local/lib/python3.12/site-packages/airflow/example_dags/example_skip_dag.py for tasks to queue
[2026-08-08T17:30:52.620+0000] {logging_mixin.py:190} INFO - [2026-08-08T17:30:52.620+0000] {dagbag.py:587} INFO - Filling up the DagBag from /home/airflow/.local/lib/python3.12/site-packages/airflow/example_dags/example_skip_dag.py
[2026-08-08T17:30:52.627+0000] {processor.py:925} INFO - DAG(s) 'example_skip_dag' retrieved from /home/airflow/.local/lib/python3.12/site-packages/airflow/example_dags/example_skip_dag.py
[2026-08-08T17:30:52.643+0000] {logging_mixin.py:190} INFO - [2026-08-08T17:30:52.643+0000] {dag.py:3211} INFO - Sync 1 DAGs
[2026-08-08T17:30:52.658+0000] {logging_mixin.py:190} INFO - [2026-08-08T17:30:52.658+0000] {dag.py:4138} INFO - Setting next_dagrun for example_skip_dag to 2026-08-07 00:00:00+00:00, run_after=2026-08-08 00:00:00+00:00
[2026-08-08T17:30:52.675+0000] {processor.py:208} INFO - Processing /home/airflow/.local/lib/python3.12/site-packages/airflow/example_dags/example_skip_dag.py took 0.062 seconds
[2026-08-08T17:31:23.323+0000] {processor.py:186} INFO - Started process (PID=880) to work on /home/airflow/.local/lib/python3.12/site-packages/airflow/example_dags/example_skip_dag.py
[2026-08-08T17:31:23.325+0000] {processor.py:914} INFO - Processing file /home/airflow/.local/lib/python3.12/site-packages/airflow/example_dags/example_skip_dag.py for tasks to queue
[2026-08-08T17:31:23.330+0000] {logging_mixin.py:190} INFO - [2026-08-08T17:31:23.329+0000] {dagbag.py:587} INFO - Filling up the DagBag from /home/airflow/.local/lib/python3.12/site-packages/airflow/example_dags/example_skip_dag.py
[2026-08-08T17:31:23.341+0000] {processor.py:925} INFO - DAG(s) 'example_skip_dag' retrieved from /home/airflow/.local/lib/python3.12/site-packages/airflow/example_dags/example_skip_dag.py
[2026-08-08T17:31:23.374+0000] {logging_mixin.py:190} INFO - [2026-08-08T17:31:23.373+0000] {dag.py:3211} INFO - Sync 1 DAGs
[2026-08-08T17:31:23.403+0000] {logging_mixin.py:190} INFO - [2026-08-08T17:31:23.403+0000] {dag.py:4138} INFO - Setting next_dagrun for example_skip_dag to 2026-08-07 00:00:00+00:00, run_after=2026-08-08 00:00:00+00:00
[2026-08-08T17:31:23.431+0000] {processor.py:208} INFO - Processing /home/airflow/.local/lib/python3.12/site-packages/airflow/example_dags/example_skip_dag.py took 0.114 seconds
[2026-08-08T17:31:54.095+0000] {processor.py:186} INFO - Started process (PID=943) to work on /home/airflow/.local/lib/python3.12/site-packages/airflow/example_dags/example_skip_dag.py
[2026-08-08T17:31:54.096+0000] {processor.py:914} INFO - Processing file /home/airflow/.local/lib/python3.12/site-packages/airflow/example_dags/example_skip_dag.py for tasks to queue
[2026-08-08T17:31:54.099+0000] {logging_mixin.py:190} INFO - [2026-08-08T17:31:54.099+0000] {dagbag.py:587} INFO - Filling up the DagBag from /home/airflow/.local/lib/python3.12/site-packages/airflow/example_dags/example_skip_dag.py
[2026-08-08T17:31:54.107+0000] {processor.py:925} INFO - DAG(s) 'example_skip_dag' retrieved from /home/airflow/.local/lib/python3.12/site-packages/airflow/example_dags/example_skip_dag.py
[2026-08-08T17:31:54.126+0000] {logging_mixin.py:190} INFO - [2026-08-08T17:31:54.126+0000] {dag.py:3211} INFO - Sync 1 DAGs
[2026-08-08T17:31:54.146+0000] {logging_mixin.py:190} INFO - [2026-08-08T17:31:54.145+0000] {dag.py:4138} INFO - Setting next_dagrun for example_skip_dag to 2026-08-07 00:00:00+00:00, run_after=2026-08-08 00:00:00+00:00
[2026-08-08T17:31:54.162+0000] {processor.py:208} INFO - Processing /home/airflow/.local/lib/python3.12/site-packages/airflow/example_dags/example_skip_dag.py took 0.072 seconds
[2026-08-08T17:32:24.387+0000] {processor.py:186} INFO - Started process (PID=1006) to work on /home/airflow/.local/lib/python3.12/site-packages/airflow/example_dags/example_skip_dag.py
[2026-08-08T17:32:24.389+0000] {processor.py:914} INFO - Processing file /home/airflow/.local/lib/python3.12/site-packages/airflow/example_dags/example_skip_dag.py for tasks to queue
[2026-08-08T17:32:24.391+0000] {logging_mixin.py:190} INFO - [2026-08-08T17:32:24.391+0000] {dagbag.py:587} INFO - Filling up the DagBag from /home/airflow/.local/lib/python3.12/site-packages/airflow/example_dags/example_skip_dag.py
[2026-08-08T17:32:24.399+0000] {processor.py:925} INFO - DAG(s) 'example_skip_dag' retrieved from /home/airflow/.local/lib/python3.12/site-packages/airflow/example_dags/example_skip_dag.py
[2026-08-08T17:32:24.422+0000] {logging_mixin.py:190} INFO - [2026-08-08T17:32:24.422+0000] {dag.py:3211} INFO - Sync 1 DAGs
[2026-08-08T17:32:24.445+0000] {logging_mixin.py:190} INFO - [2026-08-08T17:32:24.445+0000] {dag.py:4138} INFO - Setting next_dagrun for example_skip_dag to 2026-08-07 00:00:00+00:00, run_after=2026-08-08 00:00:00+00:00
[2026-08-08T17:32:24.464+0000] {processor.py:208} INFO - Processing /home/airflow/.local/lib/python3.12/site-packages/airflow/example_dags/example_skip_dag.py took 0.082 seconds
[2026-08-08T17:32:54.814+0000] {processor.py:186} INFO - Started process (PID=1070) to work on /home/airflow/.local/lib/python3.12/site-packages/airflow/example_dags/example_skip_dag.py
[2026-08-08T17:32:54.816+0000] {processor.py:914} INFO - Processing file /home/airflow/.local/lib/python3.12/site-packages/airflow/example_dags/example_skip_dag.py for tasks to queue
[2026-08-08T17:32:54.819+0000] {logging_mixin.py:190} INFO - [2026-08-08T17:32:54.819+0000] {dagbag.py:587} INFO - Filling up the DagBag from /home/airflow/.local/lib/python3.12/site-packages/airflow/example_dags/example_skip_dag.py
[2026-08-08T17:32:54.828+0000] {processor.py:925} INFO - DAG(s) 'example_skip_dag' retrieved from /home/airflow/.local/lib/python3.12/site-packages/airflow/example_dags/example_skip_dag.py
[2026-08-08T17:32:54.857+0000] {logging_mixin.py:190} INFO - [2026-08-08T17:32:54.857+0000] {dag.py:3211} INFO - Sync 1 DAGs
[2026-08-08T17:32:54.888+0000] {logging_mixin.py:190} INFO - [2026-08-08T17:32:54.888+0000] {dag.py:4138} INFO - Setting next_dagrun for example_skip_dag to 2026-08-07 00:00:00+00:00, run_after=2026-08-08 00:00:00+00:00
[2026-08-08T17:32:54.918+0000] {processor.py:208} INFO - Processing /home/airflow/.local/lib/python3.12/site-packages/airflow/example_dags/example_skip_dag.py took 0.111 seconds
[2026-08-08T17:33:25.458+0000] {processor.py:186} INFO - Started process (PID=1133) to work on /home/airflow/.local/lib/python3.12/site-packages/airflow/example_dags/example_skip_dag.py
[2026-08-08T17:33:25.459+0000] {processor.py:914} INFO - Processing file /home/airflow/.local/lib/python3.12/site-packages/airflow/example_dags/example_skip_dag.py for tasks to queue
[2026-08-08T17:33:25.464+0000] {logging_mixin.py:190} INFO - [2026-08-08T17:33:25.463+0000] {dagbag.py:587} INFO - Filling up the DagBag from /home/airflow/.local/lib/python3.12/site-packages/airflow/example_dags/example_skip_dag.py
[2026-08-08T17:33:25.476+0000] {processor.py:925} INFO - DAG(s) 'example_skip_dag' retrieved from /home/airflow/.local/lib/python3.12/site-packages/airflow/example_dags/example_skip_dag.py
[2026-08-08T17:33:25.508+0000] {logging_mixin.py:190} INFO - [2026-08-08T17:33:25.508+0000] {dag.py:3211} INFO - Sync 1 DAGs
[2026-08-08T17:33:25.538+0000] {logging_mixin.py:190} INFO - [2026-08-08T17:33:25.537+0000] {dag.py:4138} INFO - Setting next_dagrun for example_skip_dag to 2026-08-07 00:00:00+00:00, run_after=2026-08-08 00:00:00+00:00
[2026-08-08T17:33:25.561+0000] {processor.py:208} INFO - Processing /home/airflow/.local/lib/python3.12/site-packages/airflow/example_dags/example_skip_dag.py took 0.109 seconds
[2026-08-08T17:33:55.776+0000] {processor.py:186} INFO - Started process (PID=1196) to work on /home/airflow/.local/lib/python3.12/site-packages/airflow/example_dags/example_skip_dag.py
[2026-08-08T17:33:55.778+0000] {processor.py:914} INFO - Processing file /home/airflow/.local/lib/python3.12/site-packages/airflow/example_dags/example_skip_dag.py for tasks to queue
[2026-08-08T17:33:55.781+0000] {logging_mixin.py:190} INFO - [2026-08-08T17:33:55.781+0000] {dagbag.py:587} INFO - Filling up the DagBag from /home/airflow/.local/lib/python3.12/site-packages/airflow/example_dags/example_skip_dag.py
[2026-08-08T17:33:55.789+0000] {processor.py:925} INFO - DAG(s) 'example_skip_dag' retrieved from /home/airflow/.local/lib/python3.12/site-packages/airflow/example_dags/example_skip_dag.py
[2026-08-08T17:33:55.808+0000] {logging_mixin.py:190} INFO - [2026-08-08T17:33:55.808+0000] {dag.py:3211} INFO - Sync 1 DAGs
[2026-08-08T17:33:55.831+0000] {logging_mixin.py:190} INFO - [2026-08-08T17:33:55.830+0000] {dag.py:4138} INFO - Setting next_dagrun for example_skip_dag to 2026-08-07 00:00:00+00:00, run_after=2026-08-08 00:00:00+00:00
[2026-08-08T17:33:55.850+0000] {processor.py:208} INFO - Processing /home/airflow/.local/lib/python3.12/site-packages/airflow/example_dags/example_skip_dag.py took 0.080 seconds
[2026-08-08T17:34:26.012+0000] {processor.py:186} INFO - Started process (PID=1259) to work on /home/airflow/.local/lib/python3.12/site-packages/airflow/example_dags/example_skip_dag.py
[2026-08-08T17:34:26.013+0000] {processor.py:914} INFO - Processing file /home/airflow/.local/lib/python3.12/site-packages/airflow/example_dags/example_skip_dag.py for tasks to queue
[2026-08-08T17:34:26.016+0000] {logging_mixin.py:190} INFO - [2026-08-08T17:34:26.016+0000] {dagbag.py:587} INFO - Filling up the DagBag from /home/airflow/.local/lib/python3.12/site-packages/airflow/example_dags/example_skip_dag.py
[2026-08-08T17:34:26.023+0000] {processor.py:925} INFO - DAG(s) 'example_skip_dag' retrieved from /home/airflow/.local/lib/python3.12/site-packages/airflow/example_dags/example_skip_dag.py
[2026-08-08T17:34:26.042+0000] {logging_mixin.py:190} INFO - [2026-08-08T17:34:26.042+0000] {dag.py:3211} INFO - Sync 1 DAGs
[2026-08-08T17:34:26.065+0000] {logging_mixin.py:190} INFO - [2026-08-08T17:34:26.065+0000] {dag.py:4138} INFO - Setting next_dagrun for example_skip_dag to 2026-08-07 00:00:00+00:00, run_after=2026-08-08 00:00:00+00:00
[2026-08-08T17:34:26.083+0000] {processor.py:208} INFO - Processing /home/airflow/.local/lib/python3.12/site-packages/airflow/example_dags/example_skip_dag.py took 0.077 seconds
[2026-08-08T17:34:56.633+0000] {processor.py:186} INFO - Started process (PID=1322) to work on /home/airflow/.local/lib/python3.12/site-packages/airflow/example_dags/example_skip_dag.py
[2026-08-08T17:34:56.634+0000] {processor.py:914} INFO - Processing file /home/airflow/.local/lib/python3.12/site-packages/airflow/example_dags/example_skip_dag.py for tasks to queue
[2026-08-08T17:34:56.637+0000] {logging_mixin.py:190} INFO - [2026-08-08T17:34:56.636+0000] {dagbag.py:587} INFO - Filling up the DagBag from /home/airflow/.local/lib/python3.12/site-packages/airflow/example_dags/example_skip_dag.py
[2026-08-08T17:34:56.645+0000] {processor.py:925} INFO - DAG(s) 'example_skip_dag' retrieved from /home/airflow/.local/lib/python3.12/site-packages/airflow/example_dags/example_skip_dag.py
[2026-08-08T17:34:56.663+0000] {logging_mixin.py:190} INFO - [2026-08-08T17:34:56.662+0000] {dag.py:3211} INFO - Sync 1 DAGs
[2026-08-08T17:34:56.681+0000] {logging_mixin.py:190} INFO - [2026-08-08T17:34:56.681+0000] {dag.py:4138} INFO - Setting next_dagrun for example_skip_dag to 2026-08-07 00:00:00+00:00, run_after=2026-08-08 00:00:00+00:00
[2026-08-08T17:34:56.696+0000] {processor.py:208} INFO - Processing /home/airflow/.local/lib/python3.12/site-packages/airflow/example_dags/example_skip_dag.py took 0.069 seconds
[2026-08-08T17:35:27.337+0000] {processor.py:186} INFO - Started process (PID=1385) to work on /home/airflow/.local/lib/python3.12/site-packages/airflow/example_dags/example_skip_dag.py
[2026-08-08T17:35:27.339+0000] {processor.py:914} INFO - Processing file /home/airflow/.local/lib/python3.12/site-packages/airflow/example_dags/example_skip_dag.py for tasks to queue
[2026-08-08T17:35:27.341+0000] {logging_mixin.py:190} INFO - [2026-08-08T17:35:27.341+0000] {dagbag.py:587} INFO - Filling up the DagBag from /home/airflow/.local/lib/python3.12/site-packages/airflow/example_dags/example_skip_dag.py
[2026-08-08T17:35:27.349+0000] {processor.py:925} INFO - DAG(s) 'example_skip_dag' retrieved from /home/airflow/.local/lib/python3.12/site-packages/airflow/example_dags/example_skip_dag.py
[2026-08-08T17:35:27.368+0000] {logging_mixin.py:190} INFO - [2026-08-08T17:35:27.367+0000] {dag.py:3211} INFO - Sync 1 DAGs
[2026-08-08T17:35:27.388+0000] {logging_mixin.py:190} INFO - [2026-08-08T17:35:27.387+0000] {dag.py:4138} INFO - Setting next_dagrun for example_skip_dag to 2026-08-07 00:00:00+00:00, run_after=2026-08-08 00:00:00+00:00
[2026-08-08T17:35:27.405+0000] {processor.py:208} INFO - Processing /home/airflow/.local/lib/python3.12/site-packages/airflow/example_dags/example_skip_dag.py took 0.074 seconds
[2026-08-08T17:35:57.762+0000] {processor.py:186} INFO - Started process (PID=1448) to work on /home/airflow/.local/lib/python3.12/site-packages/airflow/example_dags/example_skip_dag.py
[2026-08-08T17:35:57.764+0000] {processor.py:914} INFO - Processing file /home/airflow/.local/lib/python3.12/site-packages/airflow/example_dags/example_skip_dag.py for tasks to queue
[2026-08-08T17:35:57.766+0000] {logging_mixin.py:190} INFO - [2026-08-08T17:35:57.766+0000] {dagbag.py:587} INFO - Filling up the DagBag from /home/airflow/.local/lib/python3.12/site-packages/airflow/example_dags/example_skip_dag.py
[2026-08-08T17:35:57.778+0000] {processor.py:925} INFO - DAG(s) 'example_skip_dag' retrieved from /home/airflow/.local/lib/python3.12/site-packages/airflow/example_dags/example_skip_dag.py
[2026-08-08T17:35:57.799+0000] {logging_mixin.py:190} INFO - [2026-08-08T17:35:57.799+0000] {dag.py:3211} INFO - Sync 1 DAGs
[2026-08-08T17:35:57.819+0000] {logging_mixin.py:190} INFO - [2026-08-08T17:35:57.819+0000] {dag.py:4138} INFO - Setting next_dagrun for example_skip_dag to 2026-08-07 00:00:00+00:00, run_after=2026-08-08 00:00:00+00:00
[2026-08-08T17:35:57.840+0000] {processor.py:208} INFO - Processing /home/airflow/.local/lib/python3.12/site-packages/airflow/example_dags/example_skip_dag.py took 0.084 seconds
[2026-08-08T17:36:28.076+0000] {processor.py:186} INFO - Started process (PID=1511) to work on /home/airflow/.local/lib/python3.12/site-packages/airflow/example_dags/example_skip_dag.py
[2026-08-08T17:36:28.077+0000] {processor.py:914} INFO - Processing file /home/airflow/.local/lib/python3.12/site-packages/airflow/example_dags/example_skip_dag.py for tasks to queue
[2026-08-08T17:36:28.081+0000] {logging_mixin.py:190} INFO - [2026-08-08T17:36:28.080+0000] {dagbag.py:587} INFO - Filling up the DagBag from /home/airflow/.local/lib/python3.12/site-packages/airflow/example_dags/example_skip_dag.py
[2026-08-08T17:36:28.088+0000] {processor.py:925} INFO - DAG(s) 'example_skip_dag' retrieved from /home/airflow/.local/lib/python3.12/site-packages/airflow/example_dags/example_skip_dag.py
[2026-08-08T17:36:28.112+0000] {logging_mixin.py:190} INFO - [2026-08-08T17:36:28.112+0000] {dag.py:3211} INFO - Sync 1 DAGs
[2026-08-08T17:36:28.142+0000] {logging_mixin.py:190} INFO - [2026-08-08T17:36:28.142+0000] {dag.py:4138} INFO - Setting next_dagrun for example_skip_dag to 2026-08-07 00:00:00+00:00, run_after=2026-08-08 00:00:00+00:00
[2026-08-08T17:36:28.165+0000] {processor.py:208} INFO - Processing /home/airflow/.local/lib/python3.12/site-packages/airflow/example_dags/example_skip_dag.py took 0.096 seconds
[2026-08-08T17:38:18.128+0000] {processor.py:186} INFO - Started process (PID=112) to work on /home/airflow/.local/lib/python3.12/site-packages/airflow/example_dags/example_skip_dag.py
[2026-08-08T17:38:18.129+0000] {processor.py:914} INFO - Processing file /home/airflow/.local/lib/python3.12/site-packages/airflow/example_dags/example_skip_dag.py for tasks to queue
[2026-08-08T17:38:18.132+0000] {logging_mixin.py:190} INFO - [2026-08-08T17:38:18.132+0000] {dagbag.py:587} INFO - Filling up the DagBag from /home/airflow/.local/lib/python3.12/site-packages/airflow/example_dags/example_skip_dag.py
[2026-08-08T17:38:18.139+0000] {processor.py:925} INFO - DAG(s) 'example_skip_dag' retrieved from /home/airflow/.local/lib/python3.12/site-packages/airflow/example_dags/example_skip_dag.py
[2026-08-08T17:38:18.160+0000] {logging_mixin.py:190} INFO - [2026-08-08T17:38:18.160+0000] {dag.py:3211} INFO - Sync 1 DAGs
[2026-08-08T17:38:18.177+0000] {logging_mixin.py:190} INFO - [2026-08-08T17:38:18.177+0000] {dag.py:4138} INFO - Setting next_dagrun for example_skip_dag to 2026-08-07 00:00:00+00:00, run_after=2026-08-08 00:00:00+00:00
[2026-08-08T17:38:18.195+0000] {processor.py:208} INFO - Processing /home/airflow/.local/lib/python3.12/site-packages/airflow/example_dags/example_skip_dag.py took 0.074 seconds
[2026-08-08T17:38:49.414+0000] {processor.py:186} INFO - Started process (PID=175) to work on /home/airflow/.local/lib/python3.12/site-packages/airflow/example_dags/example_skip_dag.py
[2026-08-08T17:38:49.415+0000] {processor.py:914} INFO - Processing file /home/airflow/.local/lib/python3.12/site-packages/airflow/example_dags/example_skip_dag.py for tasks to queue
[2026-08-08T17:38:49.418+0000] {logging_mixin.py:190} INFO - [2026-08-08T17:38:49.418+0000] {dagbag.py:587} INFO - Filling up the DagBag from /home/airflow/.local/lib/python3.12/site-packages/airflow/example_dags/example_skip_dag.py
[2026-08-08T17:38:49.429+0000] {processor.py:925} INFO - DAG(s) 'example_skip_dag' retrieved from /home/airflow/.local/lib/python3.12/site-packages/airflow/example_dags/example_skip_dag.py
[2026-08-08T17:38:49.454+0000] {logging_mixin.py:190} INFO - [2026-08-08T17:38:49.454+0000] {dag.py:3211} INFO - Sync 1 DAGs
[2026-08-08T17:38:49.478+0000] {logging_mixin.py:190} INFO - [2026-08-08T17:38:49.477+0000] {dag.py:4138} INFO - Setting next_dagrun for example_skip_dag to 2026-08-07 00:00:00+00:00, run_after=2026-08-08 00:00:00+00:00
[2026-08-08T17:38:49.500+0000] {processor.py:208} INFO - Processing /home/airflow/.local/lib/python3.12/site-packages/airflow/example_dags/example_skip_dag.py took 0.094 seconds
[2026-08-08T17:39:20.321+0000] {processor.py:186} INFO - Started process (PID=238) to work on /home/airflow/.local/lib/python3.12/site-packages/airflow/example_dags/example_skip_dag.py
[2026-08-08T17:39:20.323+0000] {processor.py:914} INFO - Processing file /home/airflow/.local/lib/python3.12/site-packages/airflow/example_dags/example_skip_dag.py for tasks to queue
[2026-08-08T17:39:20.327+0000] {logging_mixin.py:190} INFO - [2026-08-08T17:39:20.326+0000] {dagbag.py:587} INFO - Filling up the DagBag from /home/airflow/.local/lib/python3.12/site-packages/airflow/example_dags/example_skip_dag.py
[2026-08-08T17:39:20.338+0000] {processor.py:925} INFO - DAG(s) 'example_skip_dag' retrieved from /home/airflow/.local/lib/python3.12/site-packages/airflow/example_dags/example_skip_dag.py
[2026-08-08T17:39:20.365+0000] {logging_mixin.py:190} INFO - [2026-08-08T17:39:20.365+0000] {dag.py:3211} INFO - Sync 1 DAGs
[2026-08-08T17:39:20.394+0000] {logging_mixin.py:190} INFO - [2026-08-08T17:39:20.393+0000] {dag.py:4138} INFO - Setting next_dagrun for example_skip_dag to 2026-08-07 00:00:00+00:00, run_after=2026-08-08 00:00:00+00:00
[2026-08-08T17:39:20.420+0000] {processor.py:208} INFO - Processing /home/airflow/.local/lib/python3.12/site-packages/airflow/example_dags/example_skip_dag.py took 0.106 seconds
[2026-08-08T17:39:50.789+0000] {processor.py:186} INFO - Started process (PID=301) to work on /home/airflow/.local/lib/python3.12/site-packages/airflow/example_dags/example_skip_dag.py
[2026-08-08T17:39:50.791+0000] {processor.py:914} INFO - Processing file /home/airflow/.local/lib/python3.12/site-packages/airflow/example_dags/example_skip_dag.py for tasks to queue
[2026-08-08T17:39:50.793+0000] {logging_mixin.py:190} INFO - [2026-08-08T17:39:50.793+0000] {dagbag.py:587} INFO - Filling up the DagBag from /home/airflow/.local/lib/python3.12/site-packages/airflow/example_dags/example_skip_dag.py
[2026-08-08T17:39:50.800+0000] {processor.py:925} INFO - DAG(s) 'example_skip_dag' retrieved from /home/airflow/.local/lib/python3.12/site-packages/airflow/example_dags/example_skip_dag.py
[2026-08-08T17:39:50.820+0000] {logging_mixin.py:190} INFO - [2026-08-08T17:39:50.820+0000] {dag.py:3211} INFO - Sync 1 DAGs
[2026-08-08T17:39:50.840+0000] {logging_mixin.py:190} INFO - [2026-08-08T17:39:50.840+0000] {dag.py:4138} INFO - Setting next_dagrun for example_skip_dag to 2026-08-07 00:00:00+00:00, run_after=2026-08-08 00:00:00+00:00
[2026-08-08T17:39:50.862+0000] {processor.py:208} INFO - Processing /home/airflow/.local/lib/python3.12/site-packages/airflow/example_dags/example_skip_dag.py took 0.077 seconds
[2026-08-08T17:42:42.816+0000] {processor.py:186} INFO - Started process (PID=124) to work on /home/airflow/.local/lib/python3.12/site-packages/airflow/example_dags/example_skip_dag.py
[2026-08-08T17:42:42.818+0000] {processor.py:914} INFO - Processing file /home/airflow/.local/lib/python3.12/site-packages/airflow/example_dags/example_skip_dag.py for tasks to queue
[2026-08-08T17:42:42.824+0000] {logging_mixin.py:190} INFO - [2026-08-08T17:42:42.823+0000] {dagbag.py:587} INFO - Filling up the DagBag from /home/airflow/.local/lib/python3.12/site-packages/airflow/example_dags/example_skip_dag.py
[2026-08-08T17:42:42.856+0000] {processor.py:925} INFO - DAG(s) 'example_skip_dag' retrieved from /home/airflow/.local/lib/python3.12/site-packages/airflow/example_dags/example_skip_dag.py
[2026-08-08T17:42:42.910+0000] {logging_mixin.py:190} INFO - [2026-08-08T17:42:42.910+0000] {dag.py:3211} INFO - Sync 1 DAGs
[2026-08-08T17:42:42.959+0000] {logging_mixin.py:190} INFO - [2026-08-08T17:42:42.959+0000] {dag.py:4138} INFO - Setting next_dagrun for example_skip_dag to 2026-08-07 00:00:00+00:00, run_after=2026-08-08 00:00:00+00:00
[2026-08-08T17:42:42.998+0000] {processor.py:208} INFO - Processing /home/airflow/.local/lib/python3.12/site-packages/airflow/example_dags/example_skip_dag.py took 0.217 seconds
[2026-08-08T17:43:13.236+0000] {processor.py:186} INFO - Started process (PID=187) to work on /home/airflow/.local/lib/python3.12/site-packages/airflow/example_dags/example_skip_dag.py
[2026-08-08T17:43:13.238+0000] {processor.py:914} INFO - Processing file /home/airflow/.local/lib/python3.12/site-packages/airflow/example_dags/example_skip_dag.py for tasks to queue
[2026-08-08T17:43:13.241+0000] {logging_mixin.py:190} INFO - [2026-08-08T17:43:13.241+0000] {dagbag.py:587} INFO - Filling up the DagBag from /home/airflow/.local/lib/python3.12/site-packages/airflow/example_dags/example_skip_dag.py
[2026-08-08T17:43:13.253+0000] {processor.py:925} INFO - DAG(s) 'example_skip_dag' retrieved from /home/airflow/.local/lib/python3.12/site-packages/airflow/example_dags/example_skip_dag.py
[2026-08-08T17:43:13.282+0000] {logging_mixin.py:190} INFO - [2026-08-08T17:43:13.282+0000] {dag.py:3211} INFO - Sync 1 DAGs
[2026-08-08T17:43:13.312+0000] {logging_mixin.py:190} INFO - [2026-08-08T17:43:13.312+0000] {dag.py:4138} INFO - Setting next_dagrun for example_skip_dag to 2026-08-07 00:00:00+00:00, run_after=2026-08-08 00:00:00+00:00
[2026-08-08T17:43:13.336+0000] {processor.py:208} INFO - Processing /home/airflow/.local/lib/python3.12/site-packages/airflow/example_dags/example_skip_dag.py took 0.110 seconds
[2026-08-08T17:43:44.690+0000] {processor.py:186} INFO - Started process (PID=250) to work on /home/airflow/.local/lib/python3.12/site-packages/airflow/example_dags/example_skip_dag.py
[2026-08-08T17:43:44.691+0000] {processor.py:914} INFO - Processing file /home/airflow/.local/lib/python3.12/site-packages/airflow/example_dags/example_skip_dag.py for tasks to queue
[2026-08-08T17:43:44.694+0000] {logging_mixin.py:190} INFO - [2026-08-08T17:43:44.694+0000] {dagbag.py:587} INFO - Filling up the DagBag from /home/airflow/.local/lib/python3.12/site-packages/airflow/example_dags/example_skip_dag.py
[2026-08-08T17:43:44.701+0000] {processor.py:925} INFO - DAG(s) 'example_skip_dag' retrieved from /home/airflow/.local/lib/python3.12/site-packages/airflow/example_dags/example_skip_dag.py
[2026-08-08T17:43:44.722+0000] {logging_mixin.py:190} INFO - [2026-08-08T17:43:44.722+0000] {dag.py:3211} INFO - Sync 1 DAGs
[2026-08-08T17:43:44.742+0000] {logging_mixin.py:190} INFO - [2026-08-08T17:43:44.742+0000] {dag.py:4138} INFO - Setting next_dagrun for example_skip_dag to 2026-08-07 00:00:00+00:00, run_after=2026-08-08 00:00:00+00:00
[2026-08-08T17:43:44.760+0000] {processor.py:208} INFO - Processing /home/airflow/.local/lib/python3.12/site-packages/airflow/example_dags/example_skip_dag.py took 0.075 seconds
[2026-08-08T17:44:15.182+0000] {processor.py:186} INFO - Started process (PID=313) to work on /home/airflow/.local/lib/python3.12/site-packages/airflow/example_dags/example_skip_dag.py
[2026-08-08T17:44:15.184+0000] {processor.py:914} INFO - Processing file /home/airflow/.local/lib/python3.12/site-packages/airflow/example_dags/example_skip_dag.py for tasks to queue
[2026-08-08T17:44:15.188+0000] {logging_mixin.py:190} INFO - [2026-08-08T17:44:15.187+0000] {dagbag.py:587} INFO - Filling up the DagBag from /home/airflow/.local/lib/python3.12/site-packages/airflow/example_dags/example_skip_dag.py
[2026-08-08T17:44:15.200+0000] {processor.py:925} INFO - DAG(s) 'example_skip_dag' retrieved from /home/airflow/.local/lib/python3.12/site-packages/airflow/example_dags/example_skip_dag.py
[2026-08-08T17:44:15.227+0000] {logging_mixin.py:190} INFO - [2026-08-08T17:44:15.227+0000] {dag.py:3211} INFO - Sync 1 DAGs
[2026-08-08T17:44:15.251+0000] {logging_mixin.py:190} INFO - [2026-08-08T17:44:15.251+0000] {dag.py:4138} INFO - Setting next_dagrun for example_skip_dag to 2026-08-07 00:00:00+00:00, run_after=2026-08-08 00:00:00+00:00
[2026-08-08T17:44:15.280+0000] {processor.py:208} INFO - Processing /home/airflow/.local/lib/python3.12/site-packages/airflow/example_dags/example_skip_dag.py took 0.106 seconds
[2026-08-08T17:44:45.538+0000] {processor.py:186} INFO - Started process (PID=376) to work on /home/airflow/.local/lib/python3.12/site-packages/airflow/example_dags/example_skip_dag.py
[2026-08-08T17:44:45.540+0000] {processor.py:914} INFO - Processing file /home/airflow/.local/lib/python3.12/site-packages/airflow/example_dags/example_skip_dag.py for tasks to queue
[2026-08-08T17:44:45.543+0000] {logging_mixin.py:190} INFO - [2026-08-08T17:44:45.542+0000] {dagbag.py:587} INFO - Filling up the DagBag from /home/airflow/.local/lib/python3.12/site-packages/airflow/example_dags/example_skip_dag.py
[2026-08-08T17:44:45.549+0000] {processor.py:925} INFO - DAG(s) 'example_skip_dag' retrieved from /home/airflow/.local/lib/python3.12/site-packages/airflow/example_dags/example_skip_dag.py
[2026-08-08T17:44:45.568+0000] {logging_mixin.py:190} INFO - [2026-08-08T17:44:45.568+0000] {dag.py:3211} INFO - Sync 1 DAGs
[2026-08-08T17:44:45.587+0000] {logging_mixin.py:190} INFO - [2026-08-08T17:44:45.587+0000] {dag.py:4138} INFO - Setting next_dagrun for example_skip_dag to 2026-08-07 00:00:00+00:00, run_after=2026-08-08 00:00:00+00:00
[2026-08-08T17:44:45.606+0000] {processor.py:208} INFO - Processing /home/airflow/.local/lib/python3.12/site-packages/airflow/example_dags/example_skip_dag.py took 0.073 seconds
[2026-08-08T17:45:15.822+0000] {processor.py:186} INFO - Started process (PID=439) to work on /home/airflow/.local/lib/python3.12/site-packages/airflow/example_dags/example_skip_dag.py
[2026-08-08T17:45:15.823+0000] {processor.py:914} INFO - Processing file /home/airflow/.local/lib/python3.12/site-packages/airflow/example_dags/example_skip_dag.py for tasks to queue
[2026-08-08T17:45:15.827+0000] {logging_mixin.py:190} INFO - [2026-08-08T17:45:15.827+0000] {dagbag.py:587} INFO - Filling up the DagBag from /home/airflow/.local/lib/python3.12/site-packages/airflow/example_dags/example_skip_dag.py
[2026-08-08T17:45:15.836+0000] {processor.py:925} INFO - DAG(s) 'example_skip_dag' retrieved from /home/airflow/.local/lib/python3.12/site-packages/airflow/example_dags/example_skip_dag.py
[2026-08-08T17:45:15.857+0000] {logging_mixin.py:190} INFO - [2026-08-08T17:45:15.857+0000] {dag.py:3211} INFO - Sync 1 DAGs
[2026-08-08T17:45:15.876+0000] {logging_mixin.py:190} INFO - [2026-08-08T17:45:15.876+0000] {dag.py:4138} INFO - Setting next_dagrun for example_skip_dag to 2026-08-07 00:00:00+00:00, run_after=2026-08-08 00:00:00+00:00
[2026-08-08T17:45:15.896+0000] {processor.py:208} INFO - Processing /home/airflow/.local/lib/python3.12/site-packages/airflow/example_dags/example_skip_dag.py took 0.080 seconds
[2026-08-08T17:45:46.078+0000] {processor.py:186} INFO - Started process (PID=502) to work on /home/airflow/.local/lib/python3.12/site-packages/airflow/example_dags/example_skip_dag.py
[2026-08-08T17:45:46.079+0000] {processor.py:914} INFO - Processing file /home/airflow/.local/lib/python3.12/site-packages/airflow/example_dags/example_skip_dag.py for tasks to queue
[2026-08-08T17:45:46.082+0000] {logging_mixin.py:190} INFO - [2026-08-08T17:45:46.082+0000] {dagbag.py:587} INFO - Filling up the DagBag from /home/airflow/.local/lib/python3.12/site-packages/airflow/example_dags/example_skip_dag.py
[2026-08-08T17:45:46.089+0000] {processor.py:925} INFO - DAG(s) 'example_skip_dag' retrieved from /home/airflow/.local/lib/python3.12/site-packages/airflow/example_dags/example_skip_dag.py
[2026-08-08T17:45:46.106+0000] {logging_mixin.py:190} INFO - [2026-08-08T17:45:46.106+0000] {dag.py:3211} INFO - Sync 1 DAGs
[2026-08-08T17:45:46.125+0000] {logging_mixin.py:190} INFO - [2026-08-08T17:45:46.125+0000] {dag.py:4138} INFO - Setting next_dagrun for example_skip_dag to 2026-08-07 00:00:00+00:00, run_after=2026-08-08 00:00:00+00:00
[2026-08-08T17:45:46.142+0000] {processor.py:208} INFO - Processing /home/airflow/.local/lib/python3.12/site-packages/airflow/example_dags/example_skip_dag.py took 0.070 seconds
[2026-08-08T17:47:17.011+0000] {processor.py:186} INFO - Started process (PID=125) to work on /home/airflow/.local/lib/python3.12/site-packages/airflow/example_dags/example_skip_dag.py
[2026-08-08T17:47:17.012+0000] {processor.py:914} INFO - Processing file /home/airflow/.local/lib/python3.12/site-packages/airflow/example_dags/example_skip_dag.py for tasks to queue
[2026-08-08T17:47:17.017+0000] {logging_mixin.py:190} INFO - [2026-08-08T17:47:17.017+0000] {dagbag.py:587} INFO - Filling up the DagBag from /home/airflow/.local/lib/python3.12/site-packages/airflow/example_dags/example_skip_dag.py
[2026-08-08T17:47:17.028+0000] {processor.py:925} INFO - DAG(s) 'example_skip_dag' retrieved from /home/airflow/.local/lib/python3.12/site-packages/airflow/example_dags/example_skip_dag.py
[2026-08-08T17:47:17.061+0000] {logging_mixin.py:190} INFO - [2026-08-08T17:47:17.061+0000] {dag.py:3211} INFO - Sync 1 DAGs
[2026-08-08T17:47:17.094+0000] {logging_mixin.py:190} INFO - [2026-08-08T17:47:17.094+0000] {dag.py:4138} INFO - Setting next_dagrun for example_skip_dag to 2026-08-07 00:00:00+00:00, run_after=2026-08-08 00:00:00+00:00
[2026-08-08T17:47:17.121+0000] {processor.py:208} INFO - Processing /home/airflow/.local/lib/python3.12/site-packages/airflow/example_dags/example_skip_dag.py took 0.118 seconds
[2026-08-08T17:47:47.513+0000] {processor.py:186} INFO - Started process (PID=188) to work on /home/airflow/.local/lib/python3.12/site-packages/airflow/example_dags/example_skip_dag.py
[2026-08-08T17:47:47.515+0000] {processor.py:914} INFO - Processing file /home/airflow/.local/lib/python3.12/site-packages/airflow/example_dags/example_skip_dag.py for tasks to queue
[2026-08-08T17:47:47.520+0000] {logging_mixin.py:190} INFO - [2026-08-08T17:47:47.519+0000] {dagbag.py:587} INFO - Filling up the DagBag from /home/airflow/.local/lib/python3.12/site-packages/airflow/example_dags/example_skip_dag.py
[2026-08-08T17:47:47.530+0000] {processor.py:925} INFO - DAG(s) 'example_skip_dag' retrieved from /home/airflow/.local/lib/python3.12/site-packages/airflow/example_dags/example_skip_dag.py
[2026-08-08T17:47:47.556+0000] {logging_mixin.py:190} INFO - [2026-08-08T17:47:47.556+0000] {dag.py:3211} INFO - Sync 1 DAGs
[2026-08-08T17:47:47.579+0000] {logging_mixin.py:190} INFO - [2026-08-08T17:47:47.579+0000] {dag.py:4138} INFO - Setting next_dagrun for example_skip_dag to 2026-08-07 00:00:00+00:00, run_after=2026-08-08 00:00:00+00:00
[2026-08-08T17:47:47.605+0000] {processor.py:208} INFO - Processing /home/airflow/.local/lib/python3.12/site-packages/airflow/example_dags/example_skip_dag.py took 0.098 seconds
[2026-08-08T17:48:18.645+0000] {processor.py:186} INFO - Started process (PID=257) to work on /home/airflow/.local/lib/python3.12/site-packages/airflow/example_dags/example_skip_dag.py
[2026-08-08T17:48:18.646+0000] {processor.py:914} INFO - Processing file /home/airflow/.local/lib/python3.12/site-packages/airflow/example_dags/example_skip_dag.py for tasks to queue
[2026-08-08T17:48:18.648+0000] {logging_mixin.py:190} INFO - [2026-08-08T17:48:18.648+0000] {dagbag.py:587} INFO - Filling up the DagBag from /home/airflow/.local/lib/python3.12/site-packages/airflow/example_dags/example_skip_dag.py
[2026-08-08T17:48:18.655+0000] {processor.py:925} INFO - DAG(s) 'example_skip_dag' retrieved from /home/airflow/.local/lib/python3.12/site-packages/airflow/example_dags/example_skip_dag.py
[2026-08-08T17:48:18.674+0000] {logging_mixin.py:190} INFO - [2026-08-08T17:48:18.674+0000] {dag.py:3211} INFO - Sync 1 DAGs
[2026-08-08T17:48:18.693+0000] {logging_mixin.py:190} INFO - [2026-08-08T17:48:18.693+0000] {dag.py:4138} INFO - Setting next_dagrun for example_skip_dag to 2026-08-07 00:00:00+00:00, run_after=2026-08-08 00:00:00+00:00
[2026-08-08T17:48:18.716+0000] {processor.py:208} INFO - Processing /home/airflow/.local/lib/python3.12/site-packages/airflow/example_dags/example_skip_dag.py took 0.076 seconds
[2026-08-08T17:48:49.514+0000] {processor.py:186} INFO - Started process (PID=320) to work on /home/airflow/.local/lib/python3.12/site-packages/airflow/example_dags/example_skip_dag.py
[2026-08-08T17:48:49.517+0000] {processor.py:914} INFO - Processing file /home/airflow/.local/lib/python3.12/site-packages/airflow/example_dags/example_skip_dag.py for tasks to queue
[2026-08-08T17:48:49.522+0000] {logging_mixin.py:190} INFO - [2026-08-08T17:48:49.521+0000] {dagbag.py:587} INFO - Filling up the DagBag from /home/airflow/.local/lib/python3.12/site-packages/airflow/example_dags/example_skip_dag.py
[2026-08-08T17:48:49.535+0000] {processor.py:925} INFO - DAG(s) 'example_skip_dag' retrieved from /home/airflow/.local/lib/python3.12/site-packages/airflow/example_dags/example_skip_dag.py
[2026-08-08T17:48:49.560+0000] {logging_mixin.py:190} INFO - [2026-08-08T17:48:49.560+0000] {dag.py:3211} INFO - Sync 1 DAGs
[2026-08-08T17:48:49.595+0000] {logging_mixin.py:190} INFO - [2026-08-08T17:48:49.595+0000] {dag.py:4138} INFO - Setting next_dagrun for example_skip_dag to 2026-08-07 00:00:00+00:00, run_after=2026-08-08 00:00:00+00:00
[2026-08-08T17:48:49.627+0000] {processor.py:208} INFO - Processing /home/airflow/.local/lib/python3.12/site-packages/airflow/example_dags/example_skip_dag.py took 0.121 seconds
[2026-08-08T17:52:41.247+0000] {processor.py:186} INFO - Started process (PID=124) to work on /home/airflow/.local/lib/python3.12/site-packages/airflow/example_dags/example_skip_dag.py
[2026-08-08T17:52:41.249+0000] {processor.py:914} INFO - Processing file /home/airflow/.local/lib/python3.12/site-packages/airflow/example_dags/example_skip_dag.py for tasks to queue
[2026-08-08T17:52:41.257+0000] {logging_mixin.py:190} INFO - [2026-08-08T17:52:41.256+0000] {dagbag.py:587} INFO - Filling up the DagBag from /home/airflow/.local/lib/python3.12/site-packages/airflow/example_dags/example_skip_dag.py
[2026-08-08T17:52:41.281+0000] {processor.py:925} INFO - DAG(s) 'example_skip_dag' retrieved from /home/airflow/.local/lib/python3.12/site-packages/airflow/example_dags/example_skip_dag.py
[2026-08-08T17:52:41.352+0000] {logging_mixin.py:190} INFO - [2026-08-08T17:52:41.351+0000] {dag.py:3211} INFO - Sync 1 DAGs
[2026-08-08T17:52:41.409+0000] {logging_mixin.py:190} INFO - [2026-08-08T17:52:41.409+0000] {dag.py:4138} INFO - Setting next_dagrun for example_skip_dag to 2026-08-07 00:00:00+00:00, run_after=2026-08-08 00:00:00+00:00
[2026-08-08T17:52:41.452+0000] {processor.py:208} INFO - Processing /home/airflow/.local/lib/python3.12/site-packages/airflow/example_dags/example_skip_dag.py took 0.221 seconds
[2026-08-08T17:53:12.273+0000] {processor.py:186} INFO - Started process (PID=187) to work on /home/airflow/.local/lib/python3.12/site-packages/airflow/example_dags/example_skip_dag.py
[2026-08-08T17:53:12.275+0000] {processor.py:914} INFO - Processing file /home/airflow/.local/lib/python3.12/site-packages/airflow/example_dags/example_skip_dag.py for tasks to queue
[2026-08-08T17:53:12.279+0000] {logging_mixin.py:190} INFO - [2026-08-08T17:53:12.278+0000] {dagbag.py:587} INFO - Filling up the DagBag from /home/airflow/.local/lib/python3.12/site-packages/airflow/example_dags/example_skip_dag.py
[2026-08-08T17:53:12.287+0000] {processor.py:925} INFO - DAG(s) 'example_skip_dag' retrieved from /home/airflow/.local/lib/python3.12/site-packages/airflow/example_dags/example_skip_dag.py
[2026-08-08T17:53:12.311+0000] {logging_mixin.py:190} INFO - [2026-08-08T17:53:12.311+0000] {dag.py:3211} INFO - Sync 1 DAGs
[2026-08-08T17:53:12.337+0000] {logging_mixin.py:190} INFO - [2026-08-08T17:53:12.336+0000] {dag.py:4138} INFO - Setting next_dagrun for example_skip_dag to 2026-08-07 00:00:00+00:00, run_after=2026-08-08 00:00:00+00:00
[2026-08-08T17:53:12.366+0000] {processor.py:208} INFO - Processing /home/airflow/.local/lib/python3.12/site-packages/airflow/example_dags/example_skip_dag.py took 0.099 seconds
[2026-08-08T17:53:42.855+0000] {processor.py:186} INFO - Started process (PID=250) to work on /home/airflow/.local/lib/python3.12/site-packages/airflow/example_dags/example_skip_dag.py
[2026-08-08T17:53:42.857+0000] {processor.py:914} INFO - Processing file /home/airflow/.local/lib/python3.12/site-packages/airflow/example_dags/example_skip_dag.py for tasks to queue
[2026-08-08T17:53:42.860+0000] {logging_mixin.py:190} INFO - [2026-08-08T17:53:42.859+0000] {dagbag.py:587} INFO - Filling up the DagBag from /home/airflow/.local/lib/python3.12/site-packages/airflow/example_dags/example_skip_dag.py
[2026-08-08T17:53:42.869+0000] {processor.py:925} INFO - DAG(s) 'example_skip_dag' retrieved from /home/airflow/.local/lib/python3.12/site-packages/airflow/example_dags/example_skip_dag.py
[2026-08-08T17:53:42.892+0000] {logging_mixin.py:190} INFO - [2026-08-08T17:53:42.892+0000] {dag.py:3211} INFO - Sync 1 DAGs
[2026-08-08T17:53:42.914+0000] {logging_mixin.py:190} INFO - [2026-08-08T17:53:42.914+0000] {dag.py:4138} INFO - Setting next_dagrun for example_skip_dag to 2026-08-07 00:00:00+00:00, run_after=2026-08-08 00:00:00+00:00
[2026-08-08T17:53:42.940+0000] {processor.py:208} INFO - Processing /home/airflow/.local/lib/python3.12/site-packages/airflow/example_dags/example_skip_dag.py took 0.091 seconds
[2026-08-08T17:54:13.465+0000] {processor.py:186} INFO - Started process (PID=313) to work on /home/airflow/.local/lib/python3.12/site-packages/airflow/example_dags/example_skip_dag.py
[2026-08-08T17:54:13.467+0000] {processor.py:914} INFO - Processing file /home/airflow/.local/lib/python3.12/site-packages/airflow/example_dags/example_skip_dag.py for tasks to queue
[2026-08-08T17:54:13.473+0000] {logging_mixin.py:190} INFO - [2026-08-08T17:54:13.472+0000] {dagbag.py:587} INFO - Filling up the DagBag from /home/airflow/.local/lib/python3.12/site-packages/airflow/example_dags/example_skip_dag.py
[2026-08-08T17:54:13.487+0000] {processor.py:925} INFO - DAG(s) 'example_skip_dag' retrieved from /home/airflow/.local/lib/python3.12/site-packages/airflow/example_dags/example_skip_dag.py
[2026-08-08T17:54:13.512+0000] {logging_mixin.py:190} INFO - [2026-08-08T17:54:13.512+0000] {dag.py:3211} INFO - Sync 1 DAGs
[2026-08-08T17:54:13.539+0000] {logging_mixin.py:190} INFO - [2026-08-08T17:54:13.539+0000] {dag.py:4138} INFO - Setting next_dagrun for example_skip_dag to 2026-08-07 00:00:00+00:00, run_after=2026-08-08 00:00:00+00:00
[2026-08-08T17:54:13.560+0000] {processor.py:208} INFO - Processing /home/airflow/.local/lib/python3.12/site-packages/airflow/example_dags/example_skip_dag.py took 0.103 seconds
[2026-08-08T17:54:43.641+0000] {processor.py:186} INFO - Started process (PID=376) to work on /home/airflow/.local/lib/python3.12/site-packages/airflow/example_dags/example_skip_dag.py
[2026-08-08T17:54:43.642+0000] {processor.py:914} INFO - Processing file /home/airflow/.local/lib/python3.12/site-packages/airflow/example_dags/example_skip_dag.py for tasks to queue
[2026-08-08T17:54:43.645+0000] {logging_mixin.py:190} INFO - [2026-08-08T17:54:43.645+0000] {dagbag.py:587} INFO - Filling up the DagBag from /home/airflow/.local/lib/python3.12/site-packages/airflow/example_dags/example_skip_dag.py
[2026-08-08T17:54:43.654+0000] {processor.py:925} INFO - DAG(s) 'example_skip_dag' retrieved from /home/airflow/.local/lib/python3.12/site-packages/airflow/example_dags/example_skip_dag.py
[2026-08-08T17:54:43.675+0000] {logging_mixin.py:190} INFO - [2026-08-08T17:54:43.675+0000] {dag.py:3211} INFO - Sync 1 DAGs
[2026-08-08T17:54:43.696+0000] {logging_mixin.py:190} INFO - [2026-08-08T17:54:43.696+0000] {dag.py:4138} INFO - Setting next_dagrun for example_skip_dag to 2026-08-07 00:00:00+00:00, run_after=2026-08-08 00:00:00+00:00
[2026-08-08T17:54:43.718+0000] {processor.py:208} INFO - Processing /home/airflow/.local/lib/python3.12/site-packages/airflow/example_dags/example_skip_dag.py took 0.082 seconds
[2026-08-08T17:55:13.839+0000] {processor.py:186} INFO - Started process (PID=439) to work on /home/airflow/.local/lib/python3.12/site-packages/airflow/example_dags/example_skip_dag.py
[2026-08-08T17:55:13.840+0000] {processor.py:914} INFO - Processing file /home/airflow/.local/lib/python3.12/site-packages/airflow/example_dags/example_skip_dag.py for tasks to queue
[2026-08-08T17:55:13.844+0000] {logging_mixin.py:190} INFO - [2026-08-08T17:55:13.843+0000] {dagbag.py:587} INFO - Filling up the DagBag from /home/airflow/.local/lib/python3.12/site-packages/airflow/example_dags/example_skip_dag.py
[2026-08-08T17:55:13.853+0000] {processor.py:925} INFO - DAG(s) 'example_skip_dag' retrieved from /home/airflow/.local/lib/python3.12/site-packages/airflow/example_dags/example_skip_dag.py
[2026-08-08T17:55:13.879+0000] {logging_mixin.py:190} INFO - [2026-08-08T17:55:13.878+0000] {dag.py:3211} INFO - Sync 1 DAGs
[2026-08-08T17:55:13.908+0000] {logging_mixin.py:190} INFO - [2026-08-08T17:55:13.908+0000] {dag.py:4138} INFO - Setting next_dagrun for example_skip_dag to 2026-08-07 00:00:00+00:00, run_after=2026-08-08 00:00:00+00:00
[2026-08-08T17:55:13.933+0000] {processor.py:208} INFO - Processing /home/airflow/.local/lib/python3.12/site-packages/airflow/example_dags/example_skip_dag.py took 0.100 seconds
[2026-08-08T17:55:44.317+0000] {processor.py:186} INFO - Started process (PID=502) to work on /home/airflow/.local/lib/python3.12/site-packages/airflow/example_dags/example_skip_dag.py
[2026-08-08T17:55:44.318+0000] {processor.py:914} INFO - Processing file /home/airflow/.local/lib/python3.12/site-packages/airflow/example_dags/example_skip_dag.py for tasks to queue
[2026-08-08T17:55:44.321+0000] {logging_mixin.py:190} INFO - [2026-08-08T17:55:44.321+0000] {dagbag.py:587} INFO - Filling up the DagBag from /home/airflow/.local/lib/python3.12/site-packages/airflow/example_dags/example_skip_dag.py
[2026-08-08T17:55:44.328+0000] {processor.py:925} INFO - DAG(s) 'example_skip_dag' retrieved from /home/airflow/.local/lib/python3.12/site-packages/airflow/example_dags/example_skip_dag.py
[2026-08-08T17:55:44.348+0000] {logging_mixin.py:190} INFO - [2026-08-08T17:55:44.348+0000] {dag.py:3211} INFO - Sync 1 DAGs
[2026-08-08T17:55:44.368+0000] {logging_mixin.py:190} INFO - [2026-08-08T17:55:44.368+0000] {dag.py:4138} INFO - Setting next_dagrun for example_skip_dag to 2026-08-07 00:00:00+00:00, run_after=2026-08-08 00:00:00+00:00
[2026-08-08T17:55:44.388+0000] {processor.py:208} INFO - Processing /home/airflow/.local/lib/python3.12/site-packages/airflow/example_dags/example_skip_dag.py took 0.076 seconds
[2026-08-08T17:56:14.908+0000] {processor.py:186} INFO - Started process (PID=565) to work on /home/airflow/.local/lib/python3.12/site-packages/airflow/example_dags/example_skip_dag.py
[2026-08-08T17:56:14.909+0000] {processor.py:914} INFO - Processing file /home/airflow/.local/lib/python3.12/site-packages/airflow/example_dags/example_skip_dag.py for tasks to queue
[2026-08-08T17:56:14.912+0000] {logging_mixin.py:190} INFO - [2026-08-08T17:56:14.912+0000] {dagbag.py:587} INFO - Filling up the DagBag from /home/airflow/.local/lib/python3.12/site-packages/airflow/example_dags/example_skip_dag.py
[2026-08-08T17:56:14.919+0000] {processor.py:925} INFO - DAG(s) 'example_skip_dag' retrieved from /home/airflow/.local/lib/python3.12/site-packages/airflow/example_dags/example_skip_dag.py
[2026-08-08T17:56:14.939+0000] {logging_mixin.py:190} INFO - [2026-08-08T17:56:14.939+0000] {dag.py:3211} INFO - Sync 1 DAGs
[2026-08-08T17:56:14.957+0000] {logging_mixin.py:190} INFO - [2026-08-08T17:56:14.956+0000] {dag.py:4138} INFO - Setting next_dagrun for example_skip_dag to 2026-08-07 00:00:00+00:00, run_after=2026-08-08 00:00:00+00:00
[2026-08-08T17:56:14.976+0000] {processor.py:208} INFO - Processing /home/airflow/.local/lib/python3.12/site-packages/airflow/example_dags/example_skip_dag.py took 0.073 seconds
[2026-08-08T17:56:45.396+0000] {processor.py:186} INFO - Started process (PID=628) to work on /home/airflow/.local/lib/python3.12/site-packages/airflow/example_dags/example_skip_dag.py
[2026-08-08T17:56:45.398+0000] {processor.py:914} INFO - Processing file /home/airflow/.local/lib/python3.12/site-packages/airflow/example_dags/example_skip_dag.py for tasks to queue
[2026-08-08T17:56:45.401+0000] {logging_mixin.py:190} INFO - [2026-08-08T17:56:45.401+0000] {dagbag.py:587} INFO - Filling up the DagBag from /home/airflow/.local/lib/python3.12/site-packages/airflow/example_dags/example_skip_dag.py
[2026-08-08T17:56:45.407+0000] {processor.py:925} INFO - DAG(s) 'example_skip_dag' retrieved from /home/airflow/.local/lib/python3.12/site-packages/airflow/example_dags/example_skip_dag.py
[2026-08-08T17:56:45.428+0000] {logging_mixin.py:190} INFO - [2026-08-08T17:56:45.428+0000] {dag.py:3211} INFO - Sync 1 DAGs
[2026-08-08T17:56:45.461+0000] {logging_mixin.py:190} INFO - [2026-08-08T17:56:45.461+0000] {dag.py:4138} INFO - Setting next_dagrun for example_skip_dag to 2026-08-07 00:00:00+00:00, run_after=2026-08-08 00:00:00+00:00
[2026-08-08T17:56:45.490+0000] {processor.py:208} INFO - Processing /home/airflow/.local/lib/python3.12/site-packages/airflow/example_dags/example_skip_dag.py took 0.099 seconds
[2026-08-08T17:57:16.292+0000] {processor.py:186} INFO - Started process (PID=691) to work on /home/airflow/.local/lib/python3.12/site-packages/airflow/example_dags/example_skip_dag.py
[2026-08-08T17:57:16.298+0000] {processor.py:914} INFO - Processing file /home/airflow/.local/lib/python3.12/site-packages/airflow/example_dags/example_skip_dag.py for tasks to queue
[2026-08-08T17:57:16.305+0000] {logging_mixin.py:190} INFO - [2026-08-08T17:57:16.304+0000] {dagbag.py:587} INFO - Filling up the DagBag from /home/airflow/.local/lib/python3.12/site-packages/airflow/example_dags/example_skip_dag.py
[2026-08-08T17:57:16.328+0000] {processor.py:925} INFO - DAG(s) 'example_skip_dag' retrieved from /home/airflow/.local/lib/python3.12/site-packages/airflow/example_dags/example_skip_dag.py
[2026-08-08T17:57:16.373+0000] {logging_mixin.py:190} INFO - [2026-08-08T17:57:16.373+0000] {dag.py:3211} INFO - Sync 1 DAGs
[2026-08-08T17:57:16.407+0000] {logging_mixin.py:190} INFO - [2026-08-08T17:57:16.407+0000] {dag.py:4138} INFO - Setting next_dagrun for example_skip_dag to 2026-08-07 00:00:00+00:00, run_after=2026-08-08 00:00:00+00:00
[2026-08-08T17:57:16.432+0000] {processor.py:208} INFO - Processing /home/airflow/.local/lib/python3.12/site-packages/airflow/example_dags/example_skip_dag.py took 0.160 seconds
[2026-08-08T18:08:22.720+0000] {processor.py:186} INFO - Started process (PID=754) to work on /home/airflow/.local/lib/python3.12/site-packages/airflow/example_dags/example_skip_dag.py
[2026-08-08T18:08:22.724+0000] {processor.py:914} INFO - Processing file /home/airflow/.local/lib/python3.12/site-packages/airflow/example_dags/example_skip_dag.py for tasks to queue
[2026-08-08T18:08:22.730+0000] {logging_mixin.py:190} INFO - [2026-08-08T18:08:22.729+0000] {dagbag.py:587} INFO - Filling up the DagBag from /home/airflow/.local/lib/python3.12/site-packages/airflow/example_dags/example_skip_dag.py
[2026-08-08T18:08:22.745+0000] {processor.py:925} INFO - DAG(s) 'example_skip_dag' retrieved from /home/airflow/.local/lib/python3.12/site-packages/airflow/example_dags/example_skip_dag.py
[2026-08-08T18:08:22.796+0000] {logging_mixin.py:190} INFO - [2026-08-08T18:08:22.795+0000] {dag.py:3211} INFO - Sync 1 DAGs
[2026-08-08T18:08:22.865+0000] {logging_mixin.py:190} INFO - [2026-08-08T18:08:22.864+0000] {dag.py:4138} INFO - Setting next_dagrun for example_skip_dag to 2026-08-07 00:00:00+00:00, run_after=2026-08-08 00:00:00+00:00
[2026-08-08T18:08:22.924+0000] {processor.py:208} INFO - Processing /home/airflow/.local/lib/python3.12/site-packages/airflow/example_dags/example_skip_dag.py took 0.213 seconds
[2026-08-08T18:08:53.470+0000] {processor.py:186} INFO - Started process (PID=817) to work on /home/airflow/.local/lib/python3.12/site-packages/airflow/example_dags/example_skip_dag.py
[2026-08-08T18:08:53.473+0000] {processor.py:914} INFO - Processing file /home/airflow/.local/lib/python3.12/site-packages/airflow/example_dags/example_skip_dag.py for tasks to queue
[2026-08-08T18:08:53.480+0000] {logging_mixin.py:190} INFO - [2026-08-08T18:08:53.479+0000] {dagbag.py:587} INFO - Filling up the DagBag from /home/airflow/.local/lib/python3.12/site-packages/airflow/example_dags/example_skip_dag.py
[2026-08-08T18:08:53.495+0000] {processor.py:925} INFO - DAG(s) 'example_skip_dag' retrieved from /home/airflow/.local/lib/python3.12/site-packages/airflow/example_dags/example_skip_dag.py
[2026-08-08T18:08:53.533+0000] {logging_mixin.py:190} INFO - [2026-08-08T18:08:53.532+0000] {dag.py:3211} INFO - Sync 1 DAGs
[2026-08-08T18:08:53.569+0000] {logging_mixin.py:190} INFO - [2026-08-08T18:08:53.569+0000] {dag.py:4138} INFO - Setting next_dagrun for example_skip_dag to 2026-08-07 00:00:00+00:00, run_after=2026-08-08 00:00:00+00:00
[2026-08-08T18:08:53.601+0000] {processor.py:208} INFO - Processing /home/airflow/.local/lib/python3.12/site-packages/airflow/example_dags/example_skip_dag.py took 0.140 seconds
[2026-08-08T18:09:23.816+0000] {processor.py:186} INFO - Started process (PID=880) to work on /home/airflow/.local/lib/python3.12/site-packages/airflow/example_dags/example_skip_dag.py
[2026-08-08T18:09:23.818+0000] {processor.py:914} INFO - Processing file /home/airflow/.local/lib/python3.12/site-packages/airflow/example_dags/example_skip_dag.py for tasks to queue
[2026-08-08T18:09:23.826+0000] {logging_mixin.py:190} INFO - [2026-08-08T18:09:23.826+0000] {dagbag.py:587} INFO - Filling up the DagBag from /home/airflow/.local/lib/python3.12/site-packages/airflow/example_dags/example_skip_dag.py
[2026-08-08T18:09:23.839+0000] {processor.py:925} INFO - DAG(s) 'example_skip_dag' retrieved from /home/airflow/.local/lib/python3.12/site-packages/airflow/example_dags/example_skip_dag.py
[2026-08-08T18:09:23.872+0000] {logging_mixin.py:190} INFO - [2026-08-08T18:09:23.872+0000] {dag.py:3211} INFO - Sync 1 DAGs
[2026-08-08T18:09:23.906+0000] {logging_mixin.py:190} INFO - [2026-08-08T18:09:23.905+0000] {dag.py:4138} INFO - Setting next_dagrun for example_skip_dag to 2026-08-07 00:00:00+00:00, run_after=2026-08-08 00:00:00+00:00
[2026-08-08T18:09:23.937+0000] {processor.py:208} INFO - Processing /home/airflow/.local/lib/python3.12/site-packages/airflow/example_dags/example_skip_dag.py took 0.130 seconds
[2026-08-08T18:09:54.007+0000] {processor.py:186} INFO - Started process (PID=943) to work on /home/airflow/.local/lib/python3.12/site-packages/airflow/example_dags/example_skip_dag.py
[2026-08-08T18:09:54.008+0000] {processor.py:914} INFO - Processing file /home/airflow/.local/lib/python3.12/site-packages/airflow/example_dags/example_skip_dag.py for tasks to queue
[2026-08-08T18:09:54.013+0000] {logging_mixin.py:190} INFO - [2026-08-08T18:09:54.012+0000] {dagbag.py:587} INFO - Filling up the DagBag from /home/airflow/.local/lib/python3.12/site-packages/airflow/example_dags/example_skip_dag.py
[2026-08-08T18:09:54.022+0000] {processor.py:925} INFO - DAG(s) 'example_skip_dag' retrieved from /home/airflow/.local/lib/python3.12/site-packages/airflow/example_dags/example_skip_dag.py
[2026-08-08T18:09:54.060+0000] {logging_mixin.py:190} INFO - [2026-08-08T18:09:54.058+0000] {dag.py:3211} INFO - Sync 1 DAGs
[2026-08-08T18:09:54.099+0000] {logging_mixin.py:190} INFO - [2026-08-08T18:09:54.099+0000] {dag.py:4138} INFO - Setting next_dagrun for example_skip_dag to 2026-08-07 00:00:00+00:00, run_after=2026-08-08 00:00:00+00:00
[2026-08-08T18:09:54.131+0000] {processor.py:208} INFO - Processing /home/airflow/.local/lib/python3.12/site-packages/airflow/example_dags/example_skip_dag.py took 0.131 seconds
[2026-08-08T18:10:25.082+0000] {processor.py:186} INFO - Started process (PID=1006) to work on /home/airflow/.local/lib/python3.12/site-packages/airflow/example_dags/example_skip_dag.py
[2026-08-08T18:10:25.083+0000] {processor.py:914} INFO - Processing file /home/airflow/.local/lib/python3.12/site-packages/airflow/example_dags/example_skip_dag.py for tasks to queue
[2026-08-08T18:10:25.086+0000] {logging_mixin.py:190} INFO - [2026-08-08T18:10:25.085+0000] {dagbag.py:587} INFO - Filling up the DagBag from /home/airflow/.local/lib/python3.12/site-packages/airflow/example_dags/example_skip_dag.py
[2026-08-08T18:10:25.095+0000] {processor.py:925} INFO - DAG(s) 'example_skip_dag' retrieved from /home/airflow/.local/lib/python3.12/site-packages/airflow/example_dags/example_skip_dag.py
[2026-08-08T18:10:25.121+0000] {logging_mixin.py:190} INFO - [2026-08-08T18:10:25.121+0000] {dag.py:3211} INFO - Sync 1 DAGs
[2026-08-08T18:10:25.145+0000] {logging_mixin.py:190} INFO - [2026-08-08T18:10:25.145+0000] {dag.py:4138} INFO - Setting next_dagrun for example_skip_dag to 2026-08-07 00:00:00+00:00, run_after=2026-08-08 00:00:00+00:00
[2026-08-08T18:10:25.168+0000] {processor.py:208} INFO - Processing /home/airflow/.local/lib/python3.12/site-packages/airflow/example_dags/example_skip_dag.py took 0.094 seconds
[2026-08-08T18:10:55.407+0000] {processor.py:186} INFO - Started process (PID=1069) to work on /home/airflow/.local/lib/python3.12/site-packages/airflow/example_dags/example_skip_dag.py
[2026-08-08T18:10:55.409+0000] {processor.py:914} INFO - Processing file /home/airflow/.local/lib/python3.12/site-packages/airflow/example_dags/example_skip_dag.py for tasks to queue
[2026-08-08T18:10:55.414+0000] {logging_mixin.py:190} INFO - [2026-08-08T18:10:55.414+0000] {dagbag.py:587} INFO - Filling up the DagBag from /home/airflow/.local/lib/python3.12/site-packages/airflow/example_dags/example_skip_dag.py
[2026-08-08T18:10:55.423+0000] {processor.py:925} INFO - DAG(s) 'example_skip_dag' retrieved from /home/airflow/.local/lib/python3.12/site-packages/airflow/example_dags/example_skip_dag.py
[2026-08-08T18:10:55.451+0000] {logging_mixin.py:190} INFO - [2026-08-08T18:10:55.451+0000] {dag.py:3211} INFO - Sync 1 DAGs
[2026-08-08T18:10:55.476+0000] {logging_mixin.py:190} INFO - [2026-08-08T18:10:55.476+0000] {dag.py:4138} INFO - Setting next_dagrun for example_skip_dag to 2026-08-07 00:00:00+00:00, run_after=2026-08-08 00:00:00+00:00
[2026-08-08T18:10:55.500+0000] {processor.py:208} INFO - Processing /home/airflow/.local/lib/python3.12/site-packages/airflow/example_dags/example_skip_dag.py took 0.104 seconds
[2026-08-08T18:11:25.888+0000] {processor.py:186} INFO - Started process (PID=1132) to work on /home/airflow/.local/lib/python3.12/site-packages/airflow/example_dags/example_skip_dag.py
[2026-08-08T18:11:25.890+0000] {processor.py:914} INFO - Processing file /home/airflow/.local/lib/python3.12/site-packages/airflow/example_dags/example_skip_dag.py for tasks to queue
[2026-08-08T18:11:25.892+0000] {logging_mixin.py:190} INFO - [2026-08-08T18:11:25.892+0000] {dagbag.py:587} INFO - Filling up the DagBag from /home/airflow/.local/lib/python3.12/site-packages/airflow/example_dags/example_skip_dag.py
[2026-08-08T18:11:25.901+0000] {processor.py:925} INFO - DAG(s) 'example_skip_dag' retrieved from /home/airflow/.local/lib/python3.12/site-packages/airflow/example_dags/example_skip_dag.py
[2026-08-08T18:11:25.925+0000] {logging_mixin.py:190} INFO - [2026-08-08T18:11:25.925+0000] {dag.py:3211} INFO - Sync 1 DAGs
[2026-08-08T18:11:25.945+0000] {logging_mixin.py:190} INFO - [2026-08-08T18:11:25.944+0000] {dag.py:4138} INFO - Setting next_dagrun for example_skip_dag to 2026-08-07 00:00:00+00:00, run_after=2026-08-08 00:00:00+00:00
[2026-08-08T18:11:25.965+0000] {processor.py:208} INFO - Processing /home/airflow/.local/lib/python3.12/site-packages/airflow/example_dags/example_skip_dag.py took 0.082 seconds
[2026-08-08T18:11:56.309+0000] {processor.py:186} INFO - Started process (PID=1195) to work on /home/airflow/.local/lib/python3.12/site-packages/airflow/example_dags/example_skip_dag.py
[2026-08-08T18:11:56.310+0000] {processor.py:914} INFO - Processing file /home/airflow/.local/lib/python3.12/site-packages/airflow/example_dags/example_skip_dag.py for tasks to queue
[2026-08-08T18:11:56.314+0000] {logging_mixin.py:190} INFO - [2026-08-08T18:11:56.314+0000] {dagbag.py:587} INFO - Filling up the DagBag from /home/airflow/.local/lib/python3.12/site-packages/airflow/example_dags/example_skip_dag.py
[2026-08-08T18:11:56.324+0000] {processor.py:925} INFO - DAG(s) 'example_skip_dag' retrieved from /home/airflow/.local/lib/python3.12/site-packages/airflow/example_dags/example_skip_dag.py
[2026-08-08T18:11:56.354+0000] {logging_mixin.py:190} INFO - [2026-08-08T18:11:56.353+0000] {dag.py:3211} INFO - Sync 1 DAGs
[2026-08-08T18:11:56.388+0000] {logging_mixin.py:190} INFO - [2026-08-08T18:11:56.388+0000] {dag.py:4138} INFO - Setting next_dagrun for example_skip_dag to 2026-08-07 00:00:00+00:00, run_after=2026-08-08 00:00:00+00:00
[2026-08-08T18:11:56.412+0000] {processor.py:208} INFO - Processing /home/airflow/.local/lib/python3.12/site-packages/airflow/example_dags/example_skip_dag.py took 0.111 seconds
[2026-08-08T18:13:11.165+0000] {processor.py:186} INFO - Started process (PID=130) to work on /home/airflow/.local/lib/python3.12/site-packages/airflow/example_dags/example_skip_dag.py
[2026-08-08T18:13:11.168+0000] {processor.py:914} INFO - Processing file /home/airflow/.local/lib/python3.12/site-packages/airflow/example_dags/example_skip_dag.py for tasks to queue
[2026-08-08T18:13:11.174+0000] {logging_mixin.py:190} INFO - [2026-08-08T18:13:11.173+0000] {dagbag.py:587} INFO - Filling up the DagBag from /home/airflow/.local/lib/python3.12/site-packages/airflow/example_dags/example_skip_dag.py
[2026-08-08T18:13:11.192+0000] {processor.py:925} INFO - DAG(s) 'example_skip_dag' retrieved from /home/airflow/.local/lib/python3.12/site-packages/airflow/example_dags/example_skip_dag.py
[2026-08-08T18:13:11.233+0000] {logging_mixin.py:190} INFO - [2026-08-08T18:13:11.232+0000] {dag.py:3211} INFO - Sync 1 DAGs
[2026-08-08T18:13:11.274+0000] {logging_mixin.py:190} INFO - [2026-08-08T18:13:11.273+0000] {dag.py:4138} INFO - Setting next_dagrun for example_skip_dag to 2026-08-07 00:00:00+00:00, run_after=2026-08-08 00:00:00+00:00
[2026-08-08T18:13:11.317+0000] {processor.py:208} INFO - Processing /home/airflow/.local/lib/python3.12/site-packages/airflow/example_dags/example_skip_dag.py took 0.162 seconds
[2026-08-08T18:13:42.284+0000] {processor.py:186} INFO - Started process (PID=193) to work on /home/airflow/.local/lib/python3.12/site-packages/airflow/example_dags/example_skip_dag.py
[2026-08-08T18:13:42.285+0000] {processor.py:914} INFO - Processing file /home/airflow/.local/lib/python3.12/site-packages/airflow/example_dags/example_skip_dag.py for tasks to queue
[2026-08-08T18:13:42.288+0000] {logging_mixin.py:190} INFO - [2026-08-08T18:13:42.288+0000] {dagbag.py:587} INFO - Filling up the DagBag from /home/airflow/.local/lib/python3.12/site-packages/airflow/example_dags/example_skip_dag.py
[2026-08-08T18:13:42.295+0000] {processor.py:925} INFO - DAG(s) 'example_skip_dag' retrieved from /home/airflow/.local/lib/python3.12/site-packages/airflow/example_dags/example_skip_dag.py
[2026-08-08T18:13:42.313+0000] {logging_mixin.py:190} INFO - [2026-08-08T18:13:42.313+0000] {dag.py:3211} INFO - Sync 1 DAGs
[2026-08-08T18:13:42.331+0000] {logging_mixin.py:190} INFO - [2026-08-08T18:13:42.330+0000] {dag.py:4138} INFO - Setting next_dagrun for example_skip_dag to 2026-08-07 00:00:00+00:00, run_after=2026-08-08 00:00:00+00:00
[2026-08-08T18:13:42.346+0000] {processor.py:208} INFO - Processing /home/airflow/.local/lib/python3.12/site-packages/airflow/example_dags/example_skip_dag.py took 0.067 seconds
[2026-08-08T18:14:12.720+0000] {processor.py:186} INFO - Started process (PID=256) to work on /home/airflow/.local/lib/python3.12/site-packages/airflow/example_dags/example_skip_dag.py
[2026-08-08T18:14:12.722+0000] {processor.py:914} INFO - Processing file /home/airflow/.local/lib/python3.12/site-packages/airflow/example_dags/example_skip_dag.py for tasks to queue
[2026-08-08T18:14:12.725+0000] {logging_mixin.py:190} INFO - [2026-08-08T18:14:12.725+0000] {dagbag.py:587} INFO - Filling up the DagBag from /home/airflow/.local/lib/python3.12/site-packages/airflow/example_dags/example_skip_dag.py
[2026-08-08T18:14:12.733+0000] {processor.py:925} INFO - DAG(s) 'example_skip_dag' retrieved from /home/airflow/.local/lib/python3.12/site-packages/airflow/example_dags/example_skip_dag.py
[2026-08-08T18:14:12.754+0000] {logging_mixin.py:190} INFO - [2026-08-08T18:14:12.754+0000] {dag.py:3211} INFO - Sync 1 DAGs
[2026-08-08T18:14:12.774+0000] {logging_mixin.py:190} INFO - [2026-08-08T18:14:12.774+0000] {dag.py:4138} INFO - Setting next_dagrun for example_skip_dag to 2026-08-07 00:00:00+00:00, run_after=2026-08-08 00:00:00+00:00
[2026-08-08T18:14:12.792+0000] {processor.py:208} INFO - Processing /home/airflow/.local/lib/python3.12/site-packages/airflow/example_dags/example_skip_dag.py took 0.077 seconds
[2026-08-08T18:14:42.931+0000] {processor.py:186} INFO - Started process (PID=319) to work on /home/airflow/.local/lib/python3.12/site-packages/airflow/example_dags/example_skip_dag.py
[2026-08-08T18:14:42.933+0000] {processor.py:914} INFO - Processing file /home/airflow/.local/lib/python3.12/site-packages/airflow/example_dags/example_skip_dag.py for tasks to queue
[2026-08-08T18:14:42.936+0000] {logging_mixin.py:190} INFO - [2026-08-08T18:14:42.936+0000] {dagbag.py:587} INFO - Filling up the DagBag from /home/airflow/.local/lib/python3.12/site-packages/airflow/example_dags/example_skip_dag.py
[2026-08-08T18:14:42.944+0000] {processor.py:925} INFO - DAG(s) 'example_skip_dag' retrieved from /home/airflow/.local/lib/python3.12/site-packages/airflow/example_dags/example_skip_dag.py
[2026-08-08T18:14:42.965+0000] {logging_mixin.py:190} INFO - [2026-08-08T18:14:42.964+0000] {dag.py:3211} INFO - Sync 1 DAGs
[2026-08-08T18:14:42.986+0000] {logging_mixin.py:190} INFO - [2026-08-08T18:14:42.986+0000] {dag.py:4138} INFO - Setting next_dagrun for example_skip_dag to 2026-08-07 00:00:00+00:00, run_after=2026-08-08 00:00:00+00:00
[2026-08-08T18:14:43.005+0000] {processor.py:208} INFO - Processing /home/airflow/.local/lib/python3.12/site-packages/airflow/example_dags/example_skip_dag.py took 0.079 seconds
[2026-08-08T18:15:13.953+0000] {processor.py:186} INFO - Started process (PID=382) to work on /home/airflow/.local/lib/python3.12/site-packages/airflow/example_dags/example_skip_dag.py
[2026-08-08T18:15:13.958+0000] {processor.py:914} INFO - Processing file /home/airflow/.local/lib/python3.12/site-packages/airflow/example_dags/example_skip_dag.py for tasks to queue
[2026-08-08T18:15:13.965+0000] {logging_mixin.py:190} INFO - [2026-08-08T18:15:13.965+0000] {dagbag.py:587} INFO - Filling up the DagBag from /home/airflow/.local/lib/python3.12/site-packages/airflow/example_dags/example_skip_dag.py
[2026-08-08T18:15:13.977+0000] {processor.py:925} INFO - DAG(s) 'example_skip_dag' retrieved from /home/airflow/.local/lib/python3.12/site-packages/airflow/example_dags/example_skip_dag.py
[2026-08-08T18:15:14.018+0000] {logging_mixin.py:190} INFO - [2026-08-08T18:15:14.017+0000] {dag.py:3211} INFO - Sync 1 DAGs
[2026-08-08T18:15:14.055+0000] {logging_mixin.py:190} INFO - [2026-08-08T18:15:14.055+0000] {dag.py:4138} INFO - Setting next_dagrun for example_skip_dag to 2026-08-07 00:00:00+00:00, run_after=2026-08-08 00:00:00+00:00
[2026-08-08T18:15:14.090+0000] {processor.py:208} INFO - Processing /home/airflow/.local/lib/python3.12/site-packages/airflow/example_dags/example_skip_dag.py took 0.146 seconds
[2026-08-08T18:15:44.846+0000] {processor.py:186} INFO - Started process (PID=445) to work on /home/airflow/.local/lib/python3.12/site-packages/airflow/example_dags/example_skip_dag.py
[2026-08-08T18:15:44.848+0000] {processor.py:914} INFO - Processing file /home/airflow/.local/lib/python3.12/site-packages/airflow/example_dags/example_skip_dag.py for tasks to queue
[2026-08-08T18:15:44.852+0000] {logging_mixin.py:190} INFO - [2026-08-08T18:15:44.851+0000] {dagbag.py:587} INFO - Filling up the DagBag from /home/airflow/.local/lib/python3.12/site-packages/airflow/example_dags/example_skip_dag.py
[2026-08-08T18:15:44.859+0000] {processor.py:925} INFO - DAG(s) 'example_skip_dag' retrieved from /home/airflow/.local/lib/python3.12/site-packages/airflow/example_dags/example_skip_dag.py
[2026-08-08T18:15:44.879+0000] {logging_mixin.py:190} INFO - [2026-08-08T18:15:44.878+0000] {dag.py:3211} INFO - Sync 1 DAGs
[2026-08-08T18:15:44.898+0000] {logging_mixin.py:190} INFO - [2026-08-08T18:15:44.898+0000] {dag.py:4138} INFO - Setting next_dagrun for example_skip_dag to 2026-08-07 00:00:00+00:00, run_after=2026-08-08 00:00:00+00:00
[2026-08-08T18:15:44.919+0000] {processor.py:208} INFO - Processing /home/airflow/.local/lib/python3.12/site-packages/airflow/example_dags/example_skip_dag.py took 0.077 seconds
[2026-08-08T18:17:15.305+0000] {processor.py:186} INFO - Started process (PID=143) to work on /home/airflow/.local/lib/python3.12/site-packages/airflow/example_dags/example_skip_dag.py
[2026-08-08T18:17:15.307+0000] {processor.py:914} INFO - Processing file /home/airflow/.local/lib/python3.12/site-packages/airflow/example_dags/example_skip_dag.py for tasks to queue
[2026-08-08T18:17:15.311+0000] {logging_mixin.py:190} INFO - [2026-08-08T18:17:15.310+0000] {dagbag.py:587} INFO - Filling up the DagBag from /home/airflow/.local/lib/python3.12/site-packages/airflow/example_dags/example_skip_dag.py
[2026-08-08T18:17:15.321+0000] {processor.py:925} INFO - DAG(s) 'example_skip_dag' retrieved from /home/airflow/.local/lib/python3.12/site-packages/airflow/example_dags/example_skip_dag.py
[2026-08-08T18:17:15.349+0000] {logging_mixin.py:190} INFO - [2026-08-08T18:17:15.349+0000] {dag.py:3211} INFO - Sync 1 DAGs
[2026-08-08T18:17:15.374+0000] {logging_mixin.py:190} INFO - [2026-08-08T18:17:15.374+0000] {dag.py:4138} INFO - Setting next_dagrun for example_skip_dag to 2026-08-07 00:00:00+00:00, run_after=2026-08-08 00:00:00+00:00
[2026-08-08T18:17:15.402+0000] {processor.py:208} INFO - Processing /home/airflow/.local/lib/python3.12/site-packages/airflow/example_dags/example_skip_dag.py took 0.105 seconds
[2026-08-08T18:17:45.820+0000] {processor.py:186} INFO - Started process (PID=206) to work on /home/airflow/.local/lib/python3.12/site-packages/airflow/example_dags/example_skip_dag.py
[2026-08-08T18:17:45.822+0000] {processor.py:914} INFO - Processing file /home/airflow/.local/lib/python3.12/site-packages/airflow/example_dags/example_skip_dag.py for tasks to queue
[2026-08-08T18:17:45.824+0000] {logging_mixin.py:190} INFO - [2026-08-08T18:17:45.824+0000] {dagbag.py:587} INFO - Filling up the DagBag from /home/airflow/.local/lib/python3.12/site-packages/airflow/example_dags/example_skip_dag.py
[2026-08-08T18:17:45.832+0000] {processor.py:925} INFO - DAG(s) 'example_skip_dag' retrieved from /home/airflow/.local/lib/python3.12/site-packages/airflow/example_dags/example_skip_dag.py
[2026-08-08T18:17:45.853+0000] {logging_mixin.py:190} INFO - [2026-08-08T18:17:45.853+0000] {dag.py:3211} INFO - Sync 1 DAGs
[2026-08-08T18:17:45.871+0000] {logging_mixin.py:190} INFO - [2026-08-08T18:17:45.871+0000] {dag.py:4138} INFO - Setting next_dagrun for example_skip_dag to 2026-08-07 00:00:00+00:00, run_after=2026-08-08 00:00:00+00:00
[2026-08-08T18:17:45.888+0000] {processor.py:208} INFO - Processing /home/airflow/.local/lib/python3.12/site-packages/airflow/example_dags/example_skip_dag.py took 0.074 seconds
[2026-08-08T18:18:16.624+0000] {processor.py:186} INFO - Started process (PID=269) to work on /home/airflow/.local/lib/python3.12/site-packages/airflow/example_dags/example_skip_dag.py
[2026-08-08T18:18:16.626+0000] {processor.py:914} INFO - Processing file /home/airflow/.local/lib/python3.12/site-packages/airflow/example_dags/example_skip_dag.py for tasks to queue
[2026-08-08T18:18:16.629+0000] {logging_mixin.py:190} INFO - [2026-08-08T18:18:16.629+0000] {dagbag.py:587} INFO - Filling up the DagBag from /home/airflow/.local/lib/python3.12/site-packages/airflow/example_dags/example_skip_dag.py
[2026-08-08T18:18:16.639+0000] {processor.py:925} INFO - DAG(s) 'example_skip_dag' retrieved from /home/airflow/.local/lib/python3.12/site-packages/airflow/example_dags/example_skip_dag.py
[2026-08-08T18:18:16.670+0000] {logging_mixin.py:190} INFO - [2026-08-08T18:18:16.669+0000] {dag.py:3211} INFO - Sync 1 DAGs
[2026-08-08T18:18:16.714+0000] {logging_mixin.py:190} INFO - [2026-08-08T18:18:16.713+0000] {dag.py:4138} INFO - Setting next_dagrun for example_skip_dag to 2026-08-07 00:00:00+00:00, run_after=2026-08-08 00:00:00+00:00
[2026-08-08T18:18:16.769+0000] {processor.py:208} INFO - Processing /home/airflow/.local/lib/python3.12/site-packages/airflow/example_dags/example_skip_dag.py took 0.152 seconds
[2026-08-08T18:18:46.897+0000] {processor.py:186} INFO - Started process (PID=332) to work on /home/airflow/.local/lib/python3.12/site-packages/airflow/example_dags/example_skip_dag.py
[2026-08-08T18:18:46.899+0000] {processor.py:914} INFO - Processing file /home/airflow/.local/lib/python3.12/site-packages/airflow/example_dags/example_skip_dag.py for tasks to queue
[2026-08-08T18:18:46.904+0000] {logging_mixin.py:190} INFO - [2026-08-08T18:18:46.903+0000] {dagbag.py:587} INFO - Filling up the DagBag from /home/airflow/.local/lib/python3.12/site-packages/airflow/example_dags/example_skip_dag.py
[2026-08-08T18:18:46.914+0000] {processor.py:925} INFO - DAG(s) 'example_skip_dag' retrieved from /home/airflow/.local/lib/python3.12/site-packages/airflow/example_dags/example_skip_dag.py
[2026-08-08T18:18:46.943+0000] {logging_mixin.py:190} INFO - [2026-08-08T18:18:46.943+0000] {dag.py:3211} INFO - Sync 1 DAGs
[2026-08-08T18:18:46.970+0000] {logging_mixin.py:190} INFO - [2026-08-08T18:18:46.970+0000] {dag.py:4138} INFO - Setting next_dagrun for example_skip_dag to 2026-08-07 00:00:00+00:00, run_after=2026-08-08 00:00:00+00:00
[2026-08-08T18:18:46.997+0000] {processor.py:208} INFO - Processing /home/airflow/.local/lib/python3.12/site-packages/airflow/example_dags/example_skip_dag.py took 0.106 seconds
[2026-08-08T18:19:17.450+0000] {processor.py:186} INFO - Started process (PID=395) to work on /home/airflow/.local/lib/python3.12/site-packages/airflow/example_dags/example_skip_dag.py
[2026-08-08T18:19:17.453+0000] {processor.py:914} INFO - Processing file /home/airflow/.local/lib/python3.12/site-packages/airflow/example_dags/example_skip_dag.py for tasks to queue
[2026-08-08T18:19:17.460+0000] {logging_mixin.py:190} INFO - [2026-08-08T18:19:17.459+0000] {dagbag.py:587} INFO - Filling up the DagBag from /home/airflow/.local/lib/python3.12/site-packages/airflow/example_dags/example_skip_dag.py
[2026-08-08T18:19:17.472+0000] {processor.py:925} INFO - DAG(s) 'example_skip_dag' retrieved from /home/airflow/.local/lib/python3.12/site-packages/airflow/example_dags/example_skip_dag.py
[2026-08-08T18:19:17.504+0000] {logging_mixin.py:190} INFO - [2026-08-08T18:19:17.503+0000] {dag.py:3211} INFO - Sync 1 DAGs
[2026-08-08T18:19:17.534+0000] {logging_mixin.py:190} INFO - [2026-08-08T18:19:17.534+0000] {dag.py:4138} INFO - Setting next_dagrun for example_skip_dag to 2026-08-07 00:00:00+00:00, run_after=2026-08-08 00:00:00+00:00
[2026-08-08T18:19:17.570+0000] {processor.py:208} INFO - Processing /home/airflow/.local/lib/python3.12/site-packages/airflow/example_dags/example_skip_dag.py took 0.129 seconds
[2026-08-08T18:24:04.712+0000] {processor.py:186} INFO - Started process (PID=458) to work on /home/airflow/.local/lib/python3.12/site-packages/airflow/example_dags/example_skip_dag.py
[2026-08-08T18:24:04.719+0000] {processor.py:914} INFO - Processing file /home/airflow/.local/lib/python3.12/site-packages/airflow/example_dags/example_skip_dag.py for tasks to queue
[2026-08-08T18:24:04.721+0000] {logging_mixin.py:190} INFO - [2026-08-08T18:24:04.721+0000] {dagbag.py:587} INFO - Filling up the DagBag from /home/airflow/.local/lib/python3.12/site-packages/airflow/example_dags/example_skip_dag.py
[2026-08-08T18:24:04.727+0000] {processor.py:925} INFO - DAG(s) 'example_skip_dag' retrieved from /home/airflow/.local/lib/python3.12/site-packages/airflow/example_dags/example_skip_dag.py
[2026-08-08T18:24:04.742+0000] {logging_mixin.py:190} INFO - [2026-08-08T18:24:04.742+0000] {dag.py:3211} INFO - Sync 1 DAGs
[2026-08-08T18:24:04.758+0000] {logging_mixin.py:190} INFO - [2026-08-08T18:24:04.758+0000] {dag.py:4138} INFO - Setting next_dagrun for example_skip_dag to 2026-08-07 00:00:00+00:00, run_after=2026-08-08 00:00:00+00:00
[2026-08-08T18:24:04.780+0000] {processor.py:208} INFO - Processing /home/airflow/.local/lib/python3.12/site-packages/airflow/example_dags/example_skip_dag.py took 0.072 seconds
[2026-08-08T18:24:35.945+0000] {processor.py:186} INFO - Started process (PID=521) to work on /home/airflow/.local/lib/python3.12/site-packages/airflow/example_dags/example_skip_dag.py
[2026-08-08T18:24:35.947+0000] {processor.py:914} INFO - Processing file /home/airflow/.local/lib/python3.12/site-packages/airflow/example_dags/example_skip_dag.py for tasks to queue
[2026-08-08T18:24:35.950+0000] {logging_mixin.py:190} INFO - [2026-08-08T18:24:35.950+0000] {dagbag.py:587} INFO - Filling up the DagBag from /home/airflow/.local/lib/python3.12/site-packages/airflow/example_dags/example_skip_dag.py
[2026-08-08T18:24:35.960+0000] {processor.py:925} INFO - DAG(s) 'example_skip_dag' retrieved from /home/airflow/.local/lib/python3.12/site-packages/airflow/example_dags/example_skip_dag.py
[2026-08-08T18:24:35.985+0000] {logging_mixin.py:190} INFO - [2026-08-08T18:24:35.985+0000] {dag.py:3211} INFO - Sync 1 DAGs
[2026-08-08T18:24:36.013+0000] {logging_mixin.py:190} INFO - [2026-08-08T18:24:36.013+0000] {dag.py:4138} INFO - Setting next_dagrun for example_skip_dag to 2026-08-07 00:00:00+00:00, run_after=2026-08-08 00:00:00+00:00
[2026-08-08T18:24:36.044+0000] {processor.py:208} INFO - Processing /home/airflow/.local/lib/python3.12/site-packages/airflow/example_dags/example_skip_dag.py took 0.106 seconds
[2026-08-08T18:25:06.127+0000] {processor.py:186} INFO - Started process (PID=584) to work on /home/airflow/.local/lib/python3.12/site-packages/airflow/example_dags/example_skip_dag.py
[2026-08-08T18:25:06.129+0000] {processor.py:914} INFO - Processing file /home/airflow/.local/lib/python3.12/site-packages/airflow/example_dags/example_skip_dag.py for tasks to queue
[2026-08-08T18:25:06.133+0000] {logging_mixin.py:190} INFO - [2026-08-08T18:25:06.133+0000] {dagbag.py:587} INFO - Filling up the DagBag from /home/airflow/.local/lib/python3.12/site-packages/airflow/example_dags/example_skip_dag.py
[2026-08-08T18:25:06.141+0000] {processor.py:925} INFO - DAG(s) 'example_skip_dag' retrieved from /home/airflow/.local/lib/python3.12/site-packages/airflow/example_dags/example_skip_dag.py
[2026-08-08T18:25:06.163+0000] {logging_mixin.py:190} INFO - [2026-08-08T18:25:06.163+0000] {dag.py:3211} INFO - Sync 1 DAGs
[2026-08-08T18:25:06.182+0000] {logging_mixin.py:190} INFO - [2026-08-08T18:25:06.182+0000] {dag.py:4138} INFO - Setting next_dagrun for example_skip_dag to 2026-08-07 00:00:00+00:00, run_after=2026-08-08 00:00:00+00:00
[2026-08-08T18:25:06.201+0000] {processor.py:208} INFO - Processing /home/airflow/.local/lib/python3.12/site-packages/airflow/example_dags/example_skip_dag.py took 0.081 seconds
[2026-08-08T18:25:36.580+0000] {processor.py:186} INFO - Started process (PID=647) to work on /home/airflow/.local/lib/python3.12/site-packages/airflow/example_dags/example_skip_dag.py
[2026-08-08T18:25:36.582+0000] {processor.py:914} INFO - Processing file /home/airflow/.local/lib/python3.12/site-packages/airflow/example_dags/example_skip_dag.py for tasks to queue
[2026-08-08T18:25:36.588+0000] {logging_mixin.py:190} INFO - [2026-08-08T18:25:36.587+0000] {dagbag.py:587} INFO - Filling up the DagBag from /home/airflow/.local/lib/python3.12/site-packages/airflow/example_dags/example_skip_dag.py
[2026-08-08T18:25:36.600+0000] {processor.py:925} INFO - DAG(s) 'example_skip_dag' retrieved from /home/airflow/.local/lib/python3.12/site-packages/airflow/example_dags/example_skip_dag.py
[2026-08-08T18:25:36.628+0000] {logging_mixin.py:190} INFO - [2026-08-08T18:25:36.628+0000] {dag.py:3211} INFO - Sync 1 DAGs
[2026-08-08T18:25:36.655+0000] {logging_mixin.py:190} INFO - [2026-08-08T18:25:36.655+0000] {dag.py:4138} INFO - Setting next_dagrun for example_skip_dag to 2026-08-07 00:00:00+00:00, run_after=2026-08-08 00:00:00+00:00
[2026-08-08T18:25:36.681+0000] {processor.py:208} INFO - Processing /home/airflow/.local/lib/python3.12/site-packages/airflow/example_dags/example_skip_dag.py took 0.109 seconds
[2026-08-08T18:26:07.013+0000] {processor.py:186} INFO - Started process (PID=711) to work on /home/airflow/.local/lib/python3.12/site-packages/airflow/example_dags/example_skip_dag.py
[2026-08-08T18:26:07.015+0000] {processor.py:914} INFO - Processing file /home/airflow/.local/lib/python3.12/site-packages/airflow/example_dags/example_skip_dag.py for tasks to queue
[2026-08-08T18:26:07.020+0000] {logging_mixin.py:190} INFO - [2026-08-08T18:26:07.019+0000] {dagbag.py:587} INFO - Filling up the DagBag from /home/airflow/.local/lib/python3.12/site-packages/airflow/example_dags/example_skip_dag.py
[2026-08-08T18:26:07.030+0000] {processor.py:925} INFO - DAG(s) 'example_skip_dag' retrieved from /home/airflow/.local/lib/python3.12/site-packages/airflow/example_dags/example_skip_dag.py
[2026-08-08T18:26:07.064+0000] {logging_mixin.py:190} INFO - [2026-08-08T18:26:07.063+0000] {dag.py:3211} INFO - Sync 1 DAGs
[2026-08-08T18:26:07.095+0000] {logging_mixin.py:190} INFO - [2026-08-08T18:26:07.095+0000] {dag.py:4138} INFO - Setting next_dagrun for example_skip_dag to 2026-08-07 00:00:00+00:00, run_after=2026-08-08 00:00:00+00:00
[2026-08-08T18:26:07.123+0000] {processor.py:208} INFO - Processing /home/airflow/.local/lib/python3.12/site-packages/airflow/example_dags/example_skip_dag.py took 0.119 seconds
[2026-08-08T18:26:37.733+0000] {processor.py:186} INFO - Started process (PID=774) to work on /home/airflow/.local/lib/python3.12/site-packages/airflow/example_dags/example_skip_dag.py
[2026-08-08T18:26:37.735+0000] {processor.py:914} INFO - Processing file /home/airflow/.local/lib/python3.12/site-packages/airflow/example_dags/example_skip_dag.py for tasks to queue
[2026-08-08T18:26:37.738+0000] {logging_mixin.py:190} INFO - [2026-08-08T18:26:37.738+0000] {dagbag.py:587} INFO - Filling up the DagBag from /home/airflow/.local/lib/python3.12/site-packages/airflow/example_dags/example_skip_dag.py
[2026-08-08T18:26:37.745+0000] {processor.py:925} INFO - DAG(s) 'example_skip_dag' retrieved from /home/airflow/.local/lib/python3.12/site-packages/airflow/example_dags/example_skip_dag.py
[2026-08-08T18:26:37.765+0000] {logging_mixin.py:190} INFO - [2026-08-08T18:26:37.765+0000] {dag.py:3211} INFO - Sync 1 DAGs
[2026-08-08T18:26:37.784+0000] {logging_mixin.py:190} INFO - [2026-08-08T18:26:37.784+0000] {dag.py:4138} INFO - Setting next_dagrun for example_skip_dag to 2026-08-07 00:00:00+00:00, run_after=2026-08-08 00:00:00+00:00
[2026-08-08T18:26:37.801+0000] {processor.py:208} INFO - Processing /home/airflow/.local/lib/python3.12/site-packages/airflow/example_dags/example_skip_dag.py took 0.074 seconds
