[2026-08-08T17:25:11.643+0000] {processor.py:186} INFO - Started process (PID=101) to work on /home/airflow/.local/lib/python3.12/site-packages/airflow/example_dags/tutorial.py
[2026-08-08T17:25:11.645+0000] {processor.py:914} INFO - Processing file /home/airflow/.local/lib/python3.12/site-packages/airflow/example_dags/tutorial.py for tasks to queue
[2026-08-08T17:25:11.652+0000] {logging_mixin.py:190} INFO - [2026-08-08T17:25:11.651+0000] {dagbag.py:587} INFO - Filling up the DagBag from /home/airflow/.local/lib/python3.12/site-packages/airflow/example_dags/tutorial.py
[2026-08-08T17:25:11.669+0000] {processor.py:925} INFO - DAG(s) 'tutorial' retrieved from /home/airflow/.local/lib/python3.12/site-packages/airflow/example_dags/tutorial.py
[2026-08-08T17:25:11.841+0000] {logging_mixin.py:190} INFO - [2026-08-08T17:25:11.840+0000] {override.py:1858} INFO - Created Permission View: can delete on DAG:tutorial
[2026-08-08T17:25:11.863+0000] {logging_mixin.py:190} INFO - [2026-08-08T17:25:11.862+0000] {override.py:1858} INFO - Created Permission View: can edit on DAG:tutorial
[2026-08-08T17:25:11.878+0000] {logging_mixin.py:190} INFO - [2026-08-08T17:25:11.877+0000] {override.py:1858} INFO - Created Permission View: can read on DAG:tutorial
[2026-08-08T17:25:11.880+0000] {logging_mixin.py:190} INFO - [2026-08-08T17:25:11.879+0000] {dag.py:3211} INFO - Sync 1 DAGs
[2026-08-08T17:25:11.913+0000] {logging_mixin.py:190} INFO - [2026-08-08T17:25:11.912+0000] {dag.py:3234} INFO - Creating ORM DAG for tutorial
[2026-08-08T17:25:11.929+0000] {logging_mixin.py:190} INFO - [2026-08-08T17:25:11.928+0000] {dag.py:4138} INFO - Setting next_dagrun for tutorial to 2026-08-07 00:00:00+00:00, run_after=2026-08-08 00:00:00+00:00
[2026-08-08T17:25:11.964+0000] {processor.py:208} INFO - Processing /home/airflow/.local/lib/python3.12/site-packages/airflow/example_dags/tutorial.py took 0.335 seconds
[2026-08-08T17:25:42.178+0000] {processor.py:186} INFO - Started process (PID=164) to work on /home/airflow/.local/lib/python3.12/site-packages/airflow/example_dags/tutorial.py
[2026-08-08T17:25:42.179+0000] {processor.py:914} INFO - Processing file /home/airflow/.local/lib/python3.12/site-packages/airflow/example_dags/tutorial.py for tasks to queue
[2026-08-08T17:25:42.181+0000] {logging_mixin.py:190} INFO - [2026-08-08T17:25:42.181+0000] {dagbag.py:587} INFO - Filling up the DagBag from /home/airflow/.local/lib/python3.12/site-packages/airflow/example_dags/tutorial.py
[2026-08-08T17:25:42.188+0000] {processor.py:925} INFO - DAG(s) 'tutorial' retrieved from /home/airflow/.local/lib/python3.12/site-packages/airflow/example_dags/tutorial.py
[2026-08-08T17:25:42.209+0000] {logging_mixin.py:190} INFO - [2026-08-08T17:25:42.209+0000] {dag.py:3211} INFO - Sync 1 DAGs
[2026-08-08T17:25:42.230+0000] {logging_mixin.py:190} INFO - [2026-08-08T17:25:42.229+0000] {dag.py:4138} INFO - Setting next_dagrun for tutorial to 2026-08-07 00:00:00+00:00, run_after=2026-08-08 00:00:00+00:00
[2026-08-08T17:25:42.260+0000] {processor.py:208} INFO - Processing /home/airflow/.local/lib/python3.12/site-packages/airflow/example_dags/tutorial.py took 0.089 seconds
[2026-08-08T17:26:12.829+0000] {processor.py:186} INFO - Started process (PID=227) to work on /home/airflow/.local/lib/python3.12/site-packages/airflow/example_dags/tutorial.py
[2026-08-08T17:26:12.830+0000] {processor.py:914} INFO - Processing file /home/airflow/.local/lib/python3.12/site-packages/airflow/example_dags/tutorial.py for tasks to queue
[2026-08-08T17:26:12.832+0000] {logging_mixin.py:190} INFO - [2026-08-08T17:26:12.832+0000] {dagbag.py:587} INFO - Filling up the DagBag from /home/airflow/.local/lib/python3.12/site-packages/airflow/example_dags/tutorial.py
[2026-08-08T17:26:12.840+0000] {processor.py:925} INFO - DAG(s) 'tutorial' retrieved from /home/airflow/.local/lib/python3.12/site-packages/airflow/example_dags/tutorial.py
[2026-08-08T17:26:12.874+0000] {logging_mixin.py:190} INFO - [2026-08-08T17:26:12.873+0000] {dag.py:3211} INFO - Sync 1 DAGs
[2026-08-08T17:26:12.911+0000] {logging_mixin.py:190} INFO - [2026-08-08T17:26:12.910+0000] {dag.py:4138} INFO - Setting next_dagrun for tutorial to 2026-08-07 00:00:00+00:00, run_after=2026-08-08 00:00:00+00:00
[2026-08-08T17:26:12.936+0000] {processor.py:208} INFO - Processing /home/airflow/.local/lib/python3.12/site-packages/airflow/example_dags/tutorial.py took 0.113 seconds
[2026-08-08T17:26:43.007+0000] {processor.py:186} INFO - Started process (PID=290) to work on /home/airflow/.local/lib/python3.12/site-packages/airflow/example_dags/tutorial.py
[2026-08-08T17:26:43.008+0000] {processor.py:914} INFO - Processing file /home/airflow/.local/lib/python3.12/site-packages/airflow/example_dags/tutorial.py for tasks to queue
[2026-08-08T17:26:43.012+0000] {logging_mixin.py:190} INFO - [2026-08-08T17:26:43.012+0000] {dagbag.py:587} INFO - Filling up the DagBag from /home/airflow/.local/lib/python3.12/site-packages/airflow/example_dags/tutorial.py
[2026-08-08T17:26:43.025+0000] {processor.py:925} INFO - DAG(s) 'tutorial' retrieved from /home/airflow/.local/lib/python3.12/site-packages/airflow/example_dags/tutorial.py
[2026-08-08T17:26:43.052+0000] {logging_mixin.py:190} INFO - [2026-08-08T17:26:43.052+0000] {dag.py:3211} INFO - Sync 1 DAGs
[2026-08-08T17:26:43.081+0000] {logging_mixin.py:190} INFO - [2026-08-08T17:26:43.081+0000] {dag.py:4138} INFO - Setting next_dagrun for tutorial to 2026-08-07 00:00:00+00:00, run_after=2026-08-08 00:00:00+00:00
[2026-08-08T17:26:43.106+0000] {processor.py:208} INFO - Processing /home/airflow/.local/lib/python3.12/site-packages/airflow/example_dags/tutorial.py took 0.109 seconds
[2026-08-08T17:27:13.442+0000] {processor.py:186} INFO - Started process (PID=353) to work on /home/airflow/.local/lib/python3.12/site-packages/airflow/example_dags/tutorial.py
[2026-08-08T17:27:13.443+0000] {processor.py:914} INFO - Processing file /home/airflow/.local/lib/python3.12/site-packages/airflow/example_dags/tutorial.py for tasks to queue
[2026-08-08T17:27:13.445+0000] {logging_mixin.py:190} INFO - [2026-08-08T17:27:13.445+0000] {dagbag.py:587} INFO - Filling up the DagBag from /home/airflow/.local/lib/python3.12/site-packages/airflow/example_dags/tutorial.py
[2026-08-08T17:27:13.452+0000] {processor.py:925} INFO - DAG(s) 'tutorial' retrieved from /home/airflow/.local/lib/python3.12/site-packages/airflow/example_dags/tutorial.py
[2026-08-08T17:27:13.467+0000] {logging_mixin.py:190} INFO - [2026-08-08T17:27:13.467+0000] {dag.py:3211} INFO - Sync 1 DAGs
[2026-08-08T17:27:13.482+0000] {logging_mixin.py:190} INFO - [2026-08-08T17:27:13.482+0000] {dag.py:4138} INFO - Setting next_dagrun for tutorial to 2026-08-07 00:00:00+00:00, run_after=2026-08-08 00:00:00+00:00
[2026-08-08T17:27:13.501+0000] {processor.py:208} INFO - Processing /home/airflow/.local/lib/python3.12/site-packages/airflow/example_dags/tutorial.py took 0.063 seconds
[2026-08-08T17:27:43.933+0000] {processor.py:186} INFO - Started process (PID=416) to work on /home/airflow/.local/lib/python3.12/site-packages/airflow/example_dags/tutorial.py
[2026-08-08T17:27:43.935+0000] {processor.py:914} INFO - Processing file /home/airflow/.local/lib/python3.12/site-packages/airflow/example_dags/tutorial.py for tasks to queue
[2026-08-08T17:27:43.937+0000] {logging_mixin.py:190} INFO - [2026-08-08T17:27:43.937+0000] {dagbag.py:587} INFO - Filling up the DagBag from /home/airflow/.local/lib/python3.12/site-packages/airflow/example_dags/tutorial.py
[2026-08-08T17:27:43.944+0000] {processor.py:925} INFO - DAG(s) 'tutorial' retrieved from /home/airflow/.local/lib/python3.12/site-packages/airflow/example_dags/tutorial.py
[2026-08-08T17:27:43.960+0000] {logging_mixin.py:190} INFO - [2026-08-08T17:27:43.959+0000] {dag.py:3211} INFO - Sync 1 DAGs
[2026-08-08T17:27:43.985+0000] {logging_mixin.py:190} INFO - [2026-08-08T17:27:43.985+0000] {dag.py:4138} INFO - Setting next_dagrun for tutorial to 2026-08-07 00:00:00+00:00, run_after=2026-08-08 00:00:00+00:00
[2026-08-08T17:27:44.015+0000] {processor.py:208} INFO - Processing /home/airflow/.local/lib/python3.12/site-packages/airflow/example_dags/tutorial.py took 0.087 seconds
[2026-08-08T17:28:14.480+0000] {processor.py:186} INFO - Started process (PID=479) to work on /home/airflow/.local/lib/python3.12/site-packages/airflow/example_dags/tutorial.py
[2026-08-08T17:28:14.481+0000] {processor.py:914} INFO - Processing file /home/airflow/.local/lib/python3.12/site-packages/airflow/example_dags/tutorial.py for tasks to queue
[2026-08-08T17:28:14.484+0000] {logging_mixin.py:190} INFO - [2026-08-08T17:28:14.484+0000] {dagbag.py:587} INFO - Filling up the DagBag from /home/airflow/.local/lib/python3.12/site-packages/airflow/example_dags/tutorial.py
[2026-08-08T17:28:14.492+0000] {processor.py:925} INFO - DAG(s) 'tutorial' retrieved from /home/airflow/.local/lib/python3.12/site-packages/airflow/example_dags/tutorial.py
[2026-08-08T17:28:14.509+0000] {logging_mixin.py:190} INFO - [2026-08-08T17:28:14.509+0000] {dag.py:3211} INFO - Sync 1 DAGs
[2026-08-08T17:28:14.525+0000] {logging_mixin.py:190} INFO - [2026-08-08T17:28:14.525+0000] {dag.py:4138} INFO - Setting next_dagrun for tutorial to 2026-08-07 00:00:00+00:00, run_after=2026-08-08 00:00:00+00:00
[2026-08-08T17:28:14.545+0000] {processor.py:208} INFO - Processing /home/airflow/.local/lib/python3.12/site-packages/airflow/example_dags/tutorial.py took 0.070 seconds
[2026-08-08T17:28:45.392+0000] {processor.py:186} INFO - Started process (PID=542) to work on /home/airflow/.local/lib/python3.12/site-packages/airflow/example_dags/tutorial.py
[2026-08-08T17:28:45.394+0000] {processor.py:914} INFO - Processing file /home/airflow/.local/lib/python3.12/site-packages/airflow/example_dags/tutorial.py for tasks to queue
[2026-08-08T17:28:45.400+0000] {logging_mixin.py:190} INFO - [2026-08-08T17:28:45.400+0000] {dagbag.py:587} INFO - Filling up the DagBag from /home/airflow/.local/lib/python3.12/site-packages/airflow/example_dags/tutorial.py
[2026-08-08T17:28:45.412+0000] {processor.py:925} INFO - DAG(s) 'tutorial' retrieved from /home/airflow/.local/lib/python3.12/site-packages/airflow/example_dags/tutorial.py
[2026-08-08T17:28:45.489+0000] {logging_mixin.py:190} INFO - [2026-08-08T17:28:45.488+0000] {dag.py:3211} INFO - Sync 1 DAGs
[2026-08-08T17:28:45.556+0000] {logging_mixin.py:190} INFO - [2026-08-08T17:28:45.555+0000] {dag.py:4138} INFO - Setting next_dagrun for tutorial to 2026-08-07 00:00:00+00:00, run_after=2026-08-08 00:00:00+00:00
[2026-08-08T17:28:45.608+0000] {processor.py:208} INFO - Processing /home/airflow/.local/lib/python3.12/site-packages/airflow/example_dags/tutorial.py took 0.226 seconds
[2026-08-08T17:29:16.438+0000] {processor.py:186} INFO - Started process (PID=605) to work on /home/airflow/.local/lib/python3.12/site-packages/airflow/example_dags/tutorial.py
[2026-08-08T17:29:16.439+0000] {processor.py:914} INFO - Processing file /home/airflow/.local/lib/python3.12/site-packages/airflow/example_dags/tutorial.py for tasks to queue
[2026-08-08T17:29:16.442+0000] {logging_mixin.py:190} INFO - [2026-08-08T17:29:16.441+0000] {dagbag.py:587} INFO - Filling up the DagBag from /home/airflow/.local/lib/python3.12/site-packages/airflow/example_dags/tutorial.py
[2026-08-08T17:29:16.449+0000] {processor.py:925} INFO - DAG(s) 'tutorial' retrieved from /home/airflow/.local/lib/python3.12/site-packages/airflow/example_dags/tutorial.py
[2026-08-08T17:29:16.470+0000] {logging_mixin.py:190} INFO - [2026-08-08T17:29:16.470+0000] {dag.py:3211} INFO - Sync 1 DAGs
[2026-08-08T17:29:16.499+0000] {logging_mixin.py:190} INFO - [2026-08-08T17:29:16.499+0000] {dag.py:4138} INFO - Setting next_dagrun for tutorial to 2026-08-07 00:00:00+00:00, run_after=2026-08-08 00:00:00+00:00
[2026-08-08T17:29:16.523+0000] {processor.py:208} INFO - Processing /home/airflow/.local/lib/python3.12/site-packages/airflow/example_dags/tutorial.py took 0.091 seconds
[2026-08-08T17:29:46.602+0000] {processor.py:186} INFO - Started process (PID=667) to work on /home/airflow/.local/lib/python3.12/site-packages/airflow/example_dags/tutorial.py
[2026-08-08T17:29:46.603+0000] {processor.py:914} INFO - Processing file /home/airflow/.local/lib/python3.12/site-packages/airflow/example_dags/tutorial.py for tasks to queue
[2026-08-08T17:29:46.605+0000] {logging_mixin.py:190} INFO - [2026-08-08T17:29:46.605+0000] {dagbag.py:587} INFO - Filling up the DagBag from /home/airflow/.local/lib/python3.12/site-packages/airflow/example_dags/tutorial.py
[2026-08-08T17:29:46.613+0000] {processor.py:925} INFO - DAG(s) 'tutorial' retrieved from /home/airflow/.local/lib/python3.12/site-packages/airflow/example_dags/tutorial.py
[2026-08-08T17:29:46.629+0000] {logging_mixin.py:190} INFO - [2026-08-08T17:29:46.629+0000] {dag.py:3211} INFO - Sync 1 DAGs
[2026-08-08T17:29:46.647+0000] {logging_mixin.py:190} INFO - [2026-08-08T17:29:46.647+0000] {dag.py:4138} INFO - Setting next_dagrun for tutorial to 2026-08-07 00:00:00+00:00, run_after=2026-08-08 00:00:00+00:00
[2026-08-08T17:29:46.667+0000] {processor.py:208} INFO - Processing /home/airflow/.local/lib/python3.12/site-packages/airflow/example_dags/tutorial.py took 0.070 seconds
[2026-08-08T17:30:17.585+0000] {processor.py:186} INFO - Started process (PID=731) to work on /home/airflow/.local/lib/python3.12/site-packages/airflow/example_dags/tutorial.py
[2026-08-08T17:30:17.587+0000] {processor.py:914} INFO - Processing file /home/airflow/.local/lib/python3.12/site-packages/airflow/example_dags/tutorial.py for tasks to queue
[2026-08-08T17:30:17.589+0000] {logging_mixin.py:190} INFO - [2026-08-08T17:30:17.589+0000] {dagbag.py:587} INFO - Filling up the DagBag from /home/airflow/.local/lib/python3.12/site-packages/airflow/example_dags/tutorial.py
[2026-08-08T17:30:17.599+0000] {processor.py:925} INFO - DAG(s) 'tutorial' retrieved from /home/airflow/.local/lib/python3.12/site-packages/airflow/example_dags/tutorial.py
[2026-08-08T17:30:17.621+0000] {logging_mixin.py:190} INFO - [2026-08-08T17:30:17.621+0000] {dag.py:3211} INFO - Sync 1 DAGs
[2026-08-08T17:30:17.641+0000] {logging_mixin.py:190} INFO - [2026-08-08T17:30:17.641+0000] {dag.py:4138} INFO - Setting next_dagrun for tutorial to 2026-08-07 00:00:00+00:00, run_after=2026-08-08 00:00:00+00:00
[2026-08-08T17:30:17.665+0000] {processor.py:208} INFO - Processing /home/airflow/.local/lib/python3.12/site-packages/airflow/example_dags/tutorial.py took 0.086 seconds
[2026-08-08T17:30:47.977+0000] {processor.py:186} INFO - Started process (PID=794) to work on /home/airflow/.local/lib/python3.12/site-packages/airflow/example_dags/tutorial.py
[2026-08-08T17:30:47.978+0000] {processor.py:914} INFO - Processing file /home/airflow/.local/lib/python3.12/site-packages/airflow/example_dags/tutorial.py for tasks to queue
[2026-08-08T17:30:47.981+0000] {logging_mixin.py:190} INFO - [2026-08-08T17:30:47.981+0000] {dagbag.py:587} INFO - Filling up the DagBag from /home/airflow/.local/lib/python3.12/site-packages/airflow/example_dags/tutorial.py
[2026-08-08T17:30:47.988+0000] {processor.py:925} INFO - DAG(s) 'tutorial' retrieved from /home/airflow/.local/lib/python3.12/site-packages/airflow/example_dags/tutorial.py
[2026-08-08T17:30:48.008+0000] {logging_mixin.py:190} INFO - [2026-08-08T17:30:48.008+0000] {dag.py:3211} INFO - Sync 1 DAGs
[2026-08-08T17:30:48.028+0000] {logging_mixin.py:190} INFO - [2026-08-08T17:30:48.027+0000] {dag.py:4138} INFO - Setting next_dagrun for tutorial to 2026-08-07 00:00:00+00:00, run_after=2026-08-08 00:00:00+00:00
[2026-08-08T17:30:48.048+0000] {processor.py:208} INFO - Processing /home/airflow/.local/lib/python3.12/site-packages/airflow/example_dags/tutorial.py took 0.076 seconds
[2026-08-08T17:31:18.995+0000] {processor.py:186} INFO - Started process (PID=857) to work on /home/airflow/.local/lib/python3.12/site-packages/airflow/example_dags/tutorial.py
[2026-08-08T17:31:18.998+0000] {processor.py:914} INFO - Processing file /home/airflow/.local/lib/python3.12/site-packages/airflow/example_dags/tutorial.py for tasks to queue
[2026-08-08T17:31:19.002+0000] {logging_mixin.py:190} INFO - [2026-08-08T17:31:19.002+0000] {dagbag.py:587} INFO - Filling up the DagBag from /home/airflow/.local/lib/python3.12/site-packages/airflow/example_dags/tutorial.py
[2026-08-08T17:31:19.012+0000] {processor.py:925} INFO - DAG(s) 'tutorial' retrieved from /home/airflow/.local/lib/python3.12/site-packages/airflow/example_dags/tutorial.py
[2026-08-08T17:31:19.040+0000] {logging_mixin.py:190} INFO - [2026-08-08T17:31:19.039+0000] {dag.py:3211} INFO - Sync 1 DAGs
[2026-08-08T17:31:19.070+0000] {logging_mixin.py:190} INFO - [2026-08-08T17:31:19.069+0000] {dag.py:4138} INFO - Setting next_dagrun for tutorial to 2026-08-07 00:00:00+00:00, run_after=2026-08-08 00:00:00+00:00
[2026-08-08T17:31:19.097+0000] {processor.py:208} INFO - Processing /home/airflow/.local/lib/python3.12/site-packages/airflow/example_dags/tutorial.py took 0.110 seconds
[2026-08-08T17:31:49.233+0000] {processor.py:186} INFO - Started process (PID=919) to work on /home/airflow/.local/lib/python3.12/site-packages/airflow/example_dags/tutorial.py
[2026-08-08T17:31:49.234+0000] {processor.py:914} INFO - Processing file /home/airflow/.local/lib/python3.12/site-packages/airflow/example_dags/tutorial.py for tasks to queue
[2026-08-08T17:31:49.237+0000] {logging_mixin.py:190} INFO - [2026-08-08T17:31:49.237+0000] {dagbag.py:587} INFO - Filling up the DagBag from /home/airflow/.local/lib/python3.12/site-packages/airflow/example_dags/tutorial.py
[2026-08-08T17:31:49.250+0000] {processor.py:925} INFO - DAG(s) 'tutorial' retrieved from /home/airflow/.local/lib/python3.12/site-packages/airflow/example_dags/tutorial.py
[2026-08-08T17:31:49.274+0000] {logging_mixin.py:190} INFO - [2026-08-08T17:31:49.273+0000] {dag.py:3211} INFO - Sync 1 DAGs
[2026-08-08T17:31:49.297+0000] {logging_mixin.py:190} INFO - [2026-08-08T17:31:49.297+0000] {dag.py:4138} INFO - Setting next_dagrun for tutorial to 2026-08-07 00:00:00+00:00, run_after=2026-08-08 00:00:00+00:00
[2026-08-08T17:31:49.319+0000] {processor.py:208} INFO - Processing /home/airflow/.local/lib/python3.12/site-packages/airflow/example_dags/tutorial.py took 0.095 seconds
[2026-08-08T17:32:19.447+0000] {processor.py:186} INFO - Started process (PID=982) to work on /home/airflow/.local/lib/python3.12/site-packages/airflow/example_dags/tutorial.py
[2026-08-08T17:32:19.448+0000] {processor.py:914} INFO - Processing file /home/airflow/.local/lib/python3.12/site-packages/airflow/example_dags/tutorial.py for tasks to queue
[2026-08-08T17:32:19.451+0000] {logging_mixin.py:190} INFO - [2026-08-08T17:32:19.450+0000] {dagbag.py:587} INFO - Filling up the DagBag from /home/airflow/.local/lib/python3.12/site-packages/airflow/example_dags/tutorial.py
[2026-08-08T17:32:19.461+0000] {processor.py:925} INFO - DAG(s) 'tutorial' retrieved from /home/airflow/.local/lib/python3.12/site-packages/airflow/example_dags/tutorial.py
[2026-08-08T17:32:19.485+0000] {logging_mixin.py:190} INFO - [2026-08-08T17:32:19.485+0000] {dag.py:3211} INFO - Sync 1 DAGs
[2026-08-08T17:32:19.510+0000] {logging_mixin.py:190} INFO - [2026-08-08T17:32:19.510+0000] {dag.py:4138} INFO - Setting next_dagrun for tutorial to 2026-08-07 00:00:00+00:00, run_after=2026-08-08 00:00:00+00:00
[2026-08-08T17:32:19.533+0000] {processor.py:208} INFO - Processing /home/airflow/.local/lib/python3.12/site-packages/airflow/example_dags/tutorial.py took 0.093 seconds
[2026-08-08T17:32:49.913+0000] {processor.py:186} INFO - Started process (PID=1046) to work on /home/airflow/.local/lib/python3.12/site-packages/airflow/example_dags/tutorial.py
[2026-08-08T17:32:49.914+0000] {processor.py:914} INFO - Processing file /home/airflow/.local/lib/python3.12/site-packages/airflow/example_dags/tutorial.py for tasks to queue
[2026-08-08T17:32:49.918+0000] {logging_mixin.py:190} INFO - [2026-08-08T17:32:49.917+0000] {dagbag.py:587} INFO - Filling up the DagBag from /home/airflow/.local/lib/python3.12/site-packages/airflow/example_dags/tutorial.py
[2026-08-08T17:32:49.928+0000] {processor.py:925} INFO - DAG(s) 'tutorial' retrieved from /home/airflow/.local/lib/python3.12/site-packages/airflow/example_dags/tutorial.py
[2026-08-08T17:32:49.952+0000] {logging_mixin.py:190} INFO - [2026-08-08T17:32:49.952+0000] {dag.py:3211} INFO - Sync 1 DAGs
[2026-08-08T17:32:49.975+0000] {logging_mixin.py:190} INFO - [2026-08-08T17:32:49.975+0000] {dag.py:4138} INFO - Setting next_dagrun for tutorial to 2026-08-07 00:00:00+00:00, run_after=2026-08-08 00:00:00+00:00
[2026-08-08T17:32:49.999+0000] {processor.py:208} INFO - Processing /home/airflow/.local/lib/python3.12/site-packages/airflow/example_dags/tutorial.py took 0.092 seconds
[2026-08-08T17:33:20.617+0000] {processor.py:186} INFO - Started process (PID=1109) to work on /home/airflow/.local/lib/python3.12/site-packages/airflow/example_dags/tutorial.py
[2026-08-08T17:33:20.619+0000] {processor.py:914} INFO - Processing file /home/airflow/.local/lib/python3.12/site-packages/airflow/example_dags/tutorial.py for tasks to queue
[2026-08-08T17:33:20.622+0000] {logging_mixin.py:190} INFO - [2026-08-08T17:33:20.622+0000] {dagbag.py:587} INFO - Filling up the DagBag from /home/airflow/.local/lib/python3.12/site-packages/airflow/example_dags/tutorial.py
[2026-08-08T17:33:20.633+0000] {processor.py:925} INFO - DAG(s) 'tutorial' retrieved from /home/airflow/.local/lib/python3.12/site-packages/airflow/example_dags/tutorial.py
[2026-08-08T17:33:20.658+0000] {logging_mixin.py:190} INFO - [2026-08-08T17:33:20.657+0000] {dag.py:3211} INFO - Sync 1 DAGs
[2026-08-08T17:33:20.680+0000] {logging_mixin.py:190} INFO - [2026-08-08T17:33:20.679+0000] {dag.py:4138} INFO - Setting next_dagrun for tutorial to 2026-08-07 00:00:00+00:00, run_after=2026-08-08 00:00:00+00:00
[2026-08-08T17:33:20.698+0000] {processor.py:208} INFO - Processing /home/airflow/.local/lib/python3.12/site-packages/airflow/example_dags/tutorial.py took 0.089 seconds
[2026-08-08T17:33:50.916+0000] {processor.py:186} INFO - Started process (PID=1172) to work on /home/airflow/.local/lib/python3.12/site-packages/airflow/example_dags/tutorial.py
[2026-08-08T17:33:50.917+0000] {processor.py:914} INFO - Processing file /home/airflow/.local/lib/python3.12/site-packages/airflow/example_dags/tutorial.py for tasks to queue
[2026-08-08T17:33:50.920+0000] {logging_mixin.py:190} INFO - [2026-08-08T17:33:50.920+0000] {dagbag.py:587} INFO - Filling up the DagBag from /home/airflow/.local/lib/python3.12/site-packages/airflow/example_dags/tutorial.py
[2026-08-08T17:33:50.930+0000] {processor.py:925} INFO - DAG(s) 'tutorial' retrieved from /home/airflow/.local/lib/python3.12/site-packages/airflow/example_dags/tutorial.py
[2026-08-08T17:33:50.953+0000] {logging_mixin.py:190} INFO - [2026-08-08T17:33:50.953+0000] {dag.py:3211} INFO - Sync 1 DAGs
[2026-08-08T17:33:50.972+0000] {logging_mixin.py:190} INFO - [2026-08-08T17:33:50.972+0000] {dag.py:4138} INFO - Setting next_dagrun for tutorial to 2026-08-07 00:00:00+00:00, run_after=2026-08-08 00:00:00+00:00
[2026-08-08T17:33:50.990+0000] {processor.py:208} INFO - Processing /home/airflow/.local/lib/python3.12/site-packages/airflow/example_dags/tutorial.py took 0.080 seconds
[2026-08-08T17:34:21.255+0000] {processor.py:186} INFO - Started process (PID=1235) to work on /home/airflow/.local/lib/python3.12/site-packages/airflow/example_dags/tutorial.py
[2026-08-08T17:34:21.256+0000] {processor.py:914} INFO - Processing file /home/airflow/.local/lib/python3.12/site-packages/airflow/example_dags/tutorial.py for tasks to queue
[2026-08-08T17:34:21.259+0000] {logging_mixin.py:190} INFO - [2026-08-08T17:34:21.259+0000] {dagbag.py:587} INFO - Filling up the DagBag from /home/airflow/.local/lib/python3.12/site-packages/airflow/example_dags/tutorial.py
[2026-08-08T17:34:21.267+0000] {processor.py:925} INFO - DAG(s) 'tutorial' retrieved from /home/airflow/.local/lib/python3.12/site-packages/airflow/example_dags/tutorial.py
[2026-08-08T17:34:21.287+0000] {logging_mixin.py:190} INFO - [2026-08-08T17:34:21.287+0000] {dag.py:3211} INFO - Sync 1 DAGs
[2026-08-08T17:34:21.307+0000] {logging_mixin.py:190} INFO - [2026-08-08T17:34:21.307+0000] {dag.py:4138} INFO - Setting next_dagrun for tutorial to 2026-08-07 00:00:00+00:00, run_after=2026-08-08 00:00:00+00:00
[2026-08-08T17:34:21.325+0000] {processor.py:208} INFO - Processing /home/airflow/.local/lib/python3.12/site-packages/airflow/example_dags/tutorial.py took 0.075 seconds
[2026-08-08T17:34:52.161+0000] {processor.py:186} INFO - Started process (PID=1298) to work on /home/airflow/.local/lib/python3.12/site-packages/airflow/example_dags/tutorial.py
[2026-08-08T17:34:52.165+0000] {processor.py:914} INFO - Processing file /home/airflow/.local/lib/python3.12/site-packages/airflow/example_dags/tutorial.py for tasks to queue
[2026-08-08T17:34:52.170+0000] {logging_mixin.py:190} INFO - [2026-08-08T17:34:52.169+0000] {dagbag.py:587} INFO - Filling up the DagBag from /home/airflow/.local/lib/python3.12/site-packages/airflow/example_dags/tutorial.py
[2026-08-08T17:34:52.186+0000] {processor.py:925} INFO - DAG(s) 'tutorial' retrieved from /home/airflow/.local/lib/python3.12/site-packages/airflow/example_dags/tutorial.py
[2026-08-08T17:34:52.218+0000] {logging_mixin.py:190} INFO - [2026-08-08T17:34:52.218+0000] {dag.py:3211} INFO - Sync 1 DAGs
[2026-08-08T17:34:52.253+0000] {logging_mixin.py:190} INFO - [2026-08-08T17:34:52.253+0000] {dag.py:4138} INFO - Setting next_dagrun for tutorial to 2026-08-07 00:00:00+00:00, run_after=2026-08-08 00:00:00+00:00
[2026-08-08T17:34:52.285+0000] {processor.py:208} INFO - Processing /home/airflow/.local/lib/python3.12/site-packages/airflow/example_dags/tutorial.py took 0.137 seconds
[2026-08-08T17:35:22.797+0000] {processor.py:186} INFO - Started process (PID=1361) to work on /home/airflow/.local/lib/python3.12/site-packages/airflow/example_dags/tutorial.py
[2026-08-08T17:35:22.798+0000] {processor.py:914} INFO - Processing file /home/airflow/.local/lib/python3.12/site-packages/airflow/example_dags/tutorial.py for tasks to queue
[2026-08-08T17:35:22.801+0000] {logging_mixin.py:190} INFO - [2026-08-08T17:35:22.801+0000] {dagbag.py:587} INFO - Filling up the DagBag from /home/airflow/.local/lib/python3.12/site-packages/airflow/example_dags/tutorial.py
[2026-08-08T17:35:22.810+0000] {processor.py:925} INFO - DAG(s) 'tutorial' retrieved from /home/airflow/.local/lib/python3.12/site-packages/airflow/example_dags/tutorial.py
[2026-08-08T17:35:22.832+0000] {logging_mixin.py:190} INFO - [2026-08-08T17:35:22.832+0000] {dag.py:3211} INFO - Sync 1 DAGs
[2026-08-08T17:35:22.851+0000] {logging_mixin.py:190} INFO - [2026-08-08T17:35:22.851+0000] {dag.py:4138} INFO - Setting next_dagrun for tutorial to 2026-08-07 00:00:00+00:00, run_after=2026-08-08 00:00:00+00:00
[2026-08-08T17:35:22.871+0000] {processor.py:208} INFO - Processing /home/airflow/.local/lib/python3.12/site-packages/airflow/example_dags/tutorial.py took 0.080 seconds
[2026-08-08T17:35:53.849+0000] {processor.py:186} INFO - Started process (PID=1424) to work on /home/airflow/.local/lib/python3.12/site-packages/airflow/example_dags/tutorial.py
[2026-08-08T17:35:53.850+0000] {processor.py:914} INFO - Processing file /home/airflow/.local/lib/python3.12/site-packages/airflow/example_dags/tutorial.py for tasks to queue
[2026-08-08T17:35:53.854+0000] {logging_mixin.py:190} INFO - [2026-08-08T17:35:53.854+0000] {dagbag.py:587} INFO - Filling up the DagBag from /home/airflow/.local/lib/python3.12/site-packages/airflow/example_dags/tutorial.py
[2026-08-08T17:35:53.866+0000] {processor.py:925} INFO - DAG(s) 'tutorial' retrieved from /home/airflow/.local/lib/python3.12/site-packages/airflow/example_dags/tutorial.py
[2026-08-08T17:35:53.891+0000] {logging_mixin.py:190} INFO - [2026-08-08T17:35:53.890+0000] {dag.py:3211} INFO - Sync 1 DAGs
[2026-08-08T17:35:53.916+0000] {logging_mixin.py:190} INFO - [2026-08-08T17:35:53.916+0000] {dag.py:4138} INFO - Setting next_dagrun for tutorial to 2026-08-07 00:00:00+00:00, run_after=2026-08-08 00:00:00+00:00
[2026-08-08T17:35:53.938+0000] {processor.py:208} INFO - Processing /home/airflow/.local/lib/python3.12/site-packages/airflow/example_dags/tutorial.py took 0.100 seconds
[2026-08-08T17:36:24.473+0000] {processor.py:186} INFO - Started process (PID=1487) to work on /home/airflow/.local/lib/python3.12/site-packages/airflow/example_dags/tutorial.py
[2026-08-08T17:36:24.475+0000] {processor.py:914} INFO - Processing file /home/airflow/.local/lib/python3.12/site-packages/airflow/example_dags/tutorial.py for tasks to queue
[2026-08-08T17:36:24.479+0000] {logging_mixin.py:190} INFO - [2026-08-08T17:36:24.478+0000] {dagbag.py:587} INFO - Filling up the DagBag from /home/airflow/.local/lib/python3.12/site-packages/airflow/example_dags/tutorial.py
[2026-08-08T17:36:24.490+0000] {processor.py:925} INFO - DAG(s) 'tutorial' retrieved from /home/airflow/.local/lib/python3.12/site-packages/airflow/example_dags/tutorial.py
[2026-08-08T17:36:24.517+0000] {logging_mixin.py:190} INFO - [2026-08-08T17:36:24.516+0000] {dag.py:3211} INFO - Sync 1 DAGs
[2026-08-08T17:36:24.539+0000] {logging_mixin.py:190} INFO - [2026-08-08T17:36:24.539+0000] {dag.py:4138} INFO - Setting next_dagrun for tutorial to 2026-08-07 00:00:00+00:00, run_after=2026-08-08 00:00:00+00:00
[2026-08-08T17:36:24.562+0000] {processor.py:208} INFO - Processing /home/airflow/.local/lib/python3.12/site-packages/airflow/example_dags/tutorial.py took 0.098 seconds
[2026-08-08T17:38:16.217+0000] {processor.py:186} INFO - Started process (PID=89) to work on /home/airflow/.local/lib/python3.12/site-packages/airflow/example_dags/tutorial.py
[2026-08-08T17:38:16.218+0000] {processor.py:914} INFO - Processing file /home/airflow/.local/lib/python3.12/site-packages/airflow/example_dags/tutorial.py for tasks to queue
[2026-08-08T17:38:16.221+0000] {logging_mixin.py:190} INFO - [2026-08-08T17:38:16.220+0000] {dagbag.py:587} INFO - Filling up the DagBag from /home/airflow/.local/lib/python3.12/site-packages/airflow/example_dags/tutorial.py
[2026-08-08T17:38:16.231+0000] {processor.py:925} INFO - DAG(s) 'tutorial' retrieved from /home/airflow/.local/lib/python3.12/site-packages/airflow/example_dags/tutorial.py
[2026-08-08T17:38:16.257+0000] {logging_mixin.py:190} INFO - [2026-08-08T17:38:16.256+0000] {dag.py:3211} INFO - Sync 1 DAGs
[2026-08-08T17:38:16.284+0000] {logging_mixin.py:190} INFO - [2026-08-08T17:38:16.284+0000] {dag.py:4138} INFO - Setting next_dagrun for tutorial to 2026-08-07 00:00:00+00:00, run_after=2026-08-08 00:00:00+00:00
[2026-08-08T17:38:16.304+0000] {processor.py:208} INFO - Processing /home/airflow/.local/lib/python3.12/site-packages/airflow/example_dags/tutorial.py took 0.095 seconds
[2026-08-08T17:38:47.082+0000] {processor.py:186} INFO - Started process (PID=152) to work on /home/airflow/.local/lib/python3.12/site-packages/airflow/example_dags/tutorial.py
[2026-08-08T17:38:47.083+0000] {processor.py:914} INFO - Processing file /home/airflow/.local/lib/python3.12/site-packages/airflow/example_dags/tutorial.py for tasks to queue
[2026-08-08T17:38:47.086+0000] {logging_mixin.py:190} INFO - [2026-08-08T17:38:47.085+0000] {dagbag.py:587} INFO - Filling up the DagBag from /home/airflow/.local/lib/python3.12/site-packages/airflow/example_dags/tutorial.py
[2026-08-08T17:38:47.095+0000] {processor.py:925} INFO - DAG(s) 'tutorial' retrieved from /home/airflow/.local/lib/python3.12/site-packages/airflow/example_dags/tutorial.py
[2026-08-08T17:38:47.118+0000] {logging_mixin.py:190} INFO - [2026-08-08T17:38:47.118+0000] {dag.py:3211} INFO - Sync 1 DAGs
[2026-08-08T17:38:47.143+0000] {logging_mixin.py:190} INFO - [2026-08-08T17:38:47.142+0000] {dag.py:4138} INFO - Setting next_dagrun for tutorial to 2026-08-07 00:00:00+00:00, run_after=2026-08-08 00:00:00+00:00
[2026-08-08T17:38:47.166+0000] {processor.py:208} INFO - Processing /home/airflow/.local/lib/python3.12/site-packages/airflow/example_dags/tutorial.py took 0.091 seconds
[2026-08-08T17:39:18.179+0000] {processor.py:186} INFO - Started process (PID=215) to work on /home/airflow/.local/lib/python3.12/site-packages/airflow/example_dags/tutorial.py
[2026-08-08T17:39:18.180+0000] {processor.py:914} INFO - Processing file /home/airflow/.local/lib/python3.12/site-packages/airflow/example_dags/tutorial.py for tasks to queue
[2026-08-08T17:39:18.183+0000] {logging_mixin.py:190} INFO - [2026-08-08T17:39:18.182+0000] {dagbag.py:587} INFO - Filling up the DagBag from /home/airflow/.local/lib/python3.12/site-packages/airflow/example_dags/tutorial.py
[2026-08-08T17:39:18.191+0000] {processor.py:925} INFO - DAG(s) 'tutorial' retrieved from /home/airflow/.local/lib/python3.12/site-packages/airflow/example_dags/tutorial.py
[2026-08-08T17:39:18.212+0000] {logging_mixin.py:190} INFO - [2026-08-08T17:39:18.211+0000] {dag.py:3211} INFO - Sync 1 DAGs
[2026-08-08T17:39:18.230+0000] {logging_mixin.py:190} INFO - [2026-08-08T17:39:18.230+0000] {dag.py:4138} INFO - Setting next_dagrun for tutorial to 2026-08-07 00:00:00+00:00, run_after=2026-08-08 00:00:00+00:00
[2026-08-08T17:39:18.252+0000] {processor.py:208} INFO - Processing /home/airflow/.local/lib/python3.12/site-packages/airflow/example_dags/tutorial.py took 0.079 seconds
[2026-08-08T17:39:48.336+0000] {processor.py:186} INFO - Started process (PID=278) to work on /home/airflow/.local/lib/python3.12/site-packages/airflow/example_dags/tutorial.py
[2026-08-08T17:39:48.337+0000] {processor.py:914} INFO - Processing file /home/airflow/.local/lib/python3.12/site-packages/airflow/example_dags/tutorial.py for tasks to queue
[2026-08-08T17:39:48.340+0000] {logging_mixin.py:190} INFO - [2026-08-08T17:39:48.339+0000] {dagbag.py:587} INFO - Filling up the DagBag from /home/airflow/.local/lib/python3.12/site-packages/airflow/example_dags/tutorial.py
[2026-08-08T17:39:48.348+0000] {processor.py:925} INFO - DAG(s) 'tutorial' retrieved from /home/airflow/.local/lib/python3.12/site-packages/airflow/example_dags/tutorial.py
[2026-08-08T17:39:48.370+0000] {logging_mixin.py:190} INFO - [2026-08-08T17:39:48.370+0000] {dag.py:3211} INFO - Sync 1 DAGs
[2026-08-08T17:39:48.397+0000] {logging_mixin.py:190} INFO - [2026-08-08T17:39:48.397+0000] {dag.py:4138} INFO - Setting next_dagrun for tutorial to 2026-08-07 00:00:00+00:00, run_after=2026-08-08 00:00:00+00:00
[2026-08-08T17:39:48.417+0000] {processor.py:208} INFO - Processing /home/airflow/.local/lib/python3.12/site-packages/airflow/example_dags/tutorial.py took 0.086 seconds
[2026-08-08T17:42:40.408+0000] {processor.py:186} INFO - Started process (PID=101) to work on /home/airflow/.local/lib/python3.12/site-packages/airflow/example_dags/tutorial.py
[2026-08-08T17:42:40.409+0000] {processor.py:914} INFO - Processing file /home/airflow/.local/lib/python3.12/site-packages/airflow/example_dags/tutorial.py for tasks to queue
[2026-08-08T17:42:40.413+0000] {logging_mixin.py:190} INFO - [2026-08-08T17:42:40.412+0000] {dagbag.py:587} INFO - Filling up the DagBag from /home/airflow/.local/lib/python3.12/site-packages/airflow/example_dags/tutorial.py
[2026-08-08T17:42:40.423+0000] {processor.py:925} INFO - DAG(s) 'tutorial' retrieved from /home/airflow/.local/lib/python3.12/site-packages/airflow/example_dags/tutorial.py
[2026-08-08T17:42:40.454+0000] {logging_mixin.py:190} INFO - [2026-08-08T17:42:40.453+0000] {dag.py:3211} INFO - Sync 1 DAGs
[2026-08-08T17:42:40.480+0000] {logging_mixin.py:190} INFO - [2026-08-08T17:42:40.479+0000] {dag.py:4138} INFO - Setting next_dagrun for tutorial to 2026-08-07 00:00:00+00:00, run_after=2026-08-08 00:00:00+00:00
[2026-08-08T17:42:40.502+0000] {processor.py:208} INFO - Processing /home/airflow/.local/lib/python3.12/site-packages/airflow/example_dags/tutorial.py took 0.103 seconds
[2026-08-08T17:43:10.866+0000] {processor.py:186} INFO - Started process (PID=164) to work on /home/airflow/.local/lib/python3.12/site-packages/airflow/example_dags/tutorial.py
[2026-08-08T17:43:10.867+0000] {processor.py:914} INFO - Processing file /home/airflow/.local/lib/python3.12/site-packages/airflow/example_dags/tutorial.py for tasks to queue
[2026-08-08T17:43:10.871+0000] {logging_mixin.py:190} INFO - [2026-08-08T17:43:10.870+0000] {dagbag.py:587} INFO - Filling up the DagBag from /home/airflow/.local/lib/python3.12/site-packages/airflow/example_dags/tutorial.py
[2026-08-08T17:43:10.882+0000] {processor.py:925} INFO - DAG(s) 'tutorial' retrieved from /home/airflow/.local/lib/python3.12/site-packages/airflow/example_dags/tutorial.py
[2026-08-08T17:43:10.911+0000] {logging_mixin.py:190} INFO - [2026-08-08T17:43:10.910+0000] {dag.py:3211} INFO - Sync 1 DAGs
[2026-08-08T17:43:10.944+0000] {logging_mixin.py:190} INFO - [2026-08-08T17:43:10.943+0000] {dag.py:4138} INFO - Setting next_dagrun for tutorial to 2026-08-07 00:00:00+00:00, run_after=2026-08-08 00:00:00+00:00
[2026-08-08T17:43:10.973+0000] {processor.py:208} INFO - Processing /home/airflow/.local/lib/python3.12/site-packages/airflow/example_dags/tutorial.py took 0.117 seconds
[2026-08-08T17:43:42.038+0000] {processor.py:186} INFO - Started process (PID=227) to work on /home/airflow/.local/lib/python3.12/site-packages/airflow/example_dags/tutorial.py
[2026-08-08T17:43:42.039+0000] {processor.py:914} INFO - Processing file /home/airflow/.local/lib/python3.12/site-packages/airflow/example_dags/tutorial.py for tasks to queue
[2026-08-08T17:43:42.042+0000] {logging_mixin.py:190} INFO - [2026-08-08T17:43:42.042+0000] {dagbag.py:587} INFO - Filling up the DagBag from /home/airflow/.local/lib/python3.12/site-packages/airflow/example_dags/tutorial.py
[2026-08-08T17:43:42.050+0000] {processor.py:925} INFO - DAG(s) 'tutorial' retrieved from /home/airflow/.local/lib/python3.12/site-packages/airflow/example_dags/tutorial.py
[2026-08-08T17:43:42.071+0000] {logging_mixin.py:190} INFO - [2026-08-08T17:43:42.071+0000] {dag.py:3211} INFO - Sync 1 DAGs
[2026-08-08T17:43:42.091+0000] {logging_mixin.py:190} INFO - [2026-08-08T17:43:42.091+0000] {dag.py:4138} INFO - Setting next_dagrun for tutorial to 2026-08-07 00:00:00+00:00, run_after=2026-08-08 00:00:00+00:00
[2026-08-08T17:43:42.114+0000] {processor.py:208} INFO - Processing /home/airflow/.local/lib/python3.12/site-packages/airflow/example_dags/tutorial.py took 0.082 seconds
[2026-08-08T17:44:13.097+0000] {processor.py:186} INFO - Started process (PID=290) to work on /home/airflow/.local/lib/python3.12/site-packages/airflow/example_dags/tutorial.py
[2026-08-08T17:44:13.099+0000] {processor.py:914} INFO - Processing file /home/airflow/.local/lib/python3.12/site-packages/airflow/example_dags/tutorial.py for tasks to queue
[2026-08-08T17:44:13.102+0000] {logging_mixin.py:190} INFO - [2026-08-08T17:44:13.102+0000] {dagbag.py:587} INFO - Filling up the DagBag from /home/airflow/.local/lib/python3.12/site-packages/airflow/example_dags/tutorial.py
[2026-08-08T17:44:13.113+0000] {processor.py:925} INFO - DAG(s) 'tutorial' retrieved from /home/airflow/.local/lib/python3.12/site-packages/airflow/example_dags/tutorial.py
[2026-08-08T17:44:13.137+0000] {logging_mixin.py:190} INFO - [2026-08-08T17:44:13.137+0000] {dag.py:3211} INFO - Sync 1 DAGs
[2026-08-08T17:44:13.161+0000] {logging_mixin.py:190} INFO - [2026-08-08T17:44:13.161+0000] {dag.py:4138} INFO - Setting next_dagrun for tutorial to 2026-08-07 00:00:00+00:00, run_after=2026-08-08 00:00:00+00:00
[2026-08-08T17:44:13.181+0000] {processor.py:208} INFO - Processing /home/airflow/.local/lib/python3.12/site-packages/airflow/example_dags/tutorial.py took 0.092 seconds
[2026-08-08T17:44:43.840+0000] {processor.py:186} INFO - Started process (PID=353) to work on /home/airflow/.local/lib/python3.12/site-packages/airflow/example_dags/tutorial.py
[2026-08-08T17:44:43.842+0000] {processor.py:914} INFO - Processing file /home/airflow/.local/lib/python3.12/site-packages/airflow/example_dags/tutorial.py for tasks to queue
[2026-08-08T17:44:43.845+0000] {logging_mixin.py:190} INFO - [2026-08-08T17:44:43.845+0000] {dagbag.py:587} INFO - Filling up the DagBag from /home/airflow/.local/lib/python3.12/site-packages/airflow/example_dags/tutorial.py
[2026-08-08T17:44:43.851+0000] {processor.py:925} INFO - DAG(s) 'tutorial' retrieved from /home/airflow/.local/lib/python3.12/site-packages/airflow/example_dags/tutorial.py
[2026-08-08T17:44:43.868+0000] {logging_mixin.py:190} INFO - [2026-08-08T17:44:43.867+0000] {dag.py:3211} INFO - Sync 1 DAGs
[2026-08-08T17:44:43.882+0000] {logging_mixin.py:190} INFO - [2026-08-08T17:44:43.882+0000] {dag.py:4138} INFO - Setting next_dagrun for tutorial to 2026-08-07 00:00:00+00:00, run_after=2026-08-08 00:00:00+00:00
[2026-08-08T17:44:43.900+0000] {processor.py:208} INFO - Processing /home/airflow/.local/lib/python3.12/site-packages/airflow/example_dags/tutorial.py took 0.064 seconds
[2026-08-08T17:45:14.089+0000] {processor.py:186} INFO - Started process (PID=416) to work on /home/airflow/.local/lib/python3.12/site-packages/airflow/example_dags/tutorial.py
[2026-08-08T17:45:14.091+0000] {processor.py:914} INFO - Processing file /home/airflow/.local/lib/python3.12/site-packages/airflow/example_dags/tutorial.py for tasks to queue
[2026-08-08T17:45:14.093+0000] {logging_mixin.py:190} INFO - [2026-08-08T17:45:14.093+0000] {dagbag.py:587} INFO - Filling up the DagBag from /home/airflow/.local/lib/python3.12/site-packages/airflow/example_dags/tutorial.py
[2026-08-08T17:45:14.101+0000] {processor.py:925} INFO - DAG(s) 'tutorial' retrieved from /home/airflow/.local/lib/python3.12/site-packages/airflow/example_dags/tutorial.py
[2026-08-08T17:45:14.120+0000] {logging_mixin.py:190} INFO - [2026-08-08T17:45:14.120+0000] {dag.py:3211} INFO - Sync 1 DAGs
[2026-08-08T17:45:14.141+0000] {logging_mixin.py:190} INFO - [2026-08-08T17:45:14.141+0000] {dag.py:4138} INFO - Setting next_dagrun for tutorial to 2026-08-07 00:00:00+00:00, run_after=2026-08-08 00:00:00+00:00
[2026-08-08T17:45:14.159+0000] {processor.py:208} INFO - Processing /home/airflow/.local/lib/python3.12/site-packages/airflow/example_dags/tutorial.py took 0.076 seconds
[2026-08-08T17:45:44.487+0000] {processor.py:186} INFO - Started process (PID=479) to work on /home/airflow/.local/lib/python3.12/site-packages/airflow/example_dags/tutorial.py
[2026-08-08T17:45:44.488+0000] {processor.py:914} INFO - Processing file /home/airflow/.local/lib/python3.12/site-packages/airflow/example_dags/tutorial.py for tasks to queue
[2026-08-08T17:45:44.491+0000] {logging_mixin.py:190} INFO - [2026-08-08T17:45:44.491+0000] {dagbag.py:587} INFO - Filling up the DagBag from /home/airflow/.local/lib/python3.12/site-packages/airflow/example_dags/tutorial.py
[2026-08-08T17:45:44.502+0000] {processor.py:925} INFO - DAG(s) 'tutorial' retrieved from /home/airflow/.local/lib/python3.12/site-packages/airflow/example_dags/tutorial.py
[2026-08-08T17:45:44.520+0000] {logging_mixin.py:190} INFO - [2026-08-08T17:45:44.519+0000] {dag.py:3211} INFO - Sync 1 DAGs
[2026-08-08T17:45:44.539+0000] {logging_mixin.py:190} INFO - [2026-08-08T17:45:44.539+0000] {dag.py:4138} INFO - Setting next_dagrun for tutorial to 2026-08-07 00:00:00+00:00, run_after=2026-08-08 00:00:00+00:00
[2026-08-08T17:45:44.557+0000] {processor.py:208} INFO - Processing /home/airflow/.local/lib/python3.12/site-packages/airflow/example_dags/tutorial.py took 0.076 seconds
[2026-08-08T17:47:14.248+0000] {processor.py:186} INFO - Started process (PID=102) to work on /home/airflow/.local/lib/python3.12/site-packages/airflow/example_dags/tutorial.py
[2026-08-08T17:47:14.250+0000] {processor.py:914} INFO - Processing file /home/airflow/.local/lib/python3.12/site-packages/airflow/example_dags/tutorial.py for tasks to queue
[2026-08-08T17:47:14.253+0000] {logging_mixin.py:190} INFO - [2026-08-08T17:47:14.253+0000] {dagbag.py:587} INFO - Filling up the DagBag from /home/airflow/.local/lib/python3.12/site-packages/airflow/example_dags/tutorial.py
[2026-08-08T17:47:14.262+0000] {processor.py:925} INFO - DAG(s) 'tutorial' retrieved from /home/airflow/.local/lib/python3.12/site-packages/airflow/example_dags/tutorial.py
[2026-08-08T17:47:14.287+0000] {logging_mixin.py:190} INFO - [2026-08-08T17:47:14.287+0000] {dag.py:3211} INFO - Sync 1 DAGs
[2026-08-08T17:47:14.311+0000] {logging_mixin.py:190} INFO - [2026-08-08T17:47:14.311+0000] {dag.py:4138} INFO - Setting next_dagrun for tutorial to 2026-08-07 00:00:00+00:00, run_after=2026-08-08 00:00:00+00:00
[2026-08-08T17:47:14.334+0000] {processor.py:208} INFO - Processing /home/airflow/.local/lib/python3.12/site-packages/airflow/example_dags/tutorial.py took 0.093 seconds
[2026-08-08T17:47:44.856+0000] {processor.py:186} INFO - Started process (PID=165) to work on /home/airflow/.local/lib/python3.12/site-packages/airflow/example_dags/tutorial.py
[2026-08-08T17:47:44.858+0000] {processor.py:914} INFO - Processing file /home/airflow/.local/lib/python3.12/site-packages/airflow/example_dags/tutorial.py for tasks to queue
[2026-08-08T17:47:44.861+0000] {logging_mixin.py:190} INFO - [2026-08-08T17:47:44.861+0000] {dagbag.py:587} INFO - Filling up the DagBag from /home/airflow/.local/lib/python3.12/site-packages/airflow/example_dags/tutorial.py
[2026-08-08T17:47:44.870+0000] {processor.py:925} INFO - DAG(s) 'tutorial' retrieved from /home/airflow/.local/lib/python3.12/site-packages/airflow/example_dags/tutorial.py
[2026-08-08T17:47:44.893+0000] {logging_mixin.py:190} INFO - [2026-08-08T17:47:44.892+0000] {dag.py:3211} INFO - Sync 1 DAGs
[2026-08-08T17:47:44.916+0000] {logging_mixin.py:190} INFO - [2026-08-08T17:47:44.915+0000] {dag.py:4138} INFO - Setting next_dagrun for tutorial to 2026-08-07 00:00:00+00:00, run_after=2026-08-08 00:00:00+00:00
[2026-08-08T17:47:44.943+0000] {processor.py:208} INFO - Processing /home/airflow/.local/lib/python3.12/site-packages/airflow/example_dags/tutorial.py took 0.093 seconds
[2026-08-08T17:48:16.344+0000] {processor.py:186} INFO - Started process (PID=234) to work on /home/airflow/.local/lib/python3.12/site-packages/airflow/example_dags/tutorial.py
[2026-08-08T17:48:16.348+0000] {processor.py:914} INFO - Processing file /home/airflow/.local/lib/python3.12/site-packages/airflow/example_dags/tutorial.py for tasks to queue
[2026-08-08T17:48:16.353+0000] {logging_mixin.py:190} INFO - [2026-08-08T17:48:16.353+0000] {dagbag.py:587} INFO - Filling up the DagBag from /home/airflow/.local/lib/python3.12/site-packages/airflow/example_dags/tutorial.py
[2026-08-08T17:48:16.367+0000] {processor.py:925} INFO - DAG(s) 'tutorial' retrieved from /home/airflow/.local/lib/python3.12/site-packages/airflow/example_dags/tutorial.py
[2026-08-08T17:48:16.395+0000] {logging_mixin.py:190} INFO - [2026-08-08T17:48:16.394+0000] {dag.py:3211} INFO - Sync 1 DAGs
[2026-08-08T17:48:16.428+0000] {logging_mixin.py:190} INFO - [2026-08-08T17:48:16.428+0000] {dag.py:4138} INFO - Setting next_dagrun for tutorial to 2026-08-07 00:00:00+00:00, run_after=2026-08-08 00:00:00+00:00
[2026-08-08T17:48:16.459+0000] {processor.py:208} INFO - Processing /home/airflow/.local/lib/python3.12/site-packages/airflow/example_dags/tutorial.py took 0.123 seconds
[2026-08-08T17:48:46.878+0000] {processor.py:186} INFO - Started process (PID=297) to work on /home/airflow/.local/lib/python3.12/site-packages/airflow/example_dags/tutorial.py
[2026-08-08T17:48:46.879+0000] {processor.py:914} INFO - Processing file /home/airflow/.local/lib/python3.12/site-packages/airflow/example_dags/tutorial.py for tasks to queue
[2026-08-08T17:48:46.883+0000] {logging_mixin.py:190} INFO - [2026-08-08T17:48:46.882+0000] {dagbag.py:587} INFO - Filling up the DagBag from /home/airflow/.local/lib/python3.12/site-packages/airflow/example_dags/tutorial.py
[2026-08-08T17:48:46.892+0000] {processor.py:925} INFO - DAG(s) 'tutorial' retrieved from /home/airflow/.local/lib/python3.12/site-packages/airflow/example_dags/tutorial.py
[2026-08-08T17:48:46.916+0000] {logging_mixin.py:190} INFO - [2026-08-08T17:48:46.916+0000] {dag.py:3211} INFO - Sync 1 DAGs
[2026-08-08T17:48:46.940+0000] {logging_mixin.py:190} INFO - [2026-08-08T17:48:46.940+0000] {dag.py:4138} INFO - Setting next_dagrun for tutorial to 2026-08-07 00:00:00+00:00, run_after=2026-08-08 00:00:00+00:00
[2026-08-08T17:48:46.963+0000] {processor.py:208} INFO - Processing /home/airflow/.local/lib/python3.12/site-packages/airflow/example_dags/tutorial.py took 0.093 seconds
[2026-08-08T17:52:38.039+0000] {processor.py:186} INFO - Started process (PID=101) to work on /home/airflow/.local/lib/python3.12/site-packages/airflow/example_dags/tutorial.py
[2026-08-08T17:52:38.041+0000] {processor.py:914} INFO - Processing file /home/airflow/.local/lib/python3.12/site-packages/airflow/example_dags/tutorial.py for tasks to queue
[2026-08-08T17:52:38.045+0000] {logging_mixin.py:190} INFO - [2026-08-08T17:52:38.044+0000] {dagbag.py:587} INFO - Filling up the DagBag from /home/airflow/.local/lib/python3.12/site-packages/airflow/example_dags/tutorial.py
[2026-08-08T17:52:38.056+0000] {processor.py:925} INFO - DAG(s) 'tutorial' retrieved from /home/airflow/.local/lib/python3.12/site-packages/airflow/example_dags/tutorial.py
[2026-08-08T17:52:38.086+0000] {logging_mixin.py:190} INFO - [2026-08-08T17:52:38.085+0000] {dag.py:3211} INFO - Sync 1 DAGs
[2026-08-08T17:52:38.124+0000] {logging_mixin.py:190} INFO - [2026-08-08T17:52:38.124+0000] {dag.py:4138} INFO - Setting next_dagrun for tutorial to 2026-08-07 00:00:00+00:00, run_after=2026-08-08 00:00:00+00:00
[2026-08-08T17:52:38.150+0000] {processor.py:208} INFO - Processing /home/airflow/.local/lib/python3.12/site-packages/airflow/example_dags/tutorial.py took 0.120 seconds
[2026-08-08T17:53:08.670+0000] {processor.py:186} INFO - Started process (PID=164) to work on /home/airflow/.local/lib/python3.12/site-packages/airflow/example_dags/tutorial.py
[2026-08-08T17:53:08.672+0000] {processor.py:914} INFO - Processing file /home/airflow/.local/lib/python3.12/site-packages/airflow/example_dags/tutorial.py for tasks to queue
[2026-08-08T17:53:08.675+0000] {logging_mixin.py:190} INFO - [2026-08-08T17:53:08.675+0000] {dagbag.py:587} INFO - Filling up the DagBag from /home/airflow/.local/lib/python3.12/site-packages/airflow/example_dags/tutorial.py
[2026-08-08T17:53:08.682+0000] {processor.py:925} INFO - DAG(s) 'tutorial' retrieved from /home/airflow/.local/lib/python3.12/site-packages/airflow/example_dags/tutorial.py
[2026-08-08T17:53:08.704+0000] {logging_mixin.py:190} INFO - [2026-08-08T17:53:08.703+0000] {dag.py:3211} INFO - Sync 1 DAGs
[2026-08-08T17:53:08.722+0000] {logging_mixin.py:190} INFO - [2026-08-08T17:53:08.722+0000] {dag.py:4138} INFO - Setting next_dagrun for tutorial to 2026-08-07 00:00:00+00:00, run_after=2026-08-08 00:00:00+00:00
[2026-08-08T17:53:08.738+0000] {processor.py:208} INFO - Processing /home/airflow/.local/lib/python3.12/site-packages/airflow/example_dags/tutorial.py took 0.073 seconds
[2026-08-08T17:53:39.025+0000] {processor.py:186} INFO - Started process (PID=227) to work on /home/airflow/.local/lib/python3.12/site-packages/airflow/example_dags/tutorial.py
[2026-08-08T17:53:39.026+0000] {processor.py:914} INFO - Processing file /home/airflow/.local/lib/python3.12/site-packages/airflow/example_dags/tutorial.py for tasks to queue
[2026-08-08T17:53:39.029+0000] {logging_mixin.py:190} INFO - [2026-08-08T17:53:39.028+0000] {dagbag.py:587} INFO - Filling up the DagBag from /home/airflow/.local/lib/python3.12/site-packages/airflow/example_dags/tutorial.py
[2026-08-08T17:53:39.036+0000] {processor.py:925} INFO - DAG(s) 'tutorial' retrieved from /home/airflow/.local/lib/python3.12/site-packages/airflow/example_dags/tutorial.py
[2026-08-08T17:53:39.058+0000] {logging_mixin.py:190} INFO - [2026-08-08T17:53:39.058+0000] {dag.py:3211} INFO - Sync 1 DAGs
[2026-08-08T17:53:39.077+0000] {logging_mixin.py:190} INFO - [2026-08-08T17:53:39.077+0000] {dag.py:4138} INFO - Setting next_dagrun for tutorial to 2026-08-07 00:00:00+00:00, run_after=2026-08-08 00:00:00+00:00
[2026-08-08T17:53:39.096+0000] {processor.py:208} INFO - Processing /home/airflow/.local/lib/python3.12/site-packages/airflow/example_dags/tutorial.py took 0.077 seconds
[2026-08-08T17:54:09.918+0000] {processor.py:186} INFO - Started process (PID=290) to work on /home/airflow/.local/lib/python3.12/site-packages/airflow/example_dags/tutorial.py
[2026-08-08T17:54:09.921+0000] {processor.py:914} INFO - Processing file /home/airflow/.local/lib/python3.12/site-packages/airflow/example_dags/tutorial.py for tasks to queue
[2026-08-08T17:54:09.926+0000] {logging_mixin.py:190} INFO - [2026-08-08T17:54:09.925+0000] {dagbag.py:587} INFO - Filling up the DagBag from /home/airflow/.local/lib/python3.12/site-packages/airflow/example_dags/tutorial.py
[2026-08-08T17:54:09.944+0000] {processor.py:925} INFO - DAG(s) 'tutorial' retrieved from /home/airflow/.local/lib/python3.12/site-packages/airflow/example_dags/tutorial.py
[2026-08-08T17:54:09.987+0000] {logging_mixin.py:190} INFO - [2026-08-08T17:54:09.986+0000] {dag.py:3211} INFO - Sync 1 DAGs
[2026-08-08T17:54:10.025+0000] {logging_mixin.py:190} INFO - [2026-08-08T17:54:10.025+0000] {dag.py:4138} INFO - Setting next_dagrun for tutorial to 2026-08-07 00:00:00+00:00, run_after=2026-08-08 00:00:00+00:00
[2026-08-08T17:54:10.067+0000] {processor.py:208} INFO - Processing /home/airflow/.local/lib/python3.12/site-packages/airflow/example_dags/tutorial.py took 0.162 seconds
[2026-08-08T17:54:40.880+0000] {processor.py:186} INFO - Started process (PID=353) to work on /home/airflow/.local/lib/python3.12/site-packages/airflow/example_dags/tutorial.py
[2026-08-08T17:54:40.882+0000] {processor.py:914} INFO - Processing file /home/airflow/.local/lib/python3.12/site-packages/airflow/example_dags/tutorial.py for tasks to queue
[2026-08-08T17:54:40.885+0000] {logging_mixin.py:190} INFO - [2026-08-08T17:54:40.884+0000] {dagbag.py:587} INFO - Filling up the DagBag from /home/airflow/.local/lib/python3.12/site-packages/airflow/example_dags/tutorial.py
[2026-08-08T17:54:40.893+0000] {processor.py:925} INFO - DAG(s) 'tutorial' retrieved from /home/airflow/.local/lib/python3.12/site-packages/airflow/example_dags/tutorial.py
[2026-08-08T17:54:40.915+0000] {logging_mixin.py:190} INFO - [2026-08-08T17:54:40.915+0000] {dag.py:3211} INFO - Sync 1 DAGs
[2026-08-08T17:54:40.947+0000] {logging_mixin.py:190} INFO - [2026-08-08T17:54:40.946+0000] {dag.py:4138} INFO - Setting next_dagrun for tutorial to 2026-08-07 00:00:00+00:00, run_after=2026-08-08 00:00:00+00:00
[2026-08-08T17:54:40.970+0000] {processor.py:208} INFO - Processing /home/airflow/.local/lib/python3.12/site-packages/airflow/example_dags/tutorial.py took 0.096 seconds
[2026-08-08T17:55:11.199+0000] {processor.py:186} INFO - Started process (PID=416) to work on /home/airflow/.local/lib/python3.12/site-packages/airflow/example_dags/tutorial.py
[2026-08-08T17:55:11.200+0000] {processor.py:914} INFO - Processing file /home/airflow/.local/lib/python3.12/site-packages/airflow/example_dags/tutorial.py for tasks to queue
[2026-08-08T17:55:11.203+0000] {logging_mixin.py:190} INFO - [2026-08-08T17:55:11.202+0000] {dagbag.py:587} INFO - Filling up the DagBag from /home/airflow/.local/lib/python3.12/site-packages/airflow/example_dags/tutorial.py
[2026-08-08T17:55:11.209+0000] {processor.py:925} INFO - DAG(s) 'tutorial' retrieved from /home/airflow/.local/lib/python3.12/site-packages/airflow/example_dags/tutorial.py
[2026-08-08T17:55:11.229+0000] {logging_mixin.py:190} INFO - [2026-08-08T17:55:11.229+0000] {dag.py:3211} INFO - Sync 1 DAGs
[2026-08-08T17:55:11.252+0000] {logging_mixin.py:190} INFO - [2026-08-08T17:55:11.251+0000] {dag.py:4138} INFO - Setting next_dagrun for tutorial to 2026-08-07 00:00:00+00:00, run_after=2026-08-08 00:00:00+00:00
[2026-08-08T17:55:11.271+0000] {processor.py:208} INFO - Processing /home/airflow/.local/lib/python3.12/site-packages/airflow/example_dags/tutorial.py took 0.077 seconds
[2026-08-08T17:55:41.814+0000] {processor.py:186} INFO - Started process (PID=479) to work on /home/airflow/.local/lib/python3.12/site-packages/airflow/example_dags/tutorial.py
[2026-08-08T17:55:41.815+0000] {processor.py:914} INFO - Processing file /home/airflow/.local/lib/python3.12/site-packages/airflow/example_dags/tutorial.py for tasks to queue
[2026-08-08T17:55:41.818+0000] {logging_mixin.py:190} INFO - [2026-08-08T17:55:41.817+0000] {dagbag.py:587} INFO - Filling up the DagBag from /home/airflow/.local/lib/python3.12/site-packages/airflow/example_dags/tutorial.py
[2026-08-08T17:55:41.824+0000] {processor.py:925} INFO - DAG(s) 'tutorial' retrieved from /home/airflow/.local/lib/python3.12/site-packages/airflow/example_dags/tutorial.py
[2026-08-08T17:55:41.843+0000] {logging_mixin.py:190} INFO - [2026-08-08T17:55:41.843+0000] {dag.py:3211} INFO - Sync 1 DAGs
[2026-08-08T17:55:41.863+0000] {logging_mixin.py:190} INFO - [2026-08-08T17:55:41.863+0000] {dag.py:4138} INFO - Setting next_dagrun for tutorial to 2026-08-07 00:00:00+00:00, run_after=2026-08-08 00:00:00+00:00
[2026-08-08T17:55:41.881+0000] {processor.py:208} INFO - Processing /home/airflow/.local/lib/python3.12/site-packages/airflow/example_dags/tutorial.py took 0.072 seconds
[2026-08-08T17:56:12.016+0000] {processor.py:186} INFO - Started process (PID=542) to work on /home/airflow/.local/lib/python3.12/site-packages/airflow/example_dags/tutorial.py
[2026-08-08T17:56:12.017+0000] {processor.py:914} INFO - Processing file /home/airflow/.local/lib/python3.12/site-packages/airflow/example_dags/tutorial.py for tasks to queue
[2026-08-08T17:56:12.020+0000] {logging_mixin.py:190} INFO - [2026-08-08T17:56:12.020+0000] {dagbag.py:587} INFO - Filling up the DagBag from /home/airflow/.local/lib/python3.12/site-packages/airflow/example_dags/tutorial.py
[2026-08-08T17:56:12.027+0000] {processor.py:925} INFO - DAG(s) 'tutorial' retrieved from /home/airflow/.local/lib/python3.12/site-packages/airflow/example_dags/tutorial.py
[2026-08-08T17:56:12.045+0000] {logging_mixin.py:190} INFO - [2026-08-08T17:56:12.045+0000] {dag.py:3211} INFO - Sync 1 DAGs
[2026-08-08T17:56:12.065+0000] {logging_mixin.py:190} INFO - [2026-08-08T17:56:12.064+0000] {dag.py:4138} INFO - Setting next_dagrun for tutorial to 2026-08-07 00:00:00+00:00, run_after=2026-08-08 00:00:00+00:00
[2026-08-08T17:56:12.084+0000] {processor.py:208} INFO - Processing /home/airflow/.local/lib/python3.12/site-packages/airflow/example_dags/tutorial.py took 0.073 seconds
[2026-08-08T17:56:42.548+0000] {processor.py:186} INFO - Started process (PID=605) to work on /home/airflow/.local/lib/python3.12/site-packages/airflow/example_dags/tutorial.py
[2026-08-08T17:56:42.550+0000] {processor.py:914} INFO - Processing file /home/airflow/.local/lib/python3.12/site-packages/airflow/example_dags/tutorial.py for tasks to queue
[2026-08-08T17:56:42.553+0000] {logging_mixin.py:190} INFO - [2026-08-08T17:56:42.552+0000] {dagbag.py:587} INFO - Filling up the DagBag from /home/airflow/.local/lib/python3.12/site-packages/airflow/example_dags/tutorial.py
[2026-08-08T17:56:42.560+0000] {processor.py:925} INFO - DAG(s) 'tutorial' retrieved from /home/airflow/.local/lib/python3.12/site-packages/airflow/example_dags/tutorial.py
[2026-08-08T17:56:42.578+0000] {logging_mixin.py:190} INFO - [2026-08-08T17:56:42.578+0000] {dag.py:3211} INFO - Sync 1 DAGs
[2026-08-08T17:56:42.596+0000] {logging_mixin.py:190} INFO - [2026-08-08T17:56:42.596+0000] {dag.py:4138} INFO - Setting next_dagrun for tutorial to 2026-08-07 00:00:00+00:00, run_after=2026-08-08 00:00:00+00:00
[2026-08-08T17:56:42.617+0000] {processor.py:208} INFO - Processing /home/airflow/.local/lib/python3.12/site-packages/airflow/example_dags/tutorial.py took 0.074 seconds
[2026-08-08T17:57:13.149+0000] {processor.py:186} INFO - Started process (PID=668) to work on /home/airflow/.local/lib/python3.12/site-packages/airflow/example_dags/tutorial.py
[2026-08-08T17:57:13.150+0000] {processor.py:914} INFO - Processing file /home/airflow/.local/lib/python3.12/site-packages/airflow/example_dags/tutorial.py for tasks to queue
[2026-08-08T17:57:13.154+0000] {logging_mixin.py:190} INFO - [2026-08-08T17:57:13.154+0000] {dagbag.py:587} INFO - Filling up the DagBag from /home/airflow/.local/lib/python3.12/site-packages/airflow/example_dags/tutorial.py
[2026-08-08T17:57:13.169+0000] {processor.py:925} INFO - DAG(s) 'tutorial' retrieved from /home/airflow/.local/lib/python3.12/site-packages/airflow/example_dags/tutorial.py
[2026-08-08T17:57:13.199+0000] {logging_mixin.py:190} INFO - [2026-08-08T17:57:13.199+0000] {dag.py:3211} INFO - Sync 1 DAGs
[2026-08-08T17:57:13.233+0000] {logging_mixin.py:190} INFO - [2026-08-08T17:57:13.232+0000] {dag.py:4138} INFO - Setting next_dagrun for tutorial to 2026-08-07 00:00:00+00:00, run_after=2026-08-08 00:00:00+00:00
[2026-08-08T17:57:13.267+0000] {processor.py:208} INFO - Processing /home/airflow/.local/lib/python3.12/site-packages/airflow/example_dags/tutorial.py took 0.126 seconds
[2026-08-08T18:08:19.175+0000] {processor.py:186} INFO - Started process (PID=731) to work on /home/airflow/.local/lib/python3.12/site-packages/airflow/example_dags/tutorial.py
[2026-08-08T18:08:19.178+0000] {processor.py:914} INFO - Processing file /home/airflow/.local/lib/python3.12/site-packages/airflow/example_dags/tutorial.py for tasks to queue
[2026-08-08T18:08:19.184+0000] {logging_mixin.py:190} INFO - [2026-08-08T18:08:19.183+0000] {dagbag.py:587} INFO - Filling up the DagBag from /home/airflow/.local/lib/python3.12/site-packages/airflow/example_dags/tutorial.py
[2026-08-08T18:08:19.213+0000] {processor.py:925} INFO - DAG(s) 'tutorial' retrieved from /home/airflow/.local/lib/python3.12/site-packages/airflow/example_dags/tutorial.py
[2026-08-08T18:08:19.270+0000] {logging_mixin.py:190} INFO - [2026-08-08T18:08:19.269+0000] {dag.py:3211} INFO - Sync 1 DAGs
[2026-08-08T18:08:19.337+0000] {logging_mixin.py:190} INFO - [2026-08-08T18:08:19.337+0000] {dag.py:4138} INFO - Setting next_dagrun for tutorial to 2026-08-07 00:00:00+00:00, run_after=2026-08-08 00:00:00+00:00
[2026-08-08T18:08:19.396+0000] {processor.py:208} INFO - Processing /home/airflow/.local/lib/python3.12/site-packages/airflow/example_dags/tutorial.py took 0.230 seconds
[2026-08-08T18:08:49.590+0000] {processor.py:186} INFO - Started process (PID=794) to work on /home/airflow/.local/lib/python3.12/site-packages/airflow/example_dags/tutorial.py
[2026-08-08T18:08:49.594+0000] {processor.py:914} INFO - Processing file /home/airflow/.local/lib/python3.12/site-packages/airflow/example_dags/tutorial.py for tasks to queue
[2026-08-08T18:08:49.598+0000] {logging_mixin.py:190} INFO - [2026-08-08T18:08:49.598+0000] {dagbag.py:587} INFO - Filling up the DagBag from /home/airflow/.local/lib/python3.12/site-packages/airflow/example_dags/tutorial.py
[2026-08-08T18:08:49.612+0000] {processor.py:925} INFO - DAG(s) 'tutorial' retrieved from /home/airflow/.local/lib/python3.12/site-packages/airflow/example_dags/tutorial.py
[2026-08-08T18:08:49.648+0000] {logging_mixin.py:190} INFO - [2026-08-08T18:08:49.647+0000] {dag.py:3211} INFO - Sync 1 DAGs
[2026-08-08T18:08:49.685+0000] {logging_mixin.py:190} INFO - [2026-08-08T18:08:49.684+0000] {dag.py:4138} INFO - Setting next_dagrun for tutorial to 2026-08-07 00:00:00+00:00, run_after=2026-08-08 00:00:00+00:00
[2026-08-08T18:08:49.723+0000] {processor.py:208} INFO - Processing /home/airflow/.local/lib/python3.12/site-packages/airflow/example_dags/tutorial.py took 0.141 seconds
[2026-08-08T18:09:20.721+0000] {processor.py:186} INFO - Started process (PID=857) to work on /home/airflow/.local/lib/python3.12/site-packages/airflow/example_dags/tutorial.py
[2026-08-08T18:09:20.722+0000] {processor.py:914} INFO - Processing file /home/airflow/.local/lib/python3.12/site-packages/airflow/example_dags/tutorial.py for tasks to queue
[2026-08-08T18:09:20.728+0000] {logging_mixin.py:190} INFO - [2026-08-08T18:09:20.727+0000] {dagbag.py:587} INFO - Filling up the DagBag from /home/airflow/.local/lib/python3.12/site-packages/airflow/example_dags/tutorial.py
[2026-08-08T18:09:20.738+0000] {processor.py:925} INFO - DAG(s) 'tutorial' retrieved from /home/airflow/.local/lib/python3.12/site-packages/airflow/example_dags/tutorial.py
[2026-08-08T18:09:20.762+0000] {logging_mixin.py:190} INFO - [2026-08-08T18:09:20.762+0000] {dag.py:3211} INFO - Sync 1 DAGs
[2026-08-08T18:09:20.795+0000] {logging_mixin.py:190} INFO - [2026-08-08T18:09:20.795+0000] {dag.py:4138} INFO - Setting next_dagrun for tutorial to 2026-08-07 00:00:00+00:00, run_after=2026-08-08 00:00:00+00:00
[2026-08-08T18:09:20.830+0000] {processor.py:208} INFO - Processing /home/airflow/.local/lib/python3.12/site-packages/airflow/example_dags/tutorial.py took 0.116 seconds
[2026-08-08T18:09:51.323+0000] {processor.py:186} INFO - Started process (PID=920) to work on /home/airflow/.local/lib/python3.12/site-packages/airflow/example_dags/tutorial.py
[2026-08-08T18:09:51.325+0000] {processor.py:914} INFO - Processing file /home/airflow/.local/lib/python3.12/site-packages/airflow/example_dags/tutorial.py for tasks to queue
[2026-08-08T18:09:51.331+0000] {logging_mixin.py:190} INFO - [2026-08-08T18:09:51.330+0000] {dagbag.py:587} INFO - Filling up the DagBag from /home/airflow/.local/lib/python3.12/site-packages/airflow/example_dags/tutorial.py
[2026-08-08T18:09:51.341+0000] {processor.py:925} INFO - DAG(s) 'tutorial' retrieved from /home/airflow/.local/lib/python3.12/site-packages/airflow/example_dags/tutorial.py
[2026-08-08T18:09:51.370+0000] {logging_mixin.py:190} INFO - [2026-08-08T18:09:51.370+0000] {dag.py:3211} INFO - Sync 1 DAGs
[2026-08-08T18:09:51.395+0000] {logging_mixin.py:190} INFO - [2026-08-08T18:09:51.395+0000] {dag.py:4138} INFO - Setting next_dagrun for tutorial to 2026-08-07 00:00:00+00:00, run_after=2026-08-08 00:00:00+00:00
[2026-08-08T18:09:51.423+0000] {processor.py:208} INFO - Processing /home/airflow/.local/lib/python3.12/site-packages/airflow/example_dags/tutorial.py took 0.106 seconds
[2026-08-08T18:10:21.616+0000] {processor.py:186} INFO - Started process (PID=983) to work on /home/airflow/.local/lib/python3.12/site-packages/airflow/example_dags/tutorial.py
[2026-08-08T18:10:21.618+0000] {processor.py:914} INFO - Processing file /home/airflow/.local/lib/python3.12/site-packages/airflow/example_dags/tutorial.py for tasks to queue
[2026-08-08T18:10:21.622+0000] {logging_mixin.py:190} INFO - [2026-08-08T18:10:21.622+0000] {dagbag.py:587} INFO - Filling up the DagBag from /home/airflow/.local/lib/python3.12/site-packages/airflow/example_dags/tutorial.py
[2026-08-08T18:10:21.636+0000] {processor.py:925} INFO - DAG(s) 'tutorial' retrieved from /home/airflow/.local/lib/python3.12/site-packages/airflow/example_dags/tutorial.py
[2026-08-08T18:10:21.674+0000] {logging_mixin.py:190} INFO - [2026-08-08T18:10:21.673+0000] {dag.py:3211} INFO - Sync 1 DAGs
[2026-08-08T18:10:21.712+0000] {logging_mixin.py:190} INFO - [2026-08-08T18:10:21.712+0000] {dag.py:4138} INFO - Setting next_dagrun for tutorial to 2026-08-07 00:00:00+00:00, run_after=2026-08-08 00:00:00+00:00
[2026-08-08T18:10:21.760+0000] {processor.py:208} INFO - Processing /home/airflow/.local/lib/python3.12/site-packages/airflow/example_dags/tutorial.py took 0.155 seconds
[2026-08-08T18:10:52.773+0000] {processor.py:186} INFO - Started process (PID=1046) to work on /home/airflow/.local/lib/python3.12/site-packages/airflow/example_dags/tutorial.py
[2026-08-08T18:10:52.774+0000] {processor.py:914} INFO - Processing file /home/airflow/.local/lib/python3.12/site-packages/airflow/example_dags/tutorial.py for tasks to queue
[2026-08-08T18:10:52.777+0000] {logging_mixin.py:190} INFO - [2026-08-08T18:10:52.776+0000] {dagbag.py:587} INFO - Filling up the DagBag from /home/airflow/.local/lib/python3.12/site-packages/airflow/example_dags/tutorial.py
[2026-08-08T18:10:52.785+0000] {processor.py:925} INFO - DAG(s) 'tutorial' retrieved from /home/airflow/.local/lib/python3.12/site-packages/airflow/example_dags/tutorial.py
[2026-08-08T18:10:52.803+0000] {logging_mixin.py:190} INFO - [2026-08-08T18:10:52.802+0000] {dag.py:3211} INFO - Sync 1 DAGs
[2026-08-08T18:10:52.822+0000] {logging_mixin.py:190} INFO - [2026-08-08T18:10:52.822+0000] {dag.py:4138} INFO - Setting next_dagrun for tutorial to 2026-08-07 00:00:00+00:00, run_after=2026-08-08 00:00:00+00:00
[2026-08-08T18:10:52.844+0000] {processor.py:208} INFO - Processing /home/airflow/.local/lib/python3.12/site-packages/airflow/example_dags/tutorial.py took 0.075 seconds
[2026-08-08T18:11:23.066+0000] {processor.py:186} INFO - Started process (PID=1109) to work on /home/airflow/.local/lib/python3.12/site-packages/airflow/example_dags/tutorial.py
[2026-08-08T18:11:23.067+0000] {processor.py:914} INFO - Processing file /home/airflow/.local/lib/python3.12/site-packages/airflow/example_dags/tutorial.py for tasks to queue
[2026-08-08T18:11:23.070+0000] {logging_mixin.py:190} INFO - [2026-08-08T18:11:23.070+0000] {dagbag.py:587} INFO - Filling up the DagBag from /home/airflow/.local/lib/python3.12/site-packages/airflow/example_dags/tutorial.py
[2026-08-08T18:11:23.083+0000] {processor.py:925} INFO - DAG(s) 'tutorial' retrieved from /home/airflow/.local/lib/python3.12/site-packages/airflow/example_dags/tutorial.py
[2026-08-08T18:11:23.107+0000] {logging_mixin.py:190} INFO - [2026-08-08T18:11:23.106+0000] {dag.py:3211} INFO - Sync 1 DAGs
[2026-08-08T18:11:23.133+0000] {logging_mixin.py:190} INFO - [2026-08-08T18:11:23.133+0000] {dag.py:4138} INFO - Setting next_dagrun for tutorial to 2026-08-07 00:00:00+00:00, run_after=2026-08-08 00:00:00+00:00
[2026-08-08T18:11:23.162+0000] {processor.py:208} INFO - Processing /home/airflow/.local/lib/python3.12/site-packages/airflow/example_dags/tutorial.py took 0.104 seconds
[2026-08-08T18:11:53.261+0000] {processor.py:186} INFO - Started process (PID=1171) to work on /home/airflow/.local/lib/python3.12/site-packages/airflow/example_dags/tutorial.py
[2026-08-08T18:11:53.263+0000] {processor.py:914} INFO - Processing file /home/airflow/.local/lib/python3.12/site-packages/airflow/example_dags/tutorial.py for tasks to queue
[2026-08-08T18:11:53.265+0000] {logging_mixin.py:190} INFO - [2026-08-08T18:11:53.265+0000] {dagbag.py:587} INFO - Filling up the DagBag from /home/airflow/.local/lib/python3.12/site-packages/airflow/example_dags/tutorial.py
[2026-08-08T18:11:53.274+0000] {processor.py:925} INFO - DAG(s) 'tutorial' retrieved from /home/airflow/.local/lib/python3.12/site-packages/airflow/example_dags/tutorial.py
[2026-08-08T18:11:53.295+0000] {logging_mixin.py:190} INFO - [2026-08-08T18:11:53.294+0000] {dag.py:3211} INFO - Sync 1 DAGs
[2026-08-08T18:11:53.315+0000] {logging_mixin.py:190} INFO - [2026-08-08T18:11:53.314+0000] {dag.py:4138} INFO - Setting next_dagrun for tutorial to 2026-08-07 00:00:00+00:00, run_after=2026-08-08 00:00:00+00:00
[2026-08-08T18:11:53.334+0000] {processor.py:208} INFO - Processing /home/airflow/.local/lib/python3.12/site-packages/airflow/example_dags/tutorial.py took 0.079 seconds
[2026-08-08T18:13:08.281+0000] {processor.py:186} INFO - Started process (PID=107) to work on /home/airflow/.local/lib/python3.12/site-packages/airflow/example_dags/tutorial.py
[2026-08-08T18:13:08.285+0000] {processor.py:914} INFO - Processing file /home/airflow/.local/lib/python3.12/site-packages/airflow/example_dags/tutorial.py for tasks to queue
[2026-08-08T18:13:08.289+0000] {logging_mixin.py:190} INFO - [2026-08-08T18:13:08.288+0000] {dagbag.py:587} INFO - Filling up the DagBag from /home/airflow/.local/lib/python3.12/site-packages/airflow/example_dags/tutorial.py
[2026-08-08T18:13:08.303+0000] {processor.py:925} INFO - DAG(s) 'tutorial' retrieved from /home/airflow/.local/lib/python3.12/site-packages/airflow/example_dags/tutorial.py
[2026-08-08T18:13:08.336+0000] {logging_mixin.py:190} INFO - [2026-08-08T18:13:08.335+0000] {dag.py:3211} INFO - Sync 1 DAGs
[2026-08-08T18:13:08.364+0000] {logging_mixin.py:190} INFO - [2026-08-08T18:13:08.364+0000] {dag.py:4138} INFO - Setting next_dagrun for tutorial to 2026-08-07 00:00:00+00:00, run_after=2026-08-08 00:00:00+00:00
[2026-08-08T18:13:08.399+0000] {processor.py:208} INFO - Processing /home/airflow/.local/lib/python3.12/site-packages/airflow/example_dags/tutorial.py took 0.126 seconds
[2026-08-08T18:13:38.521+0000] {processor.py:186} INFO - Started process (PID=170) to work on /home/airflow/.local/lib/python3.12/site-packages/airflow/example_dags/tutorial.py
[2026-08-08T18:13:38.524+0000] {processor.py:914} INFO - Processing file /home/airflow/.local/lib/python3.12/site-packages/airflow/example_dags/tutorial.py for tasks to queue
[2026-08-08T18:13:38.527+0000] {logging_mixin.py:190} INFO - [2026-08-08T18:13:38.526+0000] {dagbag.py:587} INFO - Filling up the DagBag from /home/airflow/.local/lib/python3.12/site-packages/airflow/example_dags/tutorial.py
[2026-08-08T18:13:38.535+0000] {processor.py:925} INFO - DAG(s) 'tutorial' retrieved from /home/airflow/.local/lib/python3.12/site-packages/airflow/example_dags/tutorial.py
[2026-08-08T18:13:38.559+0000] {logging_mixin.py:190} INFO - [2026-08-08T18:13:38.558+0000] {dag.py:3211} INFO - Sync 1 DAGs
[2026-08-08T18:13:38.581+0000] {logging_mixin.py:190} INFO - [2026-08-08T18:13:38.581+0000] {dag.py:4138} INFO - Setting next_dagrun for tutorial to 2026-08-07 00:00:00+00:00, run_after=2026-08-08 00:00:00+00:00
[2026-08-08T18:13:38.601+0000] {processor.py:208} INFO - Processing /home/airflow/.local/lib/python3.12/site-packages/airflow/example_dags/tutorial.py took 0.086 seconds
[2026-08-08T18:14:09.029+0000] {processor.py:186} INFO - Started process (PID=233) to work on /home/airflow/.local/lib/python3.12/site-packages/airflow/example_dags/tutorial.py
[2026-08-08T18:14:09.031+0000] {processor.py:914} INFO - Processing file /home/airflow/.local/lib/python3.12/site-packages/airflow/example_dags/tutorial.py for tasks to queue
[2026-08-08T18:14:09.034+0000] {logging_mixin.py:190} INFO - [2026-08-08T18:14:09.034+0000] {dagbag.py:587} INFO - Filling up the DagBag from /home/airflow/.local/lib/python3.12/site-packages/airflow/example_dags/tutorial.py
[2026-08-08T18:14:09.046+0000] {processor.py:925} INFO - DAG(s) 'tutorial' retrieved from /home/airflow/.local/lib/python3.12/site-packages/airflow/example_dags/tutorial.py
[2026-08-08T18:14:09.084+0000] {logging_mixin.py:190} INFO - [2026-08-08T18:14:09.084+0000] {dag.py:3211} INFO - Sync 1 DAGs
[2026-08-08T18:14:09.150+0000] {logging_mixin.py:190} INFO - [2026-08-08T18:14:09.150+0000] {dag.py:4138} INFO - Setting next_dagrun for tutorial to 2026-08-07 00:00:00+00:00, run_after=2026-08-08 00:00:00+00:00
[2026-08-08T18:14:09.183+0000] {processor.py:208} INFO - Processing /home/airflow/.local/lib/python3.12/site-packages/airflow/example_dags/tutorial.py took 0.163 seconds
[2026-08-08T18:14:39.316+0000] {processor.py:186} INFO - Started process (PID=296) to work on /home/airflow/.local/lib/python3.12/site-packages/airflow/example_dags/tutorial.py
[2026-08-08T18:14:39.317+0000] {processor.py:914} INFO - Processing file /home/airflow/.local/lib/python3.12/site-packages/airflow/example_dags/tutorial.py for tasks to queue
[2026-08-08T18:14:39.320+0000] {logging_mixin.py:190} INFO - [2026-08-08T18:14:39.320+0000] {dagbag.py:587} INFO - Filling up the DagBag from /home/airflow/.local/lib/python3.12/site-packages/airflow/example_dags/tutorial.py
[2026-08-08T18:14:39.328+0000] {processor.py:925} INFO - DAG(s) 'tutorial' retrieved from /home/airflow/.local/lib/python3.12/site-packages/airflow/example_dags/tutorial.py
[2026-08-08T18:14:39.348+0000] {logging_mixin.py:190} INFO - [2026-08-08T18:14:39.347+0000] {dag.py:3211} INFO - Sync 1 DAGs
[2026-08-08T18:14:39.372+0000] {logging_mixin.py:190} INFO - [2026-08-08T18:14:39.372+0000] {dag.py:4138} INFO - Setting next_dagrun for tutorial to 2026-08-07 00:00:00+00:00, run_after=2026-08-08 00:00:00+00:00
[2026-08-08T18:14:39.392+0000] {processor.py:208} INFO - Processing /home/airflow/.local/lib/python3.12/site-packages/airflow/example_dags/tutorial.py took 0.082 seconds
[2026-08-08T18:15:11.182+0000] {processor.py:186} INFO - Started process (PID=359) to work on /home/airflow/.local/lib/python3.12/site-packages/airflow/example_dags/tutorial.py
[2026-08-08T18:15:11.184+0000] {processor.py:914} INFO - Processing file /home/airflow/.local/lib/python3.12/site-packages/airflow/example_dags/tutorial.py for tasks to queue
[2026-08-08T18:15:11.189+0000] {logging_mixin.py:190} INFO - [2026-08-08T18:15:11.188+0000] {dagbag.py:587} INFO - Filling up the DagBag from /home/airflow/.local/lib/python3.12/site-packages/airflow/example_dags/tutorial.py
[2026-08-08T18:15:11.202+0000] {processor.py:925} INFO - DAG(s) 'tutorial' retrieved from /home/airflow/.local/lib/python3.12/site-packages/airflow/example_dags/tutorial.py
[2026-08-08T18:15:11.229+0000] {logging_mixin.py:190} INFO - [2026-08-08T18:15:11.228+0000] {dag.py:3211} INFO - Sync 1 DAGs
[2026-08-08T18:15:11.257+0000] {logging_mixin.py:190} INFO - [2026-08-08T18:15:11.257+0000] {dag.py:4138} INFO - Setting next_dagrun for tutorial to 2026-08-07 00:00:00+00:00, run_after=2026-08-08 00:00:00+00:00
[2026-08-08T18:15:11.292+0000] {processor.py:208} INFO - Processing /home/airflow/.local/lib/python3.12/site-packages/airflow/example_dags/tutorial.py took 0.120 seconds
[2026-08-08T18:15:42.326+0000] {processor.py:186} INFO - Started process (PID=422) to work on /home/airflow/.local/lib/python3.12/site-packages/airflow/example_dags/tutorial.py
[2026-08-08T18:15:42.328+0000] {processor.py:914} INFO - Processing file /home/airflow/.local/lib/python3.12/site-packages/airflow/example_dags/tutorial.py for tasks to queue
[2026-08-08T18:15:42.331+0000] {logging_mixin.py:190} INFO - [2026-08-08T18:15:42.331+0000] {dagbag.py:587} INFO - Filling up the DagBag from /home/airflow/.local/lib/python3.12/site-packages/airflow/example_dags/tutorial.py
[2026-08-08T18:15:42.344+0000] {processor.py:925} INFO - DAG(s) 'tutorial' retrieved from /home/airflow/.local/lib/python3.12/site-packages/airflow/example_dags/tutorial.py
[2026-08-08T18:15:42.373+0000] {logging_mixin.py:190} INFO - [2026-08-08T18:15:42.373+0000] {dag.py:3211} INFO - Sync 1 DAGs
[2026-08-08T18:15:42.401+0000] {logging_mixin.py:190} INFO - [2026-08-08T18:15:42.400+0000] {dag.py:4138} INFO - Setting next_dagrun for tutorial to 2026-08-07 00:00:00+00:00, run_after=2026-08-08 00:00:00+00:00
[2026-08-08T18:15:42.434+0000] {processor.py:208} INFO - Processing /home/airflow/.local/lib/python3.12/site-packages/airflow/example_dags/tutorial.py took 0.116 seconds
[2026-08-08T18:17:13.235+0000] {processor.py:186} INFO - Started process (PID=120) to work on /home/airflow/.local/lib/python3.12/site-packages/airflow/example_dags/tutorial.py
[2026-08-08T18:17:13.237+0000] {processor.py:914} INFO - Processing file /home/airflow/.local/lib/python3.12/site-packages/airflow/example_dags/tutorial.py for tasks to queue
[2026-08-08T18:17:13.241+0000] {logging_mixin.py:190} INFO - [2026-08-08T18:17:13.241+0000] {dagbag.py:587} INFO - Filling up the DagBag from /home/airflow/.local/lib/python3.12/site-packages/airflow/example_dags/tutorial.py
[2026-08-08T18:17:13.254+0000] {processor.py:925} INFO - DAG(s) 'tutorial' retrieved from /home/airflow/.local/lib/python3.12/site-packages/airflow/example_dags/tutorial.py
[2026-08-08T18:17:13.298+0000] {logging_mixin.py:190} INFO - [2026-08-08T18:17:13.297+0000] {dag.py:3211} INFO - Sync 1 DAGs
[2026-08-08T18:17:13.324+0000] {logging_mixin.py:190} INFO - [2026-08-08T18:17:13.323+0000] {dag.py:4138} INFO - Setting next_dagrun for tutorial to 2026-08-07 00:00:00+00:00, run_after=2026-08-08 00:00:00+00:00
[2026-08-08T18:17:13.349+0000] {processor.py:208} INFO - Processing /home/airflow/.local/lib/python3.12/site-packages/airflow/example_dags/tutorial.py took 0.121 seconds
[2026-08-08T18:17:43.484+0000] {processor.py:186} INFO - Started process (PID=183) to work on /home/airflow/.local/lib/python3.12/site-packages/airflow/example_dags/tutorial.py
[2026-08-08T18:17:43.486+0000] {processor.py:914} INFO - Processing file /home/airflow/.local/lib/python3.12/site-packages/airflow/example_dags/tutorial.py for tasks to queue
[2026-08-08T18:17:43.489+0000] {logging_mixin.py:190} INFO - [2026-08-08T18:17:43.488+0000] {dagbag.py:587} INFO - Filling up the DagBag from /home/airflow/.local/lib/python3.12/site-packages/airflow/example_dags/tutorial.py
[2026-08-08T18:17:43.502+0000] {processor.py:925} INFO - DAG(s) 'tutorial' retrieved from /home/airflow/.local/lib/python3.12/site-packages/airflow/example_dags/tutorial.py
[2026-08-08T18:17:43.530+0000] {logging_mixin.py:190} INFO - [2026-08-08T18:17:43.529+0000] {dag.py:3211} INFO - Sync 1 DAGs
[2026-08-08T18:17:43.556+0000] {logging_mixin.py:190} INFO - [2026-08-08T18:17:43.556+0000] {dag.py:4138} INFO - Setting next_dagrun for tutorial to 2026-08-07 00:00:00+00:00, run_after=2026-08-08 00:00:00+00:00
[2026-08-08T18:17:43.578+0000] {processor.py:208} INFO - Processing /home/airflow/.local/lib/python3.12/site-packages/airflow/example_dags/tutorial.py took 0.103 seconds
[2026-08-08T18:18:14.414+0000] {processor.py:186} INFO - Started process (PID=246) to work on /home/airflow/.local/lib/python3.12/site-packages/airflow/example_dags/tutorial.py
[2026-08-08T18:18:14.415+0000] {processor.py:914} INFO - Processing file /home/airflow/.local/lib/python3.12/site-packages/airflow/example_dags/tutorial.py for tasks to queue
[2026-08-08T18:18:14.420+0000] {logging_mixin.py:190} INFO - [2026-08-08T18:18:14.419+0000] {dagbag.py:587} INFO - Filling up the DagBag from /home/airflow/.local/lib/python3.12/site-packages/airflow/example_dags/tutorial.py
[2026-08-08T18:18:14.431+0000] {processor.py:925} INFO - DAG(s) 'tutorial' retrieved from /home/airflow/.local/lib/python3.12/site-packages/airflow/example_dags/tutorial.py
[2026-08-08T18:18:14.458+0000] {logging_mixin.py:190} INFO - [2026-08-08T18:18:14.458+0000] {dag.py:3211} INFO - Sync 1 DAGs
[2026-08-08T18:18:14.493+0000] {logging_mixin.py:190} INFO - [2026-08-08T18:18:14.493+0000] {dag.py:4138} INFO - Setting next_dagrun for tutorial to 2026-08-07 00:00:00+00:00, run_after=2026-08-08 00:00:00+00:00
[2026-08-08T18:18:14.519+0000] {processor.py:208} INFO - Processing /home/airflow/.local/lib/python3.12/site-packages/airflow/example_dags/tutorial.py took 0.114 seconds
[2026-08-08T18:18:44.825+0000] {processor.py:186} INFO - Started process (PID=309) to work on /home/airflow/.local/lib/python3.12/site-packages/airflow/example_dags/tutorial.py
[2026-08-08T18:18:44.827+0000] {processor.py:914} INFO - Processing file /home/airflow/.local/lib/python3.12/site-packages/airflow/example_dags/tutorial.py for tasks to queue
[2026-08-08T18:18:44.831+0000] {logging_mixin.py:190} INFO - [2026-08-08T18:18:44.830+0000] {dagbag.py:587} INFO - Filling up the DagBag from /home/airflow/.local/lib/python3.12/site-packages/airflow/example_dags/tutorial.py
[2026-08-08T18:18:44.841+0000] {processor.py:925} INFO - DAG(s) 'tutorial' retrieved from /home/airflow/.local/lib/python3.12/site-packages/airflow/example_dags/tutorial.py
[2026-08-08T18:18:44.866+0000] {logging_mixin.py:190} INFO - [2026-08-08T18:18:44.865+0000] {dag.py:3211} INFO - Sync 1 DAGs
[2026-08-08T18:18:44.893+0000] {logging_mixin.py:190} INFO - [2026-08-08T18:18:44.893+0000] {dag.py:4138} INFO - Setting next_dagrun for tutorial to 2026-08-07 00:00:00+00:00, run_after=2026-08-08 00:00:00+00:00
[2026-08-08T18:18:44.915+0000] {processor.py:208} INFO - Processing /home/airflow/.local/lib/python3.12/site-packages/airflow/example_dags/tutorial.py took 0.098 seconds
[2026-08-08T18:19:15.701+0000] {processor.py:186} INFO - Started process (PID=372) to work on /home/airflow/.local/lib/python3.12/site-packages/airflow/example_dags/tutorial.py
[2026-08-08T18:19:15.703+0000] {processor.py:914} INFO - Processing file /home/airflow/.local/lib/python3.12/site-packages/airflow/example_dags/tutorial.py for tasks to queue
[2026-08-08T18:19:15.707+0000] {logging_mixin.py:190} INFO - [2026-08-08T18:19:15.706+0000] {dagbag.py:587} INFO - Filling up the DagBag from /home/airflow/.local/lib/python3.12/site-packages/airflow/example_dags/tutorial.py
[2026-08-08T18:19:15.716+0000] {processor.py:925} INFO - DAG(s) 'tutorial' retrieved from /home/airflow/.local/lib/python3.12/site-packages/airflow/example_dags/tutorial.py
[2026-08-08T18:19:15.740+0000] {logging_mixin.py:190} INFO - [2026-08-08T18:19:15.740+0000] {dag.py:3211} INFO - Sync 1 DAGs
[2026-08-08T18:19:15.770+0000] {logging_mixin.py:190} INFO - [2026-08-08T18:19:15.769+0000] {dag.py:4138} INFO - Setting next_dagrun for tutorial to 2026-08-07 00:00:00+00:00, run_after=2026-08-08 00:00:00+00:00
[2026-08-08T18:19:15.790+0000] {processor.py:208} INFO - Processing /home/airflow/.local/lib/python3.12/site-packages/airflow/example_dags/tutorial.py took 0.096 seconds
[2026-08-08T18:24:02.605+0000] {processor.py:186} INFO - Started process (PID=435) to work on /home/airflow/.local/lib/python3.12/site-packages/airflow/example_dags/tutorial.py
[2026-08-08T18:24:02.741+0000] {processor.py:914} INFO - Processing file /home/airflow/.local/lib/python3.12/site-packages/airflow/example_dags/tutorial.py for tasks to queue
[2026-08-08T18:24:02.744+0000] {logging_mixin.py:190} INFO - [2026-08-08T18:24:02.744+0000] {dagbag.py:587} INFO - Filling up the DagBag from /home/airflow/.local/lib/python3.12/site-packages/airflow/example_dags/tutorial.py
[2026-08-08T18:24:02.751+0000] {processor.py:925} INFO - DAG(s) 'tutorial' retrieved from /home/airflow/.local/lib/python3.12/site-packages/airflow/example_dags/tutorial.py
[2026-08-08T18:24:02.767+0000] {logging_mixin.py:190} INFO - [2026-08-08T18:24:02.767+0000] {dag.py:3211} INFO - Sync 1 DAGs
[2026-08-08T18:24:02.783+0000] {logging_mixin.py:190} INFO - [2026-08-08T18:24:02.783+0000] {dag.py:4138} INFO - Setting next_dagrun for tutorial to 2026-08-07 00:00:00+00:00, run_after=2026-08-08 00:00:00+00:00
[2026-08-08T18:24:03.095+0000] {processor.py:208} INFO - Processing /home/airflow/.local/lib/python3.12/site-packages/airflow/example_dags/tutorial.py took 0.495 seconds
[2026-08-08T18:24:33.311+0000] {processor.py:186} INFO - Started process (PID=497) to work on /home/airflow/.local/lib/python3.12/site-packages/airflow/example_dags/tutorial.py
[2026-08-08T18:24:33.312+0000] {processor.py:914} INFO - Processing file /home/airflow/.local/lib/python3.12/site-packages/airflow/example_dags/tutorial.py for tasks to queue
[2026-08-08T18:24:33.316+0000] {logging_mixin.py:190} INFO - [2026-08-08T18:24:33.315+0000] {dagbag.py:587} INFO - Filling up the DagBag from /home/airflow/.local/lib/python3.12/site-packages/airflow/example_dags/tutorial.py
[2026-08-08T18:24:33.326+0000] {processor.py:925} INFO - DAG(s) 'tutorial' retrieved from /home/airflow/.local/lib/python3.12/site-packages/airflow/example_dags/tutorial.py
[2026-08-08T18:24:33.362+0000] {logging_mixin.py:190} INFO - [2026-08-08T18:24:33.362+0000] {dag.py:3211} INFO - Sync 1 DAGs
[2026-08-08T18:24:33.405+0000] {logging_mixin.py:190} INFO - [2026-08-08T18:24:33.405+0000] {dag.py:4138} INFO - Setting next_dagrun for tutorial to 2026-08-07 00:00:00+00:00, run_after=2026-08-08 00:00:00+00:00
[2026-08-08T18:24:33.433+0000] {processor.py:208} INFO - Processing /home/airflow/.local/lib/python3.12/site-packages/airflow/example_dags/tutorial.py took 0.129 seconds
[2026-08-08T18:25:04.063+0000] {processor.py:186} INFO - Started process (PID=561) to work on /home/airflow/.local/lib/python3.12/site-packages/airflow/example_dags/tutorial.py
[2026-08-08T18:25:04.064+0000] {processor.py:914} INFO - Processing file /home/airflow/.local/lib/python3.12/site-packages/airflow/example_dags/tutorial.py for tasks to queue
[2026-08-08T18:25:04.068+0000] {logging_mixin.py:190} INFO - [2026-08-08T18:25:04.067+0000] {dagbag.py:587} INFO - Filling up the DagBag from /home/airflow/.local/lib/python3.12/site-packages/airflow/example_dags/tutorial.py
[2026-08-08T18:25:04.076+0000] {processor.py:925} INFO - DAG(s) 'tutorial' retrieved from /home/airflow/.local/lib/python3.12/site-packages/airflow/example_dags/tutorial.py
[2026-08-08T18:25:04.099+0000] {logging_mixin.py:190} INFO - [2026-08-08T18:25:04.099+0000] {dag.py:3211} INFO - Sync 1 DAGs
[2026-08-08T18:25:04.123+0000] {logging_mixin.py:190} INFO - [2026-08-08T18:25:04.123+0000] {dag.py:4138} INFO - Setting next_dagrun for tutorial to 2026-08-07 00:00:00+00:00, run_after=2026-08-08 00:00:00+00:00
[2026-08-08T18:25:04.143+0000] {processor.py:208} INFO - Processing /home/airflow/.local/lib/python3.12/site-packages/airflow/example_dags/tutorial.py took 0.087 seconds
[2026-08-08T18:25:34.592+0000] {processor.py:186} INFO - Started process (PID=624) to work on /home/airflow/.local/lib/python3.12/site-packages/airflow/example_dags/tutorial.py
[2026-08-08T18:25:34.593+0000] {processor.py:914} INFO - Processing file /home/airflow/.local/lib/python3.12/site-packages/airflow/example_dags/tutorial.py for tasks to queue
[2026-08-08T18:25:34.596+0000] {logging_mixin.py:190} INFO - [2026-08-08T18:25:34.595+0000] {dagbag.py:587} INFO - Filling up the DagBag from /home/airflow/.local/lib/python3.12/site-packages/airflow/example_dags/tutorial.py
[2026-08-08T18:25:34.605+0000] {processor.py:925} INFO - DAG(s) 'tutorial' retrieved from /home/airflow/.local/lib/python3.12/site-packages/airflow/example_dags/tutorial.py
[2026-08-08T18:25:34.626+0000] {logging_mixin.py:190} INFO - [2026-08-08T18:25:34.626+0000] {dag.py:3211} INFO - Sync 1 DAGs
[2026-08-08T18:25:34.648+0000] {logging_mixin.py:190} INFO - [2026-08-08T18:25:34.648+0000] {dag.py:4138} INFO - Setting next_dagrun for tutorial to 2026-08-07 00:00:00+00:00, run_after=2026-08-08 00:00:00+00:00
[2026-08-08T18:25:34.666+0000] {processor.py:208} INFO - Processing /home/airflow/.local/lib/python3.12/site-packages/airflow/example_dags/tutorial.py took 0.081 seconds
[2026-08-08T18:26:05.152+0000] {processor.py:186} INFO - Started process (PID=688) to work on /home/airflow/.local/lib/python3.12/site-packages/airflow/example_dags/tutorial.py
[2026-08-08T18:26:05.153+0000] {processor.py:914} INFO - Processing file /home/airflow/.local/lib/python3.12/site-packages/airflow/example_dags/tutorial.py for tasks to queue
[2026-08-08T18:26:05.156+0000] {logging_mixin.py:190} INFO - [2026-08-08T18:26:05.156+0000] {dagbag.py:587} INFO - Filling up the DagBag from /home/airflow/.local/lib/python3.12/site-packages/airflow/example_dags/tutorial.py
[2026-08-08T18:26:05.165+0000] {processor.py:925} INFO - DAG(s) 'tutorial' retrieved from /home/airflow/.local/lib/python3.12/site-packages/airflow/example_dags/tutorial.py
[2026-08-08T18:26:05.184+0000] {logging_mixin.py:190} INFO - [2026-08-08T18:26:05.184+0000] {dag.py:3211} INFO - Sync 1 DAGs
[2026-08-08T18:26:05.203+0000] {logging_mixin.py:190} INFO - [2026-08-08T18:26:05.203+0000] {dag.py:4138} INFO - Setting next_dagrun for tutorial to 2026-08-07 00:00:00+00:00, run_after=2026-08-08 00:00:00+00:00
[2026-08-08T18:26:05.221+0000] {processor.py:208} INFO - Processing /home/airflow/.local/lib/python3.12/site-packages/airflow/example_dags/tutorial.py took 0.076 seconds
[2026-08-08T18:26:35.953+0000] {processor.py:186} INFO - Started process (PID=751) to work on /home/airflow/.local/lib/python3.12/site-packages/airflow/example_dags/tutorial.py
[2026-08-08T18:26:35.954+0000] {processor.py:914} INFO - Processing file /home/airflow/.local/lib/python3.12/site-packages/airflow/example_dags/tutorial.py for tasks to queue
[2026-08-08T18:26:35.958+0000] {logging_mixin.py:190} INFO - [2026-08-08T18:26:35.957+0000] {dagbag.py:587} INFO - Filling up the DagBag from /home/airflow/.local/lib/python3.12/site-packages/airflow/example_dags/tutorial.py
[2026-08-08T18:26:35.967+0000] {processor.py:925} INFO - DAG(s) 'tutorial' retrieved from /home/airflow/.local/lib/python3.12/site-packages/airflow/example_dags/tutorial.py
[2026-08-08T18:26:35.988+0000] {logging_mixin.py:190} INFO - [2026-08-08T18:26:35.988+0000] {dag.py:3211} INFO - Sync 1 DAGs
[2026-08-08T18:26:36.009+0000] {logging_mixin.py:190} INFO - [2026-08-08T18:26:36.009+0000] {dag.py:4138} INFO - Setting next_dagrun for tutorial to 2026-08-07 00:00:00+00:00, run_after=2026-08-08 00:00:00+00:00
[2026-08-08T18:26:36.030+0000] {processor.py:208} INFO - Processing /home/airflow/.local/lib/python3.12/site-packages/airflow/example_dags/tutorial.py took 0.085 seconds
