[2026-08-08T17:25:13.550+0000] {processor.py:186} INFO - Started process (PID=112) to work on /home/airflow/.local/lib/python3.12/site-packages/airflow/example_dags/tutorial_dag.py
[2026-08-08T17:25:13.552+0000] {processor.py:914} INFO - Processing file /home/airflow/.local/lib/python3.12/site-packages/airflow/example_dags/tutorial_dag.py for tasks to queue
[2026-08-08T17:25:13.554+0000] {logging_mixin.py:190} INFO - [2026-08-08T17:25:13.554+0000] {dagbag.py:587} INFO - Filling up the DagBag from /home/airflow/.local/lib/python3.12/site-packages/airflow/example_dags/tutorial_dag.py
[2026-08-08T17:25:13.561+0000] {processor.py:925} INFO - DAG(s) 'tutorial_dag' retrieved from /home/airflow/.local/lib/python3.12/site-packages/airflow/example_dags/tutorial_dag.py
[2026-08-08T17:25:13.645+0000] {logging_mixin.py:190} INFO - [2026-08-08T17:25:13.644+0000] {override.py:1858} INFO - Created Permission View: can delete on DAG:tutorial_dag
[2026-08-08T17:25:13.653+0000] {logging_mixin.py:190} INFO - [2026-08-08T17:25:13.653+0000] {override.py:1858} INFO - Created Permission View: can edit on DAG:tutorial_dag
[2026-08-08T17:25:13.660+0000] {logging_mixin.py:190} INFO - [2026-08-08T17:25:13.660+0000] {override.py:1858} INFO - Created Permission View: can read on DAG:tutorial_dag
[2026-08-08T17:25:13.661+0000] {logging_mixin.py:190} INFO - [2026-08-08T17:25:13.661+0000] {dag.py:3211} INFO - Sync 1 DAGs
[2026-08-08T17:25:13.669+0000] {logging_mixin.py:190} INFO - [2026-08-08T17:25:13.669+0000] {dag.py:3234} INFO - Creating ORM DAG for tutorial_dag
[2026-08-08T17:25:13.670+0000] {logging_mixin.py:190} INFO - [2026-08-08T17:25:13.670+0000] {dag.py:4138} INFO - Setting next_dagrun for tutorial_dag to None, run_after=None
[2026-08-08T17:25:13.681+0000] {processor.py:208} INFO - Processing /home/airflow/.local/lib/python3.12/site-packages/airflow/example_dags/tutorial_dag.py took 0.136 seconds
[2026-08-08T17:25:44.057+0000] {processor.py:186} INFO - Started process (PID=175) to work on /home/airflow/.local/lib/python3.12/site-packages/airflow/example_dags/tutorial_dag.py
[2026-08-08T17:25:44.058+0000] {processor.py:914} INFO - Processing file /home/airflow/.local/lib/python3.12/site-packages/airflow/example_dags/tutorial_dag.py for tasks to queue
[2026-08-08T17:25:44.060+0000] {logging_mixin.py:190} INFO - [2026-08-08T17:25:44.060+0000] {dagbag.py:587} INFO - Filling up the DagBag from /home/airflow/.local/lib/python3.12/site-packages/airflow/example_dags/tutorial_dag.py
[2026-08-08T17:25:44.069+0000] {processor.py:925} INFO - DAG(s) 'tutorial_dag' retrieved from /home/airflow/.local/lib/python3.12/site-packages/airflow/example_dags/tutorial_dag.py
[2026-08-08T17:25:44.091+0000] {logging_mixin.py:190} INFO - [2026-08-08T17:25:44.091+0000] {dag.py:3211} INFO - Sync 1 DAGs
[2026-08-08T17:25:44.106+0000] {logging_mixin.py:190} INFO - [2026-08-08T17:25:44.105+0000] {dag.py:4138} INFO - Setting next_dagrun for tutorial_dag to None, run_after=None
[2026-08-08T17:25:44.126+0000] {processor.py:208} INFO - Processing /home/airflow/.local/lib/python3.12/site-packages/airflow/example_dags/tutorial_dag.py took 0.075 seconds
[2026-08-08T17:26:14.660+0000] {processor.py:186} INFO - Started process (PID=238) to work on /home/airflow/.local/lib/python3.12/site-packages/airflow/example_dags/tutorial_dag.py
[2026-08-08T17:26:14.661+0000] {processor.py:914} INFO - Processing file /home/airflow/.local/lib/python3.12/site-packages/airflow/example_dags/tutorial_dag.py for tasks to queue
[2026-08-08T17:26:14.664+0000] {logging_mixin.py:190} INFO - [2026-08-08T17:26:14.664+0000] {dagbag.py:587} INFO - Filling up the DagBag from /home/airflow/.local/lib/python3.12/site-packages/airflow/example_dags/tutorial_dag.py
[2026-08-08T17:26:14.674+0000] {processor.py:925} INFO - DAG(s) 'tutorial_dag' retrieved from /home/airflow/.local/lib/python3.12/site-packages/airflow/example_dags/tutorial_dag.py
[2026-08-08T17:26:14.694+0000] {logging_mixin.py:190} INFO - [2026-08-08T17:26:14.694+0000] {dag.py:3211} INFO - Sync 1 DAGs
[2026-08-08T17:26:14.706+0000] {logging_mixin.py:190} INFO - [2026-08-08T17:26:14.706+0000] {dag.py:4138} INFO - Setting next_dagrun for tutorial_dag to None, run_after=None
[2026-08-08T17:26:14.728+0000] {processor.py:208} INFO - Processing /home/airflow/.local/lib/python3.12/site-packages/airflow/example_dags/tutorial_dag.py took 0.079 seconds
[2026-08-08T17:26:44.921+0000] {processor.py:186} INFO - Started process (PID=301) to work on /home/airflow/.local/lib/python3.12/site-packages/airflow/example_dags/tutorial_dag.py
[2026-08-08T17:26:44.922+0000] {processor.py:914} INFO - Processing file /home/airflow/.local/lib/python3.12/site-packages/airflow/example_dags/tutorial_dag.py for tasks to queue
[2026-08-08T17:26:44.924+0000] {logging_mixin.py:190} INFO - [2026-08-08T17:26:44.924+0000] {dagbag.py:587} INFO - Filling up the DagBag from /home/airflow/.local/lib/python3.12/site-packages/airflow/example_dags/tutorial_dag.py
[2026-08-08T17:26:44.931+0000] {processor.py:925} INFO - DAG(s) 'tutorial_dag' retrieved from /home/airflow/.local/lib/python3.12/site-packages/airflow/example_dags/tutorial_dag.py
[2026-08-08T17:26:44.951+0000] {logging_mixin.py:190} INFO - [2026-08-08T17:26:44.951+0000] {dag.py:3211} INFO - Sync 1 DAGs
[2026-08-08T17:26:44.963+0000] {logging_mixin.py:190} INFO - [2026-08-08T17:26:44.963+0000] {dag.py:4138} INFO - Setting next_dagrun for tutorial_dag to None, run_after=None
[2026-08-08T17:26:44.984+0000] {processor.py:208} INFO - Processing /home/airflow/.local/lib/python3.12/site-packages/airflow/example_dags/tutorial_dag.py took 0.069 seconds
[2026-08-08T17:27:15.147+0000] {processor.py:186} INFO - Started process (PID=364) to work on /home/airflow/.local/lib/python3.12/site-packages/airflow/example_dags/tutorial_dag.py
[2026-08-08T17:27:15.148+0000] {processor.py:914} INFO - Processing file /home/airflow/.local/lib/python3.12/site-packages/airflow/example_dags/tutorial_dag.py for tasks to queue
[2026-08-08T17:27:15.150+0000] {logging_mixin.py:190} INFO - [2026-08-08T17:27:15.150+0000] {dagbag.py:587} INFO - Filling up the DagBag from /home/airflow/.local/lib/python3.12/site-packages/airflow/example_dags/tutorial_dag.py
[2026-08-08T17:27:15.157+0000] {processor.py:925} INFO - DAG(s) 'tutorial_dag' retrieved from /home/airflow/.local/lib/python3.12/site-packages/airflow/example_dags/tutorial_dag.py
[2026-08-08T17:27:15.175+0000] {logging_mixin.py:190} INFO - [2026-08-08T17:27:15.174+0000] {dag.py:3211} INFO - Sync 1 DAGs
[2026-08-08T17:27:15.185+0000] {logging_mixin.py:190} INFO - [2026-08-08T17:27:15.185+0000] {dag.py:4138} INFO - Setting next_dagrun for tutorial_dag to None, run_after=None
[2026-08-08T17:27:15.200+0000] {processor.py:208} INFO - Processing /home/airflow/.local/lib/python3.12/site-packages/airflow/example_dags/tutorial_dag.py took 0.057 seconds
[2026-08-08T17:27:45.708+0000] {processor.py:186} INFO - Started process (PID=427) to work on /home/airflow/.local/lib/python3.12/site-packages/airflow/example_dags/tutorial_dag.py
[2026-08-08T17:27:45.710+0000] {processor.py:914} INFO - Processing file /home/airflow/.local/lib/python3.12/site-packages/airflow/example_dags/tutorial_dag.py for tasks to queue
[2026-08-08T17:27:45.713+0000] {logging_mixin.py:190} INFO - [2026-08-08T17:27:45.713+0000] {dagbag.py:587} INFO - Filling up the DagBag from /home/airflow/.local/lib/python3.12/site-packages/airflow/example_dags/tutorial_dag.py
[2026-08-08T17:27:45.720+0000] {processor.py:925} INFO - DAG(s) 'tutorial_dag' retrieved from /home/airflow/.local/lib/python3.12/site-packages/airflow/example_dags/tutorial_dag.py
[2026-08-08T17:27:45.741+0000] {logging_mixin.py:190} INFO - [2026-08-08T17:27:45.741+0000] {dag.py:3211} INFO - Sync 1 DAGs
[2026-08-08T17:27:45.755+0000] {logging_mixin.py:190} INFO - [2026-08-08T17:27:45.755+0000] {dag.py:4138} INFO - Setting next_dagrun for tutorial_dag to None, run_after=None
[2026-08-08T17:27:45.774+0000] {processor.py:208} INFO - Processing /home/airflow/.local/lib/python3.12/site-packages/airflow/example_dags/tutorial_dag.py took 0.071 seconds
[2026-08-08T17:28:16.180+0000] {processor.py:186} INFO - Started process (PID=490) to work on /home/airflow/.local/lib/python3.12/site-packages/airflow/example_dags/tutorial_dag.py
[2026-08-08T17:28:16.181+0000] {processor.py:914} INFO - Processing file /home/airflow/.local/lib/python3.12/site-packages/airflow/example_dags/tutorial_dag.py for tasks to queue
[2026-08-08T17:28:16.183+0000] {logging_mixin.py:190} INFO - [2026-08-08T17:28:16.183+0000] {dagbag.py:587} INFO - Filling up the DagBag from /home/airflow/.local/lib/python3.12/site-packages/airflow/example_dags/tutorial_dag.py
[2026-08-08T17:28:16.189+0000] {processor.py:925} INFO - DAG(s) 'tutorial_dag' retrieved from /home/airflow/.local/lib/python3.12/site-packages/airflow/example_dags/tutorial_dag.py
[2026-08-08T17:28:16.205+0000] {logging_mixin.py:190} INFO - [2026-08-08T17:28:16.205+0000] {dag.py:3211} INFO - Sync 1 DAGs
[2026-08-08T17:28:16.214+0000] {logging_mixin.py:190} INFO - [2026-08-08T17:28:16.214+0000] {dag.py:4138} INFO - Setting next_dagrun for tutorial_dag to None, run_after=None
[2026-08-08T17:28:16.232+0000] {processor.py:208} INFO - Processing /home/airflow/.local/lib/python3.12/site-packages/airflow/example_dags/tutorial_dag.py took 0.057 seconds
[2026-08-08T17:28:46.440+0000] {processor.py:186} INFO - Started process (PID=553) to work on /home/airflow/.local/lib/python3.12/site-packages/airflow/example_dags/tutorial_dag.py
[2026-08-08T17:28:46.442+0000] {processor.py:914} INFO - Processing file /home/airflow/.local/lib/python3.12/site-packages/airflow/example_dags/tutorial_dag.py for tasks to queue
[2026-08-08T17:28:46.445+0000] {logging_mixin.py:190} INFO - [2026-08-08T17:28:46.444+0000] {dagbag.py:587} INFO - Filling up the DagBag from /home/airflow/.local/lib/python3.12/site-packages/airflow/example_dags/tutorial_dag.py
[2026-08-08T17:28:46.455+0000] {processor.py:925} INFO - DAG(s) 'tutorial_dag' retrieved from /home/airflow/.local/lib/python3.12/site-packages/airflow/example_dags/tutorial_dag.py
[2026-08-08T17:28:46.486+0000] {logging_mixin.py:190} INFO - [2026-08-08T17:28:46.485+0000] {dag.py:3211} INFO - Sync 1 DAGs
[2026-08-08T17:28:46.523+0000] {logging_mixin.py:190} INFO - [2026-08-08T17:28:46.522+0000] {dag.py:4138} INFO - Setting next_dagrun for tutorial_dag to None, run_after=None
[2026-08-08T17:28:46.547+0000] {processor.py:208} INFO - Processing /home/airflow/.local/lib/python3.12/site-packages/airflow/example_dags/tutorial_dag.py took 0.113 seconds
[2026-08-08T17:29:17.547+0000] {processor.py:186} INFO - Started process (PID=616) to work on /home/airflow/.local/lib/python3.12/site-packages/airflow/example_dags/tutorial_dag.py
[2026-08-08T17:29:17.549+0000] {processor.py:914} INFO - Processing file /home/airflow/.local/lib/python3.12/site-packages/airflow/example_dags/tutorial_dag.py for tasks to queue
[2026-08-08T17:29:17.552+0000] {logging_mixin.py:190} INFO - [2026-08-08T17:29:17.551+0000] {dagbag.py:587} INFO - Filling up the DagBag from /home/airflow/.local/lib/python3.12/site-packages/airflow/example_dags/tutorial_dag.py
[2026-08-08T17:29:17.559+0000] {processor.py:925} INFO - DAG(s) 'tutorial_dag' retrieved from /home/airflow/.local/lib/python3.12/site-packages/airflow/example_dags/tutorial_dag.py
[2026-08-08T17:29:17.584+0000] {logging_mixin.py:190} INFO - [2026-08-08T17:29:17.583+0000] {dag.py:3211} INFO - Sync 1 DAGs
[2026-08-08T17:29:17.603+0000] {logging_mixin.py:190} INFO - [2026-08-08T17:29:17.602+0000] {dag.py:4138} INFO - Setting next_dagrun for tutorial_dag to None, run_after=None
[2026-08-08T17:29:17.625+0000] {processor.py:208} INFO - Processing /home/airflow/.local/lib/python3.12/site-packages/airflow/example_dags/tutorial_dag.py took 0.085 seconds
[2026-08-08T17:29:48.598+0000] {processor.py:186} INFO - Started process (PID=679) to work on /home/airflow/.local/lib/python3.12/site-packages/airflow/example_dags/tutorial_dag.py
[2026-08-08T17:29:48.599+0000] {processor.py:914} INFO - Processing file /home/airflow/.local/lib/python3.12/site-packages/airflow/example_dags/tutorial_dag.py for tasks to queue
[2026-08-08T17:29:48.602+0000] {logging_mixin.py:190} INFO - [2026-08-08T17:29:48.601+0000] {dagbag.py:587} INFO - Filling up the DagBag from /home/airflow/.local/lib/python3.12/site-packages/airflow/example_dags/tutorial_dag.py
[2026-08-08T17:29:48.610+0000] {processor.py:925} INFO - DAG(s) 'tutorial_dag' retrieved from /home/airflow/.local/lib/python3.12/site-packages/airflow/example_dags/tutorial_dag.py
[2026-08-08T17:29:48.633+0000] {logging_mixin.py:190} INFO - [2026-08-08T17:29:48.633+0000] {dag.py:3211} INFO - Sync 1 DAGs
[2026-08-08T17:29:48.652+0000] {logging_mixin.py:190} INFO - [2026-08-08T17:29:48.651+0000] {dag.py:4138} INFO - Setting next_dagrun for tutorial_dag to None, run_after=None
[2026-08-08T17:29:48.677+0000] {processor.py:208} INFO - Processing /home/airflow/.local/lib/python3.12/site-packages/airflow/example_dags/tutorial_dag.py took 0.086 seconds
[2026-08-08T17:30:19.509+0000] {processor.py:186} INFO - Started process (PID=742) to work on /home/airflow/.local/lib/python3.12/site-packages/airflow/example_dags/tutorial_dag.py
[2026-08-08T17:30:19.512+0000] {processor.py:914} INFO - Processing file /home/airflow/.local/lib/python3.12/site-packages/airflow/example_dags/tutorial_dag.py for tasks to queue
[2026-08-08T17:30:19.516+0000] {logging_mixin.py:190} INFO - [2026-08-08T17:30:19.516+0000] {dagbag.py:587} INFO - Filling up the DagBag from /home/airflow/.local/lib/python3.12/site-packages/airflow/example_dags/tutorial_dag.py
[2026-08-08T17:30:19.528+0000] {processor.py:925} INFO - DAG(s) 'tutorial_dag' retrieved from /home/airflow/.local/lib/python3.12/site-packages/airflow/example_dags/tutorial_dag.py
[2026-08-08T17:30:19.552+0000] {logging_mixin.py:190} INFO - [2026-08-08T17:30:19.552+0000] {dag.py:3211} INFO - Sync 1 DAGs
[2026-08-08T17:30:19.566+0000] {logging_mixin.py:190} INFO - [2026-08-08T17:30:19.566+0000] {dag.py:4138} INFO - Setting next_dagrun for tutorial_dag to None, run_after=None
[2026-08-08T17:30:19.582+0000] {processor.py:208} INFO - Processing /home/airflow/.local/lib/python3.12/site-packages/airflow/example_dags/tutorial_dag.py took 0.081 seconds
[2026-08-08T17:30:49.707+0000] {processor.py:186} INFO - Started process (PID=805) to work on /home/airflow/.local/lib/python3.12/site-packages/airflow/example_dags/tutorial_dag.py
[2026-08-08T17:30:49.709+0000] {processor.py:914} INFO - Processing file /home/airflow/.local/lib/python3.12/site-packages/airflow/example_dags/tutorial_dag.py for tasks to queue
[2026-08-08T17:30:49.712+0000] {logging_mixin.py:190} INFO - [2026-08-08T17:30:49.712+0000] {dagbag.py:587} INFO - Filling up the DagBag from /home/airflow/.local/lib/python3.12/site-packages/airflow/example_dags/tutorial_dag.py
[2026-08-08T17:30:49.722+0000] {processor.py:925} INFO - DAG(s) 'tutorial_dag' retrieved from /home/airflow/.local/lib/python3.12/site-packages/airflow/example_dags/tutorial_dag.py
[2026-08-08T17:30:49.746+0000] {logging_mixin.py:190} INFO - [2026-08-08T17:30:49.746+0000] {dag.py:3211} INFO - Sync 1 DAGs
[2026-08-08T17:30:49.759+0000] {logging_mixin.py:190} INFO - [2026-08-08T17:30:49.759+0000] {dag.py:4138} INFO - Setting next_dagrun for tutorial_dag to None, run_after=None
[2026-08-08T17:30:49.779+0000] {processor.py:208} INFO - Processing /home/airflow/.local/lib/python3.12/site-packages/airflow/example_dags/tutorial_dag.py took 0.077 seconds
[2026-08-08T17:31:20.383+0000] {processor.py:186} INFO - Started process (PID=868) to work on /home/airflow/.local/lib/python3.12/site-packages/airflow/example_dags/tutorial_dag.py
[2026-08-08T17:31:20.384+0000] {processor.py:914} INFO - Processing file /home/airflow/.local/lib/python3.12/site-packages/airflow/example_dags/tutorial_dag.py for tasks to queue
[2026-08-08T17:31:20.387+0000] {logging_mixin.py:190} INFO - [2026-08-08T17:31:20.387+0000] {dagbag.py:587} INFO - Filling up the DagBag from /home/airflow/.local/lib/python3.12/site-packages/airflow/example_dags/tutorial_dag.py
[2026-08-08T17:31:20.398+0000] {processor.py:925} INFO - DAG(s) 'tutorial_dag' retrieved from /home/airflow/.local/lib/python3.12/site-packages/airflow/example_dags/tutorial_dag.py
[2026-08-08T17:31:20.428+0000] {logging_mixin.py:190} INFO - [2026-08-08T17:31:20.427+0000] {dag.py:3211} INFO - Sync 1 DAGs
[2026-08-08T17:31:20.444+0000] {logging_mixin.py:190} INFO - [2026-08-08T17:31:20.443+0000] {dag.py:4138} INFO - Setting next_dagrun for tutorial_dag to None, run_after=None
[2026-08-08T17:31:20.466+0000] {processor.py:208} INFO - Processing /home/airflow/.local/lib/python3.12/site-packages/airflow/example_dags/tutorial_dag.py took 0.090 seconds
[2026-08-08T17:31:51.343+0000] {processor.py:186} INFO - Started process (PID=931) to work on /home/airflow/.local/lib/python3.12/site-packages/airflow/example_dags/tutorial_dag.py
[2026-08-08T17:31:51.344+0000] {processor.py:914} INFO - Processing file /home/airflow/.local/lib/python3.12/site-packages/airflow/example_dags/tutorial_dag.py for tasks to queue
[2026-08-08T17:31:51.348+0000] {logging_mixin.py:190} INFO - [2026-08-08T17:31:51.348+0000] {dagbag.py:587} INFO - Filling up the DagBag from /home/airflow/.local/lib/python3.12/site-packages/airflow/example_dags/tutorial_dag.py
[2026-08-08T17:31:51.358+0000] {processor.py:925} INFO - DAG(s) 'tutorial_dag' retrieved from /home/airflow/.local/lib/python3.12/site-packages/airflow/example_dags/tutorial_dag.py
[2026-08-08T17:31:51.382+0000] {logging_mixin.py:190} INFO - [2026-08-08T17:31:51.381+0000] {dag.py:3211} INFO - Sync 1 DAGs
[2026-08-08T17:31:51.394+0000] {logging_mixin.py:190} INFO - [2026-08-08T17:31:51.394+0000] {dag.py:4138} INFO - Setting next_dagrun for tutorial_dag to None, run_after=None
[2026-08-08T17:31:51.414+0000] {processor.py:208} INFO - Processing /home/airflow/.local/lib/python3.12/site-packages/airflow/example_dags/tutorial_dag.py took 0.076 seconds
[2026-08-08T17:32:22.411+0000] {processor.py:186} INFO - Started process (PID=994) to work on /home/airflow/.local/lib/python3.12/site-packages/airflow/example_dags/tutorial_dag.py
[2026-08-08T17:32:22.412+0000] {processor.py:914} INFO - Processing file /home/airflow/.local/lib/python3.12/site-packages/airflow/example_dags/tutorial_dag.py for tasks to queue
[2026-08-08T17:32:22.416+0000] {logging_mixin.py:190} INFO - [2026-08-08T17:32:22.416+0000] {dagbag.py:587} INFO - Filling up the DagBag from /home/airflow/.local/lib/python3.12/site-packages/airflow/example_dags/tutorial_dag.py
[2026-08-08T17:32:22.427+0000] {processor.py:925} INFO - DAG(s) 'tutorial_dag' retrieved from /home/airflow/.local/lib/python3.12/site-packages/airflow/example_dags/tutorial_dag.py
[2026-08-08T17:32:22.449+0000] {logging_mixin.py:190} INFO - [2026-08-08T17:32:22.449+0000] {dag.py:3211} INFO - Sync 1 DAGs
[2026-08-08T17:32:22.463+0000] {logging_mixin.py:190} INFO - [2026-08-08T17:32:22.462+0000] {dag.py:4138} INFO - Setting next_dagrun for tutorial_dag to None, run_after=None
[2026-08-08T17:32:22.490+0000] {processor.py:208} INFO - Processing /home/airflow/.local/lib/python3.12/site-packages/airflow/example_dags/tutorial_dag.py took 0.088 seconds
[2026-08-08T17:32:52.866+0000] {processor.py:186} INFO - Started process (PID=1058) to work on /home/airflow/.local/lib/python3.12/site-packages/airflow/example_dags/tutorial_dag.py
[2026-08-08T17:32:52.868+0000] {processor.py:914} INFO - Processing file /home/airflow/.local/lib/python3.12/site-packages/airflow/example_dags/tutorial_dag.py for tasks to queue
[2026-08-08T17:32:52.870+0000] {logging_mixin.py:190} INFO - [2026-08-08T17:32:52.870+0000] {dagbag.py:587} INFO - Filling up the DagBag from /home/airflow/.local/lib/python3.12/site-packages/airflow/example_dags/tutorial_dag.py
[2026-08-08T17:32:52.880+0000] {processor.py:925} INFO - DAG(s) 'tutorial_dag' retrieved from /home/airflow/.local/lib/python3.12/site-packages/airflow/example_dags/tutorial_dag.py
[2026-08-08T17:32:52.905+0000] {logging_mixin.py:190} INFO - [2026-08-08T17:32:52.904+0000] {dag.py:3211} INFO - Sync 1 DAGs
[2026-08-08T17:32:52.923+0000] {logging_mixin.py:190} INFO - [2026-08-08T17:32:52.923+0000] {dag.py:4138} INFO - Setting next_dagrun for tutorial_dag to None, run_after=None
[2026-08-08T17:32:52.952+0000] {processor.py:208} INFO - Processing /home/airflow/.local/lib/python3.12/site-packages/airflow/example_dags/tutorial_dag.py took 0.092 seconds
[2026-08-08T17:33:23.549+0000] {processor.py:186} INFO - Started process (PID=1121) to work on /home/airflow/.local/lib/python3.12/site-packages/airflow/example_dags/tutorial_dag.py
[2026-08-08T17:33:23.551+0000] {processor.py:914} INFO - Processing file /home/airflow/.local/lib/python3.12/site-packages/airflow/example_dags/tutorial_dag.py for tasks to queue
[2026-08-08T17:33:23.553+0000] {logging_mixin.py:190} INFO - [2026-08-08T17:33:23.553+0000] {dagbag.py:587} INFO - Filling up the DagBag from /home/airflow/.local/lib/python3.12/site-packages/airflow/example_dags/tutorial_dag.py
[2026-08-08T17:33:23.561+0000] {processor.py:925} INFO - DAG(s) 'tutorial_dag' retrieved from /home/airflow/.local/lib/python3.12/site-packages/airflow/example_dags/tutorial_dag.py
[2026-08-08T17:33:23.578+0000] {logging_mixin.py:190} INFO - [2026-08-08T17:33:23.578+0000] {dag.py:3211} INFO - Sync 1 DAGs
[2026-08-08T17:33:23.588+0000] {logging_mixin.py:190} INFO - [2026-08-08T17:33:23.588+0000] {dag.py:4138} INFO - Setting next_dagrun for tutorial_dag to None, run_after=None
[2026-08-08T17:33:23.604+0000] {processor.py:208} INFO - Processing /home/airflow/.local/lib/python3.12/site-packages/airflow/example_dags/tutorial_dag.py took 0.059 seconds
[2026-08-08T17:33:53.947+0000] {processor.py:186} INFO - Started process (PID=1184) to work on /home/airflow/.local/lib/python3.12/site-packages/airflow/example_dags/tutorial_dag.py
[2026-08-08T17:33:53.949+0000] {processor.py:914} INFO - Processing file /home/airflow/.local/lib/python3.12/site-packages/airflow/example_dags/tutorial_dag.py for tasks to queue
[2026-08-08T17:33:53.951+0000] {logging_mixin.py:190} INFO - [2026-08-08T17:33:53.951+0000] {dagbag.py:587} INFO - Filling up the DagBag from /home/airflow/.local/lib/python3.12/site-packages/airflow/example_dags/tutorial_dag.py
[2026-08-08T17:33:53.958+0000] {processor.py:925} INFO - DAG(s) 'tutorial_dag' retrieved from /home/airflow/.local/lib/python3.12/site-packages/airflow/example_dags/tutorial_dag.py
[2026-08-08T17:33:53.975+0000] {logging_mixin.py:190} INFO - [2026-08-08T17:33:53.975+0000] {dag.py:3211} INFO - Sync 1 DAGs
[2026-08-08T17:33:53.988+0000] {logging_mixin.py:190} INFO - [2026-08-08T17:33:53.988+0000] {dag.py:4138} INFO - Setting next_dagrun for tutorial_dag to None, run_after=None
[2026-08-08T17:33:54.010+0000] {processor.py:208} INFO - Processing /home/airflow/.local/lib/python3.12/site-packages/airflow/example_dags/tutorial_dag.py took 0.069 seconds
[2026-08-08T17:34:24.054+0000] {processor.py:186} INFO - Started process (PID=1247) to work on /home/airflow/.local/lib/python3.12/site-packages/airflow/example_dags/tutorial_dag.py
[2026-08-08T17:34:24.055+0000] {processor.py:914} INFO - Processing file /home/airflow/.local/lib/python3.12/site-packages/airflow/example_dags/tutorial_dag.py for tasks to queue
[2026-08-08T17:34:24.057+0000] {logging_mixin.py:190} INFO - [2026-08-08T17:34:24.057+0000] {dagbag.py:587} INFO - Filling up the DagBag from /home/airflow/.local/lib/python3.12/site-packages/airflow/example_dags/tutorial_dag.py
[2026-08-08T17:34:24.063+0000] {processor.py:925} INFO - DAG(s) 'tutorial_dag' retrieved from /home/airflow/.local/lib/python3.12/site-packages/airflow/example_dags/tutorial_dag.py
[2026-08-08T17:34:24.080+0000] {logging_mixin.py:190} INFO - [2026-08-08T17:34:24.080+0000] {dag.py:3211} INFO - Sync 1 DAGs
[2026-08-08T17:34:24.090+0000] {logging_mixin.py:190} INFO - [2026-08-08T17:34:24.089+0000] {dag.py:4138} INFO - Setting next_dagrun for tutorial_dag to None, run_after=None
[2026-08-08T17:34:24.106+0000] {processor.py:208} INFO - Processing /home/airflow/.local/lib/python3.12/site-packages/airflow/example_dags/tutorial_dag.py took 0.057 seconds
[2026-08-08T17:34:54.945+0000] {processor.py:186} INFO - Started process (PID=1310) to work on /home/airflow/.local/lib/python3.12/site-packages/airflow/example_dags/tutorial_dag.py
[2026-08-08T17:34:54.947+0000] {processor.py:914} INFO - Processing file /home/airflow/.local/lib/python3.12/site-packages/airflow/example_dags/tutorial_dag.py for tasks to queue
[2026-08-08T17:34:54.949+0000] {logging_mixin.py:190} INFO - [2026-08-08T17:34:54.949+0000] {dagbag.py:587} INFO - Filling up the DagBag from /home/airflow/.local/lib/python3.12/site-packages/airflow/example_dags/tutorial_dag.py
[2026-08-08T17:34:54.956+0000] {processor.py:925} INFO - DAG(s) 'tutorial_dag' retrieved from /home/airflow/.local/lib/python3.12/site-packages/airflow/example_dags/tutorial_dag.py
[2026-08-08T17:34:54.973+0000] {logging_mixin.py:190} INFO - [2026-08-08T17:34:54.972+0000] {dag.py:3211} INFO - Sync 1 DAGs
[2026-08-08T17:34:54.983+0000] {logging_mixin.py:190} INFO - [2026-08-08T17:34:54.983+0000] {dag.py:4138} INFO - Setting next_dagrun for tutorial_dag to None, run_after=None
[2026-08-08T17:34:54.997+0000] {processor.py:208} INFO - Processing /home/airflow/.local/lib/python3.12/site-packages/airflow/example_dags/tutorial_dag.py took 0.056 seconds
[2026-08-08T17:35:25.546+0000] {processor.py:186} INFO - Started process (PID=1373) to work on /home/airflow/.local/lib/python3.12/site-packages/airflow/example_dags/tutorial_dag.py
[2026-08-08T17:35:25.547+0000] {processor.py:914} INFO - Processing file /home/airflow/.local/lib/python3.12/site-packages/airflow/example_dags/tutorial_dag.py for tasks to queue
[2026-08-08T17:35:25.549+0000] {logging_mixin.py:190} INFO - [2026-08-08T17:35:25.549+0000] {dagbag.py:587} INFO - Filling up the DagBag from /home/airflow/.local/lib/python3.12/site-packages/airflow/example_dags/tutorial_dag.py
[2026-08-08T17:35:25.556+0000] {processor.py:925} INFO - DAG(s) 'tutorial_dag' retrieved from /home/airflow/.local/lib/python3.12/site-packages/airflow/example_dags/tutorial_dag.py
[2026-08-08T17:35:25.575+0000] {logging_mixin.py:190} INFO - [2026-08-08T17:35:25.575+0000] {dag.py:3211} INFO - Sync 1 DAGs
[2026-08-08T17:35:25.588+0000] {logging_mixin.py:190} INFO - [2026-08-08T17:35:25.588+0000] {dag.py:4138} INFO - Setting next_dagrun for tutorial_dag to None, run_after=None
[2026-08-08T17:35:25.606+0000] {processor.py:208} INFO - Processing /home/airflow/.local/lib/python3.12/site-packages/airflow/example_dags/tutorial_dag.py took 0.066 seconds
[2026-08-08T17:35:55.980+0000] {processor.py:186} INFO - Started process (PID=1436) to work on /home/airflow/.local/lib/python3.12/site-packages/airflow/example_dags/tutorial_dag.py
[2026-08-08T17:35:55.981+0000] {processor.py:914} INFO - Processing file /home/airflow/.local/lib/python3.12/site-packages/airflow/example_dags/tutorial_dag.py for tasks to queue
[2026-08-08T17:35:55.985+0000] {logging_mixin.py:190} INFO - [2026-08-08T17:35:55.984+0000] {dagbag.py:587} INFO - Filling up the DagBag from /home/airflow/.local/lib/python3.12/site-packages/airflow/example_dags/tutorial_dag.py
[2026-08-08T17:35:55.993+0000] {processor.py:925} INFO - DAG(s) 'tutorial_dag' retrieved from /home/airflow/.local/lib/python3.12/site-packages/airflow/example_dags/tutorial_dag.py
[2026-08-08T17:35:56.012+0000] {logging_mixin.py:190} INFO - [2026-08-08T17:35:56.012+0000] {dag.py:3211} INFO - Sync 1 DAGs
[2026-08-08T17:35:56.026+0000] {logging_mixin.py:190} INFO - [2026-08-08T17:35:56.025+0000] {dag.py:4138} INFO - Setting next_dagrun for tutorial_dag to None, run_after=None
[2026-08-08T17:35:56.047+0000] {processor.py:208} INFO - Processing /home/airflow/.local/lib/python3.12/site-packages/airflow/example_dags/tutorial_dag.py took 0.074 seconds
[2026-08-08T17:36:26.364+0000] {processor.py:186} INFO - Started process (PID=1499) to work on /home/airflow/.local/lib/python3.12/site-packages/airflow/example_dags/tutorial_dag.py
[2026-08-08T17:36:26.365+0000] {processor.py:914} INFO - Processing file /home/airflow/.local/lib/python3.12/site-packages/airflow/example_dags/tutorial_dag.py for tasks to queue
[2026-08-08T17:36:26.368+0000] {logging_mixin.py:190} INFO - [2026-08-08T17:36:26.368+0000] {dagbag.py:587} INFO - Filling up the DagBag from /home/airflow/.local/lib/python3.12/site-packages/airflow/example_dags/tutorial_dag.py
[2026-08-08T17:36:26.376+0000] {processor.py:925} INFO - DAG(s) 'tutorial_dag' retrieved from /home/airflow/.local/lib/python3.12/site-packages/airflow/example_dags/tutorial_dag.py
[2026-08-08T17:36:26.401+0000] {logging_mixin.py:190} INFO - [2026-08-08T17:36:26.400+0000] {dag.py:3211} INFO - Sync 1 DAGs
[2026-08-08T17:36:26.419+0000] {logging_mixin.py:190} INFO - [2026-08-08T17:36:26.418+0000] {dag.py:4138} INFO - Setting next_dagrun for tutorial_dag to None, run_after=None
[2026-08-08T17:36:26.443+0000] {processor.py:208} INFO - Processing /home/airflow/.local/lib/python3.12/site-packages/airflow/example_dags/tutorial_dag.py took 0.084 seconds
[2026-08-08T17:38:17.144+0000] {processor.py:186} INFO - Started process (PID=100) to work on /home/airflow/.local/lib/python3.12/site-packages/airflow/example_dags/tutorial_dag.py
[2026-08-08T17:38:17.146+0000] {processor.py:914} INFO - Processing file /home/airflow/.local/lib/python3.12/site-packages/airflow/example_dags/tutorial_dag.py for tasks to queue
[2026-08-08T17:38:17.148+0000] {logging_mixin.py:190} INFO - [2026-08-08T17:38:17.148+0000] {dagbag.py:587} INFO - Filling up the DagBag from /home/airflow/.local/lib/python3.12/site-packages/airflow/example_dags/tutorial_dag.py
[2026-08-08T17:38:17.155+0000] {processor.py:925} INFO - DAG(s) 'tutorial_dag' retrieved from /home/airflow/.local/lib/python3.12/site-packages/airflow/example_dags/tutorial_dag.py
[2026-08-08T17:38:17.175+0000] {logging_mixin.py:190} INFO - [2026-08-08T17:38:17.175+0000] {dag.py:3211} INFO - Sync 1 DAGs
[2026-08-08T17:38:17.187+0000] {logging_mixin.py:190} INFO - [2026-08-08T17:38:17.187+0000] {dag.py:4138} INFO - Setting next_dagrun for tutorial_dag to None, run_after=None
[2026-08-08T17:38:17.209+0000] {processor.py:208} INFO - Processing /home/airflow/.local/lib/python3.12/site-packages/airflow/example_dags/tutorial_dag.py took 0.069 seconds
[2026-08-08T17:38:48.416+0000] {processor.py:186} INFO - Started process (PID=163) to work on /home/airflow/.local/lib/python3.12/site-packages/airflow/example_dags/tutorial_dag.py
[2026-08-08T17:38:48.418+0000] {processor.py:914} INFO - Processing file /home/airflow/.local/lib/python3.12/site-packages/airflow/example_dags/tutorial_dag.py for tasks to queue
[2026-08-08T17:38:48.422+0000] {logging_mixin.py:190} INFO - [2026-08-08T17:38:48.421+0000] {dagbag.py:587} INFO - Filling up the DagBag from /home/airflow/.local/lib/python3.12/site-packages/airflow/example_dags/tutorial_dag.py
[2026-08-08T17:38:48.433+0000] {processor.py:925} INFO - DAG(s) 'tutorial_dag' retrieved from /home/airflow/.local/lib/python3.12/site-packages/airflow/example_dags/tutorial_dag.py
[2026-08-08T17:38:48.459+0000] {logging_mixin.py:190} INFO - [2026-08-08T17:38:48.458+0000] {dag.py:3211} INFO - Sync 1 DAGs
[2026-08-08T17:38:48.475+0000] {logging_mixin.py:190} INFO - [2026-08-08T17:38:48.474+0000] {dag.py:4138} INFO - Setting next_dagrun for tutorial_dag to None, run_after=None
[2026-08-08T17:38:48.498+0000] {processor.py:208} INFO - Processing /home/airflow/.local/lib/python3.12/site-packages/airflow/example_dags/tutorial_dag.py took 0.087 seconds
[2026-08-08T17:39:19.120+0000] {processor.py:186} INFO - Started process (PID=226) to work on /home/airflow/.local/lib/python3.12/site-packages/airflow/example_dags/tutorial_dag.py
[2026-08-08T17:39:19.121+0000] {processor.py:914} INFO - Processing file /home/airflow/.local/lib/python3.12/site-packages/airflow/example_dags/tutorial_dag.py for tasks to queue
[2026-08-08T17:39:19.124+0000] {logging_mixin.py:190} INFO - [2026-08-08T17:39:19.124+0000] {dagbag.py:587} INFO - Filling up the DagBag from /home/airflow/.local/lib/python3.12/site-packages/airflow/example_dags/tutorial_dag.py
[2026-08-08T17:39:19.134+0000] {processor.py:925} INFO - DAG(s) 'tutorial_dag' retrieved from /home/airflow/.local/lib/python3.12/site-packages/airflow/example_dags/tutorial_dag.py
[2026-08-08T17:39:19.165+0000] {logging_mixin.py:190} INFO - [2026-08-08T17:39:19.165+0000] {dag.py:3211} INFO - Sync 1 DAGs
[2026-08-08T17:39:19.186+0000] {logging_mixin.py:190} INFO - [2026-08-08T17:39:19.186+0000] {dag.py:4138} INFO - Setting next_dagrun for tutorial_dag to None, run_after=None
[2026-08-08T17:39:19.219+0000] {processor.py:208} INFO - Processing /home/airflow/.local/lib/python3.12/site-packages/airflow/example_dags/tutorial_dag.py took 0.105 seconds
[2026-08-08T17:39:49.617+0000] {processor.py:186} INFO - Started process (PID=289) to work on /home/airflow/.local/lib/python3.12/site-packages/airflow/example_dags/tutorial_dag.py
[2026-08-08T17:39:49.618+0000] {processor.py:914} INFO - Processing file /home/airflow/.local/lib/python3.12/site-packages/airflow/example_dags/tutorial_dag.py for tasks to queue
[2026-08-08T17:39:49.621+0000] {logging_mixin.py:190} INFO - [2026-08-08T17:39:49.620+0000] {dagbag.py:587} INFO - Filling up the DagBag from /home/airflow/.local/lib/python3.12/site-packages/airflow/example_dags/tutorial_dag.py
[2026-08-08T17:39:49.628+0000] {processor.py:925} INFO - DAG(s) 'tutorial_dag' retrieved from /home/airflow/.local/lib/python3.12/site-packages/airflow/example_dags/tutorial_dag.py
[2026-08-08T17:39:49.648+0000] {logging_mixin.py:190} INFO - [2026-08-08T17:39:49.648+0000] {dag.py:3211} INFO - Sync 1 DAGs
[2026-08-08T17:39:49.662+0000] {logging_mixin.py:190} INFO - [2026-08-08T17:39:49.662+0000] {dag.py:4138} INFO - Setting next_dagrun for tutorial_dag to None, run_after=None
[2026-08-08T17:39:49.682+0000] {processor.py:208} INFO - Processing /home/airflow/.local/lib/python3.12/site-packages/airflow/example_dags/tutorial_dag.py took 0.071 seconds
[2026-08-08T17:42:41.275+0000] {processor.py:186} INFO - Started process (PID=112) to work on /home/airflow/.local/lib/python3.12/site-packages/airflow/example_dags/tutorial_dag.py
[2026-08-08T17:42:41.276+0000] {processor.py:914} INFO - Processing file /home/airflow/.local/lib/python3.12/site-packages/airflow/example_dags/tutorial_dag.py for tasks to queue
[2026-08-08T17:42:41.281+0000] {logging_mixin.py:190} INFO - [2026-08-08T17:42:41.280+0000] {dagbag.py:587} INFO - Filling up the DagBag from /home/airflow/.local/lib/python3.12/site-packages/airflow/example_dags/tutorial_dag.py
[2026-08-08T17:42:41.290+0000] {processor.py:925} INFO - DAG(s) 'tutorial_dag' retrieved from /home/airflow/.local/lib/python3.12/site-packages/airflow/example_dags/tutorial_dag.py
[2026-08-08T17:42:41.318+0000] {logging_mixin.py:190} INFO - [2026-08-08T17:42:41.318+0000] {dag.py:3211} INFO - Sync 1 DAGs
[2026-08-08T17:42:41.336+0000] {logging_mixin.py:190} INFO - [2026-08-08T17:42:41.335+0000] {dag.py:4138} INFO - Setting next_dagrun for tutorial_dag to None, run_after=None
[2026-08-08T17:42:41.359+0000] {processor.py:208} INFO - Processing /home/airflow/.local/lib/python3.12/site-packages/airflow/example_dags/tutorial_dag.py took 0.091 seconds
[2026-08-08T17:43:11.869+0000] {processor.py:186} INFO - Started process (PID=175) to work on /home/airflow/.local/lib/python3.12/site-packages/airflow/example_dags/tutorial_dag.py
[2026-08-08T17:43:11.872+0000] {processor.py:914} INFO - Processing file /home/airflow/.local/lib/python3.12/site-packages/airflow/example_dags/tutorial_dag.py for tasks to queue
[2026-08-08T17:43:11.875+0000] {logging_mixin.py:190} INFO - [2026-08-08T17:43:11.875+0000] {dagbag.py:587} INFO - Filling up the DagBag from /home/airflow/.local/lib/python3.12/site-packages/airflow/example_dags/tutorial_dag.py
[2026-08-08T17:43:11.885+0000] {processor.py:925} INFO - DAG(s) 'tutorial_dag' retrieved from /home/airflow/.local/lib/python3.12/site-packages/airflow/example_dags/tutorial_dag.py
[2026-08-08T17:43:11.911+0000] {logging_mixin.py:190} INFO - [2026-08-08T17:43:11.911+0000] {dag.py:3211} INFO - Sync 1 DAGs
[2026-08-08T17:43:11.934+0000] {logging_mixin.py:190} INFO - [2026-08-08T17:43:11.933+0000] {dag.py:4138} INFO - Setting next_dagrun for tutorial_dag to None, run_after=None
[2026-08-08T17:43:11.965+0000] {processor.py:208} INFO - Processing /home/airflow/.local/lib/python3.12/site-packages/airflow/example_dags/tutorial_dag.py took 0.103 seconds
[2026-08-08T17:43:43.420+0000] {processor.py:186} INFO - Started process (PID=238) to work on /home/airflow/.local/lib/python3.12/site-packages/airflow/example_dags/tutorial_dag.py
[2026-08-08T17:43:43.426+0000] {processor.py:914} INFO - Processing file /home/airflow/.local/lib/python3.12/site-packages/airflow/example_dags/tutorial_dag.py for tasks to queue
[2026-08-08T17:43:43.429+0000] {logging_mixin.py:190} INFO - [2026-08-08T17:43:43.428+0000] {dagbag.py:587} INFO - Filling up the DagBag from /home/airflow/.local/lib/python3.12/site-packages/airflow/example_dags/tutorial_dag.py
[2026-08-08T17:43:43.437+0000] {processor.py:925} INFO - DAG(s) 'tutorial_dag' retrieved from /home/airflow/.local/lib/python3.12/site-packages/airflow/example_dags/tutorial_dag.py
[2026-08-08T17:43:43.456+0000] {logging_mixin.py:190} INFO - [2026-08-08T17:43:43.456+0000] {dag.py:3211} INFO - Sync 1 DAGs
[2026-08-08T17:43:43.469+0000] {logging_mixin.py:190} INFO - [2026-08-08T17:43:43.469+0000] {dag.py:4138} INFO - Setting next_dagrun for tutorial_dag to None, run_after=None
[2026-08-08T17:43:43.489+0000] {processor.py:208} INFO - Processing /home/airflow/.local/lib/python3.12/site-packages/airflow/example_dags/tutorial_dag.py took 0.075 seconds
[2026-08-08T17:44:14.141+0000] {processor.py:186} INFO - Started process (PID=301) to work on /home/airflow/.local/lib/python3.12/site-packages/airflow/example_dags/tutorial_dag.py
[2026-08-08T17:44:14.143+0000] {processor.py:914} INFO - Processing file /home/airflow/.local/lib/python3.12/site-packages/airflow/example_dags/tutorial_dag.py for tasks to queue
[2026-08-08T17:44:14.145+0000] {logging_mixin.py:190} INFO - [2026-08-08T17:44:14.145+0000] {dagbag.py:587} INFO - Filling up the DagBag from /home/airflow/.local/lib/python3.12/site-packages/airflow/example_dags/tutorial_dag.py
[2026-08-08T17:44:14.153+0000] {processor.py:925} INFO - DAG(s) 'tutorial_dag' retrieved from /home/airflow/.local/lib/python3.12/site-packages/airflow/example_dags/tutorial_dag.py
[2026-08-08T17:44:14.179+0000] {logging_mixin.py:190} INFO - [2026-08-08T17:44:14.178+0000] {dag.py:3211} INFO - Sync 1 DAGs
[2026-08-08T17:44:14.205+0000] {logging_mixin.py:190} INFO - [2026-08-08T17:44:14.204+0000] {dag.py:4138} INFO - Setting next_dagrun for tutorial_dag to None, run_after=None
[2026-08-08T17:44:14.226+0000] {processor.py:208} INFO - Processing /home/airflow/.local/lib/python3.12/site-packages/airflow/example_dags/tutorial_dag.py took 0.091 seconds
[2026-08-08T17:44:44.816+0000] {processor.py:186} INFO - Started process (PID=364) to work on /home/airflow/.local/lib/python3.12/site-packages/airflow/example_dags/tutorial_dag.py
[2026-08-08T17:44:44.818+0000] {processor.py:914} INFO - Processing file /home/airflow/.local/lib/python3.12/site-packages/airflow/example_dags/tutorial_dag.py for tasks to queue
[2026-08-08T17:44:44.821+0000] {logging_mixin.py:190} INFO - [2026-08-08T17:44:44.820+0000] {dagbag.py:587} INFO - Filling up the DagBag from /home/airflow/.local/lib/python3.12/site-packages/airflow/example_dags/tutorial_dag.py
[2026-08-08T17:44:44.828+0000] {processor.py:925} INFO - DAG(s) 'tutorial_dag' retrieved from /home/airflow/.local/lib/python3.12/site-packages/airflow/example_dags/tutorial_dag.py
[2026-08-08T17:44:44.851+0000] {logging_mixin.py:190} INFO - [2026-08-08T17:44:44.851+0000] {dag.py:3211} INFO - Sync 1 DAGs
[2026-08-08T17:44:44.864+0000] {logging_mixin.py:190} INFO - [2026-08-08T17:44:44.864+0000] {dag.py:4138} INFO - Setting next_dagrun for tutorial_dag to None, run_after=None
[2026-08-08T17:44:44.883+0000] {processor.py:208} INFO - Processing /home/airflow/.local/lib/python3.12/site-packages/airflow/example_dags/tutorial_dag.py took 0.072 seconds
[2026-08-08T17:45:15.044+0000] {processor.py:186} INFO - Started process (PID=427) to work on /home/airflow/.local/lib/python3.12/site-packages/airflow/example_dags/tutorial_dag.py
[2026-08-08T17:45:15.046+0000] {processor.py:914} INFO - Processing file /home/airflow/.local/lib/python3.12/site-packages/airflow/example_dags/tutorial_dag.py for tasks to queue
[2026-08-08T17:45:15.049+0000] {logging_mixin.py:190} INFO - [2026-08-08T17:45:15.049+0000] {dagbag.py:587} INFO - Filling up the DagBag from /home/airflow/.local/lib/python3.12/site-packages/airflow/example_dags/tutorial_dag.py
[2026-08-08T17:45:15.057+0000] {processor.py:925} INFO - DAG(s) 'tutorial_dag' retrieved from /home/airflow/.local/lib/python3.12/site-packages/airflow/example_dags/tutorial_dag.py
[2026-08-08T17:45:15.079+0000] {logging_mixin.py:190} INFO - [2026-08-08T17:45:15.079+0000] {dag.py:3211} INFO - Sync 1 DAGs
[2026-08-08T17:45:15.091+0000] {logging_mixin.py:190} INFO - [2026-08-08T17:45:15.091+0000] {dag.py:4138} INFO - Setting next_dagrun for tutorial_dag to None, run_after=None
[2026-08-08T17:45:15.114+0000] {processor.py:208} INFO - Processing /home/airflow/.local/lib/python3.12/site-packages/airflow/example_dags/tutorial_dag.py took 0.077 seconds
[2026-08-08T17:45:45.426+0000] {processor.py:186} INFO - Started process (PID=490) to work on /home/airflow/.local/lib/python3.12/site-packages/airflow/example_dags/tutorial_dag.py
[2026-08-08T17:45:45.427+0000] {processor.py:914} INFO - Processing file /home/airflow/.local/lib/python3.12/site-packages/airflow/example_dags/tutorial_dag.py for tasks to queue
[2026-08-08T17:45:45.430+0000] {logging_mixin.py:190} INFO - [2026-08-08T17:45:45.430+0000] {dagbag.py:587} INFO - Filling up the DagBag from /home/airflow/.local/lib/python3.12/site-packages/airflow/example_dags/tutorial_dag.py
[2026-08-08T17:45:45.437+0000] {processor.py:925} INFO - DAG(s) 'tutorial_dag' retrieved from /home/airflow/.local/lib/python3.12/site-packages/airflow/example_dags/tutorial_dag.py
[2026-08-08T17:45:45.457+0000] {logging_mixin.py:190} INFO - [2026-08-08T17:45:45.457+0000] {dag.py:3211} INFO - Sync 1 DAGs
[2026-08-08T17:45:45.468+0000] {logging_mixin.py:190} INFO - [2026-08-08T17:45:45.468+0000] {dag.py:4138} INFO - Setting next_dagrun for tutorial_dag to None, run_after=None
[2026-08-08T17:45:45.487+0000] {processor.py:208} INFO - Processing /home/airflow/.local/lib/python3.12/site-packages/airflow/example_dags/tutorial_dag.py took 0.067 seconds
[2026-08-08T17:47:15.350+0000] {processor.py:186} INFO - Started process (PID=113) to work on /home/airflow/.local/lib/python3.12/site-packages/airflow/example_dags/tutorial_dag.py
[2026-08-08T17:47:15.351+0000] {processor.py:914} INFO - Processing file /home/airflow/.local/lib/python3.12/site-packages/airflow/example_dags/tutorial_dag.py for tasks to queue
[2026-08-08T17:47:15.354+0000] {logging_mixin.py:190} INFO - [2026-08-08T17:47:15.354+0000] {dagbag.py:587} INFO - Filling up the DagBag from /home/airflow/.local/lib/python3.12/site-packages/airflow/example_dags/tutorial_dag.py
[2026-08-08T17:47:15.361+0000] {processor.py:925} INFO - DAG(s) 'tutorial_dag' retrieved from /home/airflow/.local/lib/python3.12/site-packages/airflow/example_dags/tutorial_dag.py
[2026-08-08T17:47:15.385+0000] {logging_mixin.py:190} INFO - [2026-08-08T17:47:15.385+0000] {dag.py:3211} INFO - Sync 1 DAGs
[2026-08-08T17:47:15.398+0000] {logging_mixin.py:190} INFO - [2026-08-08T17:47:15.398+0000] {dag.py:4138} INFO - Setting next_dagrun for tutorial_dag to None, run_after=None
[2026-08-08T17:47:15.418+0000] {processor.py:208} INFO - Processing /home/airflow/.local/lib/python3.12/site-packages/airflow/example_dags/tutorial_dag.py took 0.073 seconds
[2026-08-08T17:47:46.214+0000] {processor.py:186} INFO - Started process (PID=176) to work on /home/airflow/.local/lib/python3.12/site-packages/airflow/example_dags/tutorial_dag.py
[2026-08-08T17:47:46.216+0000] {processor.py:914} INFO - Processing file /home/airflow/.local/lib/python3.12/site-packages/airflow/example_dags/tutorial_dag.py for tasks to queue
[2026-08-08T17:47:46.219+0000] {logging_mixin.py:190} INFO - [2026-08-08T17:47:46.219+0000] {dagbag.py:587} INFO - Filling up the DagBag from /home/airflow/.local/lib/python3.12/site-packages/airflow/example_dags/tutorial_dag.py
[2026-08-08T17:47:46.227+0000] {processor.py:925} INFO - DAG(s) 'tutorial_dag' retrieved from /home/airflow/.local/lib/python3.12/site-packages/airflow/example_dags/tutorial_dag.py
[2026-08-08T17:47:46.255+0000] {logging_mixin.py:190} INFO - [2026-08-08T17:47:46.254+0000] {dag.py:3211} INFO - Sync 1 DAGs
[2026-08-08T17:47:46.269+0000] {logging_mixin.py:190} INFO - [2026-08-08T17:47:46.269+0000] {dag.py:4138} INFO - Setting next_dagrun for tutorial_dag to None, run_after=None
[2026-08-08T17:47:46.288+0000] {processor.py:208} INFO - Processing /home/airflow/.local/lib/python3.12/site-packages/airflow/example_dags/tutorial_dag.py took 0.081 seconds
[2026-08-08T17:48:17.410+0000] {processor.py:186} INFO - Started process (PID=245) to work on /home/airflow/.local/lib/python3.12/site-packages/airflow/example_dags/tutorial_dag.py
[2026-08-08T17:48:17.412+0000] {processor.py:914} INFO - Processing file /home/airflow/.local/lib/python3.12/site-packages/airflow/example_dags/tutorial_dag.py for tasks to queue
[2026-08-08T17:48:17.414+0000] {logging_mixin.py:190} INFO - [2026-08-08T17:48:17.414+0000] {dagbag.py:587} INFO - Filling up the DagBag from /home/airflow/.local/lib/python3.12/site-packages/airflow/example_dags/tutorial_dag.py
[2026-08-08T17:48:17.422+0000] {processor.py:925} INFO - DAG(s) 'tutorial_dag' retrieved from /home/airflow/.local/lib/python3.12/site-packages/airflow/example_dags/tutorial_dag.py
[2026-08-08T17:48:17.450+0000] {logging_mixin.py:190} INFO - [2026-08-08T17:48:17.450+0000] {dag.py:3211} INFO - Sync 1 DAGs
[2026-08-08T17:48:17.465+0000] {logging_mixin.py:190} INFO - [2026-08-08T17:48:17.464+0000] {dag.py:4138} INFO - Setting next_dagrun for tutorial_dag to None, run_after=None
[2026-08-08T17:48:17.492+0000] {processor.py:208} INFO - Processing /home/airflow/.local/lib/python3.12/site-packages/airflow/example_dags/tutorial_dag.py took 0.087 seconds
[2026-08-08T17:48:47.921+0000] {processor.py:186} INFO - Started process (PID=308) to work on /home/airflow/.local/lib/python3.12/site-packages/airflow/example_dags/tutorial_dag.py
[2026-08-08T17:48:47.923+0000] {processor.py:914} INFO - Processing file /home/airflow/.local/lib/python3.12/site-packages/airflow/example_dags/tutorial_dag.py for tasks to queue
[2026-08-08T17:48:47.926+0000] {logging_mixin.py:190} INFO - [2026-08-08T17:48:47.925+0000] {dagbag.py:587} INFO - Filling up the DagBag from /home/airflow/.local/lib/python3.12/site-packages/airflow/example_dags/tutorial_dag.py
[2026-08-08T17:48:47.934+0000] {processor.py:925} INFO - DAG(s) 'tutorial_dag' retrieved from /home/airflow/.local/lib/python3.12/site-packages/airflow/example_dags/tutorial_dag.py
[2026-08-08T17:48:47.956+0000] {logging_mixin.py:190} INFO - [2026-08-08T17:48:47.955+0000] {dag.py:3211} INFO - Sync 1 DAGs
[2026-08-08T17:48:47.971+0000] {logging_mixin.py:190} INFO - [2026-08-08T17:48:47.970+0000] {dag.py:4138} INFO - Setting next_dagrun for tutorial_dag to None, run_after=None
[2026-08-08T17:48:47.992+0000] {processor.py:208} INFO - Processing /home/airflow/.local/lib/python3.12/site-packages/airflow/example_dags/tutorial_dag.py took 0.077 seconds
[2026-08-08T17:52:39.230+0000] {processor.py:186} INFO - Started process (PID=112) to work on /home/airflow/.local/lib/python3.12/site-packages/airflow/example_dags/tutorial_dag.py
[2026-08-08T17:52:39.232+0000] {processor.py:914} INFO - Processing file /home/airflow/.local/lib/python3.12/site-packages/airflow/example_dags/tutorial_dag.py for tasks to queue
[2026-08-08T17:52:39.235+0000] {logging_mixin.py:190} INFO - [2026-08-08T17:52:39.235+0000] {dagbag.py:587} INFO - Filling up the DagBag from /home/airflow/.local/lib/python3.12/site-packages/airflow/example_dags/tutorial_dag.py
[2026-08-08T17:52:39.245+0000] {processor.py:925} INFO - DAG(s) 'tutorial_dag' retrieved from /home/airflow/.local/lib/python3.12/site-packages/airflow/example_dags/tutorial_dag.py
[2026-08-08T17:52:39.279+0000] {logging_mixin.py:190} INFO - [2026-08-08T17:52:39.279+0000] {dag.py:3211} INFO - Sync 1 DAGs
[2026-08-08T17:52:39.300+0000] {logging_mixin.py:190} INFO - [2026-08-08T17:52:39.299+0000] {dag.py:4138} INFO - Setting next_dagrun for tutorial_dag to None, run_after=None
[2026-08-08T17:52:39.330+0000] {processor.py:208} INFO - Processing /home/airflow/.local/lib/python3.12/site-packages/airflow/example_dags/tutorial_dag.py took 0.106 seconds
[2026-08-08T17:53:09.513+0000] {processor.py:186} INFO - Started process (PID=175) to work on /home/airflow/.local/lib/python3.12/site-packages/airflow/example_dags/tutorial_dag.py
[2026-08-08T17:53:09.514+0000] {processor.py:914} INFO - Processing file /home/airflow/.local/lib/python3.12/site-packages/airflow/example_dags/tutorial_dag.py for tasks to queue
[2026-08-08T17:53:09.517+0000] {logging_mixin.py:190} INFO - [2026-08-08T17:53:09.517+0000] {dagbag.py:587} INFO - Filling up the DagBag from /home/airflow/.local/lib/python3.12/site-packages/airflow/example_dags/tutorial_dag.py
[2026-08-08T17:53:09.524+0000] {processor.py:925} INFO - DAG(s) 'tutorial_dag' retrieved from /home/airflow/.local/lib/python3.12/site-packages/airflow/example_dags/tutorial_dag.py
[2026-08-08T17:53:09.545+0000] {logging_mixin.py:190} INFO - [2026-08-08T17:53:09.544+0000] {dag.py:3211} INFO - Sync 1 DAGs
[2026-08-08T17:53:09.557+0000] {logging_mixin.py:190} INFO - [2026-08-08T17:53:09.557+0000] {dag.py:4138} INFO - Setting next_dagrun for tutorial_dag to None, run_after=None
[2026-08-08T17:53:09.577+0000] {processor.py:208} INFO - Processing /home/airflow/.local/lib/python3.12/site-packages/airflow/example_dags/tutorial_dag.py took 0.070 seconds
[2026-08-08T17:53:40.132+0000] {processor.py:186} INFO - Started process (PID=238) to work on /home/airflow/.local/lib/python3.12/site-packages/airflow/example_dags/tutorial_dag.py
[2026-08-08T17:53:40.133+0000] {processor.py:914} INFO - Processing file /home/airflow/.local/lib/python3.12/site-packages/airflow/example_dags/tutorial_dag.py for tasks to queue
[2026-08-08T17:53:40.136+0000] {logging_mixin.py:190} INFO - [2026-08-08T17:53:40.136+0000] {dagbag.py:587} INFO - Filling up the DagBag from /home/airflow/.local/lib/python3.12/site-packages/airflow/example_dags/tutorial_dag.py
[2026-08-08T17:53:40.144+0000] {processor.py:925} INFO - DAG(s) 'tutorial_dag' retrieved from /home/airflow/.local/lib/python3.12/site-packages/airflow/example_dags/tutorial_dag.py
[2026-08-08T17:53:40.170+0000] {logging_mixin.py:190} INFO - [2026-08-08T17:53:40.170+0000] {dag.py:3211} INFO - Sync 1 DAGs
[2026-08-08T17:53:40.185+0000] {logging_mixin.py:190} INFO - [2026-08-08T17:53:40.184+0000] {dag.py:4138} INFO - Setting next_dagrun for tutorial_dag to None, run_after=None
[2026-08-08T17:53:40.207+0000] {processor.py:208} INFO - Processing /home/airflow/.local/lib/python3.12/site-packages/airflow/example_dags/tutorial_dag.py took 0.081 seconds
[2026-08-08T17:54:11.361+0000] {processor.py:186} INFO - Started process (PID=301) to work on /home/airflow/.local/lib/python3.12/site-packages/airflow/example_dags/tutorial_dag.py
[2026-08-08T17:54:11.363+0000] {processor.py:914} INFO - Processing file /home/airflow/.local/lib/python3.12/site-packages/airflow/example_dags/tutorial_dag.py for tasks to queue
[2026-08-08T17:54:11.367+0000] {logging_mixin.py:190} INFO - [2026-08-08T17:54:11.366+0000] {dagbag.py:587} INFO - Filling up the DagBag from /home/airflow/.local/lib/python3.12/site-packages/airflow/example_dags/tutorial_dag.py
[2026-08-08T17:54:11.373+0000] {processor.py:925} INFO - DAG(s) 'tutorial_dag' retrieved from /home/airflow/.local/lib/python3.12/site-packages/airflow/example_dags/tutorial_dag.py
[2026-08-08T17:54:11.396+0000] {logging_mixin.py:190} INFO - [2026-08-08T17:54:11.396+0000] {dag.py:3211} INFO - Sync 1 DAGs
[2026-08-08T17:54:11.408+0000] {logging_mixin.py:190} INFO - [2026-08-08T17:54:11.407+0000] {dag.py:4138} INFO - Setting next_dagrun for tutorial_dag to None, run_after=None
[2026-08-08T17:54:11.431+0000] {processor.py:208} INFO - Processing /home/airflow/.local/lib/python3.12/site-packages/airflow/example_dags/tutorial_dag.py took 0.077 seconds
[2026-08-08T17:54:41.714+0000] {processor.py:186} INFO - Started process (PID=364) to work on /home/airflow/.local/lib/python3.12/site-packages/airflow/example_dags/tutorial_dag.py
[2026-08-08T17:54:41.715+0000] {processor.py:914} INFO - Processing file /home/airflow/.local/lib/python3.12/site-packages/airflow/example_dags/tutorial_dag.py for tasks to queue
[2026-08-08T17:54:41.719+0000] {logging_mixin.py:190} INFO - [2026-08-08T17:54:41.718+0000] {dagbag.py:587} INFO - Filling up the DagBag from /home/airflow/.local/lib/python3.12/site-packages/airflow/example_dags/tutorial_dag.py
[2026-08-08T17:54:41.728+0000] {processor.py:925} INFO - DAG(s) 'tutorial_dag' retrieved from /home/airflow/.local/lib/python3.12/site-packages/airflow/example_dags/tutorial_dag.py
[2026-08-08T17:54:41.752+0000] {logging_mixin.py:190} INFO - [2026-08-08T17:54:41.752+0000] {dag.py:3211} INFO - Sync 1 DAGs
[2026-08-08T17:54:41.770+0000] {logging_mixin.py:190} INFO - [2026-08-08T17:54:41.769+0000] {dag.py:4138} INFO - Setting next_dagrun for tutorial_dag to None, run_after=None
[2026-08-08T17:54:41.795+0000] {processor.py:208} INFO - Processing /home/airflow/.local/lib/python3.12/site-packages/airflow/example_dags/tutorial_dag.py took 0.089 seconds
[2026-08-08T17:55:11.958+0000] {processor.py:186} INFO - Started process (PID=427) to work on /home/airflow/.local/lib/python3.12/site-packages/airflow/example_dags/tutorial_dag.py
[2026-08-08T17:55:11.959+0000] {processor.py:914} INFO - Processing file /home/airflow/.local/lib/python3.12/site-packages/airflow/example_dags/tutorial_dag.py for tasks to queue
[2026-08-08T17:55:11.962+0000] {logging_mixin.py:190} INFO - [2026-08-08T17:55:11.961+0000] {dagbag.py:587} INFO - Filling up the DagBag from /home/airflow/.local/lib/python3.12/site-packages/airflow/example_dags/tutorial_dag.py
[2026-08-08T17:55:11.970+0000] {processor.py:925} INFO - DAG(s) 'tutorial_dag' retrieved from /home/airflow/.local/lib/python3.12/site-packages/airflow/example_dags/tutorial_dag.py
[2026-08-08T17:55:11.988+0000] {logging_mixin.py:190} INFO - [2026-08-08T17:55:11.987+0000] {dag.py:3211} INFO - Sync 1 DAGs
[2026-08-08T17:55:11.999+0000] {logging_mixin.py:190} INFO - [2026-08-08T17:55:11.998+0000] {dag.py:4138} INFO - Setting next_dagrun for tutorial_dag to None, run_after=None
[2026-08-08T17:55:12.015+0000] {processor.py:208} INFO - Processing /home/airflow/.local/lib/python3.12/site-packages/airflow/example_dags/tutorial_dag.py took 0.063 seconds
[2026-08-08T17:55:42.601+0000] {processor.py:186} INFO - Started process (PID=490) to work on /home/airflow/.local/lib/python3.12/site-packages/airflow/example_dags/tutorial_dag.py
[2026-08-08T17:55:42.603+0000] {processor.py:914} INFO - Processing file /home/airflow/.local/lib/python3.12/site-packages/airflow/example_dags/tutorial_dag.py for tasks to queue
[2026-08-08T17:55:42.605+0000] {logging_mixin.py:190} INFO - [2026-08-08T17:55:42.605+0000] {dagbag.py:587} INFO - Filling up the DagBag from /home/airflow/.local/lib/python3.12/site-packages/airflow/example_dags/tutorial_dag.py
[2026-08-08T17:55:42.612+0000] {processor.py:925} INFO - DAG(s) 'tutorial_dag' retrieved from /home/airflow/.local/lib/python3.12/site-packages/airflow/example_dags/tutorial_dag.py
[2026-08-08T17:55:42.628+0000] {logging_mixin.py:190} INFO - [2026-08-08T17:55:42.628+0000] {dag.py:3211} INFO - Sync 1 DAGs
[2026-08-08T17:55:42.638+0000] {logging_mixin.py:190} INFO - [2026-08-08T17:55:42.637+0000] {dag.py:4138} INFO - Setting next_dagrun for tutorial_dag to None, run_after=None
[2026-08-08T17:55:42.653+0000] {processor.py:208} INFO - Processing /home/airflow/.local/lib/python3.12/site-packages/airflow/example_dags/tutorial_dag.py took 0.057 seconds
[2026-08-08T17:56:12.962+0000] {processor.py:186} INFO - Started process (PID=553) to work on /home/airflow/.local/lib/python3.12/site-packages/airflow/example_dags/tutorial_dag.py
[2026-08-08T17:56:12.964+0000] {processor.py:914} INFO - Processing file /home/airflow/.local/lib/python3.12/site-packages/airflow/example_dags/tutorial_dag.py for tasks to queue
[2026-08-08T17:56:12.966+0000] {logging_mixin.py:190} INFO - [2026-08-08T17:56:12.965+0000] {dagbag.py:587} INFO - Filling up the DagBag from /home/airflow/.local/lib/python3.12/site-packages/airflow/example_dags/tutorial_dag.py
[2026-08-08T17:56:12.973+0000] {processor.py:925} INFO - DAG(s) 'tutorial_dag' retrieved from /home/airflow/.local/lib/python3.12/site-packages/airflow/example_dags/tutorial_dag.py
[2026-08-08T17:56:12.990+0000] {logging_mixin.py:190} INFO - [2026-08-08T17:56:12.990+0000] {dag.py:3211} INFO - Sync 1 DAGs
[2026-08-08T17:56:13.002+0000] {logging_mixin.py:190} INFO - [2026-08-08T17:56:13.002+0000] {dag.py:4138} INFO - Setting next_dagrun for tutorial_dag to None, run_after=None
[2026-08-08T17:56:13.020+0000] {processor.py:208} INFO - Processing /home/airflow/.local/lib/python3.12/site-packages/airflow/example_dags/tutorial_dag.py took 0.063 seconds
[2026-08-08T17:56:43.598+0000] {processor.py:186} INFO - Started process (PID=616) to work on /home/airflow/.local/lib/python3.12/site-packages/airflow/example_dags/tutorial_dag.py
[2026-08-08T17:56:43.600+0000] {processor.py:914} INFO - Processing file /home/airflow/.local/lib/python3.12/site-packages/airflow/example_dags/tutorial_dag.py for tasks to queue
[2026-08-08T17:56:43.603+0000] {logging_mixin.py:190} INFO - [2026-08-08T17:56:43.602+0000] {dagbag.py:587} INFO - Filling up the DagBag from /home/airflow/.local/lib/python3.12/site-packages/airflow/example_dags/tutorial_dag.py
[2026-08-08T17:56:43.612+0000] {processor.py:925} INFO - DAG(s) 'tutorial_dag' retrieved from /home/airflow/.local/lib/python3.12/site-packages/airflow/example_dags/tutorial_dag.py
[2026-08-08T17:56:43.634+0000] {logging_mixin.py:190} INFO - [2026-08-08T17:56:43.634+0000] {dag.py:3211} INFO - Sync 1 DAGs
[2026-08-08T17:56:43.649+0000] {logging_mixin.py:190} INFO - [2026-08-08T17:56:43.648+0000] {dag.py:4138} INFO - Setting next_dagrun for tutorial_dag to None, run_after=None
[2026-08-08T17:56:43.666+0000] {processor.py:208} INFO - Processing /home/airflow/.local/lib/python3.12/site-packages/airflow/example_dags/tutorial_dag.py took 0.081 seconds
[2026-08-08T17:57:14.293+0000] {processor.py:186} INFO - Started process (PID=679) to work on /home/airflow/.local/lib/python3.12/site-packages/airflow/example_dags/tutorial_dag.py
[2026-08-08T17:57:14.295+0000] {processor.py:914} INFO - Processing file /home/airflow/.local/lib/python3.12/site-packages/airflow/example_dags/tutorial_dag.py for tasks to queue
[2026-08-08T17:57:14.298+0000] {logging_mixin.py:190} INFO - [2026-08-08T17:57:14.298+0000] {dagbag.py:587} INFO - Filling up the DagBag from /home/airflow/.local/lib/python3.12/site-packages/airflow/example_dags/tutorial_dag.py
[2026-08-08T17:57:14.307+0000] {processor.py:925} INFO - DAG(s) 'tutorial_dag' retrieved from /home/airflow/.local/lib/python3.12/site-packages/airflow/example_dags/tutorial_dag.py
[2026-08-08T17:57:14.327+0000] {logging_mixin.py:190} INFO - [2026-08-08T17:57:14.327+0000] {dag.py:3211} INFO - Sync 1 DAGs
[2026-08-08T17:57:14.342+0000] {logging_mixin.py:190} INFO - [2026-08-08T17:57:14.342+0000] {dag.py:4138} INFO - Setting next_dagrun for tutorial_dag to None, run_after=None
[2026-08-08T17:57:14.361+0000] {processor.py:208} INFO - Processing /home/airflow/.local/lib/python3.12/site-packages/airflow/example_dags/tutorial_dag.py took 0.075 seconds
[2026-08-08T18:08:21.300+0000] {processor.py:186} INFO - Started process (PID=742) to work on /home/airflow/.local/lib/python3.12/site-packages/airflow/example_dags/tutorial_dag.py
[2026-08-08T18:08:21.303+0000] {processor.py:914} INFO - Processing file /home/airflow/.local/lib/python3.12/site-packages/airflow/example_dags/tutorial_dag.py for tasks to queue
[2026-08-08T18:08:21.308+0000] {logging_mixin.py:190} INFO - [2026-08-08T18:08:21.308+0000] {dagbag.py:587} INFO - Filling up the DagBag from /home/airflow/.local/lib/python3.12/site-packages/airflow/example_dags/tutorial_dag.py
[2026-08-08T18:08:21.323+0000] {processor.py:925} INFO - DAG(s) 'tutorial_dag' retrieved from /home/airflow/.local/lib/python3.12/site-packages/airflow/example_dags/tutorial_dag.py
[2026-08-08T18:08:21.374+0000] {logging_mixin.py:190} INFO - [2026-08-08T18:08:21.373+0000] {dag.py:3211} INFO - Sync 1 DAGs
[2026-08-08T18:08:21.399+0000] {logging_mixin.py:190} INFO - [2026-08-08T18:08:21.398+0000] {dag.py:4138} INFO - Setting next_dagrun for tutorial_dag to None, run_after=None
[2026-08-08T18:08:21.430+0000] {processor.py:208} INFO - Processing /home/airflow/.local/lib/python3.12/site-packages/airflow/example_dags/tutorial_dag.py took 0.140 seconds
[2026-08-08T18:08:52.086+0000] {processor.py:186} INFO - Started process (PID=805) to work on /home/airflow/.local/lib/python3.12/site-packages/airflow/example_dags/tutorial_dag.py
[2026-08-08T18:08:52.090+0000] {processor.py:914} INFO - Processing file /home/airflow/.local/lib/python3.12/site-packages/airflow/example_dags/tutorial_dag.py for tasks to queue
[2026-08-08T18:08:52.095+0000] {logging_mixin.py:190} INFO - [2026-08-08T18:08:52.094+0000] {dagbag.py:587} INFO - Filling up the DagBag from /home/airflow/.local/lib/python3.12/site-packages/airflow/example_dags/tutorial_dag.py
[2026-08-08T18:08:52.110+0000] {processor.py:925} INFO - DAG(s) 'tutorial_dag' retrieved from /home/airflow/.local/lib/python3.12/site-packages/airflow/example_dags/tutorial_dag.py
[2026-08-08T18:08:52.142+0000] {logging_mixin.py:190} INFO - [2026-08-08T18:08:52.141+0000] {dag.py:3211} INFO - Sync 1 DAGs
[2026-08-08T18:08:52.160+0000] {logging_mixin.py:190} INFO - [2026-08-08T18:08:52.160+0000] {dag.py:4138} INFO - Setting next_dagrun for tutorial_dag to None, run_after=None
[2026-08-08T18:08:52.189+0000] {processor.py:208} INFO - Processing /home/airflow/.local/lib/python3.12/site-packages/airflow/example_dags/tutorial_dag.py took 0.116 seconds
[2026-08-08T18:09:22.449+0000] {processor.py:186} INFO - Started process (PID=868) to work on /home/airflow/.local/lib/python3.12/site-packages/airflow/example_dags/tutorial_dag.py
[2026-08-08T18:09:22.450+0000] {processor.py:914} INFO - Processing file /home/airflow/.local/lib/python3.12/site-packages/airflow/example_dags/tutorial_dag.py for tasks to queue
[2026-08-08T18:09:22.454+0000] {logging_mixin.py:190} INFO - [2026-08-08T18:09:22.453+0000] {dagbag.py:587} INFO - Filling up the DagBag from /home/airflow/.local/lib/python3.12/site-packages/airflow/example_dags/tutorial_dag.py
[2026-08-08T18:09:22.466+0000] {processor.py:925} INFO - DAG(s) 'tutorial_dag' retrieved from /home/airflow/.local/lib/python3.12/site-packages/airflow/example_dags/tutorial_dag.py
[2026-08-08T18:09:22.497+0000] {logging_mixin.py:190} INFO - [2026-08-08T18:09:22.496+0000] {dag.py:3211} INFO - Sync 1 DAGs
[2026-08-08T18:09:22.516+0000] {logging_mixin.py:190} INFO - [2026-08-08T18:09:22.515+0000] {dag.py:4138} INFO - Setting next_dagrun for tutorial_dag to None, run_after=None
[2026-08-08T18:09:22.544+0000] {processor.py:208} INFO - Processing /home/airflow/.local/lib/python3.12/site-packages/airflow/example_dags/tutorial_dag.py took 0.107 seconds
[2026-08-08T18:09:52.748+0000] {processor.py:186} INFO - Started process (PID=931) to work on /home/airflow/.local/lib/python3.12/site-packages/airflow/example_dags/tutorial_dag.py
[2026-08-08T18:09:52.750+0000] {processor.py:914} INFO - Processing file /home/airflow/.local/lib/python3.12/site-packages/airflow/example_dags/tutorial_dag.py for tasks to queue
[2026-08-08T18:09:52.755+0000] {logging_mixin.py:190} INFO - [2026-08-08T18:09:52.754+0000] {dagbag.py:587} INFO - Filling up the DagBag from /home/airflow/.local/lib/python3.12/site-packages/airflow/example_dags/tutorial_dag.py
[2026-08-08T18:09:52.765+0000] {processor.py:925} INFO - DAG(s) 'tutorial_dag' retrieved from /home/airflow/.local/lib/python3.12/site-packages/airflow/example_dags/tutorial_dag.py
[2026-08-08T18:09:52.791+0000] {logging_mixin.py:190} INFO - [2026-08-08T18:09:52.791+0000] {dag.py:3211} INFO - Sync 1 DAGs
[2026-08-08T18:09:52.808+0000] {logging_mixin.py:190} INFO - [2026-08-08T18:09:52.808+0000] {dag.py:4138} INFO - Setting next_dagrun for tutorial_dag to None, run_after=None
[2026-08-08T18:09:52.829+0000] {processor.py:208} INFO - Processing /home/airflow/.local/lib/python3.12/site-packages/airflow/example_dags/tutorial_dag.py took 0.088 seconds
[2026-08-08T18:10:23.813+0000] {processor.py:186} INFO - Started process (PID=994) to work on /home/airflow/.local/lib/python3.12/site-packages/airflow/example_dags/tutorial_dag.py
[2026-08-08T18:10:23.814+0000] {processor.py:914} INFO - Processing file /home/airflow/.local/lib/python3.12/site-packages/airflow/example_dags/tutorial_dag.py for tasks to queue
[2026-08-08T18:10:23.818+0000] {logging_mixin.py:190} INFO - [2026-08-08T18:10:23.817+0000] {dagbag.py:587} INFO - Filling up the DagBag from /home/airflow/.local/lib/python3.12/site-packages/airflow/example_dags/tutorial_dag.py
[2026-08-08T18:10:23.830+0000] {processor.py:925} INFO - DAG(s) 'tutorial_dag' retrieved from /home/airflow/.local/lib/python3.12/site-packages/airflow/example_dags/tutorial_dag.py
[2026-08-08T18:10:23.852+0000] {logging_mixin.py:190} INFO - [2026-08-08T18:10:23.852+0000] {dag.py:3211} INFO - Sync 1 DAGs
[2026-08-08T18:10:23.866+0000] {logging_mixin.py:190} INFO - [2026-08-08T18:10:23.865+0000] {dag.py:4138} INFO - Setting next_dagrun for tutorial_dag to None, run_after=None
[2026-08-08T18:10:23.885+0000] {processor.py:208} INFO - Processing /home/airflow/.local/lib/python3.12/site-packages/airflow/example_dags/tutorial_dag.py took 0.080 seconds
[2026-08-08T18:10:54.518+0000] {processor.py:186} INFO - Started process (PID=1057) to work on /home/airflow/.local/lib/python3.12/site-packages/airflow/example_dags/tutorial_dag.py
[2026-08-08T18:10:54.519+0000] {processor.py:914} INFO - Processing file /home/airflow/.local/lib/python3.12/site-packages/airflow/example_dags/tutorial_dag.py for tasks to queue
[2026-08-08T18:10:54.521+0000] {logging_mixin.py:190} INFO - [2026-08-08T18:10:54.521+0000] {dagbag.py:587} INFO - Filling up the DagBag from /home/airflow/.local/lib/python3.12/site-packages/airflow/example_dags/tutorial_dag.py
[2026-08-08T18:10:54.531+0000] {processor.py:925} INFO - DAG(s) 'tutorial_dag' retrieved from /home/airflow/.local/lib/python3.12/site-packages/airflow/example_dags/tutorial_dag.py
[2026-08-08T18:10:54.552+0000] {logging_mixin.py:190} INFO - [2026-08-08T18:10:54.552+0000] {dag.py:3211} INFO - Sync 1 DAGs
[2026-08-08T18:10:54.567+0000] {logging_mixin.py:190} INFO - [2026-08-08T18:10:54.566+0000] {dag.py:4138} INFO - Setting next_dagrun for tutorial_dag to None, run_after=None
[2026-08-08T18:10:54.587+0000] {processor.py:208} INFO - Processing /home/airflow/.local/lib/python3.12/site-packages/airflow/example_dags/tutorial_dag.py took 0.074 seconds
[2026-08-08T18:11:25.004+0000] {processor.py:186} INFO - Started process (PID=1120) to work on /home/airflow/.local/lib/python3.12/site-packages/airflow/example_dags/tutorial_dag.py
[2026-08-08T18:11:25.006+0000] {processor.py:914} INFO - Processing file /home/airflow/.local/lib/python3.12/site-packages/airflow/example_dags/tutorial_dag.py for tasks to queue
[2026-08-08T18:11:25.011+0000] {logging_mixin.py:190} INFO - [2026-08-08T18:11:25.010+0000] {dagbag.py:587} INFO - Filling up the DagBag from /home/airflow/.local/lib/python3.12/site-packages/airflow/example_dags/tutorial_dag.py
[2026-08-08T18:11:25.018+0000] {processor.py:925} INFO - DAG(s) 'tutorial_dag' retrieved from /home/airflow/.local/lib/python3.12/site-packages/airflow/example_dags/tutorial_dag.py
[2026-08-08T18:11:25.039+0000] {logging_mixin.py:190} INFO - [2026-08-08T18:11:25.038+0000] {dag.py:3211} INFO - Sync 1 DAGs
[2026-08-08T18:11:25.055+0000] {logging_mixin.py:190} INFO - [2026-08-08T18:11:25.055+0000] {dag.py:4138} INFO - Setting next_dagrun for tutorial_dag to None, run_after=None
[2026-08-08T18:11:25.079+0000] {processor.py:208} INFO - Processing /home/airflow/.local/lib/python3.12/site-packages/airflow/example_dags/tutorial_dag.py took 0.082 seconds
[2026-08-08T18:11:55.238+0000] {processor.py:186} INFO - Started process (PID=1183) to work on /home/airflow/.local/lib/python3.12/site-packages/airflow/example_dags/tutorial_dag.py
[2026-08-08T18:11:55.240+0000] {processor.py:914} INFO - Processing file /home/airflow/.local/lib/python3.12/site-packages/airflow/example_dags/tutorial_dag.py for tasks to queue
[2026-08-08T18:11:55.245+0000] {logging_mixin.py:190} INFO - [2026-08-08T18:11:55.244+0000] {dagbag.py:587} INFO - Filling up the DagBag from /home/airflow/.local/lib/python3.12/site-packages/airflow/example_dags/tutorial_dag.py
[2026-08-08T18:11:55.252+0000] {processor.py:925} INFO - DAG(s) 'tutorial_dag' retrieved from /home/airflow/.local/lib/python3.12/site-packages/airflow/example_dags/tutorial_dag.py
[2026-08-08T18:11:55.279+0000] {logging_mixin.py:190} INFO - [2026-08-08T18:11:55.278+0000] {dag.py:3211} INFO - Sync 1 DAGs
[2026-08-08T18:11:55.294+0000] {logging_mixin.py:190} INFO - [2026-08-08T18:11:55.293+0000] {dag.py:4138} INFO - Setting next_dagrun for tutorial_dag to None, run_after=None
[2026-08-08T18:11:55.316+0000] {processor.py:208} INFO - Processing /home/airflow/.local/lib/python3.12/site-packages/airflow/example_dags/tutorial_dag.py took 0.085 seconds
[2026-08-08T18:13:09.500+0000] {processor.py:186} INFO - Started process (PID=118) to work on /home/airflow/.local/lib/python3.12/site-packages/airflow/example_dags/tutorial_dag.py
[2026-08-08T18:13:09.502+0000] {processor.py:914} INFO - Processing file /home/airflow/.local/lib/python3.12/site-packages/airflow/example_dags/tutorial_dag.py for tasks to queue
[2026-08-08T18:13:09.504+0000] {logging_mixin.py:190} INFO - [2026-08-08T18:13:09.504+0000] {dagbag.py:587} INFO - Filling up the DagBag from /home/airflow/.local/lib/python3.12/site-packages/airflow/example_dags/tutorial_dag.py
[2026-08-08T18:13:09.514+0000] {processor.py:925} INFO - DAG(s) 'tutorial_dag' retrieved from /home/airflow/.local/lib/python3.12/site-packages/airflow/example_dags/tutorial_dag.py
[2026-08-08T18:13:09.536+0000] {logging_mixin.py:190} INFO - [2026-08-08T18:13:09.536+0000] {dag.py:3211} INFO - Sync 1 DAGs
[2026-08-08T18:13:09.550+0000] {logging_mixin.py:190} INFO - [2026-08-08T18:13:09.549+0000] {dag.py:4138} INFO - Setting next_dagrun for tutorial_dag to None, run_after=None
[2026-08-08T18:13:09.613+0000] {processor.py:208} INFO - Processing /home/airflow/.local/lib/python3.12/site-packages/airflow/example_dags/tutorial_dag.py took 0.118 seconds
[2026-08-08T18:13:40.414+0000] {processor.py:186} INFO - Started process (PID=181) to work on /home/airflow/.local/lib/python3.12/site-packages/airflow/example_dags/tutorial_dag.py
[2026-08-08T18:13:40.415+0000] {processor.py:914} INFO - Processing file /home/airflow/.local/lib/python3.12/site-packages/airflow/example_dags/tutorial_dag.py for tasks to queue
[2026-08-08T18:13:40.417+0000] {logging_mixin.py:190} INFO - [2026-08-08T18:13:40.417+0000] {dagbag.py:587} INFO - Filling up the DagBag from /home/airflow/.local/lib/python3.12/site-packages/airflow/example_dags/tutorial_dag.py
[2026-08-08T18:13:40.425+0000] {processor.py:925} INFO - DAG(s) 'tutorial_dag' retrieved from /home/airflow/.local/lib/python3.12/site-packages/airflow/example_dags/tutorial_dag.py
[2026-08-08T18:13:40.441+0000] {logging_mixin.py:190} INFO - [2026-08-08T18:13:40.441+0000] {dag.py:3211} INFO - Sync 1 DAGs
[2026-08-08T18:13:40.451+0000] {logging_mixin.py:190} INFO - [2026-08-08T18:13:40.450+0000] {dag.py:4138} INFO - Setting next_dagrun for tutorial_dag to None, run_after=None
[2026-08-08T18:13:40.469+0000] {processor.py:208} INFO - Processing /home/airflow/.local/lib/python3.12/site-packages/airflow/example_dags/tutorial_dag.py took 0.061 seconds
[2026-08-08T18:14:10.887+0000] {processor.py:186} INFO - Started process (PID=244) to work on /home/airflow/.local/lib/python3.12/site-packages/airflow/example_dags/tutorial_dag.py
[2026-08-08T18:14:10.888+0000] {processor.py:914} INFO - Processing file /home/airflow/.local/lib/python3.12/site-packages/airflow/example_dags/tutorial_dag.py for tasks to queue
[2026-08-08T18:14:10.891+0000] {logging_mixin.py:190} INFO - [2026-08-08T18:14:10.890+0000] {dagbag.py:587} INFO - Filling up the DagBag from /home/airflow/.local/lib/python3.12/site-packages/airflow/example_dags/tutorial_dag.py
[2026-08-08T18:14:10.898+0000] {processor.py:925} INFO - DAG(s) 'tutorial_dag' retrieved from /home/airflow/.local/lib/python3.12/site-packages/airflow/example_dags/tutorial_dag.py
[2026-08-08T18:14:10.914+0000] {logging_mixin.py:190} INFO - [2026-08-08T18:14:10.914+0000] {dag.py:3211} INFO - Sync 1 DAGs
[2026-08-08T18:14:10.924+0000] {logging_mixin.py:190} INFO - [2026-08-08T18:14:10.924+0000] {dag.py:4138} INFO - Setting next_dagrun for tutorial_dag to None, run_after=None
[2026-08-08T18:14:10.940+0000] {processor.py:208} INFO - Processing /home/airflow/.local/lib/python3.12/site-packages/airflow/example_dags/tutorial_dag.py took 0.058 seconds
[2026-08-08T18:14:41.094+0000] {processor.py:186} INFO - Started process (PID=307) to work on /home/airflow/.local/lib/python3.12/site-packages/airflow/example_dags/tutorial_dag.py
[2026-08-08T18:14:41.095+0000] {processor.py:914} INFO - Processing file /home/airflow/.local/lib/python3.12/site-packages/airflow/example_dags/tutorial_dag.py for tasks to queue
[2026-08-08T18:14:41.097+0000] {logging_mixin.py:190} INFO - [2026-08-08T18:14:41.097+0000] {dagbag.py:587} INFO - Filling up the DagBag from /home/airflow/.local/lib/python3.12/site-packages/airflow/example_dags/tutorial_dag.py
[2026-08-08T18:14:41.103+0000] {processor.py:925} INFO - DAG(s) 'tutorial_dag' retrieved from /home/airflow/.local/lib/python3.12/site-packages/airflow/example_dags/tutorial_dag.py
[2026-08-08T18:14:41.119+0000] {logging_mixin.py:190} INFO - [2026-08-08T18:14:41.118+0000] {dag.py:3211} INFO - Sync 1 DAGs
[2026-08-08T18:14:41.128+0000] {logging_mixin.py:190} INFO - [2026-08-08T18:14:41.128+0000] {dag.py:4138} INFO - Setting next_dagrun for tutorial_dag to None, run_after=None
[2026-08-08T18:14:41.147+0000] {processor.py:208} INFO - Processing /home/airflow/.local/lib/python3.12/site-packages/airflow/example_dags/tutorial_dag.py took 0.057 seconds
[2026-08-08T18:15:12.654+0000] {processor.py:186} INFO - Started process (PID=370) to work on /home/airflow/.local/lib/python3.12/site-packages/airflow/example_dags/tutorial_dag.py
[2026-08-08T18:15:12.655+0000] {processor.py:914} INFO - Processing file /home/airflow/.local/lib/python3.12/site-packages/airflow/example_dags/tutorial_dag.py for tasks to queue
[2026-08-08T18:15:12.658+0000] {logging_mixin.py:190} INFO - [2026-08-08T18:15:12.657+0000] {dagbag.py:587} INFO - Filling up the DagBag from /home/airflow/.local/lib/python3.12/site-packages/airflow/example_dags/tutorial_dag.py
[2026-08-08T18:15:12.667+0000] {processor.py:925} INFO - DAG(s) 'tutorial_dag' retrieved from /home/airflow/.local/lib/python3.12/site-packages/airflow/example_dags/tutorial_dag.py
[2026-08-08T18:15:12.696+0000] {logging_mixin.py:190} INFO - [2026-08-08T18:15:12.696+0000] {dag.py:3211} INFO - Sync 1 DAGs
[2026-08-08T18:15:12.714+0000] {logging_mixin.py:190} INFO - [2026-08-08T18:15:12.714+0000] {dag.py:4138} INFO - Setting next_dagrun for tutorial_dag to None, run_after=None
[2026-08-08T18:15:12.742+0000] {processor.py:208} INFO - Processing /home/airflow/.local/lib/python3.12/site-packages/airflow/example_dags/tutorial_dag.py took 0.095 seconds
[2026-08-08T18:15:43.519+0000] {processor.py:186} INFO - Started process (PID=433) to work on /home/airflow/.local/lib/python3.12/site-packages/airflow/example_dags/tutorial_dag.py
[2026-08-08T18:15:43.521+0000] {processor.py:914} INFO - Processing file /home/airflow/.local/lib/python3.12/site-packages/airflow/example_dags/tutorial_dag.py for tasks to queue
[2026-08-08T18:15:43.525+0000] {logging_mixin.py:190} INFO - [2026-08-08T18:15:43.525+0000] {dagbag.py:587} INFO - Filling up the DagBag from /home/airflow/.local/lib/python3.12/site-packages/airflow/example_dags/tutorial_dag.py
[2026-08-08T18:15:43.537+0000] {processor.py:925} INFO - DAG(s) 'tutorial_dag' retrieved from /home/airflow/.local/lib/python3.12/site-packages/airflow/example_dags/tutorial_dag.py
[2026-08-08T18:15:43.560+0000] {logging_mixin.py:190} INFO - [2026-08-08T18:15:43.560+0000] {dag.py:3211} INFO - Sync 1 DAGs
[2026-08-08T18:15:43.576+0000] {logging_mixin.py:190} INFO - [2026-08-08T18:15:43.576+0000] {dag.py:4138} INFO - Setting next_dagrun for tutorial_dag to None, run_after=None
[2026-08-08T18:15:43.599+0000] {processor.py:208} INFO - Processing /home/airflow/.local/lib/python3.12/site-packages/airflow/example_dags/tutorial_dag.py took 0.089 seconds
[2026-08-08T18:17:14.160+0000] {processor.py:186} INFO - Started process (PID=131) to work on /home/airflow/.local/lib/python3.12/site-packages/airflow/example_dags/tutorial_dag.py
[2026-08-08T18:17:14.162+0000] {processor.py:914} INFO - Processing file /home/airflow/.local/lib/python3.12/site-packages/airflow/example_dags/tutorial_dag.py for tasks to queue
[2026-08-08T18:17:14.165+0000] {logging_mixin.py:190} INFO - [2026-08-08T18:17:14.165+0000] {dagbag.py:587} INFO - Filling up the DagBag from /home/airflow/.local/lib/python3.12/site-packages/airflow/example_dags/tutorial_dag.py
[2026-08-08T18:17:14.175+0000] {processor.py:925} INFO - DAG(s) 'tutorial_dag' retrieved from /home/airflow/.local/lib/python3.12/site-packages/airflow/example_dags/tutorial_dag.py
[2026-08-08T18:17:14.211+0000] {logging_mixin.py:190} INFO - [2026-08-08T18:17:14.211+0000] {dag.py:3211} INFO - Sync 1 DAGs
[2026-08-08T18:17:14.234+0000] {logging_mixin.py:190} INFO - [2026-08-08T18:17:14.233+0000] {dag.py:4138} INFO - Setting next_dagrun for tutorial_dag to None, run_after=None
[2026-08-08T18:17:14.284+0000] {processor.py:208} INFO - Processing /home/airflow/.local/lib/python3.12/site-packages/airflow/example_dags/tutorial_dag.py took 0.130 seconds
[2026-08-08T18:17:44.603+0000] {processor.py:186} INFO - Started process (PID=194) to work on /home/airflow/.local/lib/python3.12/site-packages/airflow/example_dags/tutorial_dag.py
[2026-08-08T18:17:44.605+0000] {processor.py:914} INFO - Processing file /home/airflow/.local/lib/python3.12/site-packages/airflow/example_dags/tutorial_dag.py for tasks to queue
[2026-08-08T18:17:44.608+0000] {logging_mixin.py:190} INFO - [2026-08-08T18:17:44.608+0000] {dagbag.py:587} INFO - Filling up the DagBag from /home/airflow/.local/lib/python3.12/site-packages/airflow/example_dags/tutorial_dag.py
[2026-08-08T18:17:44.616+0000] {processor.py:925} INFO - DAG(s) 'tutorial_dag' retrieved from /home/airflow/.local/lib/python3.12/site-packages/airflow/example_dags/tutorial_dag.py
[2026-08-08T18:17:44.639+0000] {logging_mixin.py:190} INFO - [2026-08-08T18:17:44.639+0000] {dag.py:3211} INFO - Sync 1 DAGs
[2026-08-08T18:17:44.661+0000] {logging_mixin.py:190} INFO - [2026-08-08T18:17:44.661+0000] {dag.py:4138} INFO - Setting next_dagrun for tutorial_dag to None, run_after=None
[2026-08-08T18:17:44.701+0000] {processor.py:208} INFO - Processing /home/airflow/.local/lib/python3.12/site-packages/airflow/example_dags/tutorial_dag.py took 0.103 seconds
[2026-08-08T18:18:15.264+0000] {processor.py:186} INFO - Started process (PID=257) to work on /home/airflow/.local/lib/python3.12/site-packages/airflow/example_dags/tutorial_dag.py
[2026-08-08T18:18:15.265+0000] {processor.py:914} INFO - Processing file /home/airflow/.local/lib/python3.12/site-packages/airflow/example_dags/tutorial_dag.py for tasks to queue
[2026-08-08T18:18:15.268+0000] {logging_mixin.py:190} INFO - [2026-08-08T18:18:15.268+0000] {dagbag.py:587} INFO - Filling up the DagBag from /home/airflow/.local/lib/python3.12/site-packages/airflow/example_dags/tutorial_dag.py
[2026-08-08T18:18:15.276+0000] {processor.py:925} INFO - DAG(s) 'tutorial_dag' retrieved from /home/airflow/.local/lib/python3.12/site-packages/airflow/example_dags/tutorial_dag.py
[2026-08-08T18:18:15.297+0000] {logging_mixin.py:190} INFO - [2026-08-08T18:18:15.297+0000] {dag.py:3211} INFO - Sync 1 DAGs
[2026-08-08T18:18:15.313+0000] {logging_mixin.py:190} INFO - [2026-08-08T18:18:15.313+0000] {dag.py:4138} INFO - Setting next_dagrun for tutorial_dag to None, run_after=None
[2026-08-08T18:18:15.333+0000] {processor.py:208} INFO - Processing /home/airflow/.local/lib/python3.12/site-packages/airflow/example_dags/tutorial_dag.py took 0.075 seconds
[2026-08-08T18:18:45.859+0000] {processor.py:186} INFO - Started process (PID=320) to work on /home/airflow/.local/lib/python3.12/site-packages/airflow/example_dags/tutorial_dag.py
[2026-08-08T18:18:45.861+0000] {processor.py:914} INFO - Processing file /home/airflow/.local/lib/python3.12/site-packages/airflow/example_dags/tutorial_dag.py for tasks to queue
[2026-08-08T18:18:45.863+0000] {logging_mixin.py:190} INFO - [2026-08-08T18:18:45.863+0000] {dagbag.py:587} INFO - Filling up the DagBag from /home/airflow/.local/lib/python3.12/site-packages/airflow/example_dags/tutorial_dag.py
[2026-08-08T18:18:45.872+0000] {processor.py:925} INFO - DAG(s) 'tutorial_dag' retrieved from /home/airflow/.local/lib/python3.12/site-packages/airflow/example_dags/tutorial_dag.py
[2026-08-08T18:18:45.894+0000] {logging_mixin.py:190} INFO - [2026-08-08T18:18:45.894+0000] {dag.py:3211} INFO - Sync 1 DAGs
[2026-08-08T18:18:45.905+0000] {logging_mixin.py:190} INFO - [2026-08-08T18:18:45.905+0000] {dag.py:4138} INFO - Setting next_dagrun for tutorial_dag to None, run_after=None
[2026-08-08T18:18:45.929+0000] {processor.py:208} INFO - Processing /home/airflow/.local/lib/python3.12/site-packages/airflow/example_dags/tutorial_dag.py took 0.077 seconds
[2026-08-08T18:19:16.480+0000] {processor.py:186} INFO - Started process (PID=383) to work on /home/airflow/.local/lib/python3.12/site-packages/airflow/example_dags/tutorial_dag.py
[2026-08-08T18:19:16.482+0000] {processor.py:914} INFO - Processing file /home/airflow/.local/lib/python3.12/site-packages/airflow/example_dags/tutorial_dag.py for tasks to queue
[2026-08-08T18:19:16.486+0000] {logging_mixin.py:190} INFO - [2026-08-08T18:19:16.485+0000] {dagbag.py:587} INFO - Filling up the DagBag from /home/airflow/.local/lib/python3.12/site-packages/airflow/example_dags/tutorial_dag.py
[2026-08-08T18:19:16.496+0000] {processor.py:925} INFO - DAG(s) 'tutorial_dag' retrieved from /home/airflow/.local/lib/python3.12/site-packages/airflow/example_dags/tutorial_dag.py
[2026-08-08T18:19:16.525+0000] {logging_mixin.py:190} INFO - [2026-08-08T18:19:16.525+0000] {dag.py:3211} INFO - Sync 1 DAGs
[2026-08-08T18:19:16.542+0000] {logging_mixin.py:190} INFO - [2026-08-08T18:19:16.542+0000] {dag.py:4138} INFO - Setting next_dagrun for tutorial_dag to None, run_after=None
[2026-08-08T18:19:16.567+0000] {processor.py:208} INFO - Processing /home/airflow/.local/lib/python3.12/site-packages/airflow/example_dags/tutorial_dag.py took 0.094 seconds
[2026-08-08T18:24:04.098+0000] {processor.py:186} INFO - Started process (PID=446) to work on /home/airflow/.local/lib/python3.12/site-packages/airflow/example_dags/tutorial_dag.py
[2026-08-08T18:24:04.101+0000] {processor.py:914} INFO - Processing file /home/airflow/.local/lib/python3.12/site-packages/airflow/example_dags/tutorial_dag.py for tasks to queue
[2026-08-08T18:24:04.104+0000] {logging_mixin.py:190} INFO - [2026-08-08T18:24:04.103+0000] {dagbag.py:587} INFO - Filling up the DagBag from /home/airflow/.local/lib/python3.12/site-packages/airflow/example_dags/tutorial_dag.py
[2026-08-08T18:24:04.110+0000] {processor.py:925} INFO - DAG(s) 'tutorial_dag' retrieved from /home/airflow/.local/lib/python3.12/site-packages/airflow/example_dags/tutorial_dag.py
[2026-08-08T18:24:04.130+0000] {logging_mixin.py:190} INFO - [2026-08-08T18:24:04.129+0000] {dag.py:3211} INFO - Sync 1 DAGs
[2026-08-08T18:24:04.141+0000] {logging_mixin.py:190} INFO - [2026-08-08T18:24:04.140+0000] {dag.py:4138} INFO - Setting next_dagrun for tutorial_dag to None, run_after=None
[2026-08-08T18:24:04.170+0000] {processor.py:208} INFO - Processing /home/airflow/.local/lib/python3.12/site-packages/airflow/example_dags/tutorial_dag.py took 0.077 seconds
[2026-08-08T18:24:34.735+0000] {processor.py:186} INFO - Started process (PID=509) to work on /home/airflow/.local/lib/python3.12/site-packages/airflow/example_dags/tutorial_dag.py
[2026-08-08T18:24:34.737+0000] {processor.py:914} INFO - Processing file /home/airflow/.local/lib/python3.12/site-packages/airflow/example_dags/tutorial_dag.py for tasks to queue
[2026-08-08T18:24:34.740+0000] {logging_mixin.py:190} INFO - [2026-08-08T18:24:34.740+0000] {dagbag.py:587} INFO - Filling up the DagBag from /home/airflow/.local/lib/python3.12/site-packages/airflow/example_dags/tutorial_dag.py
[2026-08-08T18:24:34.750+0000] {processor.py:925} INFO - DAG(s) 'tutorial_dag' retrieved from /home/airflow/.local/lib/python3.12/site-packages/airflow/example_dags/tutorial_dag.py
[2026-08-08T18:24:34.776+0000] {logging_mixin.py:190} INFO - [2026-08-08T18:24:34.775+0000] {dag.py:3211} INFO - Sync 1 DAGs
[2026-08-08T18:24:34.793+0000] {logging_mixin.py:190} INFO - [2026-08-08T18:24:34.793+0000] {dag.py:4138} INFO - Setting next_dagrun for tutorial_dag to None, run_after=None
[2026-08-08T18:24:34.818+0000] {processor.py:208} INFO - Processing /home/airflow/.local/lib/python3.12/site-packages/airflow/example_dags/tutorial_dag.py took 0.091 seconds
[2026-08-08T18:25:05.193+0000] {processor.py:186} INFO - Started process (PID=572) to work on /home/airflow/.local/lib/python3.12/site-packages/airflow/example_dags/tutorial_dag.py
[2026-08-08T18:25:05.195+0000] {processor.py:914} INFO - Processing file /home/airflow/.local/lib/python3.12/site-packages/airflow/example_dags/tutorial_dag.py for tasks to queue
[2026-08-08T18:25:05.200+0000] {logging_mixin.py:190} INFO - [2026-08-08T18:25:05.199+0000] {dagbag.py:587} INFO - Filling up the DagBag from /home/airflow/.local/lib/python3.12/site-packages/airflow/example_dags/tutorial_dag.py
[2026-08-08T18:25:05.210+0000] {processor.py:925} INFO - DAG(s) 'tutorial_dag' retrieved from /home/airflow/.local/lib/python3.12/site-packages/airflow/example_dags/tutorial_dag.py
[2026-08-08T18:25:05.238+0000] {logging_mixin.py:190} INFO - [2026-08-08T18:25:05.238+0000] {dag.py:3211} INFO - Sync 1 DAGs
[2026-08-08T18:25:05.255+0000] {logging_mixin.py:190} INFO - [2026-08-08T18:25:05.254+0000] {dag.py:4138} INFO - Setting next_dagrun for tutorial_dag to None, run_after=None
[2026-08-08T18:25:05.276+0000] {processor.py:208} INFO - Processing /home/airflow/.local/lib/python3.12/site-packages/airflow/example_dags/tutorial_dag.py took 0.091 seconds
[2026-08-08T18:25:35.358+0000] {processor.py:186} INFO - Started process (PID=635) to work on /home/airflow/.local/lib/python3.12/site-packages/airflow/example_dags/tutorial_dag.py
[2026-08-08T18:25:35.360+0000] {processor.py:914} INFO - Processing file /home/airflow/.local/lib/python3.12/site-packages/airflow/example_dags/tutorial_dag.py for tasks to queue
[2026-08-08T18:25:35.363+0000] {logging_mixin.py:190} INFO - [2026-08-08T18:25:35.362+0000] {dagbag.py:587} INFO - Filling up the DagBag from /home/airflow/.local/lib/python3.12/site-packages/airflow/example_dags/tutorial_dag.py
[2026-08-08T18:25:35.371+0000] {processor.py:925} INFO - DAG(s) 'tutorial_dag' retrieved from /home/airflow/.local/lib/python3.12/site-packages/airflow/example_dags/tutorial_dag.py
[2026-08-08T18:25:35.392+0000] {logging_mixin.py:190} INFO - [2026-08-08T18:25:35.392+0000] {dag.py:3211} INFO - Sync 1 DAGs
[2026-08-08T18:25:35.404+0000] {logging_mixin.py:190} INFO - [2026-08-08T18:25:35.404+0000] {dag.py:4138} INFO - Setting next_dagrun for tutorial_dag to None, run_after=None
[2026-08-08T18:25:35.422+0000] {processor.py:208} INFO - Processing /home/airflow/.local/lib/python3.12/site-packages/airflow/example_dags/tutorial_dag.py took 0.070 seconds
[2026-08-08T18:26:06.134+0000] {processor.py:186} INFO - Started process (PID=699) to work on /home/airflow/.local/lib/python3.12/site-packages/airflow/example_dags/tutorial_dag.py
[2026-08-08T18:26:06.136+0000] {processor.py:914} INFO - Processing file /home/airflow/.local/lib/python3.12/site-packages/airflow/example_dags/tutorial_dag.py for tasks to queue
[2026-08-08T18:26:06.138+0000] {logging_mixin.py:190} INFO - [2026-08-08T18:26:06.138+0000] {dagbag.py:587} INFO - Filling up the DagBag from /home/airflow/.local/lib/python3.12/site-packages/airflow/example_dags/tutorial_dag.py
[2026-08-08T18:26:06.146+0000] {processor.py:925} INFO - DAG(s) 'tutorial_dag' retrieved from /home/airflow/.local/lib/python3.12/site-packages/airflow/example_dags/tutorial_dag.py
[2026-08-08T18:26:06.167+0000] {logging_mixin.py:190} INFO - [2026-08-08T18:26:06.167+0000] {dag.py:3211} INFO - Sync 1 DAGs
[2026-08-08T18:26:06.181+0000] {logging_mixin.py:190} INFO - [2026-08-08T18:26:06.181+0000] {dag.py:4138} INFO - Setting next_dagrun for tutorial_dag to None, run_after=None
[2026-08-08T18:26:06.200+0000] {processor.py:208} INFO - Processing /home/airflow/.local/lib/python3.12/site-packages/airflow/example_dags/tutorial_dag.py took 0.071 seconds
[2026-08-08T18:26:36.916+0000] {processor.py:186} INFO - Started process (PID=762) to work on /home/airflow/.local/lib/python3.12/site-packages/airflow/example_dags/tutorial_dag.py
[2026-08-08T18:26:36.918+0000] {processor.py:914} INFO - Processing file /home/airflow/.local/lib/python3.12/site-packages/airflow/example_dags/tutorial_dag.py for tasks to queue
[2026-08-08T18:26:36.921+0000] {logging_mixin.py:190} INFO - [2026-08-08T18:26:36.921+0000] {dagbag.py:587} INFO - Filling up the DagBag from /home/airflow/.local/lib/python3.12/site-packages/airflow/example_dags/tutorial_dag.py
[2026-08-08T18:26:36.929+0000] {processor.py:925} INFO - DAG(s) 'tutorial_dag' retrieved from /home/airflow/.local/lib/python3.12/site-packages/airflow/example_dags/tutorial_dag.py
[2026-08-08T18:26:36.951+0000] {logging_mixin.py:190} INFO - [2026-08-08T18:26:36.950+0000] {dag.py:3211} INFO - Sync 1 DAGs
[2026-08-08T18:26:36.964+0000] {logging_mixin.py:190} INFO - [2026-08-08T18:26:36.963+0000] {dag.py:4138} INFO - Setting next_dagrun for tutorial_dag to None, run_after=None
[2026-08-08T18:26:36.983+0000] {processor.py:208} INFO - Processing /home/airflow/.local/lib/python3.12/site-packages/airflow/example_dags/tutorial_dag.py took 0.073 seconds
