[2026-08-08T18:32:10.969+0000] {local_task_job_runner.py:123} INFO - ::group::Pre task execution logs
[2026-08-08T18:32:10.990+0000] {taskinstance.py:2603} INFO - Dependencies all met for dep_context=non-requeueable deps ti=<TaskInstance: stock_pipeline.extract scheduled__2026-08-07T00:00:00+00:00 [queued]>
[2026-08-08T18:32:10.999+0000] {taskinstance.py:2603} INFO - Dependencies all met for dep_context=requeueable deps ti=<TaskInstance: stock_pipeline.extract scheduled__2026-08-07T00:00:00+00:00 [queued]>
[2026-08-08T18:32:11.001+0000] {taskinstance.py:2856} INFO - Starting attempt 1 of 3
[2026-08-08T18:32:11.020+0000] {taskinstance.py:2879} INFO - Executing <Task(PythonOperator): extract> on 2026-08-07 00:00:00+00:00
[2026-08-08T18:32:11.029+0000] {warnings.py:112} WARNING - /home/***/.local/lib/python3.12/site-packages/***/task/task_runner/standard_task_runner.py:70: DeprecationWarning: This process (pid=140) is multi-threaded, use of fork() may lead to deadlocks in the child.
  pid = os.fork()

[2026-08-08T18:32:11.034+0000] {standard_task_runner.py:72} INFO - Started process 144 to run task
[2026-08-08T18:32:11.035+0000] {standard_task_runner.py:104} INFO - Running: ['***', 'tasks', 'run', 'stock_pipeline', 'extract', 'scheduled__2026-08-07T00:00:00+00:00', '--job-id', '20', '--raw', '--subdir', 'DAGS_FOLDER/stock_dag.py', '--cfg-path', '/tmp/tmpdkp0sq1i']
[2026-08-08T18:32:11.040+0000] {standard_task_runner.py:105} INFO - Job 20: Subtask extract
[2026-08-08T18:32:11.235+0000] {task_command.py:467} INFO - Running <TaskInstance: stock_pipeline.extract scheduled__2026-08-07T00:00:00+00:00 [running]> on host b86cc619ddcb
[2026-08-08T18:32:11.375+0000] {taskinstance.py:3122} INFO - Exporting env vars: AIRFLOW_CTX_DAG_OWNER='chaima' AIRFLOW_CTX_DAG_ID='stock_pipeline' AIRFLOW_CTX_TASK_ID='extract' AIRFLOW_CTX_EXECUTION_DATE='2026-08-07T00:00:00+00:00' AIRFLOW_CTX_TRY_NUMBER='1' AIRFLOW_CTX_DAG_RUN_ID='scheduled__2026-08-07T00:00:00+00:00'
[2026-08-08T18:32:11.378+0000] {taskinstance.py:731} INFO - ::endgroup::
[2026-08-08T18:32:11.442+0000] {logging_mixin.py:190} INFO - Extracting AAPL...
[2026-08-08T18:32:12.832+0000] {logging_mixin.py:190} WARNING - [*********************100%***********************]  1 of 1 completed
[2026-08-08T18:32:12.863+0000] {logging_mixin.py:190} INFO - Extracting MSFT...
[2026-08-08T18:32:13.360+0000] {logging_mixin.py:190} WARNING - [*********************100%***********************]  1 of 1 completed
[2026-08-08T18:32:13.367+0000] {logging_mixin.py:190} INFO - Extracting TSLA...
[2026-08-08T18:32:13.847+0000] {logging_mixin.py:190} WARNING - [*********************100%***********************]  1 of 1 completed
[2026-08-08T18:32:13.861+0000] {logging_mixin.py:190} INFO - Extracting AMZN...
[2026-08-08T18:32:14.240+0000] {logging_mixin.py:190} WARNING - [*********************100%***********************]  1 of 1 completed
[2026-08-08T18:32:14.245+0000] {logging_mixin.py:190} INFO - Extracting GOOGL...
[2026-08-08T18:32:14.625+0000] {logging_mixin.py:190} WARNING - [*********************100%***********************]  1 of 1 completed
[2026-08-08T18:32:14.633+0000] {logging_mixin.py:190} INFO - Extracted 310 rows total.
[2026-08-08T18:32:14.667+0000] {python.py:240} INFO - Done. Returned value was: None
[2026-08-08T18:32:14.682+0000] {taskinstance.py:340} INFO - ::group::Post task execution logs
[2026-08-08T18:32:14.684+0000] {taskinstance.py:352} INFO - Marking task as SUCCESS. dag_id=stock_pipeline, task_id=extract, run_id=scheduled__2026-08-07T00:00:00+00:00, execution_date=20260807T000000, start_date=20260808T183210, end_date=20260808T183214
[2026-08-08T18:32:14.745+0000] {local_task_job_runner.py:261} INFO - Task exited with return code 0
[2026-08-08T18:32:14.771+0000] {taskinstance.py:3891} INFO - 1 downstream tasks scheduled from follow-on schedule check
[2026-08-08T18:32:14.780+0000] {local_task_job_runner.py:240} INFO - ::endgroup::
[2026-08-08T19:12:15.665+0000] {local_task_job_runner.py:123} INFO - ::group::Pre task execution logs
[2026-08-08T19:12:15.681+0000] {taskinstance.py:2603} INFO - Dependencies all met for dep_context=non-requeueable deps ti=<TaskInstance: stock_pipeline.extract scheduled__2026-08-07T00:00:00+00:00 [queued]>
[2026-08-08T19:12:15.690+0000] {taskinstance.py:2603} INFO - Dependencies all met for dep_context=requeueable deps ti=<TaskInstance: stock_pipeline.extract scheduled__2026-08-07T00:00:00+00:00 [queued]>
[2026-08-08T19:12:15.691+0000] {taskinstance.py:2856} INFO - Starting attempt 1 of 3
[2026-08-08T19:12:15.706+0000] {taskinstance.py:2879} INFO - Executing <Task(PythonOperator): extract> on 2026-08-07 00:00:00+00:00
[2026-08-08T19:12:15.714+0000] {warnings.py:112} WARNING - /home/***/.local/lib/python3.12/site-packages/***/task/task_runner/standard_task_runner.py:70: DeprecationWarning: This process (pid=105) is multi-threaded, use of fork() may lead to deadlocks in the child.
  pid = os.fork()

[2026-08-08T19:12:15.717+0000] {standard_task_runner.py:72} INFO - Started process 109 to run task
[2026-08-08T19:12:15.717+0000] {standard_task_runner.py:104} INFO - Running: ['***', 'tasks', 'run', 'stock_pipeline', 'extract', 'scheduled__2026-08-07T00:00:00+00:00', '--job-id', '39', '--raw', '--subdir', 'DAGS_FOLDER/stock_dag.py', '--cfg-path', '/tmp/tmpi8xnkt9z']
[2026-08-08T19:12:15.722+0000] {standard_task_runner.py:105} INFO - Job 39: Subtask extract
[2026-08-08T19:12:15.825+0000] {task_command.py:467} INFO - Running <TaskInstance: stock_pipeline.extract scheduled__2026-08-07T00:00:00+00:00 [running]> on host 25bbd242d74d
[2026-08-08T19:12:15.912+0000] {taskinstance.py:3122} INFO - Exporting env vars: AIRFLOW_CTX_DAG_OWNER='chaima' AIRFLOW_CTX_DAG_ID='stock_pipeline' AIRFLOW_CTX_TASK_ID='extract' AIRFLOW_CTX_EXECUTION_DATE='2026-08-07T00:00:00+00:00' AIRFLOW_CTX_TRY_NUMBER='1' AIRFLOW_CTX_DAG_RUN_ID='scheduled__2026-08-07T00:00:00+00:00'
[2026-08-08T19:12:15.914+0000] {taskinstance.py:731} INFO - ::endgroup::
[2026-08-08T19:12:15.938+0000] {logging_mixin.py:190} INFO - Extracting AAPL...
[2026-08-08T19:12:15.942+0000] {cache.py:132} INFO - Failed to create TzCache, reason: Error creating TzCache folder: '/home/***/.cache/py-yfinance' reason: [Errno 17] File exists: '/home/***/.cache/py-yfinance'. TzCache will not be used. Tip: You can direct cache to use a different location with 'set_tz_cache_location(mylocation)'
[2026-08-08T19:12:17.135+0000] {logging_mixin.py:190} WARNING - [*********************100%***********************]  1 of 1 completed
[2026-08-08T19:12:17.143+0000] {logging_mixin.py:190} INFO - Extracting MSFT...
[2026-08-08T19:12:17.582+0000] {logging_mixin.py:190} WARNING - [*********************100%***********************]  1 of 1 completed
[2026-08-08T19:12:17.592+0000] {logging_mixin.py:190} INFO - Extracting TSLA...
[2026-08-08T19:12:17.981+0000] {logging_mixin.py:190} WARNING - [*********************100%***********************]  1 of 1 completed
[2026-08-08T19:12:17.987+0000] {logging_mixin.py:190} INFO - Extracting AMZN...
[2026-08-08T19:12:18.470+0000] {logging_mixin.py:190} WARNING - [*********************100%***********************]  1 of 1 completed
[2026-08-08T19:12:18.476+0000] {logging_mixin.py:190} INFO - Extracting GOOGL...
[2026-08-08T19:12:18.808+0000] {logging_mixin.py:190} WARNING - [*********************100%***********************]  1 of 1 completed
[2026-08-08T19:12:18.815+0000] {logging_mixin.py:190} INFO - Extracted 310 rows total.
[2026-08-08T19:12:18.838+0000] {python.py:240} INFO - Done. Returned value was: None
[2026-08-08T19:12:18.850+0000] {taskinstance.py:340} INFO - ::group::Post task execution logs
[2026-08-08T19:12:18.852+0000] {taskinstance.py:352} INFO - Marking task as SUCCESS. dag_id=stock_pipeline, task_id=extract, run_id=scheduled__2026-08-07T00:00:00+00:00, execution_date=20260807T000000, start_date=20260808T191215, end_date=20260808T191218
[2026-08-08T19:12:18.906+0000] {local_task_job_runner.py:261} INFO - Task exited with return code 0
[2026-08-08T19:12:18.952+0000] {taskinstance.py:3891} INFO - 0 downstream tasks scheduled from follow-on schedule check
[2026-08-08T19:12:18.957+0000] {local_task_job_runner.py:240} INFO - ::endgroup::
